<?xml version="1.0" encoding="utf-8"?><testsuites name="pytest tests"><testsuite name="pytest" errors="0" failures="2" skipped="99" tests="7301" time="2409.865" timestamp="2026-02-21T19:34:34.200289-05:00" hostname="EE-UFO-TIM"><testcase classname="" name="tests.mcp.test_low_rate_paths" time="0.000"><skipped message="collection skipped">('/mnt/k/backup/Develop/code-scalpel/tests/mcp/test_low_rate_paths.py', 13, 'Skipped: Requires pip install codescalpel[agents]')</skipped></testcase><testcase classname="" name="tests.mcp.test_rest_api_server" time="0.000"><skipped message="collection skipped">('/mnt/k/backup/Develop/code-scalpel/tests/mcp/test_rest_api_server.py', 10, 'Skipped: Requires pip install codescalpel[web]')</skipped></testcase><testcase classname="" name="tests.mcp.test_rest_api_server_additional" time="0.000"><skipped message="collection skipped">('/mnt/k/backup/Develop/code-scalpel/tests/mcp/test_rest_api_server_additional.py', 11, 'Skipped: Requires pip install codescalpel[web]')</skipped></testcase><testcase classname="" name="tests.security.test_sandbox" time="0.000"><skipped message="collection skipped">('/mnt/k/backup/Develop/code-scalpel/tests/security/test_sandbox.py', 27, "Skipped: This test requires the agents package. Install with: pip install codescalpel[agents] (Error: No module named 'codescalpel_agents')")</skipped></testcase><testcase classname="tests.benchmarks.test_transport_performance.TestTransportPerformance" name="test_stdio_transport_throughput" time="0.006" /><testcase classname="tests.benchmarks.test_transport_performance.TestTransportPerformance" name="test_http_transport_throughput" time="0.001" /><testcase classname="tests.benchmarks.test_transport_performance.TestTransportPerformance" name="test_stdio_latency" time="0.001" /><testcase classname="tests.benchmarks.test_transport_performance.TestTransportPerformance" name="test_http_latency" time="0.001" /><testcase classname="tests.benchmarks.test_transport_performance.TestTransportPerformance" name="test_transport_overhead_ratio" time="0.003" /><testcase classname="tests.capabilities.test_ci_license_injection.TestCapabilitiesWithProLicense" name="test_pro_tier_shows_pro_tools" time="0.172" /><testcase classname="tests.capabilities.test_ci_license_injection.TestCapabilitiesWithProLicense" name="test_pro_tier_locks_enterprise_tools" time="0.154" /><testcase classname="tests.capabilities.test_ci_license_injection.TestCapabilitiesWithProLicense" name="test_specific_pro_tool_has_limits" time="0.012" /><testcase classname="tests.capabilities.test_ci_license_injection.TestCapabilitiesWithEnterpriseLicense" name="test_enterprise_tier_shows_all_tools" time="0.170" /><testcase classname="tests.capabilities.test_ci_license_injection.TestCapabilitiesWithEnterpriseLicense" name="test_enterprise_has_all_tools" time="0.155" /><testcase classname="tests.capabilities.test_ci_license_injection.TestCapabilitiesWithEnterpriseLicense" name="test_all_tiers_have_all_tools_different_limits" time="0.034" /><testcase classname="tests.capabilities.test_ci_license_injection.TestCapabilitiesWithoutLicense" name="test_community_tier_has_basic_tools" time="0.207" /><testcase classname="tests.capabilities.test_ci_license_injection.TestCapabilitiesWithoutLicense" name="test_community_tier_has_limits" time="0.068" /><testcase classname="tests.capabilities.test_ci_license_injection.TestCapabilitiesWithoutLicense" name="test_all_22_tools_listed" time="0.144" /><testcase classname="tests.capabilities.test_resolver_ci_environment.TestResolverLimitsFileOverride" name="test_resolver_uses_default_limits_file" time="0.147" /><testcase classname="tests.capabilities.test_resolver_ci_environment.TestResolverLimitsFileOverride" name="test_resolver_respects_custom_limits_file" time="0.021" /><testcase classname="tests.capabilities.test_resolver_ci_environment.TestResolverLimitsFileOverride" name="test_resolver_caching_with_override" time="0.006" /><testcase classname="tests.capabilities.test_resolver_ci_environment.TestResolverCachingBehavior" name="test_cache_cleared_between_tests" time="0.150" /><testcase classname="tests.capabilities.test_resolver_ci_environment.TestResolverCachingBehavior" name="test_each_test_gets_fresh_cache" time="0.149" /><testcase classname="tests.capabilities.test_resolver_ci_environment.TestResolverCachingBehavior" name="test_reload_cache_function" time="0.296" /><testcase classname="tests.capabilities.test_resolver_ci_environment.TestResolverCustomConfigFlowThrough" name="test_custom_limits_visible_across_tiers" time="0.004" /><testcase classname="tests.capabilities.test_resolver_ci_environment.TestResolverWithMultipleTiers" name="test_all_tiers_load_from_same_file" time="0.435" /><testcase classname="tests.capabilities.test_resolver_ci_environment.TestResolverWithMultipleTiers" name="test_tier_names_respected" time="0.412" /><testcase classname="tests.capabilities.test_resolver_ci_environment.TestResolverWithMultipleTiers" name="test_invalid_tier_defaults_to_community" time="0.334" /><testcase classname="tests.cli.test_cli.TestCLIBasics" name="test_help_command" time="6.544" /><testcase classname="tests.cli.test_cli.TestCLIBasics" name="test_version_command" time="6.643" /><testcase classname="tests.cli.test_cli.TestCLIBasics" name="test_analyze_help" time="6.205" /><testcase classname="tests.cli.test_cli.TestCLIAnalyze" name="test_analyze_inline_code" time="6.250" /><testcase classname="tests.cli.test_cli.TestCLIAnalyze" name="test_analyze_inline_code_json" time="6.052" /><testcase classname="tests.cli.test_cli.TestCLIAnalyze" name="test_analyze_file" time="6.640" /><testcase classname="tests.cli.test_cli.TestCLIAnalyze" name="test_analyze_nonexistent_file" time="6.733" /><testcase classname="tests.cli.test_cli.TestCLIAnalyze" name="test_analyze_syntax_error_code" time="6.433" /><testcase classname="tests.cli.test_cli.TestCLIServer" name="test_server_help" time="6.134" /><testcase classname="tests.cli.test_cli.TestCLIEdgeCases" name="test_unknown_command" time="6.008" /><testcase classname="tests.cli.test_cli.TestCLIEdgeCases" name="test_analyze_no_input" time="6.660" /><testcase classname="tests.cli.test_cli.TestCLILicenseInstall" name="test_license_install_writes_dest" time="6.840" /><testcase classname="tests.cli.test_cli.TestCLILicenseInstall" name="test_license_install_requires_force_if_exists" time="6.219" /><testcase classname="tests.cli.test_cli.TestCLIInProcess" name="test_analyze_file_defaults_to_python_for_unknown_extension" time="0.002" /><testcase classname="tests.cli.test_cli.TestCLIInProcess" name="test_analyze_file_missing_returns_error" time="0.002" /><testcase classname="tests.cli.test_cli.TestCLIInProcess" name="test_analyze_file_respects_explicit_language" time="0.002" /><testcase classname="tests.cli.test_cli.TestCLIInProcess" name="test_analyze_file_detects_js_and_java_extensions" time="0.002" /><testcase classname="tests.cli.test_cli.TestCLIInProcess" name="test_analyze_file_read_error_returns_failure" time="0.002" /><testcase classname="tests.cli.test_cli.TestCLIInProcess" name="test_analyze_code_json_uses_analyzer" time="0.002" /><testcase classname="tests.cli.test_cli.TestCLIInProcess" name="test_analyze_code_dispatches_javascript_helper" time="0.001" /><testcase classname="tests.cli.test_cli.TestCLIInProcess" name="test_analyze_code_dispatches_java_helper" time="0.001" /><testcase classname="tests.cli.test_cli.TestCLIInProcess" name="test_analyze_code_text_reports_security_issues" time="0.002" /><testcase classname="tests.cli.test_cli.TestCLIInProcess" name="test_analyze_javascript_reports_paths" time="0.002" /><testcase classname="tests.cli.test_cli.TestCLIInProcess" name="test_analyze_javascript_text_output" time="0.001" /><testcase classname="tests.cli.test_cli.TestCLIInProcess" name="test_analyze_javascript_handles_exception" time="0.001" /><testcase classname="tests.cli.test_cli.TestCLIInProcess" name="test_analyze_non_python_file" time="5.960" /><testcase classname="tests.cli.test_cli.TestCLIInProcess" name="test_analyze_file_with_dead_code" time="6.482" /><testcase classname="tests.cli.test_cli.TestCLIInProcess" name="test_analyze_code_handles_analyzer_error" time="0.001" /><testcase classname="tests.cli.test_cli.TestCLIInProcess" name="test_analyze_java_reports_paths" time="0.002" /><testcase classname="tests.cli.test_cli.TestCLIInProcess" name="test_analyze_java_text_output" time="0.002" /><testcase classname="tests.cli.test_cli.TestCLIInProcess" name="test_analyze_java_handles_exception" time="0.001" /><testcase classname="tests.cli.test_cli.TestCLIInProcess" name="test_scan_code_security_json_branch" time="0.001" /><testcase classname="tests.cli.test_cli.TestCLIInProcess" name="test_scan_code_security_error_path" time="0.001" /><testcase classname="tests.cli.test_cli.TestCLIInProcess" name="test_scan_security_missing_file_returns_error" time="0.002" /><testcase classname="tests.cli.test_cli.TestCLIInProcess" name="test_start_server_handles_keyboard_interrupt" time="0.001" /><testcase classname="tests.cli.test_cli.TestCLIInProcess" name="test_start_mcp_server_http_and_lan" time="0.002" /><testcase classname="tests.cli.test_cli.TestCLIInProcess" name="test_start_mcp_server_stdio" time="0.011" /><testcase classname="tests.cli.test_cli.TestCLIInProcess" name="test_analyze_file_json_output" time="6.598" /><testcase classname="tests.cli.test_cli.TestCLIInProcess" name="test_analyze_complex_code" time="6.419" /><testcase classname="tests.cli.test_cli.TestCLIDirectImport" name="test_analyze_file_not_found" time="0.002" /><testcase classname="tests.cli.test_cli.TestCLIDirectImport" name="test_analyze_file_non_py_extension" time="0.004" /><testcase classname="tests.cli.test_cli.TestCLIDirectImport" name="test_analyze_file_json_format" time="0.003" /><testcase classname="tests.cli.test_cli.TestCLIDirectImport" name="test_analyze_code_json_format" time="0.002" /><testcase classname="tests.cli.test_cli.TestCLIDirectImport" name="test_analyze_code_syntax_error" time="0.004" /><testcase classname="tests.cli.test_cli.TestCLIDirectImport" name="test_analyze_java_json_reports_paths" time="0.002" /><testcase classname="tests.cli.test_cli.TestCLIDirectImport" name="test_scan_security_json_output" time="0.003" /><testcase classname="tests.cli.test_cli.TestCLIDirectImport" name="test_scan_code_security_json_output" time="0.001" /><testcase classname="tests.cli.test_cli.TestCLIDirectImport" name="test_start_server_invokes_run_server" time="0.001" /><testcase classname="tests.cli.test_cli.TestCLIDirectImport" name="test_start_mcp_server_http_allows_lan_host_rewrite" time="0.003" /><testcase classname="tests.cli.test_cli.TestCLIDirectImport" name="test_main_scan_code_json_uses_scan_code_security" time="0.016" /><testcase classname="tests.cli.test_cli.TestCLIDirectImport" name="test_main_no_args" time="0.018" /><testcase classname="tests.cli.test_cli.TestCLIDirectImport" name="test_main_version" time="0.014" /><testcase classname="tests.cli.test_cli.TestCLIDirectImport" name="test_main_analyze_with_code" time="0.015" /><testcase classname="tests.cli.test_cli.TestCLIDirectImport" name="test_main_analyze_no_input" time="0.015" /><testcase classname="tests.cli.test_cli_additional" name="test_analyze_file_unknown_extension" time="0.003" /><testcase classname="tests.cli.test_cli_additional" name="test_analyze_code_text_with_stub" time="0.002" /><testcase classname="tests.cli.test_cli_additional" name="test_analyze_javascript_json" time="0.002" /><testcase classname="tests.cli.test_cli_additional" name="test_scan_code_security_json" time="0.002" /><testcase classname="tests.cli.test_cli_additional" name="test_scan_security_text_branches" time="0.003" /><testcase classname="tests.cli.test_cli_additional" name="test_start_mcp_server_http_keyboard_interrupt" time="0.003" /><testcase classname="tests.cli.test_cli_additional" name="test_start_server_keyboard_interrupt" time="0.012"><skipped type="pytest.skip" message="could not import 'codescalpel_web': No module named 'codescalpel_web'">/mnt/k/backup/Develop/code-scalpel/tests/cli/test_cli_additional.py:232: could not import 'codescalpel_web': No module named 'codescalpel_web'</skipped></testcase><testcase classname="tests.cli.test_cli_additional" name="test_main_mcp_allows_lan" time="0.015" /><testcase classname="tests.cli.test_cli_additional" name="test_analyze_file_missing_path" time="0.002" /><testcase classname="tests.cli.test_cli_additional" name="test_analyze_code_handles_analyzer_exceptions" time="0.002" /><testcase classname="tests.cli.test_cli_additional" name="test_scan_code_security_handles_exceptions" time="0.001" /><testcase classname="tests.cli.test_cli_additional" name="test_main_no_command_shows_help" time="0.015" /><testcase classname="tests.cli.test_cli_additional" name="test_main_version" time="0.014" /><testcase classname="tests.cli.test_cli_additional" name="test_main_mcp_http_allow_lan" time="0.014" /><testcase classname="tests.cli.test_cli_additional" name="test_main_server_dispatch" time="0.014" /><testcase classname="tests.cli.test_cli_additional" name="test_main_scan_code_dispatch" time="0.021" /><testcase classname="tests.cli.test_cli_extra" name="test_analyze_file_missing" time="0.003" /><testcase classname="tests.cli.test_cli_extra" name="test_analyze_file_defaults_language" time="0.002" /><testcase classname="tests.cli.test_cli_extra" name="test_analyze_code_javascript_json" time="0.002" /><testcase classname="tests.cli.test_cli_extra" name="test_analyze_code_java_text" time="0.001" /><testcase classname="tests.cli.test_cli_success_additional" name="test_analyze_code_json_output" time="0.003" /><testcase classname="tests.cli.test_cli_success_additional" name="test_scan_code_security_success" time="0.001" /><testcase classname="tests.cli.test_cli_success_additional" name="test_start_mcp_server_uses_http_alias" time="0.002" /><testcase classname="tests.cli.test_hooks.TestIsFileModifyingCommand" name="test_echo_redirection_is_modifying" time="0.010" /><testcase classname="tests.cli.test_hooks.TestIsFileModifyingCommand" name="test_cat_redirection_is_modifying" time="0.001" /><testcase classname="tests.cli.test_hooks.TestIsFileModifyingCommand" name="test_sed_inplace_is_modifying" time="0.003" /><testcase classname="tests.cli.test_hooks.TestIsFileModifyingCommand" name="test_rm_is_modifying" time="0.003" /><testcase classname="tests.cli.test_hooks.TestIsFileModifyingCommand" name="test_mv_is_modifying" time="0.001" /><testcase classname="tests.cli.test_hooks.TestIsFileModifyingCommand" name="test_cp_is_modifying" time="0.001" /><testcase classname="tests.cli.test_hooks.TestIsFileModifyingCommand" name="test_touch_is_modifying" time="0.002" /><testcase classname="tests.cli.test_hooks.TestIsFileModifyingCommand" name="test_mkdir_is_modifying" time="0.002" /><testcase classname="tests.cli.test_hooks.TestIsFileModifyingCommand" name="test_tee_is_modifying" time="0.002" /><testcase classname="tests.cli.test_hooks.TestIsFileModifyingCommand" name="test_tar_extract_is_modifying" time="0.002" /><testcase classname="tests.cli.test_hooks.TestIsFileModifyingCommand" name="test_patch_is_modifying" time="0.002" /><testcase classname="tests.cli.test_hooks.TestIsFileModifyingCommand" name="test_git_checkout_is_modifying" time="0.003" /><testcase classname="tests.cli.test_hooks.TestIsFileModifyingCommand" name="test_safe_commands_not_modifying" time="0.001" /><testcase classname="tests.cli.test_hooks.TestIsFileModifyingCommand" name="test_pytest_is_safe" time="0.001" /><testcase classname="tests.cli.test_hooks.TestIsFileModifyingCommand" name="test_build_commands_are_safe" time="0.001" /><testcase classname="tests.cli.test_hooks.TestHookContext" name="test_from_dict_basic" time="0.001" /><testcase classname="tests.cli.test_hooks.TestHookContext" name="test_from_dict_with_output" time="0.001" /><testcase classname="tests.cli.test_hooks.TestHookContext" name="test_from_dict_empty_input" time="0.001" /><testcase classname="tests.cli.test_hooks.TestHookResponse" name="test_to_dict_allowed" time="0.001" /><testcase classname="tests.cli.test_hooks.TestHookResponse" name="test_to_dict_blocked" time="0.001" /><testcase classname="tests.cli.test_hooks.TestHookResponse" name="test_to_json" time="0.001" /><testcase classname="tests.cli.test_hooks.TestPreToolUse" name="test_edit_tool_allowed" time="0.109" /><testcase classname="tests.cli.test_hooks.TestPreToolUse" name="test_write_tool_allowed" time="0.100" /><testcase classname="tests.cli.test_hooks.TestPreToolUse" name="test_bash_safe_command_allowed" time="0.001" /><testcase classname="tests.cli.test_hooks.TestPreToolUse" name="test_bash_modifying_command_blocked" time="0.001" /><testcase classname="tests.cli.test_hooks.TestPreToolUse" name="test_other_tools_allowed" time="0.001" /><testcase classname="tests.cli.test_hooks.TestPostToolUse" name="test_logs_edit_tool" time="0.004" /><testcase classname="tests.cli.test_hooks.TestPostToolUse" name="test_logs_write_tool" time="0.002" /><testcase classname="tests.cli.test_hooks.TestPostToolUse" name="test_warning_when_no_audit_log" time="0.001" /><testcase classname="tests.cli.test_hooks.TestIsCodeFile" name="test_python_files" time="0.001" /><testcase classname="tests.cli.test_hooks.TestIsCodeFile" name="test_javascript_files" time="0.001" /><testcase classname="tests.cli.test_hooks.TestIsCodeFile" name="test_other_languages" time="0.001" /><testcase classname="tests.cli.test_hooks.TestIsCodeFile" name="test_non_code_files" time="0.001" /><testcase classname="tests.cli.test_hooks.TestVerifyAuditCoverage" name="test_non_code_file_always_covered" time="0.002" /><testcase classname="tests.cli.test_hooks.TestVerifyAuditCoverage" name="test_non_existent_file_covered" time="0.001" /><testcase classname="tests.cli.test_hooks.TestInstallGitHooks" name="test_install_in_git_repo" time="0.002" /><testcase classname="tests.cli.test_hooks.TestInstallGitHooks" name="test_install_not_git_repo" time="0.002" /><testcase classname="tests.cli.test_hooks.TestInstallGitHooks" name="test_uninstall_hooks" time="0.003" /><testcase classname="tests.cli.test_hooks.TestInstallClaudeHooks" name="test_install_project_level" time="0.002" /><testcase classname="tests.cli.test_hooks.TestInstallClaudeHooks" name="test_install_already_installed" time="0.002" /><testcase classname="tests.cli.test_hooks.TestInstallClaudeHooks" name="test_uninstall_hooks" time="0.004" /><testcase classname="tests.cli.test_hooks.TestInstallClaudeHooks" name="test_check_hooks_installed" time="0.002" /><testcase classname="tests.cli.test_hooks.TestGetClaudeSettingsPath" name="test_project_level_path" time="0.001" /><testcase classname="tests.cli.test_hooks.TestGetClaudeSettingsPath" name="test_current_directory_path" time="0.001" /><testcase classname="tests.core.analysis.test_project_walker.TestProjectWalker" name="test_walker_init_invalid_path" time="0.009" /><testcase classname="tests.core.analysis.test_project_walker.TestProjectWalker" name="test_walker_init_file_path" time="0.004" /><testcase classname="tests.core.analysis.test_project_walker.TestProjectWalker" name="test_walker_basic_discovery" time="0.006" /><testcase classname="tests.core.analysis.test_project_walker.TestProjectWalker" name="test_walker_exclude_dirs" time="0.006" /><testcase classname="tests.core.analysis.test_project_walker.TestProjectWalker" name="test_walker_custom_exclude_dirs" time="0.006" /><testcase classname="tests.core.analysis.test_project_walker.TestProjectWalker" name="test_walker_max_depth" time="0.007" /><testcase classname="tests.core.analysis.test_project_walker.TestProjectWalker" name="test_walker_max_files" time="0.005" /><testcase classname="tests.core.analysis.test_project_walker.TestProjectWalker" name="test_walker_python_files_only" time="0.006" /><testcase classname="tests.core.analysis.test_project_walker.TestProjectWalker" name="test_walker_code_files_only" time="0.005" /><testcase classname="tests.core.analysis.test_project_walker.TestProjectWalker" name="test_walker_language_specific" time="0.007" /><testcase classname="tests.core.analysis.test_project_walker.TestProjectWalker" name="test_walker_file_info_properties" time="0.006" /><testcase classname="tests.core.analysis.test_project_walker.TestProjectWalker" name="test_walker_project_map" time="0.007" /><testcase classname="tests.core.analysis.test_project_walker.TestProjectWalker" name="test_walker_directories" time="0.005" /><testcase classname="tests.core.analysis.test_project_walker.TestProjectWalker" name="test_walker_symlink_detection" time="0.008" /><testcase classname="tests.core.analysis.test_project_walker.TestDirectoryClassification" name="test_detect_source_directory" time="0.001" /><testcase classname="tests.core.analysis.test_project_walker.TestDirectoryClassification" name="test_detect_test_directory" time="0.001" /><testcase classname="tests.core.analysis.test_project_walker.TestDirectoryClassification" name="test_detect_build_directory" time="0.001" /><testcase classname="tests.core.analysis.test_project_walker.TestDirectoryClassification" name="test_detect_docs_directory" time="0.001" /><testcase classname="tests.core.analysis.test_project_walker.TestDirectoryClassification" name="test_detect_vendor_directory" time="0.001" /><testcase classname="tests.core.analysis.test_project_walker.TestDirectoryClassification" name="test_detect_config_directory" time="0.001" /><testcase classname="tests.core.analysis.test_project_walker.TestFileImportanceScoring" name="test_score_root_file_higher" time="0.001" /><testcase classname="tests.core.analysis.test_project_walker.TestFileImportanceScoring" name="test_score_code_files_higher" time="0.001" /><testcase classname="tests.core.analysis.test_project_walker.TestFileImportanceScoring" name="test_score_config_files_important" time="0.001" /><testcase classname="tests.core.analysis.test_project_walker.TestFileImportanceScoring" name="test_score_large_files_penalized" time="0.001" /><testcase classname="tests.core.analysis.test_project_walker.TestProjectContext" name="test_context_load_or_create" time="0.017" /><testcase classname="tests.core.analysis.test_project_walker.TestProjectContext" name="test_context_directory_classification" time="0.007" /><testcase classname="tests.core.analysis.test_project_walker.TestProjectContext" name="test_context_file_importance_scores" time="0.013" /><testcase classname="tests.core.analysis.test_project_walker.TestProjectContext" name="test_context_important_files" time="0.009" /><testcase classname="tests.core.analysis.test_project_walker.TestProjectContext" name="test_context_directories_by_type" time="0.008" /><testcase classname="tests.core.analysis.test_project_walker.TestProjectContext" name="test_context_clear_cache" time="0.008" /><testcase classname="tests.core.analysis.test_project_walker.TestLanguageDetection" name="test_python_detection" time="0.001" /><testcase classname="tests.core.analysis.test_project_walker.TestLanguageDetection" name="test_javascript_detection" time="0.001" /><testcase classname="tests.core.analysis.test_project_walker.TestLanguageDetection" name="test_typescript_detection" time="0.001" /><testcase classname="tests.core.analysis.test_project_walker.TestLanguageDetection" name="test_java_detection" time="0.001" /><testcase classname="tests.core.analysis.test_project_walker.TestLanguageDetection" name="test_cpp_detection" time="0.001" /><testcase classname="tests.core.analysis.test_project_walker.TestLanguageDetection" name="test_all_supported_languages" time="0.001" /><testcase classname="tests.core.analysis.test_project_walker.TestExtensionsAndLanguages" name="test_no_extension_overlap" time="0.001" /><testcase classname="tests.core.analysis.test_project_walker.TestExtensionsAndLanguages" name="test_all_extensions_in_supported" time="0.001" /><testcase classname="tests.core.analysis.test_project_walker.TestPerformance" name="test_walker_performance_on_large_structure" time="0.026" /><testcase classname="tests.core.ast.test_ast_analyzer.TestFunctionMetrics" name="test_create_function_metrics" time="0.008" /><testcase classname="tests.core.ast.test_ast_analyzer.TestClassMetrics" name="test_create_class_metrics" time="0.001" /><testcase classname="tests.core.ast.test_ast_analyzer.TestASTAnalyzer" name="test_init_default" time="0.001" /><testcase classname="tests.core.ast.test_ast_analyzer.TestASTAnalyzer" name="test_init_cache_disabled" time="0.001" /><testcase classname="tests.core.ast.test_ast_analyzer.TestASTAnalyzer" name="test_parse_to_ast_valid_code" time="0.001" /><testcase classname="tests.core.ast.test_ast_analyzer.TestASTAnalyzer" name="test_parse_to_ast_caching" time="0.001" /><testcase classname="tests.core.ast.test_ast_analyzer.TestASTAnalyzer" name="test_parse_to_ast_no_caching" time="0.001" /><testcase classname="tests.core.ast.test_ast_analyzer.TestASTAnalyzer" name="test_parse_to_ast_syntax_error" time="0.003" /><testcase classname="tests.core.ast.test_ast_analyzer.TestASTAnalyzer" name="test_ast_to_code" time="0.001" /><testcase classname="tests.core.ast.test_ast_analyzer.TestASTAnalyzer" name="test_analyze_function_simple" time="0.001" /><testcase classname="tests.core.ast.test_ast_analyzer.TestASTAnalyzer" name="test_analyze_function_with_defaults" time="0.002" /><testcase classname="tests.core.ast.test_ast_analyzer.TestASTAnalyzer" name="test_analyze_function_with_return_type" time="0.001" /><testcase classname="tests.core.ast.test_ast_analyzer.TestASTAnalyzer" name="test_analyze_function_complexity" time="0.002" /><testcase classname="tests.core.ast.test_ast_analyzer.TestASTAnalyzer" name="test_analyze_class" time="0.001" /><testcase classname="tests.core.ast.test_ast_analyzer.TestASTAnalyzer" name="test_analyze_code_style" time="0.002" /><testcase classname="tests.core.ast.test_ast_analyzer.TestASTAnalyzer" name="test_analyze_code_style_long_function" time="0.001" /><testcase classname="tests.core.ast.test_ast_analyzer.TestASTAnalyzer" name="test_analyze_code_style_deep_nesting" time="0.001" /><testcase classname="tests.core.ast.test_ast_analyzer.TestASTAnalyzer" name="test_find_security_issues" time="0.001" /><testcase classname="tests.core.ast.test_ast_analyzer.TestASTAnalyzer" name="test_find_security_issues_sql_injection" time="0.001" /><testcase classname="tests.core.ast.test_ast_analyzer.TestASTAnalyzer" name="test_find_security_issues_sql_injection_flag" time="0.001" /><testcase classname="tests.core.ast.test_ast_analyzer.TestASTAnalyzer" name="test_calculate_complexity" time="0.001" /><testcase classname="tests.core.ast.test_ast_analyzer.TestASTAnalyzer" name="test_count_node_lines" time="0.001" /><testcase classname="tests.core.ast.test_ast_analyzer.TestASTAnalyzer" name="test_extract_function_calls" time="0.001" /><testcase classname="tests.core.ast.test_ast_analyzer.TestASTAnalyzer" name="test_extract_variables" time="0.001" /><testcase classname="tests.core.ast.test_ast_analyzer.TestASTAnalyzer" name="test_extract_instance_vars" time="0.001" /><testcase classname="tests.core.ast.test_ast_analyzer.TestASTAnalyzer" name="test_get_call_name_simple" time="0.001" /><testcase classname="tests.core.ast.test_ast_analyzer.TestASTAnalyzer" name="test_get_call_name_method" time="0.001" /><testcase classname="tests.core.ast.test_ast_analyzer.TestASTAnalyzerEdgeCases" name="test_empty_function" time="0.002" /><testcase classname="tests.core.ast.test_ast_analyzer.TestASTAnalyzerEdgeCases" name="test_empty_class" time="0.001" /><testcase classname="tests.core.ast.test_ast_analyzer.TestASTAnalyzerEdgeCases" name="test_nested_functions" time="0.001" /><testcase classname="tests.core.ast.test_ast_analyzer.TestASTAnalyzerEdgeCases" name="test_lambda_expression" time="0.001" /><testcase classname="tests.core.ast.test_ast_analyzer.TestASTAnalyzerEdgeCases" name="test_decorator" time="0.001" /><testcase classname="tests.core.ast.test_ast_analyzer.TestASTAnalyzerEdgeCases" name="test_deep_nesting" time="0.002" /><testcase classname="tests.core.ast.test_ast_analyzer.TestCoverageGaps" name="test_class_with_annotated_attributes" time="0.001" /><testcase classname="tests.core.ast.test_ast_analyzer.TestCoverageGaps" name="test_complexity_with_try_except" time="0.001" /><testcase classname="tests.core.ast.test_ast_analyzer.TestCoverageGaps" name="test_complexity_with_multiple_except_handlers" time="0.001" /><testcase classname="tests.core.ast.test_ast_analyzer.TestCoverageGaps" name="test_function_calls_with_method_calls" time="0.002" /><testcase classname="tests.core.ast.test_ast_analyzer.TestCoverageGaps" name="test_sql_injection_with_string_formatting" time="0.001" /><testcase classname="tests.core.ast.test_ast_analyzer.TestCoverageGaps" name="test_sql_injection_with_binop_in_execute" time="0.001" /><testcase classname="tests.core.ast.test_ast_analyzer.TestCoverageGaps" name="test_sql_injection_with_fstring_in_execute" time="0.001" /><testcase classname="tests.core.ast.test_ast_analyzer.TestCoverageGaps" name="test_get_call_name_with_attribute" time="0.001" /><testcase classname="tests.core.ast.test_ast_analyzer.TestCoverageGaps" name="test_class_with_plain_assignments" time="0.001" /><testcase classname="tests.core.ast.test_ast_analyzer.TestCoverageGaps" name="test_executemany_sql_injection" time="0.001" /><testcase classname="tests.core.ast.test_ast_analyzer.TestCoverageGaps" name="test_complexity_with_boolean_operators" time="0.001" /><testcase classname="tests.core.ast.test_ast_analyzer.TestCoverageGaps" name="test_complexity_with_complex_boolean_logic" time="0.001" /><testcase classname="tests.core.ast.test_ast_analyzer.TestCoverageGaps" name="test_security_issues_find_method_via_attribute" time="0.001" /><testcase classname="tests.core.ast.test_ast_analyzer.TestCoverageGaps" name="test_dangerous_function_with_attribute_access" time="0.002" /><testcase classname="tests.core.ast.test_ast_analyzer.TestCoverageGaps" name="test_get_call_name_with_exotic_call_types" time="0.001" /><testcase classname="tests.core.ast.test_ast_analyzer.TestCoverageGaps" name="test_class_with_tuple_unpacking_assignment" time="0.001" /><testcase classname="tests.core.ast.test_ast_analyzer.TestCoverageGaps" name="test_function_calls_with_subscript_call" time="0.001" /><testcase classname="tests.core.ast.test_ast_builder_extra" name="test_build_ast_applies_hooks_and_cache" time="0.001" /><testcase classname="tests.core.ast.test_ast_builder_extra" name="test_build_ast_handles_syntax_error" time="0.003" /><testcase classname="tests.core.ast.test_ast_builder_extra" name="test_remove_comments_preserves_strings_and_drops_hash_comments" time="0.001" /><testcase classname="tests.core.ast.test_ast_builder_extra" name="test_build_ast_from_file_missing" time="0.004" /><testcase classname="tests.core.ast.test_ast_cache.TestBasicCaching" name="test_cache_initialization" time="0.003" /><testcase classname="tests.core.ast.test_ast_cache.TestBasicCaching" name="test_cache_fresh_parse" time="0.003" /><testcase classname="tests.core.ast.test_ast_cache.TestBasicCaching" name="test_cache_hit_on_second_access" time="0.003" /><testcase classname="tests.core.ast.test_ast_cache.TestBasicCaching" name="test_cache_invalidation_on_file_change" time="0.003" /><testcase classname="tests.core.ast.test_ast_cache.TestFileHashing" name="test_file_hash_changes_on_content_change" time="0.002" /><testcase classname="tests.core.ast.test_ast_cache.TestFileHashing" name="test_file_hash_same_for_same_content" time="0.002" /><testcase classname="tests.core.ast.test_ast_cache.TestDependencyTracking" name="test_record_dependency" time="0.003" /><testcase classname="tests.core.ast.test_ast_cache.TestDependencyTracking" name="test_cascading_invalidation" time="0.004" /><testcase classname="tests.core.ast.test_ast_cache.TestDependencyTracking" name="test_transitive_dependencies" time="0.014" /><testcase classname="tests.core.ast.test_ast_cache.TestCachePersistence" name="test_cache_survives_restart" time="0.003" /><testcase classname="tests.core.ast.test_ast_cache.TestCachePersistence" name="test_dependency_graph_survives_restart" time="0.003" /><testcase classname="tests.core.ast.test_ast_cache.TestCacheStatistics" name="test_cache_stats_basic" time="0.002" /><testcase classname="tests.core.ast.test_ast_cache.TestCacheStatistics" name="test_cache_stats_after_operations" time="0.003" /><testcase classname="tests.core.ast.test_ast_cache.TestCacheClear" name="test_clear_cache" time="0.003" /><testcase classname="tests.core.ast.test_ast_cache.TestGlobalCache" name="test_get_ast_cache" time="0.002" /><testcase classname="tests.core.ast.test_ast_cache.TestGlobalCache" name="test_global_cache_is_singleton" time="0.002" /><testcase classname="tests.core.ast.test_ast_cache.TestAcceptanceCriteria" name="test_cache_asts_to_disk_with_file_hash_keys" time="0.005" /><testcase classname="tests.core.ast.test_ast_cache.TestAcceptanceCriteria" name="test_invalidate_cache_on_file_modification" time="0.003" /><testcase classname="tests.core.ast.test_ast_cache.TestAcceptanceCriteria" name="test_track_dependency_graph_for_cascading_invalidation" time="0.005" /><testcase classname="tests.core.ast.test_ast_cache.TestAcceptanceCriteria" name="test_cache_survives_server_restarts" time="0.004" /><testcase classname="tests.core.ast.test_ast_cache.TestPerformance" name="test_cache_reduces_parse_time" time="0.004" /><testcase classname="tests.core.ast.test_ast_tools_init.TestAstToolsImports" name="test_core_imports_available" time="0.001" /><testcase classname="tests.core.ast.test_ast_tools_init.TestAstToolsImports" name="test_optional_imports_available" time="0.001" /><testcase classname="tests.core.ast.test_ast_tools_init.TestAstToolsImports" name="test_utils_imports_available" time="0.001" /><testcase classname="tests.core.ast.test_ast_tools_init.TestBuildAstFunction" name="test_build_ast_simple_code" time="0.001" /><testcase classname="tests.core.ast.test_ast_tools_init.TestBuildAstFunction" name="test_build_ast_complex_code" time="0.001" /><testcase classname="tests.core.ast.test_ast_tools_init.TestBuildAstFunction" name="test_build_ast_without_preprocessing" time="0.001" /><testcase classname="tests.core.ast.test_ast_tools_init.TestBuildAstFunction" name="test_build_ast_without_validation" time="0.001" /><testcase classname="tests.core.ast.test_ast_tools_init.TestBuildAstFromFile" name="test_build_ast_from_file_basic" time="0.001" /><testcase classname="tests.core.ast.test_ast_tools_init.TestBuildAstFromFile" name="test_build_ast_from_file_with_function" time="0.001" /><testcase classname="tests.core.ast.test_ast_tools_init.TestBuildAstFromFile" name="test_build_ast_from_file_without_preprocessing" time="0.001" /><testcase classname="tests.core.ast.test_ast_tools_init.TestBuildAstFromFile" name="test_build_ast_from_file_without_validation" time="0.001" /><testcase classname="tests.core.ast.test_ast_tools_init.TestVisualizeAst" name="test_visualize_ast_with_visualizer_available" time="0.001" /><testcase classname="tests.core.ast.test_ast_tools_init.TestVisualizeAst" name="test_visualize_ast_function_exists" time="0.001" /><testcase classname="tests.core.ast.test_ast_tools_init.TestVisualizeAst" name="test_visualize_ast_raises_when_unavailable" time="0.002" /><testcase classname="tests.core.ast.test_ast_tools_init.TestAllExports" name="test_all_exports_defined" time="0.001" /><testcase classname="tests.core.ast.test_ast_tools_init.TestAllExports" name="test_all_exports_contain_core_classes" time="0.001" /><testcase classname="tests.core.ast.test_ast_tools_init.TestAllExports" name="test_all_exports_are_accessible" time="0.001" /><testcase classname="tests.core.ast.test_ast_tools_init.TestImportErrorBranches" name="test_import_with_mocked_transformer_failure" time="0.001" /><testcase classname="tests.core.ast.test_ast_tools_init.TestImportErrorBranches" name="test_import_with_mocked_visualizer_failure" time="0.001" /><testcase classname="tests.core.ast.test_ast_tools_init.TestImportErrorBranches" name="test_import_with_mocked_validator_failure" time="0.001" /><testcase classname="tests.core.ast.test_ast_tools_init.TestImportErrorBranches" name="test_utils_import_failure_handling" time="0.001" /><testcase classname="tests.core.ast.test_ast_tools_init.TestImportErrorBranchesWithReload" name="test_transformer_import_failure_branch" time="0.053" /><testcase classname="tests.core.ast.test_ast_tools_init.TestImportErrorBranchesWithReload" name="test_visualizer_import_failure_branch" time="0.202" /><testcase classname="tests.core.ast.test_ast_tools_init.TestImportErrorBranchesWithReload" name="test_validator_import_failure_branch" time="0.066" /><testcase classname="tests.core.ast.test_ast_tools_init_additional" name="test_visualize_ast_raises_when_visualizer_missing" time="0.001" /><testcase classname="tests.core.ast.test_ast_tools_init_additional" name="test_build_ast_uses_default_builder" time="0.001" /><testcase classname="tests.core.ast.test_ast_tools_init_coverage" name="test_visualize_ast_raises_when_visualizer_unavailable" time="0.001" /><testcase classname="tests.core.ast.test_ast_tools_init_coverage" name="test_import_resolver_fallback_none" time="0.001" /><testcase classname="tests.core.ast.test_ast_tools_init_coverage" name="test_cross_file_extractor_fallback_none" time="0.001" /><testcase classname="tests.core.ast.test_ast_tools_init_coverage" name="test_osv_client_fallback_none" time="0.001" /><testcase classname="tests.core.ast.test_ast_tools_init_coverage" name="test_transformer_validator_utils_fallback_none" time="0.001" /><testcase classname="tests.core.ast.test_ast_tools_init_coverage" name="test_import_info_type_symbol_definition_circular_import_graph_fallback" time="0.001" /><testcase classname="tests.core.ast.test_ast_tools_init_coverage" name="test_extracted_symbol_extraction_result_fallback" time="0.001" /><testcase classname="tests.core.ast.test_ast_tools_init_coverage" name="test_build_ast_convenience_function_delegates_to_default_builder" time="0.001" /><testcase classname="tests.core.ast.test_ast_tools_init_coverage" name="test_build_ast_from_file_convenience_function" time="0.003" /><testcase classname="tests.core.ast.test_ast_tools_init_extra" name="test_build_ast_uses_default_builder" time="0.001" /><testcase classname="tests.core.ast.test_ast_tools_init_extra" name="test_visualize_ast_requires_visualizer" time="0.001" /><testcase classname="tests.core.ast.test_ast_tools_init_extra" name="test_ast_tools_exports_expected_symbols" time="0.001" /><testcase classname="tests.core.cache.test_analysis_cache" name="test_memory_cache_hits_without_reparsing" time="0.021" /><testcase classname="tests.core.cache.test_analysis_cache" name="test_disk_cache_persists_across_instances" time="0.003" /><testcase classname="tests.core.cache.test_analysis_cache" name="test_invalidate_removes_cache" time="0.003" /><testcase classname="tests.core.cache.test_analysis_cache" name="test_corrupt_cache_file_triggers_reparse" time="0.006" /><testcase classname="tests.core.cache.test_analysis_cache" name="test_cache_stats_tracks_memory_hits" time="0.003" /><testcase classname="tests.core.cache.test_analysis_cache" name="test_cache_stats_tracks_disk_hits" time="0.003" /><testcase classname="tests.core.cache.test_analysis_cache" name="test_cache_stats_to_dict" time="0.003" /><testcase classname="tests.core.cache.test_analysis_cache" name="test_cache_stats_stores_and_invalidations" time="0.003" /><testcase classname="tests.core.cache.test_analysis_cache" name="test_hash_file_mmap_for_large_files" time="0.005" /><testcase classname="tests.core.cache.test_analysis_cache" name="test_hash_file_small_uses_read_bytes" time="0.003" /><testcase classname="tests.core.cache.test_cache.TestAnalysisCache" name="test_cache_set_and_get" time="0.002" /><testcase classname="tests.core.cache.test_cache.TestAnalysisCache" name="test_cache_miss" time="0.003" /><testcase classname="tests.core.cache.test_cache.TestAnalysisCache" name="test_different_code_different_cache" time="0.003" /><testcase classname="tests.core.cache.test_cache.TestAnalysisCache" name="test_different_result_types" time="0.003" /><testcase classname="tests.core.cache.test_cache.TestAnalysisCache" name="test_config_affects_cache_key" time="0.002" /><testcase classname="tests.core.cache.test_cache.TestAnalysisCache" name="test_cache_disabled" time="0.001" /><testcase classname="tests.core.cache.test_cache.TestAnalysisCache" name="test_cache_invalidate" time="0.005" /><testcase classname="tests.core.cache.test_cache.TestAnalysisCache" name="test_cache_clear" time="0.005" /><testcase classname="tests.core.cache.test_cache.TestAnalysisCache" name="test_cache_stats" time="0.003" /><testcase classname="tests.core.cache.test_cache.TestAnalysisCache" name="test_cache_hit_rate" time="0.001" /><testcase classname="tests.core.cache.test_cache.TestAnalysisCache" name="test_cache_persistence" time="0.003" /><testcase classname="tests.core.cache.test_cache.TestAnalysisCache" name="test_ttl_expiration" time="1.503" /><testcase classname="tests.core.cache.test_cache.TestAnalysisCache" name="test_version_change_invalidates_cache" time="0.003" /><testcase classname="tests.core.cache.test_cache.TestCacheConfig" name="test_default_config" time="0.001" /><testcase classname="tests.core.cache.test_cache.TestCacheConfig" name="test_custom_config" time="0.001" /><testcase classname="tests.core.cache.test_cache.TestGlobalCache" name="test_get_cache_singleton" time="0.003" /><testcase classname="tests.core.cache.test_cache.TestGlobalCache" name="test_reset_cache" time="1.586" /><testcase classname="tests.core.cache.test_cache.TestCacheIntegration" name="test_analyze_code_caching" time="0.337" /><testcase classname="tests.core.cache.test_cache.TestCacheIntegration" name="test_security_scan_caching" time="0.121" /><testcase classname="tests.core.cache.test_cache.TestSymbolicCaching" name="test_symbolic_analyzer_caches_results" time="0.051" /><testcase classname="tests.core.cache.test_cache.TestSymbolicCaching" name="test_symbolic_analyzer_cache_disabled" time="0.006" /><testcase classname="tests.core.cache.test_cache.TestSymbolicCaching" name="test_symbolic_cache_config_changes_key" time="0.028" /><testcase classname="tests.core.parsers.test_base_parser.TestCodeParser" name="test_parse_cpp_code" time="0.008" /><testcase classname="tests.core.parsers.test_base_parser.TestCodeParser" name="test_parse_java_code" time="0.001" /><testcase classname="tests.core.parsers.test_base_parser.TestCodeParser" name="test_parse_javascript_code" time="0.001" /><testcase classname="tests.core.parsers.test_base_parser.TestCodeParser" name="test_parse_python_code" time="0.001" /><testcase classname="tests.core.parsers.test_base_parser.TestCodeParser" name="test_preprocess_code_normalize_whitespace" time="0.001" /><testcase classname="tests.core.parsers.test_base_parser.TestCodeParser" name="test_preprocess_code_remove_comments" time="0.002" /><testcase classname="tests.core.parsers.test_base_parser.TestCodeParserAdditional" name="test_normalize_whitespace_preserves_indent" time="0.001" /><testcase classname="tests.core.parsers.test_base_parser.TestCodeParserAdditional" name="test_parse_code_invalid_language" time="0.003" /><testcase classname="tests.core.parsers.test_base_parser.TestCodeParserAdditional" name="test_parse_python_syntax_error" time="0.001" /><testcase classname="tests.core.parsers.test_base_parser.TestCodeParserAdditional" name="test_remove_comments_python_string_protected" time="0.001" /><testcase classname="tests.core.parsers.test_dependency_parser.TestDependencyParserInit" name="test_init_with_path" time="0.002" /><testcase classname="tests.core.parsers.test_dependency_parser.TestDependencyParserInit" name="test_init_with_path_object" time="0.001" /><testcase classname="tests.core.parsers.test_dependency_parser.TestGetDependencies" name="test_returns_empty_when_no_deps" time="0.001" /><testcase classname="tests.core.parsers.test_dependency_parser.TestGetDependencies" name="test_returns_only_python_when_no_js" time="0.002" /><testcase classname="tests.core.parsers.test_dependency_parser.TestGetDependencies" name="test_returns_only_js_when_no_python" time="0.002" /><testcase classname="tests.core.parsers.test_dependency_parser.TestGetDependencies" name="test_returns_both_ecosystems" time="0.002" /><testcase classname="tests.core.parsers.test_dependency_parser.TestParsePythonDeps" name="test_parse_requirements_txt" time="0.001" /><testcase classname="tests.core.parsers.test_dependency_parser.TestParsePythonDeps" name="test_parse_requirements_with_comments" time="0.001" /><testcase classname="tests.core.parsers.test_dependency_parser.TestParsePythonDeps" name="test_parse_requirements_with_flags" time="0.002" /><testcase classname="tests.core.parsers.test_dependency_parser.TestParsePythonDeps" name="test_parse_requirements_empty_lines" time="0.003" /><testcase classname="tests.core.parsers.test_dependency_parser.TestParsePythonDeps" name="test_parse_pyproject_toml_pep621" time="0.002" /><testcase classname="tests.core.parsers.test_dependency_parser.TestParsePythonDeps" name="test_parse_pyproject_toml_poetry" time="0.002" /><testcase classname="tests.core.parsers.test_dependency_parser.TestParsePythonDeps" name="test_parse_both_pyproject_and_requirements" time="0.002" /><testcase classname="tests.core.parsers.test_dependency_parser.TestParsePythonDeps" name="test_parse_malformed_pyproject" time="0.002" /><testcase classname="tests.core.parsers.test_dependency_parser.TestParsePythonDeps" name="test_parse_malformed_requirements" time="0.001" /><testcase classname="tests.core.parsers.test_dependency_parser.TestParseJavaScriptDeps" name="test_parse_package_json_dependencies" time="0.002" /><testcase classname="tests.core.parsers.test_dependency_parser.TestParseJavaScriptDeps" name="test_parse_package_json_dev_dependencies" time="0.001" /><testcase classname="tests.core.parsers.test_dependency_parser.TestParseJavaScriptDeps" name="test_parse_package_json_both_types" time="0.002" /><testcase classname="tests.core.parsers.test_dependency_parser.TestParseJavaScriptDeps" name="test_parse_empty_package_json" time="0.001" /><testcase classname="tests.core.parsers.test_dependency_parser.TestParseJavaScriptDeps" name="test_parse_malformed_package_json" time="0.001" /><testcase classname="tests.core.parsers.test_dependency_parser.TestParseJavaScriptDeps" name="test_no_package_json" time="0.001" /><testcase classname="tests.core.parsers.test_dependency_parser.TestParsePEP508" name="test_parse_simple_name" time="0.001" /><testcase classname="tests.core.parsers.test_dependency_parser.TestParsePEP508" name="test_parse_exact_version" time="0.001" /><testcase classname="tests.core.parsers.test_dependency_parser.TestParsePEP508" name="test_parse_minimum_version" time="0.001" /><testcase classname="tests.core.parsers.test_dependency_parser.TestParsePEP508" name="test_parse_version_range" time="0.001" /><testcase classname="tests.core.parsers.test_dependency_parser.TestParsePEP508" name="test_parse_with_extras" time="0.001" /><testcase classname="tests.core.parsers.test_dependency_parser.TestParsePEP508" name="test_parse_with_environment_markers" time="0.002" /><testcase classname="tests.core.parsers.test_dependency_parser.TestParsePEP508" name="test_parse_with_inline_comment" time="0.002" /><testcase classname="tests.core.parsers.test_dependency_parser.TestParsePEP508" name="test_parse_hyphenated_name" time="0.001" /><testcase classname="tests.core.parsers.test_dependency_parser.TestParsePEP508" name="test_parse_dotted_name" time="0.002" /><testcase classname="tests.core.parsers.test_dependency_parser.TestParsePEP508" name="test_parse_underscored_name" time="0.001" /><testcase classname="tests.core.parsers.test_dependency_parser.TestDeduplicate" name="test_deduplicate_simple" time="0.001" /><testcase classname="tests.core.parsers.test_dependency_parser.TestDeduplicate" name="test_deduplicate_preserves_first" time="0.001" /><testcase classname="tests.core.parsers.test_dependency_parser.TestDeduplicate" name="test_deduplicate_empty_list" time="0.001" /><testcase classname="tests.core.parsers.test_dependency_parser.TestDeduplicate" name="test_deduplicate_no_duplicates" time="0.001" /><testcase classname="tests.core.parsers.test_dependency_parser.TestEdgeCases" name="test_nonexistent_directory" time="0.001" /><testcase classname="tests.core.parsers.test_dependency_parser.TestEdgeCases" name="test_empty_requirements_file" time="0.001" /><testcase classname="tests.core.parsers.test_dependency_parser.TestEdgeCases" name="test_whitespace_only_requirements" time="0.001" /><testcase classname="tests.core.parsers.test_dependency_parser.TestEdgeCases" name="test_version_specifiers_comprehensive" time="0.001" /><testcase classname="tests.core.parsers.test_dependency_parser.TestIntegration" name="test_realistic_python_project" time="0.002" /><testcase classname="tests.core.parsers.test_dependency_parser.TestIntegration" name="test_realistic_fullstack_project" time="0.002" /><testcase classname="tests.core.parsers.test_dependency_parser.TestCoverageGaps" name="test_parse_pep508_regex_no_match" time="0.001" /><testcase classname="tests.core.parsers.test_dependency_parser.TestCoverageGaps" name="test_requirements_read_exception" time="0.003" /><testcase classname="tests.core.parsers.test_dependency_parser.TestCoverageGaps" name="test_parse_pep508_with_empty_after_strip" time="0.001" /><testcase classname="tests.core.parsers.test_dependency_parser.TestCoverageGaps" name="test_parse_pep508_line_with_only_markers" time="0.001" /><testcase classname="tests.core.parsers.test_dependency_parser_maven_gradle" name="test_dependency_parser_maven_and_gradle" time="0.003" /><testcase classname="tests.core.parsers.test_framework_imports" name="test_django_installed_apps_detection" time="0.000"><skipped type="pytest.skip" message="[20260117_TEST] ImportType.FRAMEWORK not implemented - feature incomplete">/mnt/k/backup/Develop/code-scalpel/tests/core/parsers/test_framework_imports.py:8: [20260117_TEST] ImportType.FRAMEWORK not implemented - feature incomplete</skipped></testcase><testcase classname="tests.core.parsers.test_framework_imports_flask" name="test_flask_blueprint_detection" time="0.000"><skipped type="pytest.skip" message="[20260117_TEST] ImportType.FRAMEWORK not implemented - feature incomplete">/mnt/k/backup/Develop/code-scalpel/tests/core/parsers/test_framework_imports_flask.py:8: [20260117_TEST] ImportType.FRAMEWORK not implemented - feature incomplete</skipped></testcase><testcase classname="tests.core.parsers.test_framework_sinks.TestDjangoSQLInjection" name="test_rawsql_with_user_input" time="0.011" /><testcase classname="tests.core.parsers.test_framework_sinks.TestDjangoSQLInjection" name="test_rawsql_short_import" time="0.010" /><testcase classname="tests.core.parsers.test_framework_sinks.TestDjangoSQLInjection" name="test_queryset_extra_with_tainted_data" time="0.010" /><testcase classname="tests.core.parsers.test_framework_sinks.TestDjangoSQLInjection" name="test_safe_rawsql_with_params" time="0.002" /><testcase classname="tests.core.parsers.test_framework_sinks.TestSQLAlchemyInjection" name="test_text_with_user_input" time="0.010" /><testcase classname="tests.core.parsers.test_framework_sinks.TestSQLAlchemyInjection" name="test_text_full_path" time="0.010" /><testcase classname="tests.core.parsers.test_framework_sinks.TestSQLAlchemyInjection" name="test_text_expression_module" time="0.011" /><testcase classname="tests.core.parsers.test_framework_sinks.TestSQLAlchemyInjection" name="test_safe_text_with_bindparams" time="0.002" /><testcase classname="tests.core.parsers.test_framework_sinks.TestFlaskJinja2XSS" name="test_flask_markup_with_user_input" time="0.011" /><testcase classname="tests.core.parsers.test_framework_sinks.TestFlaskJinja2XSS" name="test_markupsafe_markup_with_tainted_data" time="0.011" /><testcase classname="tests.core.parsers.test_framework_sinks.TestFlaskJinja2XSS" name="test_markup_short_import" time="0.011" /><testcase classname="tests.core.parsers.test_framework_sinks.TestFlaskJinja2XSS" name="test_safe_markup_with_escaped_content" time="0.001" /><testcase classname="tests.core.parsers.test_framework_sinks.TestCombinedFrameworkPatterns" name="test_django_and_flask_vulnerabilities" time="0.011" /><testcase classname="tests.core.parsers.test_framework_sinks.TestTaintTrackerFrameworkIntegration" name="test_sink_patterns_include_django" time="0.001" /><testcase classname="tests.core.parsers.test_framework_sinks.TestTaintTrackerFrameworkIntegration" name="test_sink_patterns_include_sqlalchemy" time="0.001" /><testcase classname="tests.core.parsers.test_framework_sinks.TestTaintTrackerFrameworkIntegration" name="test_sink_patterns_include_flask" time="0.001" /><testcase classname="tests.core.parsers.test_frontend_input_tracker.TestFrameworkDetection" name="test_detect_react" time="0.041" /><testcase classname="tests.core.parsers.test_frontend_input_tracker.TestFrameworkDetection" name="test_detect_vue" time="0.006" /><testcase classname="tests.core.parsers.test_frontend_input_tracker.TestFrameworkDetection" name="test_detect_angular" time="0.006" /><testcase classname="tests.core.parsers.test_frontend_input_tracker.TestFrameworkDetection" name="test_detect_vanilla" time="0.001" /><testcase classname="tests.core.parsers.test_frontend_input_tracker.TestFrameworkDetection" name="test_explicit_framework" time="0.001" /><testcase classname="tests.core.parsers.test_frontend_input_tracker.TestVanillaInputDetection" name="test_get_element_by_id" time="0.001" /><testcase classname="tests.core.parsers.test_frontend_input_tracker.TestVanillaInputDetection" name="test_query_selector" time="0.001" /><testcase classname="tests.core.parsers.test_frontend_input_tracker.TestVanillaInputDetection" name="test_element_value" time="0.001" /><testcase classname="tests.core.parsers.test_frontend_input_tracker.TestVanillaInputDetection" name="test_event_target_value" time="0.001" /><testcase classname="tests.core.parsers.test_frontend_input_tracker.TestVanillaInputDetection" name="test_location_search" time="0.001" /><testcase classname="tests.core.parsers.test_frontend_input_tracker.TestVanillaInputDetection" name="test_location_hash" time="0.001" /><testcase classname="tests.core.parsers.test_frontend_input_tracker.TestVanillaInputDetection" name="test_local_storage" time="0.001" /><testcase classname="tests.core.parsers.test_frontend_input_tracker.TestVanillaInputDetection" name="test_post_message" time="0.001" /><testcase classname="tests.core.parsers.test_frontend_input_tracker.TestVanillaInputDetection" name="test_file_input" time="0.001" /><testcase classname="tests.core.parsers.test_frontend_input_tracker.TestReactInputDetection" name="test_use_state_with_event" time="0.003" /><testcase classname="tests.core.parsers.test_frontend_input_tracker.TestReactInputDetection" name="test_use_ref" time="0.001" /><testcase classname="tests.core.parsers.test_frontend_input_tracker.TestReactInputDetection" name="test_on_change_handler" time="0.001" /><testcase classname="tests.core.parsers.test_frontend_input_tracker.TestReactInputDetection" name="test_controlled_input" time="0.003" /><testcase classname="tests.core.parsers.test_frontend_input_tracker.TestReactInputDetection" name="test_form_submit_handler" time="0.001" /><testcase classname="tests.core.parsers.test_frontend_input_tracker.TestVueInputDetection" name="test_v_model" time="0.001" /><testcase classname="tests.core.parsers.test_frontend_input_tracker.TestVueInputDetection" name="test_vue_ref" time="0.001" /><testcase classname="tests.core.parsers.test_frontend_input_tracker.TestVueInputDetection" name="test_vue_event_handlers" time="0.001" /><testcase classname="tests.core.parsers.test_frontend_input_tracker.TestAngularInputDetection" name="test_ng_model" time="0.001" /><testcase classname="tests.core.parsers.test_frontend_input_tracker.TestAngularInputDetection" name="test_reactive_forms" time="0.001" /><testcase classname="tests.core.parsers.test_frontend_input_tracker.TestAngularInputDetection" name="test_input_decorator" time="0.001" /><testcase classname="tests.core.parsers.test_frontend_input_tracker.TestAngularInputDetection" name="test_template_events" time="0.001" /><testcase classname="tests.core.parsers.test_frontend_input_tracker.TestDangerousSinkDetection" name="test_inner_html" time="0.001" /><testcase classname="tests.core.parsers.test_frontend_input_tracker.TestDangerousSinkDetection" name="test_document_write" time="0.001" /><testcase classname="tests.core.parsers.test_frontend_input_tracker.TestDangerousSinkDetection" name="test_react_dangerously_set_inner_html" time="0.001" /><testcase classname="tests.core.parsers.test_frontend_input_tracker.TestDangerousSinkDetection" name="test_vue_v_html" time="0.001" /><testcase classname="tests.core.parsers.test_frontend_input_tracker.TestDangerousSinkDetection" name="test_angular_inner_html_binding" time="0.001" /><testcase classname="tests.core.parsers.test_frontend_input_tracker.TestDangerousSinkDetection" name="test_eval" time="0.001" /><testcase classname="tests.core.parsers.test_frontend_input_tracker.TestDangerousSinkDetection" name="test_location_redirect" time="0.001" /><testcase classname="tests.core.parsers.test_frontend_input_tracker.TestDataFlowAnalysis" name="test_direct_flow_to_inner_html" time="0.001" /><testcase classname="tests.core.parsers.test_frontend_input_tracker.TestDataFlowAnalysis" name="test_react_state_to_dangerous_html" time="0.003" /><testcase classname="tests.core.parsers.test_frontend_input_tracker.TestDataFlowAnalysis" name="test_url_param_to_inner_html" time="0.001" /><testcase classname="tests.core.parsers.test_frontend_input_tracker.TestDataFlowAnalysis" name="test_event_to_eval" time="0.001" /><testcase classname="tests.core.parsers.test_frontend_input_tracker.TestSanitizationDetection" name="test_dompurify_sanitize" time="0.001" /><testcase classname="tests.core.parsers.test_frontend_input_tracker.TestSanitizationDetection" name="test_text_content_safe" time="0.001" /><testcase classname="tests.core.parsers.test_frontend_input_tracker.TestSanitizationDetection" name="test_encode_uri_component" time="0.001" /><testcase classname="tests.core.parsers.test_frontend_input_tracker.TestSecurityFindings" name="test_xss_finding_generation" time="0.002" /><testcase classname="tests.core.parsers.test_frontend_input_tracker.TestSecurityFindings" name="test_input_source_info_finding" time="0.001" /><testcase classname="tests.core.parsers.test_frontend_input_tracker.TestSecurityFindings" name="test_recommendation_content" time="0.003" /><testcase classname="tests.core.parsers.test_frontend_input_tracker.TestIntegration" name="test_react_form_complete" time="0.005" /><testcase classname="tests.core.parsers.test_frontend_input_tracker.TestIntegration" name="test_vue_composition_api" time="0.001" /><testcase classname="tests.core.parsers.test_frontend_input_tracker.TestIntegration" name="test_angular_reactive_form" time="0.002" /><testcase classname="tests.core.parsers.test_frontend_input_tracker.TestIntegration" name="test_summary_output" time="0.001" /><testcase classname="tests.core.parsers.test_frontend_input_tracker.TestIntegration" name="test_risk_count" time="0.001" /><testcase classname="tests.core.parsers.test_frontend_input_tracker.TestEdgeCases" name="test_empty_source" time="0.001" /><testcase classname="tests.core.parsers.test_frontend_input_tracker.TestEdgeCases" name="test_no_inputs" time="0.001" /><testcase classname="tests.core.parsers.test_frontend_input_tracker.TestEdgeCases" name="test_no_sinks" time="0.001" /><testcase classname="tests.core.parsers.test_frontend_input_tracker.TestEdgeCases" name="test_has_risks_property" time="0.001" /><testcase classname="tests.core.parsers.test_frontend_input_tracker.TestEdgeCases" name="test_multiline_patterns" time="0.001" /><testcase classname="tests.core.parsers.test_frontend_input_tracker.TestConvenienceFunctions" name="test_get_xss_risks" time="0.001" /><testcase classname="tests.core.parsers.test_frontend_input_tracker.TestConvenienceFunctions" name="test_result_dangerous_flows_property" time="0.001" /><testcase classname="tests.core.parsers.test_graphql_schema_tracker.TestGraphQLSchemaParser" name="test_parse_object_types" time="0.003" /><testcase classname="tests.core.parsers.test_graphql_schema_tracker.TestGraphQLSchemaParser" name="test_parse_fields" time="0.002" /><testcase classname="tests.core.parsers.test_graphql_schema_tracker.TestGraphQLSchemaParser" name="test_parse_field_arguments" time="0.002" /><testcase classname="tests.core.parsers.test_graphql_schema_tracker.TestGraphQLSchemaParser" name="test_parse_input_types" time="0.002" /><testcase classname="tests.core.parsers.test_graphql_schema_tracker.TestGraphQLSchemaParser" name="test_parse_enum_types" time="0.002" /><testcase classname="tests.core.parsers.test_graphql_schema_tracker.TestGraphQLSchemaParser" name="test_parse_union_types" time="0.002" /><testcase classname="tests.core.parsers.test_graphql_schema_tracker.TestGraphQLSchemaParser" name="test_parse_interface_types" time="0.002" /><testcase classname="tests.core.parsers.test_graphql_schema_tracker.TestGraphQLSchemaParser" name="test_parse_scalar_types" time="0.002" /><testcase classname="tests.core.parsers.test_graphql_schema_tracker.TestGraphQLSchemaParser" name="test_parse_directives" time="0.002" /><testcase classname="tests.core.parsers.test_graphql_schema_tracker.TestGraphQLSchemaProperties" name="test_queries_property" time="0.002" /><testcase classname="tests.core.parsers.test_graphql_schema_tracker.TestGraphQLSchemaProperties" name="test_mutations_property" time="0.002" /><testcase classname="tests.core.parsers.test_graphql_schema_tracker.TestGraphQLSchemaProperties" name="test_subscriptions_property" time="0.002" /><testcase classname="tests.core.parsers.test_graphql_schema_tracker.TestGraphQLSchemaProperties" name="test_type_counts" time="0.002" /><testcase classname="tests.core.parsers.test_graphql_schema_tracker.TestGraphQLSchemaProperties" name="test_summary" time="0.002" /><testcase classname="tests.core.parsers.test_graphql_schema_tracker.TestSchemaDriftDetection" name="test_detect_breaking_changes" time="0.003" /><testcase classname="tests.core.parsers.test_graphql_schema_tracker.TestSchemaDriftDetection" name="test_detect_field_removed" time="0.002" /><testcase classname="tests.core.parsers.test_graphql_schema_tracker.TestSchemaDriftDetection" name="test_detect_type_changed" time="0.002" /><testcase classname="tests.core.parsers.test_graphql_schema_tracker.TestSchemaDriftDetection" name="test_detect_required_arg_added" time="0.002" /><testcase classname="tests.core.parsers.test_graphql_schema_tracker.TestSchemaDriftDetection" name="test_detect_enum_value_removed" time="0.002" /><testcase classname="tests.core.parsers.test_graphql_schema_tracker.TestSchemaDriftDetection" name="test_detect_union_member_removed" time="0.002" /><testcase classname="tests.core.parsers.test_graphql_schema_tracker.TestSchemaDriftDetection" name="test_non_breaking_changes" time="0.002" /><testcase classname="tests.core.parsers.test_graphql_schema_tracker.TestSchemaDriftDetection" name="test_detect_field_added" time="0.002" /><testcase classname="tests.core.parsers.test_graphql_schema_tracker.TestSchemaDriftDetection" name="test_detect_enum_value_added" time="0.002" /><testcase classname="tests.core.parsers.test_graphql_schema_tracker.TestSchemaDriftDetection" name="test_detect_type_added" time="0.002" /><testcase classname="tests.core.parsers.test_graphql_schema_tracker.TestSchemaDriftDetection" name="test_no_changes_identical" time="0.002" /><testcase classname="tests.core.parsers.test_graphql_schema_tracker.TestGraphQLSchemaDrift" name="test_breaking_changes_property" time="0.002" /><testcase classname="tests.core.parsers.test_graphql_schema_tracker.TestGraphQLSchemaDrift" name="test_dangerous_changes_property" time="0.002" /><testcase classname="tests.core.parsers.test_graphql_schema_tracker.TestGraphQLSchemaDrift" name="test_info_changes_property" time="0.002" /><testcase classname="tests.core.parsers.test_graphql_schema_tracker.TestGraphQLSchemaDrift" name="test_summary_with_breaking" time="0.002" /><testcase classname="tests.core.parsers.test_graphql_schema_tracker.TestGraphQLSchemaDrift" name="test_summary_without_breaking" time="0.002" /><testcase classname="tests.core.parsers.test_graphql_schema_tracker.TestEdgeCases" name="test_empty_schema" time="0.001" /><testcase classname="tests.core.parsers.test_graphql_schema_tracker.TestEdgeCases" name="test_schema_with_comments" time="0.001" /><testcase classname="tests.core.parsers.test_graphql_schema_tracker.TestEdgeCases" name="test_argument_with_default" time="0.001" /><testcase classname="tests.core.parsers.test_graphql_schema_tracker.TestEdgeCases" name="test_required_argument_detection" time="0.001" /><testcase classname="tests.core.parsers.test_graphql_schema_tracker.TestIntegration" name="test_full_workflow" time="0.003" /><testcase classname="tests.core.parsers.test_graphql_schema_tracker.TestIntegration" name="test_convenience_functions" time="0.003" /><testcase classname="tests.core.parsers.test_grpc_contract_analyzer.TestGrpcContractAnalyzer" name="test_parse_syntax" time="0.002" /><testcase classname="tests.core.parsers.test_grpc_contract_analyzer.TestGrpcContractAnalyzer" name="test_parse_package" time="0.002" /><testcase classname="tests.core.parsers.test_grpc_contract_analyzer.TestGrpcContractAnalyzer" name="test_parse_imports" time="0.002" /><testcase classname="tests.core.parsers.test_grpc_contract_analyzer.TestGrpcContractAnalyzer" name="test_parse_options" time="0.002" /><testcase classname="tests.core.parsers.test_grpc_contract_analyzer.TestGrpcContractAnalyzer" name="test_parse_services" time="0.002" /><testcase classname="tests.core.parsers.test_grpc_contract_analyzer.TestGrpcContractAnalyzer" name="test_parse_rpc_methods" time="0.002" /><testcase classname="tests.core.parsers.test_grpc_contract_analyzer.TestGrpcContractAnalyzer" name="test_parse_messages" time="0.002" /><testcase classname="tests.core.parsers.test_grpc_contract_analyzer.TestGrpcContractAnalyzer" name="test_parse_enums" time="0.002" /><testcase classname="tests.core.parsers.test_grpc_contract_analyzer.TestStreamingPatterns" name="test_unary_rpc" time="0.002" /><testcase classname="tests.core.parsers.test_grpc_contract_analyzer.TestStreamingPatterns" name="test_server_streaming_rpc" time="0.002" /><testcase classname="tests.core.parsers.test_grpc_contract_analyzer.TestStreamingPatterns" name="test_client_streaming_rpc" time="0.002" /><testcase classname="tests.core.parsers.test_grpc_contract_analyzer.TestStreamingPatterns" name="test_bidirectional_streaming_rpc" time="0.002" /><testcase classname="tests.core.parsers.test_grpc_contract_analyzer.TestStreamingPatterns" name="test_streaming_stats" time="0.002" /><testcase classname="tests.core.parsers.test_grpc_contract_analyzer.TestContractValidation" name="test_validate_good_contract" time="0.002" /><testcase classname="tests.core.parsers.test_grpc_contract_analyzer.TestContractValidation" name="test_detect_missing_package" time="0.001" /><testcase classname="tests.core.parsers.test_grpc_contract_analyzer.TestContractValidation" name="test_detect_proto2_syntax" time="0.001" /><testcase classname="tests.core.parsers.test_grpc_contract_analyzer.TestContractValidation" name="test_detect_empty_service" time="0.001" /><testcase classname="tests.core.parsers.test_grpc_contract_analyzer.TestContractValidation" name="test_detect_missing_request_type" time="0.001" /><testcase classname="tests.core.parsers.test_grpc_contract_analyzer.TestContractValidation" name="test_detect_missing_response_type" time="0.001" /><testcase classname="tests.core.parsers.test_grpc_contract_analyzer.TestContractValidation" name="test_detect_generic_type_names" time="0.001" /><testcase classname="tests.core.parsers.test_grpc_contract_analyzer.TestContractValidation" name="test_detect_naming_convention_violation" time="0.001" /><testcase classname="tests.core.parsers.test_grpc_contract_analyzer.TestContractValidation" name="test_detect_deprecated_method" time="0.001" /><testcase classname="tests.core.parsers.test_grpc_contract_analyzer.TestContractValidation" name="test_detect_unused_messages" time="0.001" /><testcase classname="tests.core.parsers.test_grpc_contract_analyzer.TestRpcMethod" name="test_full_signature_unary" time="0.001" /><testcase classname="tests.core.parsers.test_grpc_contract_analyzer.TestRpcMethod" name="test_full_signature_server_streaming" time="0.001" /><testcase classname="tests.core.parsers.test_grpc_contract_analyzer.TestRpcMethod" name="test_full_signature_client_streaming" time="0.001" /><testcase classname="tests.core.parsers.test_grpc_contract_analyzer.TestRpcMethod" name="test_full_signature_bidirectional" time="0.001" /><testcase classname="tests.core.parsers.test_grpc_contract_analyzer.TestGrpcContract" name="test_service_count" time="0.002" /><testcase classname="tests.core.parsers.test_grpc_contract_analyzer.TestGrpcContract" name="test_total_rpc_count" time="0.002" /><testcase classname="tests.core.parsers.test_grpc_contract_analyzer.TestGrpcContract" name="test_all_message_types" time="0.002" /><testcase classname="tests.core.parsers.test_grpc_contract_analyzer.TestGrpcContract" name="test_get_service" time="0.002" /><testcase classname="tests.core.parsers.test_grpc_contract_analyzer.TestGrpcContract" name="test_get_message" time="0.002" /><testcase classname="tests.core.parsers.test_grpc_contract_analyzer.TestGrpcContract" name="test_summary" time="0.002" /><testcase classname="tests.core.parsers.test_grpc_contract_analyzer.TestDependencyAnalysis" name="test_extract_dependencies" time="0.002" /><testcase classname="tests.core.parsers.test_grpc_contract_analyzer.TestIntegration" name="test_full_analysis_workflow" time="0.002" /><testcase classname="tests.core.parsers.test_grpc_contract_analyzer.TestIntegration" name="test_convenience_functions" time="0.002" /><testcase classname="tests.core.parsers.test_ir.TestIRNodes" name="test_source_location" time="0.001" /><testcase classname="tests.core.parsers.test_ir.TestIRNodes" name="test_ir_node_metadata" time="0.001" /><testcase classname="tests.core.parsers.test_ir.TestIRNodes" name="test_ir_binary_op" time="0.001" /><testcase classname="tests.core.parsers.test_ir.TestIRNodes" name="test_ir_function_def" time="0.001" /><testcase classname="tests.core.parsers.test_ir.TestPythonNormalizer" name="test_simple_assignment" time="0.001" /><testcase classname="tests.core.parsers.test_ir.TestPythonNormalizer" name="test_binary_operation" time="0.001" /><testcase classname="tests.core.parsers.test_ir.TestPythonNormalizer" name="test_comparison" time="0.001" /><testcase classname="tests.core.parsers.test_ir.TestPythonNormalizer" name="test_chained_comparison" time="0.001" /><testcase classname="tests.core.parsers.test_ir.TestPythonNormalizer" name="test_function_definition" time="0.001" /><testcase classname="tests.core.parsers.test_ir.TestPythonNormalizer" name="test_if_statement" time="0.001" /><testcase classname="tests.core.parsers.test_ir.TestPythonNormalizer" name="test_source_language_propagation" time="0.001" /><testcase classname="tests.core.parsers.test_ir.TestPythonNormalizer" name="test_source_location" time="0.001" /><testcase classname="tests.core.parsers.test_ir.TestLanguageSemantics" name="test_string_plus_number_python" time="0.001" /><testcase classname="tests.core.parsers.test_ir.TestLanguageSemantics" name="test_string_plus_number_javascript" time="0.001" /><testcase classname="tests.core.parsers.test_ir.TestLanguageSemantics" name="test_number_plus_string_javascript" time="0.001" /><testcase classname="tests.core.parsers.test_ir.TestLanguageSemantics" name="test_modulo_negative_python" time="0.002" /><testcase classname="tests.core.parsers.test_ir.TestLanguageSemantics" name="test_modulo_negative_javascript" time="0.001" /><testcase classname="tests.core.parsers.test_ir.TestLanguageSemantics" name="test_empty_list_truthy_python" time="0.001" /><testcase classname="tests.core.parsers.test_ir.TestLanguageSemantics" name="test_empty_list_truthy_javascript" time="0.001" /><testcase classname="tests.core.parsers.test_ir.TestLanguageSemantics" name="test_empty_string_falsy_both" time="0.001" /><testcase classname="tests.core.parsers.test_ir.TestLanguageSemantics" name="test_loose_equality_python" time="0.001" /><testcase classname="tests.core.parsers.test_ir.TestLanguageSemantics" name="test_loose_equality_javascript" time="0.001" /><testcase classname="tests.core.parsers.test_ir.TestLanguageSemantics" name="test_strict_equality_javascript" time="0.001" /><testcase classname="tests.core.parsers.test_ir.TestLanguageSemantics" name="test_and_short_circuit_python" time="0.001" /><testcase classname="tests.core.parsers.test_ir.TestLanguageSemantics" name="test_or_short_circuit_python" time="0.001" /><testcase classname="tests.core.parsers.test_ir.TestLanguageSemantics" name="test_division_by_zero_javascript" time="0.001" /><testcase classname="tests.core.parsers.test_ir.TestNormalizerEdgeCases" name="test_lambda" time="0.001" /><testcase classname="tests.core.parsers.test_ir.TestNormalizerEdgeCases" name="test_class_definition" time="0.002" /><testcase classname="tests.core.parsers.test_ir.TestNormalizerEdgeCases" name="test_async_function" time="0.001" /><testcase classname="tests.core.parsers.test_ir.TestNormalizerEdgeCases" name="test_syntax_error_propagation" time="0.001" /><testcase classname="tests.core.parsers.test_ir_interpreter.TestIRInterpreterBasics" name="test_interpreter_creation" time="0.001" /><testcase classname="tests.core.parsers.test_ir_interpreter.TestIRInterpreterBasics" name="test_interpreter_custom_iterations" time="0.001" /><testcase classname="tests.core.parsers.test_ir_interpreter.TestIRInterpreterBasics" name="test_semantics_registry" time="0.001" /><testcase classname="tests.core.parsers.test_ir_interpreter.TestIRInterpreterAssignment" name="test_simple_constant_assignment" time="0.001" /><testcase classname="tests.core.parsers.test_ir_interpreter.TestIRInterpreterAssignment" name="test_multiple_assignments" time="0.002" /><testcase classname="tests.core.parsers.test_ir_interpreter.TestIRInterpreterAssignment" name="test_assignment_with_expression" time="0.002" /><testcase classname="tests.core.parsers.test_ir_interpreter.TestIRInterpreterAssignment" name="test_assignment_with_variable_reference" time="0.002" /><testcase classname="tests.core.parsers.test_ir_interpreter.TestIRInterpreterBinaryOps" name="test_addition" time="0.002" /><testcase classname="tests.core.parsers.test_ir_interpreter.TestIRInterpreterBinaryOps" name="test_subtraction" time="0.001" /><testcase classname="tests.core.parsers.test_ir_interpreter.TestIRInterpreterBinaryOps" name="test_multiplication" time="0.002" /><testcase classname="tests.core.parsers.test_ir_interpreter.TestIRInterpreterBinaryOps" name="test_nested_expression" time="0.002" /><testcase classname="tests.core.parsers.test_ir_interpreter.TestIRInterpreterConditionals" name="test_simple_if_with_concrete_true" time="0.003" /><testcase classname="tests.core.parsers.test_ir_interpreter.TestIRInterpreterConditionals" name="test_if_with_symbolic_variable" time="0.010" /><testcase classname="tests.core.parsers.test_ir_interpreter.TestIRInterpreterConditionals" name="test_if_without_else" time="0.004" /><testcase classname="tests.core.parsers.test_ir_interpreter.TestIRInterpreterSymbolicExecution" name="test_symbolic_variable_declaration" time="0.002" /><testcase classname="tests.core.parsers.test_ir_interpreter.TestIRInterpreterSymbolicExecution" name="test_precondition" time="0.005" /><testcase classname="tests.core.parsers.test_ir_interpreter.TestIRInterpreterLoops" name="test_while_loop_bounded" time="0.008" /><testcase classname="tests.core.parsers.test_ir_interpreter.TestIRInterpreterParity" name="test_parity_simple_arithmetic" time="0.002" /><testcase classname="tests.core.parsers.test_ir_interpreter.TestIRInterpreterParity" name="test_parity_conditional_forking" time="0.005" /><testcase classname="tests.core.parsers.test_ir_interpreter.TestIRInterpreterParity" name="test_parity_augmented_assignment" time="0.001" /><testcase classname="tests.core.parsers.test_ir_interpreter.TestLanguageSemantics" name="test_python_semantics_arithmetic" time="0.002" /><testcase classname="tests.core.parsers.test_ir_interpreter.TestLanguageSemantics" name="test_python_semantics_comparison" time="0.002" /><testcase classname="tests.core.parsers.test_ir_interpreter.TestLanguageSemantics" name="test_python_to_bool" time="0.002" /><testcase classname="tests.core.parsers.test_ir_interpreter.TestIRNodeVisitor" name="test_visitor_dispatch" time="0.001" /><testcase classname="tests.core.parsers.test_ir_interpreter.TestIRNodeVisitor" name="test_generic_visit_fallback" time="0.001" /><testcase classname="tests.core.parsers.test_ir_interpreter.TestJavaScriptSemantics" name="test_js_semantics_name" time="0.001" /><testcase classname="tests.core.parsers.test_ir_interpreter.TestJavaScriptSemantics" name="test_js_binary_add_arithmetic" time="0.001" /><testcase classname="tests.core.parsers.test_ir_interpreter.TestJavaScriptSemantics" name="test_js_binary_add_non_arith" time="0.001" /><testcase classname="tests.core.parsers.test_ir_interpreter.TestJavaScriptSemantics" name="test_js_binary_sub_arithmetic" time="0.001" /><testcase classname="tests.core.parsers.test_ir_interpreter.TestJavaScriptSemantics" name="test_js_binary_sub_non_arith" time="0.001" /><testcase classname="tests.core.parsers.test_ir_interpreter.TestJavaScriptSemantics" name="test_js_binary_mul_arithmetic" time="0.001" /><testcase classname="tests.core.parsers.test_ir_interpreter.TestJavaScriptSemantics" name="test_js_binary_mul_non_arith" time="0.001" /><testcase classname="tests.core.parsers.test_ir_interpreter.TestJavaScriptSemantics" name="test_js_binary_div_arithmetic" time="0.001" /><testcase classname="tests.core.parsers.test_ir_interpreter.TestJavaScriptSemantics" name="test_js_binary_div_non_arith" time="0.001" /><testcase classname="tests.core.parsers.test_ir_interpreter.TestJavaScriptSemantics" name="test_js_binary_mod_arithmetic" time="0.001" /><testcase classname="tests.core.parsers.test_ir_interpreter.TestJavaScriptSemantics" name="test_js_binary_mod_non_arith" time="0.001" /><testcase classname="tests.core.parsers.test_ir_interpreter.TestJavaScriptSemantics" name="test_js_compare_eq" time="0.001" /><testcase classname="tests.core.parsers.test_ir_interpreter.TestJavaScriptSemantics" name="test_js_compare_ne" time="0.001" /><testcase classname="tests.core.parsers.test_ir_interpreter.TestJavaScriptSemantics" name="test_js_compare_lt_arithmetic" time="0.001" /><testcase classname="tests.core.parsers.test_ir_interpreter.TestJavaScriptSemantics" name="test_js_compare_lt_non_arith" time="0.001" /><testcase classname="tests.core.parsers.test_ir_interpreter.TestJavaScriptSemantics" name="test_js_compare_le_arithmetic" time="0.001" /><testcase classname="tests.core.parsers.test_ir_interpreter.TestJavaScriptSemantics" name="test_js_compare_le_non_arith" time="0.001" /><testcase classname="tests.core.parsers.test_ir_interpreter.TestJavaScriptSemantics" name="test_js_compare_gt_arithmetic" time="0.001" /><testcase classname="tests.core.parsers.test_ir_interpreter.TestJavaScriptSemantics" name="test_js_compare_gt_non_arith" time="0.001" /><testcase classname="tests.core.parsers.test_ir_interpreter.TestJavaScriptSemantics" name="test_js_compare_ge_arithmetic" time="0.001" /><testcase classname="tests.core.parsers.test_ir_interpreter.TestJavaScriptSemantics" name="test_js_compare_ge_non_arith" time="0.001" /><testcase classname="tests.core.parsers.test_ir_interpreter.TestJavaScriptSemantics" name="test_js_unary_neg_arithmetic" time="0.001" /><testcase classname="tests.core.parsers.test_ir_interpreter.TestJavaScriptSemantics" name="test_js_unary_neg_non_arith" time="0.001" /><testcase classname="tests.core.parsers.test_ir_interpreter.TestJavaScriptSemantics" name="test_js_unary_not" time="0.002" /><testcase classname="tests.core.parsers.test_ir_interpreter.TestJavaScriptSemantics" name="test_js_unary_not_bool" time="0.001" /><testcase classname="tests.core.parsers.test_ir_interpreter.TestJavaScriptSemantics" name="test_js_to_bool_boolref" time="0.001" /><testcase classname="tests.core.parsers.test_ir_interpreter.TestJavaScriptSemantics" name="test_js_to_bool_arithref" time="0.001" /><testcase classname="tests.core.parsers.test_ir_interpreter.TestJavaScriptSemantics" name="test_js_to_bool_unsupported" time="0.001" /><testcase classname="tests.core.parsers.test_ir_interpreter.TestIRInterpreterControlFlow" name="test_execute_for_loop" time="0.002" /><testcase classname="tests.core.parsers.test_ir_interpreter.TestIRInterpreterControlFlow" name="test_while_loop_with_else" time="0.006" /><testcase classname="tests.core.parsers.test_ir_interpreter.TestIRInterpreterControlFlow" name="test_if_with_unevaluable_condition" time="0.001" /><testcase classname="tests.core.parsers.test_ir_interpreter.TestIRInterpreterControlFlow" name="test_execute_pass_statement" time="0.002" /><testcase classname="tests.core.parsers.test_ir_interpreter.TestIRInterpreterControlFlow" name="test_execute_function_def_skipped" time="0.002" /><testcase classname="tests.core.parsers.test_ir_interpreter.TestIRInterpreterControlFlow" name="test_execute_return_statement" time="0.002" /><testcase classname="tests.core.parsers.test_ir_interpreter.TestIRInterpreterControlFlow" name="test_augmented_assignment_operators" time="0.002" /><testcase classname="tests.core.parsers.test_ir_interpreter.TestIRInterpreterControlFlow" name="test_augmented_assignment_div" time="0.001" /><testcase classname="tests.core.parsers.test_ir_interpreter.TestIRInterpreterControlFlow" name="test_augmented_assignment_mod" time="0.001" /><testcase classname="tests.core.parsers.test_ir_interpreter.TestIRInterpreterExpressions" name="test_eval_constant_bool" time="0.001" /><testcase classname="tests.core.parsers.test_ir_interpreter.TestIRInterpreterExpressions" name="test_eval_constant_none" time="0.001" /><testcase classname="tests.core.parsers.test_ir_interpreter.TestIRInterpreterExpressions" name="test_eval_comparison_chain" time="0.001" /><testcase classname="tests.core.parsers.test_ir_interpreter.TestIRInterpreterExpressions" name="test_eval_comparison_operators" time="0.002" /><testcase classname="tests.core.parsers.test_ir_interpreter.TestIRInterpreterExpressions" name="test_eval_binary_mod" time="0.001" /><testcase classname="tests.core.parsers.test_ir_interpreter.TestIRInterpreterExpressions" name="test_eval_binary_floor_div" time="0.001" /><testcase classname="tests.core.parsers.test_ir_interpreter.TestIRInterpreterExpressions" name="test_eval_bool_op_or" time="0.001" /><testcase classname="tests.core.parsers.test_ir_interpreter.TestIRInterpreterExpressions" name="test_eval_bool_op_and" time="0.002" /><testcase classname="tests.core.parsers.test_ir_interpreter.TestIRInterpreterExpressions" name="test_eval_unary_neg" time="0.001" /><testcase classname="tests.core.parsers.test_ir_interpreter.TestIRInterpreterExpressions" name="test_eval_unary_not" time="0.002" /><testcase classname="tests.core.parsers.test_ir_interpreter.TestIRInterpreterSymbolicCalls" name="test_symbolic_call_int" time="0.001" /><testcase classname="tests.core.parsers.test_ir_interpreter.TestIRInterpreterSymbolicCalls" name="test_symbolic_call_bool" time="0.001" /><testcase classname="tests.core.parsers.test_ir_interpreter.TestIRInterpreterSymbolicCalls" name="test_symbolic_call_insufficient_args" time="0.001" /><testcase classname="tests.core.parsers.test_ir_interpreter.TestIRInterpreterSymbolicCalls" name="test_non_symbolic_call_returns_none" time="0.001" /><testcase classname="tests.core.parsers.test_ir_interpreter.TestIRInterpreterPathPruning" name="test_infeasible_true_branch" time="0.003" /><testcase classname="tests.core.parsers.test_ir_interpreter.TestIRInterpreterPathPruning" name="test_infeasible_false_branch" time="0.002" /><testcase classname="tests.core.parsers.test_ir_interpreter.TestIRInterpreterPathPruning" name="test_both_branches_infeasible" time="0.016" /><testcase classname="tests.core.parsers.test_ir_interpreter.TestIRInterpreterPathPruning" name="test_while_loop_early_exit" time="0.007" /><testcase classname="tests.core.parsers.test_ir_interpreter.TestIRExecutionResult" name="test_execution_result_defaults" time="0.001" /><testcase classname="tests.core.parsers.test_ir_interpreter.TestIRExecutionResult" name="test_execution_result_custom_values" time="0.001" /><testcase classname="tests.core.parsers.test_ir_interpreter.TestLanguageSemanticsAbstract" name="test_abstract_methods_exist" time="0.001" /><testcase classname="tests.core.parsers.test_ir_interpreter.TestPythonSemanticsComplete" name="test_python_semantics_name" time="0.001" /><testcase classname="tests.core.parsers.test_ir_interpreter.TestPythonSemanticsComplete" name="test_python_binary_div" time="0.001" /><testcase classname="tests.core.parsers.test_ir_interpreter.TestPythonSemanticsComplete" name="test_python_binary_mod" time="0.001" /><testcase classname="tests.core.parsers.test_ir_interpreter.TestPythonSemanticsComplete" name="test_python_compare_le" time="0.002" /><testcase classname="tests.core.parsers.test_ir_interpreter.TestPythonSemanticsComplete" name="test_python_compare_ge" time="0.002" /><testcase classname="tests.core.parsers.test_ir_interpreter.TestPythonSemanticsComplete" name="test_python_compare_ne" time="0.001" /><testcase classname="tests.core.parsers.test_ir_interpreter.TestPythonSemanticsComplete" name="test_python_unary_neg" time="0.001" /><testcase classname="tests.core.parsers.test_ir_interpreter.TestPythonSemanticsComplete" name="test_python_unary_not_int" time="0.002" /><testcase classname="tests.core.parsers.test_ir_interpreter.TestPythonSemanticsComplete" name="test_python_unary_not_bool" time="0.001" /><testcase classname="tests.core.parsers.test_ir_interpreter.TestGetSemantics" name="test_get_semantics_python_aliases" time="0.001" /><testcase classname="tests.core.parsers.test_ir_interpreter.TestGetSemantics" name="test_get_semantics_javascript_aliases" time="0.001" /><testcase classname="tests.core.parsers.test_ir_interpreter.TestGetSemantics" name="test_get_semantics_unknown_defaults_python" time="0.001" /><testcase classname="tests.core.parsers.test_ir_interpreter.TestIRInterpreterEdgeCases" name="test_execute_expr_statement" time="0.002" /><testcase classname="tests.core.parsers.test_ir_interpreter.TestIRInterpreterEdgeCases" name="test_execute_class_def_skipped" time="0.001" /><testcase classname="tests.core.parsers.test_ir_interpreter.TestIRInterpreterEdgeCases" name="test_execute_break_continue" time="0.013" /><testcase classname="tests.core.parsers.test_ir_interpreter.TestIRInterpreterEdgeCases" name="test_execute_unknown_statement_type" time="0.002" /><testcase classname="tests.core.parsers.test_ir_interpreter.TestIRInterpreterEdgeCases" name="test_eval_unknown_expression_type" time="0.002" /><testcase classname="tests.core.parsers.test_ir_interpreter.TestIRInterpreterEdgeCases" name="test_eval_constant_unsupported_type" time="0.001" /><testcase classname="tests.core.parsers.test_ir_interpreter.TestIRInterpreterEdgeCases" name="test_eval_binary_op_unsupported_operator" time="0.001" /><testcase classname="tests.core.parsers.test_ir_interpreter.TestIRInterpreterEdgeCases" name="test_eval_unary_op_unsupported_operator" time="0.001" /><testcase classname="tests.core.parsers.test_ir_interpreter.TestIRInterpreterEdgeCases" name="test_eval_compare_unsupported_operator" time="0.002" /><testcase classname="tests.core.parsers.test_ir_interpreter.TestIRInterpreterEdgeCases" name="test_eval_bool_op_empty_values" time="0.002" /><testcase classname="tests.core.parsers.test_ir_interpreter.TestIRInterpreterEdgeCases" name="test_symbolic_call_non_string_name" time="0.001" /><testcase classname="tests.core.parsers.test_ir_interpreter.TestIRInterpreterEdgeCases" name="test_symbolic_call_unknown_type" time="0.002" /><testcase classname="tests.core.parsers.test_ir_interpreter.TestIRInterpreterEdgeCases" name="test_assign_to_non_name_target" time="0.002" /><testcase classname="tests.core.parsers.test_ir_interpreter.TestIRInterpreterEdgeCases" name="test_aug_assign_to_non_name" time="0.001" /><testcase classname="tests.core.parsers.test_ir_interpreter.TestIRInterpreterEdgeCases" name="test_aug_assign_unknown_operator" time="0.001" /><testcase classname="tests.core.parsers.test_ir_interpreter.TestIRInterpreterEdgeCases" name="test_while_unevaluable_condition" time="0.001" /><testcase classname="tests.core.parsers.test_ir_interpreter.TestIRInterpreterEdgeCases" name="test_for_loop_non_name_target" time="0.001" /><testcase classname="tests.core.parsers.test_ir_interpreter.TestIRInterpreterEdgeCases" name="test_compare_with_none_left" time="0.001" /><testcase classname="tests.core.parsers.test_ir_interpreter.TestIRInterpreterEdgeCases" name="test_python_add_non_arith" time="0.001" /><testcase classname="tests.core.parsers.test_ir_interpreter.TestIRInterpreterEdgeCases" name="test_python_sub_non_arith" time="0.002" /><testcase classname="tests.core.parsers.test_ir_interpreter.TestIRInterpreterEdgeCases" name="test_python_mul_non_arith" time="0.001" /><testcase classname="tests.core.parsers.test_ir_interpreter.TestIRInterpreterEdgeCases" name="test_python_div_non_arith" time="0.001" /><testcase classname="tests.core.parsers.test_ir_interpreter.TestIRInterpreterEdgeCases" name="test_python_mod_non_arith" time="0.001" /><testcase classname="tests.core.parsers.test_ir_interpreter.TestIRInterpreterEdgeCases" name="test_python_compare_lt_non_arith" time="0.001" /><testcase classname="tests.core.parsers.test_ir_interpreter.TestIRInterpreterEdgeCases" name="test_python_compare_le_non_arith" time="0.001" /><testcase classname="tests.core.parsers.test_ir_interpreter.TestIRInterpreterEdgeCases" name="test_python_compare_gt_non_arith" time="0.001" /><testcase classname="tests.core.parsers.test_ir_interpreter.TestIRInterpreterEdgeCases" name="test_python_compare_ge_non_arith" time="0.001" /><testcase classname="tests.core.parsers.test_ir_interpreter.TestIRInterpreterEdgeCases" name="test_python_unary_neg_non_arith" time="0.001" /><testcase classname="tests.core.parsers.test_ir_interpreter.TestIRInterpreterEdgeCases" name="test_python_to_bool_unsupported_type" time="0.001" /><testcase classname="tests.core.parsers.test_ir_interpreter.TestIRInterpreterEdgeCases" name="test_chained_comparison_multiple_ops" time="0.002" /><testcase classname="tests.core.parsers.test_ir_interpreter.TestIRInterpreterEdgeCases" name="test_assignment_creates_placeholder_for_unknown" time="0.001" /><testcase classname="tests.core.parsers.test_ir_interpreter.TestIRInterpreterEdgeCases" name="test_python_unary_not_with_unsupported_type" time="0.001" /><testcase classname="tests.core.parsers.test_ir_interpreter.TestIRInterpreterEdgeCases" name="test_js_unary_not_with_unsupported_type" time="0.001" /><testcase classname="tests.core.parsers.test_ir_interpreter.TestIRInterpreterEdgeCases" name="test_while_loop_body_produces_empty_states" time="0.005" /><testcase classname="tests.core.parsers.test_ir_interpreter.TestIRInterpreterEdgeCases" name="test_for_loop_body_produces_empty_states" time="0.002" /><testcase classname="tests.core.parsers.test_ir_interpreter.TestIRInterpreterEdgeCases" name="test_while_loop_max_iterations_hit" time="0.004" /><testcase classname="tests.core.parsers.test_ir_interpreter.TestIRInterpreterEdgeCases" name="test_bool_op_with_none_value_in_chain" time="0.001" /><testcase classname="tests.core.parsers.test_ir_interpreter.TestIRInterpreterEdgeCases" name="test_compare_chain_with_none_comparator" time="0.001" /><testcase classname="tests.core.parsers.test_ir_normalizers_init_extra" name="test_normalizers_without_javascript" time="0.018" /><testcase classname="tests.core.parsers.test_ir_normalizers_init_extra" name="test_normalizers_with_javascript" time="0.024" /><testcase classname="tests.core.parsers.test_java_normalizer.TestJavaNormalizer" name="test_binary_operators_mapping" time="0.005" /><testcase classname="tests.core.parsers.test_java_normalizer.TestJavaNormalizer" name="test_visit_binary_expression" time="0.002" /><testcase classname="tests.core.parsers.test_java_normalizer.TestJavaNormalizer" name="test_visit_class_declaration" time="0.004" /><testcase classname="tests.core.parsers.test_java_normalizer.TestJavaNormalizer" name="test_visit_decimal_integer_literal" time="0.001" /><testcase classname="tests.core.parsers.test_java_normalizer.TestJavaNormalizer" name="test_visit_false" time="0.001" /><testcase classname="tests.core.parsers.test_java_normalizer.TestJavaNormalizer" name="test_visit_identifier" time="0.002" /><testcase classname="tests.core.parsers.test_java_normalizer.TestJavaNormalizer" name="test_visit_if_statement" time="0.003" /><testcase classname="tests.core.parsers.test_java_normalizer.TestJavaNormalizer" name="test_visit_method_invocation" time="0.003" /><testcase classname="tests.core.parsers.test_java_normalizer.TestJavaNormalizer" name="test_visit_return_statement" time="0.002" /><testcase classname="tests.core.parsers.test_java_normalizer.TestJavaNormalizer" name="test_visit_string_literal" time="0.002" /><testcase classname="tests.core.parsers.test_java_normalizer.TestJavaNormalizer" name="test_visit_true" time="0.002" /><testcase classname="tests.core.parsers.test_java_normalizer.TestJavaNormalizer" name="test_visit_variable_declarator" time="0.002" /><testcase classname="tests.core.parsers.test_java_normalizer.TestJavaNormalizer" name="test_visit_while_statement" time="0.002" /><testcase classname="tests.core.parsers.test_java_normalizer.TestJavaNormalizer" name="test_visitor_structure" time="0.003" /><testcase classname="tests.core.parsers.test_java_normalizer.TestJavaNormalizerIntegration" name="test_class_extends_implements_and_nested_with_generics" time="0.004" /><testcase classname="tests.core.parsers.test_java_normalizer.TestJavaNormalizerIntegration" name="test_method_and_parameter_annotations_preserved" time="0.001" /><testcase classname="tests.core.parsers.test_java_security_sinks" name="test_spring_jpa_oauth_saml_sinks_present[entityManager.createNamedQuery-SecuritySink.SQL_QUERY]" time="0.001" /><testcase classname="tests.core.parsers.test_java_security_sinks" name="test_spring_jpa_oauth_saml_sinks_present[entityManager.createStoredProcedureQuery-SecuritySink.SQL_QUERY]" time="0.001" /><testcase classname="tests.core.parsers.test_java_security_sinks" name="test_spring_jpa_oauth_saml_sinks_present[Query.setParameter-SecuritySink.SQL_QUERY]" time="0.001" /><testcase classname="tests.core.parsers.test_java_security_sinks" name="test_spring_jpa_oauth_saml_sinks_present[TypedQuery.setParameter-SecuritySink.SQL_QUERY]" time="0.001" /><testcase classname="tests.core.parsers.test_java_security_sinks" name="test_spring_jpa_oauth_saml_sinks_present[JpaRepository.deleteBy-SecuritySink.SQL_QUERY]" time="0.001" /><testcase classname="tests.core.parsers.test_java_security_sinks" name="test_spring_jpa_oauth_saml_sinks_present[JdbcTemplate.batchUpdate-SecuritySink.SQL_QUERY]" time="0.001" /><testcase classname="tests.core.parsers.test_java_security_sinks" name="test_spring_jpa_oauth_saml_sinks_present[LdapTemplate.authenticate-SecuritySink.SQL_QUERY]" time="0.001" /><testcase classname="tests.core.parsers.test_java_security_sinks" name="test_spring_jpa_oauth_saml_sinks_present[BindAuthenticator.authenticate-SecuritySink.SQL_QUERY]" time="0.001" /><testcase classname="tests.core.parsers.test_java_security_sinks" name="test_spring_jpa_oauth_saml_sinks_present[JwtDecoder.decode-SecuritySink.SSTI]" time="0.001" /><testcase classname="tests.core.parsers.test_java_security_sinks" name="test_spring_jpa_oauth_saml_sinks_present[JwtEncoder.encode-SecuritySink.SSTI]" time="0.001" /><testcase classname="tests.core.parsers.test_java_security_sinks" name="test_spring_jpa_oauth_saml_sinks_present[Saml2AuthenticationRequestFactory.createAuthenticationRequest-SecuritySink.SSTI]" time="0.001" /><testcase classname="tests.core.parsers.test_java_security_sinks" name="test_spring_jpa_oauth_saml_sinks_present[Saml2AuthenticationRequestContext-SecuritySink.SSTI]" time="0.001" /><testcase classname="tests.core.parsers.test_java_security_sinks" name="test_spring_jpa_taint_flow_detected[entityManager.createNamedQuery(f&quot;SELECT * FROM users WHERE name = {user}&quot;)-6]" time="0.056" /><testcase classname="tests.core.parsers.test_java_security_sinks" name="test_spring_jpa_taint_flow_detected[JdbcTemplate.batchUpdate(f&quot;DELETE FROM users WHERE name = {user}&quot;)-6]" time="0.059" /><testcase classname="tests.core.parsers.test_javascript_normalizer.TestBasicNormalization" name="test_simple_function" time="0.003" /><testcase classname="tests.core.parsers.test_javascript_normalizer.TestBasicNormalization" name="test_arrow_function" time="0.002" /><testcase classname="tests.core.parsers.test_javascript_normalizer.TestBasicNormalization" name="test_variable_declaration_const" time="0.001" /><testcase classname="tests.core.parsers.test_javascript_normalizer.TestBasicNormalization" name="test_variable_declaration_let" time="0.002" /><testcase classname="tests.core.parsers.test_javascript_normalizer.TestBasicNormalization" name="test_variable_declaration_var" time="0.001" /><testcase classname="tests.core.parsers.test_javascript_normalizer.TestExpressions" name="test_binary_expression_arithmetic" time="0.001" /><testcase classname="tests.core.parsers.test_javascript_normalizer.TestExpressions" name="test_binary_expression_comparison" time="0.001" /><testcase classname="tests.core.parsers.test_javascript_normalizer.TestExpressions" name="test_unary_expression" time="0.001" /><testcase classname="tests.core.parsers.test_javascript_normalizer.TestExpressions" name="test_logical_expression_and" time="0.001" /><testcase classname="tests.core.parsers.test_javascript_normalizer.TestExpressions" name="test_logical_expression_or" time="0.001" /><testcase classname="tests.core.parsers.test_javascript_normalizer.TestExpressions" name="test_call_expression" time="0.001" /><testcase classname="tests.core.parsers.test_javascript_normalizer.TestExpressions" name="test_member_expression" time="0.001" /><testcase classname="tests.core.parsers.test_javascript_normalizer.TestControlFlow" name="test_if_statement_simple" time="0.002" /><testcase classname="tests.core.parsers.test_javascript_normalizer.TestControlFlow" name="test_while_loop" time="0.001" /><testcase classname="tests.core.parsers.test_javascript_normalizer.TestControlFlow" name="test_return_statement" time="0.001" /><testcase classname="tests.core.parsers.test_javascript_normalizer.TestClasses" name="test_simple_class" time="0.001" /><testcase classname="tests.core.parsers.test_javascript_normalizer.TestClasses" name="test_class_with_constructor" time="0.001" /><testcase classname="tests.core.parsers.test_javascript_normalizer.TestAugmentedAssignment" name="test_increment" time="0.001" /><testcase classname="tests.core.parsers.test_javascript_normalizer.TestAugmentedAssignment" name="test_decrement" time="0.001" /><testcase classname="tests.core.parsers.test_javascript_normalizer.TestAugmentedAssignment" name="test_plus_equals" time="0.001" /><testcase classname="tests.core.parsers.test_javascript_normalizer.TestConstants" name="test_number_integer" time="0.001" /><testcase classname="tests.core.parsers.test_javascript_normalizer.TestConstants" name="test_number_float" time="0.001" /><testcase classname="tests.core.parsers.test_javascript_normalizer.TestConstants" name="test_string_single_quotes" time="0.001" /><testcase classname="tests.core.parsers.test_javascript_normalizer.TestConstants" name="test_string_double_quotes" time="0.001" /><testcase classname="tests.core.parsers.test_javascript_normalizer.TestConstants" name="test_boolean_true" time="0.001" /><testcase classname="tests.core.parsers.test_javascript_normalizer.TestConstants" name="test_boolean_false" time="0.001" /><testcase classname="tests.core.parsers.test_javascript_normalizer.TestConstants" name="test_null" time="0.002" /><testcase classname="tests.core.parsers.test_javascript_normalizer.TestConstants" name="test_undefined" time="0.001" /><testcase classname="tests.core.parsers.test_javascript_normalizer.TestSourceLanguageMarking" name="test_module_has_language" time="0.001" /><testcase classname="tests.core.parsers.test_javascript_normalizer.TestSourceLanguageMarking" name="test_function_has_language" time="0.001" /><testcase classname="tests.core.parsers.test_javascript_normalizer.TestSourceLanguageMarking" name="test_class_has_language" time="0.001" /><testcase classname="tests.core.parsers.test_javascript_normalizer.TestSourceLocations" name="test_function_location" time="0.001" /><testcase classname="tests.core.parsers.test_javascript_normalizer.TestSourceLocations" name="test_multiline_locations" time="0.001" /><testcase classname="tests.core.parsers.test_javascript_normalizer_helpers" name="test_binary_and_unary_expressions_cover_unknown_and_default_ops" time="0.001" /><testcase classname="tests.core.parsers.test_javascript_normalizer_helpers" name="test_update_and_augmented_assignments_cover_op_selection" time="0.001" /><testcase classname="tests.core.parsers.test_javascript_normalizer_helpers" name="test_member_and_subscript_expressions" time="0.001" /><testcase classname="tests.core.parsers.test_javascript_normalizer_helpers" name="test_literals_and_objects" time="0.001" /><testcase classname="tests.core.parsers.test_javascript_normalizer_helpers" name="test_class_and_method_definitions" time="0.001" /><testcase classname="tests.core.parsers.test_javascript_normalizer_helpers" name="test_try_and_throw_emit_warnings" time="0.001" /><testcase classname="tests.core.parsers.test_javascript_normalizer_helpers" name="test_helper_methods_cover_noise_and_location_logic" time="0.001" /><testcase classname="tests.core.parsers.test_javascript_normalizer_helpers" name="test_normalize_node_warns_on_unknown_node" time="0.001" /><testcase classname="tests.core.parsers.test_javascript_normalizer_helpers" name="test_normalize_body_flattens_lists" time="0.001" /><testcase classname="tests.core.parsers.test_javascript_normalizer_helpers" name="test_get_named_children_filters_anon" time="0.001" /><testcase classname="tests.core.parsers.test_javascript_normalizer_stubbed" name="test_normalize_reports_syntax_error_when_root_has_error" time="0.001" /><testcase classname="tests.core.parsers.test_javascript_normalizer_stubbed" name="test_normalize_node_skips_noise_and_warns_unknown" time="0.001" /><testcase classname="tests.core.parsers.test_jsx_tsx_extraction.TestJSXExtractionBasic" name="test_extract_functional_component" time="0.040" /><testcase classname="tests.core.parsers.test_jsx_tsx_extraction.TestJSXExtractionBasic" name="test_extract_tsx_component" time="0.074" /><testcase classname="tests.core.parsers.test_jsx_tsx_extraction.TestJSXExtractionBasic" name="test_extract_class_component" time="0.038" /><testcase classname="tests.core.parsers.test_jsx_tsx_extraction.TestServerComponentDetection" name="test_detect_server_component" time="0.040" /><testcase classname="tests.core.parsers.test_jsx_tsx_extraction.TestServerComponentDetection" name="test_non_server_component" time="0.039" /><testcase classname="tests.core.parsers.test_jsx_tsx_extraction.TestServerActionDetection" name="test_detect_server_action" time="0.043" /><testcase classname="tests.core.parsers.test_jsx_tsx_extraction.TestServerActionDetection" name="test_server_action_with_double_quotes" time="0.041" /><testcase classname="tests.core.parsers.test_jsx_tsx_extraction.TestServerActionDetection" name="test_non_server_action" time="0.037" /><testcase classname="tests.core.parsers.test_jsx_tsx_extraction.TestJSXNormalization" name="test_jsx_detected_and_normalized" time="0.039" /><testcase classname="tests.core.parsers.test_jsx_tsx_extraction.TestJSXNormalization" name="test_non_jsx_not_normalized" time="0.039" /><testcase classname="tests.core.parsers.test_parallel_parser" name="test_parallel_parser_uses_cache_and_parses_misses" time="0.030" /><testcase classname="tests.core.parsers.test_parallel_parser" name="test_parallel_parser_collects_errors" time="0.030" /><testcase classname="tests.core.parsers.test_parallel_parser" name="test_parallel_parser_handles_unpicklable_callable" time="0.024" /><testcase classname="tests.core.parsers.test_parser_factory.TestParserFactory" name="test_detect_language" time="0.001" /><testcase classname="tests.core.parsers.test_parser_factory.TestParserFactory" name="test_get_python_parser" time="0.001" /><testcase classname="tests.core.parsers.test_parser_factory.TestParserFactory" name="test_get_unsupported_parser" time="0.002" /><testcase classname="tests.core.parsers.test_parser_factory.TestPythonParser" name="test_parse_valid_code" time="0.001" /><testcase classname="tests.core.parsers.test_parser_factory.TestPythonParser" name="test_parse_syntax_error" time="0.001" /><testcase classname="tests.core.parsers.test_parser_factory.TestPythonParser" name="test_get_functions" time="0.002" /><testcase classname="tests.core.parsers.test_polyglot_edge_cases.TestPythonEdgeCases" name="test_walrus_operator" time="0.035" /><testcase classname="tests.core.parsers.test_polyglot_edge_cases.TestPythonEdgeCases" name="test_match_statement" time="0.035" /><testcase classname="tests.core.parsers.test_polyglot_edge_cases.TestPythonEdgeCases" name="test_positional_only_params" time="0.036" /><testcase classname="tests.core.parsers.test_polyglot_edge_cases.TestPythonEdgeCases" name="test_keyword_only_params" time="0.035" /><testcase classname="tests.core.parsers.test_polyglot_edge_cases.TestPythonEdgeCases" name="test_all_param_types" time="0.040" /><testcase classname="tests.core.parsers.test_polyglot_edge_cases.TestPythonEdgeCases" name="test_nested_f_strings" time="0.036" /><testcase classname="tests.core.parsers.test_polyglot_edge_cases.TestPythonEdgeCases" name="test_async_generator" time="0.034" /><testcase classname="tests.core.parsers.test_polyglot_edge_cases.TestPythonEdgeCases" name="test_dataclass_with_field" time="0.038" /><testcase classname="tests.core.parsers.test_polyglot_edge_cases.TestTypeScriptEdgeCases" name="test_conditional_types" time="0.039" /><testcase classname="tests.core.parsers.test_polyglot_edge_cases.TestTypeScriptEdgeCases" name="test_mapped_types" time="0.041" /><testcase classname="tests.core.parsers.test_polyglot_edge_cases.TestTypeScriptEdgeCases" name="test_template_literal_types" time="0.039" /><testcase classname="tests.core.parsers.test_polyglot_edge_cases.TestTypeScriptEdgeCases" name="test_infer_keyword" time="0.039" /><testcase classname="tests.core.parsers.test_polyglot_edge_cases.TestTypeScriptEdgeCases" name="test_satisfies_operator" time="0.040" /><testcase classname="tests.core.parsers.test_polyglot_edge_cases.TestTypeScriptEdgeCases" name="test_decorator_factory" time="0.041" /><testcase classname="tests.core.parsers.test_polyglot_edge_cases.TestJavaEdgeCases" name="test_record_class" time="0.045" /><testcase classname="tests.core.parsers.test_polyglot_edge_cases.TestJavaEdgeCases" name="test_sealed_class" time="0.045" /><testcase classname="tests.core.parsers.test_polyglot_edge_cases.TestJavaEdgeCases" name="test_pattern_matching_switch" time="0.043" /><testcase classname="tests.core.parsers.test_polyglot_edge_cases.TestJavaEdgeCases" name="test_var_keyword" time="0.048" /><testcase classname="tests.core.parsers.test_polyglot_edge_cases.TestJavaEdgeCases" name="test_text_blocks" time="0.045" /><testcase classname="tests.core.parsers.test_polyglot_edge_cases.TestJSXEdgeCases" name="test_fragments" time="0.044" /><testcase classname="tests.core.parsers.test_polyglot_edge_cases.TestJSXEdgeCases" name="test_spread_props" time="0.042" /><testcase classname="tests.core.parsers.test_polyglot_edge_cases.TestJSXEdgeCases" name="test_render_props" time="0.043" /><testcase classname="tests.core.parsers.test_polyglot_edge_cases.TestJSXEdgeCases" name="test_conditional_rendering" time="0.043" /><testcase classname="tests.core.parsers.test_polyglot_edge_cases.TestTSXEdgeCases" name="test_generic_component" time="0.043" /><testcase classname="tests.core.parsers.test_polyglot_edge_cases.TestTSXEdgeCases" name="test_forward_ref" time="0.023" /><testcase classname="tests.core.parsers.test_polyglot_edge_cases.TestTSXEdgeCases" name="test_context_with_types" time="0.043" /><testcase classname="tests.core.parsers.test_polyglot_extractor.TestLanguageDetection" name="test_python_extensions" time="0.001" /><testcase classname="tests.core.parsers.test_polyglot_extractor.TestLanguageDetection" name="test_javascript_extensions" time="0.001" /><testcase classname="tests.core.parsers.test_polyglot_extractor.TestLanguageDetection" name="test_typescript_extensions" time="0.001" /><testcase classname="tests.core.parsers.test_polyglot_extractor.TestLanguageDetection" name="test_java_extensions" time="0.001" /><testcase classname="tests.core.parsers.test_polyglot_extractor.TestLanguageDetection" name="test_content_detection_python" time="0.001" /><testcase classname="tests.core.parsers.test_polyglot_extractor.TestLanguageDetection" name="test_content_detection_java" time="0.001" /><testcase classname="tests.core.parsers.test_polyglot_extractor.TestLanguageDetection" name="test_content_detection_typescript" time="0.001" /><testcase classname="tests.core.parsers.test_polyglot_extractor.TestJavaExtraction" name="test_extract_java_class" time="0.002" /><testcase classname="tests.core.parsers.test_polyglot_extractor.TestJavaExtraction" name="test_extract_java_method" time="0.002" /><testcase classname="tests.core.parsers.test_polyglot_extractor.TestJavaExtraction" name="test_extract_java_method_multiply" time="0.002" /><testcase classname="tests.core.parsers.test_polyglot_extractor.TestJavaExtraction" name="test_extract_nonexistent_java_method" time="0.001" /><testcase classname="tests.core.parsers.test_polyglot_extractor.TestJavaScriptExtraction" name="test_extract_js_function" time="0.002" /><testcase classname="tests.core.parsers.test_polyglot_extractor.TestJavaScriptExtraction" name="test_extract_js_async_function" time="0.002" /><testcase classname="tests.core.parsers.test_polyglot_extractor.TestJavaScriptExtraction" name="test_extract_js_class" time="0.002" /><testcase classname="tests.core.parsers.test_polyglot_extractor.TestJavaScriptExtraction" name="test_extract_nonexistent_js_function" time="0.002" /><testcase classname="tests.core.parsers.test_polyglot_extractor.TestExtractFromCode" name="test_auto_detect_python" time="0.004" /><testcase classname="tests.core.parsers.test_polyglot_extractor.TestExtractFromCode" name="test_auto_detect_java" time="0.002" /><testcase classname="tests.core.parsers.test_polyglot_extractor.TestExtractFromCode" name="test_explicit_language" time="0.001" /><testcase classname="tests.core.parsers.test_polyglot_extractor.TestTokenEstimate" name="test_java_token_estimate" time="0.001" /><testcase classname="tests.core.parsers.test_polyglot_extractor.TestExtensionMap" name="test_all_common_extensions_mapped" time="0.001" /><testcase classname="tests.core.parsers.test_project_crawler.TestCodeAnalyzerVisitor" name="test_visit_simple_function" time="0.001" /><testcase classname="tests.core.parsers.test_project_crawler.TestCodeAnalyzerVisitor" name="test_visit_function_with_branches" time="0.001" /><testcase classname="tests.core.parsers.test_project_crawler.TestCodeAnalyzerVisitor" name="test_visit_class_with_methods" time="0.001" /><testcase classname="tests.core.parsers.test_project_crawler.TestCodeAnalyzerVisitor" name="test_visit_imports" time="0.001" /><testcase classname="tests.core.parsers.test_project_crawler.TestCodeAnalyzerVisitor" name="test_complexity_warning_threshold" time="0.002" /><testcase classname="tests.core.parsers.test_project_crawler.TestCodeAnalyzerVisitor" name="test_async_function" time="0.001" /><testcase classname="tests.core.parsers.test_project_crawler.TestCodeAnalyzerVisitor" name="test_class_inheritance" time="0.001" /><testcase classname="tests.core.parsers.test_project_crawler.TestCodeAnalyzerVisitor" name="test_comprehension_complexity" time="0.001" /><testcase classname="tests.core.parsers.test_project_crawler.TestFunctionInfo" name="test_qualified_name_standalone" time="0.001" /><testcase classname="tests.core.parsers.test_project_crawler.TestFunctionInfo" name="test_qualified_name_method" time="0.001" /><testcase classname="tests.core.parsers.test_project_crawler.TestProjectCrawler" name="test_crawl_project_structure" time="0.005" /><testcase classname="tests.core.parsers.test_project_crawler.TestProjectCrawler" name="test_exclude_dirs" time="0.005" /><testcase classname="tests.core.parsers.test_project_crawler.TestProjectCrawler" name="test_custom_exclude_dirs" time="0.004" /><testcase classname="tests.core.parsers.test_project_crawler.TestProjectCrawler" name="test_complexity_warnings" time="0.004" /><testcase classname="tests.core.parsers.test_project_crawler.TestProjectCrawler" name="test_invalid_path_raises" time="0.002" /><testcase classname="tests.core.parsers.test_project_crawler.TestProjectCrawler" name="test_file_not_directory_raises" time="0.003" /><testcase classname="tests.core.parsers.test_project_crawler.TestProjectCrawler" name="test_syntax_error_handling" time="0.004" /><testcase classname="tests.core.parsers.test_project_crawler.TestCrawlResult" name="test_summary_properties" time="0.001" /><testcase classname="tests.core.parsers.test_project_crawler.TestCrawlResult" name="test_summary_dict" time="0.001" /><testcase classname="tests.core.parsers.test_project_crawler.TestReportGeneration" name="test_generate_report" time="0.003" /><testcase classname="tests.core.parsers.test_project_crawler.TestReportGeneration" name="test_report_contains_stats" time="0.003" /><testcase classname="tests.core.parsers.test_project_crawler.TestReportGeneration" name="test_report_output_to_file" time="0.003" /><testcase classname="tests.core.parsers.test_project_crawler.TestToDictConversion" name="test_to_dict_structure" time="0.002" /><testcase classname="tests.core.parsers.test_project_crawler.TestToDictConversion" name="test_to_dict_serializable" time="0.003" /><testcase classname="tests.core.parsers.test_project_crawler.TestConvenienceFunction" name="test_crawl_project_function" time="0.003" /><testcase classname="tests.core.parsers.test_project_crawler.TestConvenienceFunction" name="test_crawl_project_with_options" time="0.002" /><testcase classname="tests.core.parsers.test_project_crawler.TestEdgeCases" name="test_empty_directory" time="0.002" /><testcase classname="tests.core.parsers.test_project_crawler.TestEdgeCases" name="test_only_excluded_dirs" time="0.003" /><testcase classname="tests.core.parsers.test_project_crawler.TestEdgeCases" name="test_unicode_content" time="0.002" /><testcase classname="tests.core.parsers.test_project_crawler.TestEdgeCases" name="test_nested_classes" time="0.002" /><testcase classname="tests.core.parsers.test_project_crawler.TestEdgeCases" name="test_lambda_functions" time="0.003" /><testcase classname="tests.core.parsers.test_python_parser_additional" name="test_parse_reports_syntax_error_details" time="0.001" /><testcase classname="tests.core.parsers.test_python_parser_additional" name="test_get_functions_and_classes_guard_invalid_ast" time="0.001" /><testcase classname="tests.core.parsers.test_python_parser_additional" name="test_complexity_counts_control_and_bool_ops" time="0.001" /><testcase classname="tests.core.parsers.test_schema_drift_detector.TestProtobufParser" name="test_parse_syntax" time="0.002" /><testcase classname="tests.core.parsers.test_schema_drift_detector.TestProtobufParser" name="test_parse_package" time="0.001" /><testcase classname="tests.core.parsers.test_schema_drift_detector.TestProtobufParser" name="test_parse_messages" time="0.001" /><testcase classname="tests.core.parsers.test_schema_drift_detector.TestProtobufParser" name="test_parse_enums" time="0.001" /><testcase classname="tests.core.parsers.test_schema_drift_detector.TestProtobufParser" name="test_parse_services" time="0.002" /><testcase classname="tests.core.parsers.test_schema_drift_detector.TestProtobufParser" name="test_parse_field_labels" time="0.001" /><testcase classname="tests.core.parsers.test_schema_drift_detector.TestSchemaDriftDetectorProtobuf" name="test_detect_breaking_changes" time="0.002" /><testcase classname="tests.core.parsers.test_schema_drift_detector.TestSchemaDriftDetectorProtobuf" name="test_detect_required_field_added" time="0.002" /><testcase classname="tests.core.parsers.test_schema_drift_detector.TestSchemaDriftDetectorProtobuf" name="test_non_breaking_changes_only" time="0.002" /><testcase classname="tests.core.parsers.test_schema_drift_detector.TestSchemaDriftDetectorProtobuf" name="test_no_changes" time="0.002" /><testcase classname="tests.core.parsers.test_schema_drift_detector.TestSchemaDriftDetectorProtobuf" name="test_result_summary" time="0.002" /><testcase classname="tests.core.parsers.test_schema_drift_detector.TestSchemaDriftDetectorJsonSchema" name="test_detect_type_change" time="0.001" /><testcase classname="tests.core.parsers.test_schema_drift_detector.TestSchemaDriftDetectorJsonSchema" name="test_detect_property_removed" time="0.002" /><testcase classname="tests.core.parsers.test_schema_drift_detector.TestSchemaDriftDetectorJsonSchema" name="test_detect_enum_value_removed" time="0.001" /><testcase classname="tests.core.parsers.test_schema_drift_detector.TestSchemaDriftDetectorJsonSchema" name="test_detect_field_made_required" time="0.001" /><testcase classname="tests.core.parsers.test_schema_drift_detector.TestSchemaDriftDetectorJsonSchema" name="test_detect_optional_field_added" time="0.001" /><testcase classname="tests.core.parsers.test_schema_drift_detector.TestSchemaDriftDetectorJsonSchema" name="test_json_string_input" time="0.002" /><testcase classname="tests.core.parsers.test_schema_drift_detector.TestSchemaDriftDetectorJsonSchema" name="test_no_changes_identical_schema" time="0.001" /><testcase classname="tests.core.parsers.test_schema_drift_detector.TestEdgeCases" name="test_empty_proto" time="0.001" /><testcase classname="tests.core.parsers.test_schema_drift_detector.TestEdgeCases" name="test_proto_with_comments" time="0.001" /><testcase classname="tests.core.parsers.test_schema_drift_detector.TestEdgeCases" name="test_nested_json_schema" time="0.001" /><testcase classname="tests.core.parsers.test_schema_drift_detector.TestEdgeCases" name="test_field_number_change" time="0.001" /><testcase classname="tests.core.parsers.test_schema_drift_detector.TestIntegration" name="test_full_protobuf_workflow" time="0.002" /><testcase classname="tests.core.parsers.test_schema_drift_detector.TestIntegration" name="test_full_json_schema_workflow" time="0.001" /><testcase classname="tests.core.parsers.test_surgical_extractor.TestSurgicalExtractor" name="test_list_functions" time="0.005" /><testcase classname="tests.core.parsers.test_surgical_extractor.TestSurgicalExtractor" name="test_list_classes" time="0.005" /><testcase classname="tests.core.parsers.test_surgical_extractor.TestSurgicalExtractor" name="test_list_methods" time="0.007" /><testcase classname="tests.core.parsers.test_surgical_extractor.TestSurgicalExtractor" name="test_list_methods_nonexistent_class" time="0.004" /><testcase classname="tests.core.parsers.test_surgical_extractor.TestSurgicalExtractor" name="test_get_function_success" time="0.005" /><testcase classname="tests.core.parsers.test_surgical_extractor.TestSurgicalExtractor" name="test_get_function_not_found" time="0.005" /><testcase classname="tests.core.parsers.test_surgical_extractor.TestSurgicalExtractor" name="test_get_function_finds_dependencies" time="0.005" /><testcase classname="tests.core.parsers.test_surgical_extractor.TestSurgicalExtractor" name="test_get_class_success" time="0.005" /><testcase classname="tests.core.parsers.test_surgical_extractor.TestSurgicalExtractor" name="test_get_class_not_found" time="0.004" /><testcase classname="tests.core.parsers.test_surgical_extractor.TestSurgicalExtractor" name="test_get_method_success" time="0.005" /><testcase classname="tests.core.parsers.test_surgical_extractor.TestSurgicalExtractor" name="test_get_method_class_not_found" time="0.004" /><testcase classname="tests.core.parsers.test_surgical_extractor.TestSurgicalExtractor" name="test_get_method_method_not_found" time="0.005" /><testcase classname="tests.core.parsers.test_surgical_extractor.TestContextualExtraction" name="test_get_function_with_context" time="0.005" /><testcase classname="tests.core.parsers.test_surgical_extractor.TestContextualExtraction" name="test_context_depth_limit" time="0.004" /><testcase classname="tests.core.parsers.test_surgical_extractor.TestContextualExtraction" name="test_context_includes_imports" time="0.005" /><testcase classname="tests.core.parsers.test_surgical_extractor.TestContextualExtraction" name="test_get_class_with_context" time="0.004" /><testcase classname="tests.core.parsers.test_surgical_extractor.TestContextualExtraction" name="test_token_estimate" time="0.005" /><testcase classname="tests.core.parsers.test_surgical_extractor.TestConvenienceFunctions" name="test_extract_function" time="0.004" /><testcase classname="tests.core.parsers.test_surgical_extractor.TestConvenienceFunctions" name="test_extract_class" time="0.005" /><testcase classname="tests.core.parsers.test_surgical_extractor.TestConvenienceFunctions" name="test_extract_method" time="0.004" /><testcase classname="tests.core.parsers.test_surgical_extractor.TestConvenienceFunctions" name="test_extract_with_context_function" time="0.004" /><testcase classname="tests.core.parsers.test_surgical_extractor.TestConvenienceFunctions" name="test_extract_with_context_class" time="0.005" /><testcase classname="tests.core.parsers.test_surgical_extractor.TestEdgeCases" name="test_invalid_python_code" time="0.005" /><testcase classname="tests.core.parsers.test_surgical_extractor.TestEdgeCases" name="test_empty_code" time="0.004" /><testcase classname="tests.core.parsers.test_surgical_extractor.TestEdgeCases" name="test_only_imports" time="0.004" /><testcase classname="tests.core.parsers.test_surgical_extractor.TestEdgeCases" name="test_async_function" time="0.004" /><testcase classname="tests.core.parsers.test_surgical_extractor.TestEdgeCases" name="test_decorated_function" time="0.004" /><testcase classname="tests.core.parsers.test_surgical_extractor.TestEdgeCases" name="test_nested_class" time="0.004" /><testcase classname="tests.core.parsers.test_surgical_extractor.TestEdgeCases" name="test_global_constants_as_dependencies" time="0.005" /><testcase classname="tests.core.parsers.test_surgical_extractor.TestEdgeCases" name="test_builtin_functions_not_dependencies" time="0.004" /><testcase classname="tests.core.parsers.test_surgical_extractor.TestEdgeCases" name="test_self_not_dependency" time="0.004" /><testcase classname="tests.core.parsers.test_surgical_extractor.TestEdgeCases" name="test_loop_variable_not_dependency" time="0.004" /><testcase classname="tests.core.parsers.test_surgical_extractor.TestEdgeCases" name="test_comprehension_variable_not_dependency" time="0.004" /><testcase classname="tests.core.parsers.test_surgical_extractor.TestTokenSavingsScenario" name="test_token_savings_calculation" time="0.004" /><testcase classname="tests.core.parsers.test_surgical_extractor.TestSurgicalExtractorFromFile" name="test_from_file_basic" time="0.005" /><testcase classname="tests.core.parsers.test_surgical_extractor.TestSurgicalExtractorFromFile" name="test_from_file_stores_path" time="0.002" /><testcase classname="tests.core.parsers.test_surgical_extractor.TestSurgicalExtractorFromFile" name="test_from_file_not_found" time="0.001" /><testcase classname="tests.core.parsers.test_surgical_extractor.TestSurgicalExtractorFromFile" name="test_from_file_invalid_python" time="0.005" /><testcase classname="tests.core.parsers.test_surgical_extractor.TestSurgicalExtractorFromFile" name="test_from_file_utf8_encoding" time="0.005" /><testcase classname="tests.core.parsers.test_surgical_extractor.TestSurgicalExtractorFromFile" name="test_from_file_with_context" time="0.005" /><testcase classname="tests.core.parsers.test_surgical_extractor.TestSurgicalExtractorFromFile" name="test_from_file_token_efficiency" time="0.005" /><testcase classname="tests.core.parsers.test_surgical_tools_coverage.TestCrossFileResolution" name="test_full_code_with_external_symbols" time="0.001" /><testcase classname="tests.core.parsers.test_surgical_tools_coverage.TestCrossFileResolution" name="test_full_code_without_external_symbols" time="0.001" /><testcase classname="tests.core.parsers.test_surgical_tools_coverage.TestCrossFileResolution" name="test_token_estimate_property" time="0.001" /><testcase classname="tests.core.parsers.test_surgical_tools_coverage.TestCrossFileResolution" name="test_full_code_with_multiple_source_files" time="0.001" /><testcase classname="tests.core.parsers.test_surgical_tools_coverage.TestResolveCrossFileDependencies" name="test_resolve_cross_file_with_no_file_path" time="0.004" /><testcase classname="tests.core.parsers.test_surgical_tools_coverage.TestResolveCrossFileDependencies" name="test_resolve_cross_file_target_not_found" time="0.004" /><testcase classname="tests.core.parsers.test_surgical_tools_coverage.TestResolveCrossFileDependencies" name="test_resolve_cross_file_for_class" time="0.006" /><testcase classname="tests.core.parsers.test_surgical_tools_coverage.TestResolveCrossFileDependencies" name="test_resolve_cross_file_with_relative_import" time="0.009" /><testcase classname="tests.core.parsers.test_surgical_tools_coverage.TestResolveCrossFileDependencies" name="test_resolve_cross_file_with_from_import" time="0.008" /><testcase classname="tests.core.parsers.test_surgical_tools_coverage.TestResolveCrossFileDependencies" name="test_resolve_cross_file_with_absolute_import" time="0.008" /><testcase classname="tests.core.parsers.test_surgical_tools_coverage.TestResolveCrossFileDependencies" name="test_resolve_cross_file_unresolved_module" time="0.006" /><testcase classname="tests.core.parsers.test_surgical_tools_coverage.TestResolveCrossFileDependencies" name="test_resolve_cross_file_with_depth_limit" time="0.008" /><testcase classname="tests.core.parsers.test_surgical_tools_coverage.TestResolveCrossFileDependencies" name="test_resolve_cross_file_with_aliased_import" time="0.008" /><testcase classname="tests.core.parsers.test_surgical_tools_coverage.TestResolveCrossFileDependencies" name="test_resolve_cross_file_skips_star_import" time="0.005" /><testcase classname="tests.core.parsers.test_surgical_tools_coverage.TestResolveCrossFileDependencies" name="test_resolve_cross_file_handles_file_read_error" time="0.005" /><testcase classname="tests.core.parsers.test_surgical_tools_coverage.TestResolveCrossFileDependencies" name="test_resolve_cross_file_global_variable" time="0.009" /><testcase classname="tests.core.parsers.test_surgical_tools_coverage.TestBuildImportMap" name="test_build_import_map_from_import" time="0.005" /><testcase classname="tests.core.parsers.test_surgical_tools_coverage.TestBuildImportMap" name="test_build_import_map_regular_import" time="0.006" /><testcase classname="tests.core.parsers.test_surgical_tools_coverage.TestResolveModulePath" name="test_resolve_relative_import_level_1" time="0.005" /><testcase classname="tests.core.parsers.test_surgical_tools_coverage.TestResolveModulePath" name="test_resolve_relative_import_level_2" time="0.005" /><testcase classname="tests.core.parsers.test_surgical_tools_coverage.TestResolveModulePath" name="test_resolve_package_init" time="0.005" /><testcase classname="tests.core.parsers.test_surgical_tools_coverage.TestResolveModulePath" name="test_resolve_module_not_found" time="0.005" /><testcase classname="tests.core.parsers.test_surgical_tools_coverage.TestResolveModulePath" name="test_resolve_nested_module" time="0.003" /><testcase classname="tests.core.parsers.test_surgical_tools_coverage.TestNodeToCodeFallback" name="test_node_to_code_uses_source_lines_on_unparse_failure" time="0.004" /><testcase classname="tests.core.parsers.test_surgical_tools_coverage.TestFindDependenciesEdgeCases" name="test_find_dependencies_with_exception_handler" time="0.004" /><testcase classname="tests.core.parsers.test_surgical_tools_coverage.TestFindDependenciesEdgeCases" name="test_find_dependencies_with_with_statement" time="0.005" /><testcase classname="tests.core.parsers.test_surgical_tools_coverage.TestFindDependenciesEdgeCases" name="test_find_dependencies_async_function_args" time="0.004" /><testcase classname="tests.core.parsers.test_surgical_tools_coverage.TestFindDependenciesEdgeCases" name="test_find_dependencies_nested_tuple_unpacking" time="0.006" /><testcase classname="tests.core.parsers.test_surgical_tools_coverage.TestFindDependenciesEdgeCases" name="test_find_dependencies_comprehension_nested" time="0.004" /><testcase classname="tests.core.parsers.test_surgical_tools_coverage.TestFileReadIOError" name="test_from_file_io_error" time="0.003" /><testcase classname="tests.core.parsers.test_surgical_tools_coverage.TestContextualExtractionTokenEstimate" name="test_contextual_extraction_properties" time="0.001" /><testcase classname="tests.core.parsers.test_surgical_tools_coverage.TestContextualExtractionTokenEstimate" name="test_contextual_extraction_without_context" time="0.001" /><testcase classname="tests.core.parsers.test_surgical_tools_coverage.TestGetClassWithContextEdgeCases" name="test_get_class_with_context_not_found" time="0.003" /><testcase classname="tests.core.parsers.test_surgical_tools_coverage.TestGetClassWithContextEdgeCases" name="test_get_class_with_context_gathers_dependencies" time="0.005" /><testcase classname="tests.core.parsers.test_surgical_tools_coverage.TestGetClassWithContextEdgeCases" name="test_get_class_with_context_gathers_global_assigns" time="0.003" /><testcase classname="tests.core.parsers.test_surgical_tools_coverage.TestGetFunctionWithContextEdgeCases" name="test_get_function_with_context_not_found" time="0.003" /><testcase classname="tests.core.parsers.test_surgical_tools_coverage.TestGetFunctionWithContextEdgeCases" name="test_get_function_with_context_with_class_dep" time="0.004" /><testcase classname="tests.core.parsers.test_surgical_tools_coverage.TestGetFunctionWithContextEdgeCases" name="test_get_function_with_context_with_global_assign" time="0.004" /><testcase classname="tests.core.parsers.test_surgical_tools_coverage.TestConvenienceFunctions" name="test_extract_with_context_for_class" time="0.004" /><testcase classname="tests.core.parsers.test_surgical_tools_coverage.TestPatcherFileReadIOError" name="test_from_file_io_error" time="0.002" /><testcase classname="tests.core.parsers.test_surgical_tools_coverage.TestGetEndLineFallback" name="test_get_end_line_uses_fallback" time="0.004" /><testcase classname="tests.core.parsers.test_surgical_tools_coverage.TestValidateReplacementEdgeCases" name="test_validate_replacement_wrong_type_for_class" time="0.006" /><testcase classname="tests.core.parsers.test_surgical_tools_coverage.TestValidateReplacementEdgeCases" name="test_validate_replacement_wrong_type_for_method" time="0.006" /><testcase classname="tests.core.parsers.test_surgical_tools_coverage.TestUpdateClassWrongType" name="test_update_class_on_function" time="0.004" /><testcase classname="tests.core.parsers.test_surgical_tools_coverage.TestUpdateMethodWrongType" name="test_update_method_class_has_no_methods" time="0.004" /><testcase classname="tests.core.parsers.test_surgical_tools_coverage.TestSaveWhenNotModified" name="test_save_returns_none_when_not_modified" time="0.002" /><testcase classname="tests.core.parsers.test_surgical_tools_coverage.TestUpdateMethodSyntaxError" name="test_update_method_invalid_syntax" time="0.007" /><testcase classname="tests.core.parsers.test_surgical_tools_coverage.TestUpdateClassSyntaxError" name="test_update_class_invalid_syntax" time="0.006" /><testcase classname="tests.core.parsers.test_surgical_tools_coverage.TestClassWithContextDepthLimit" name="test_class_with_context_depth_exceeded" time="0.004" /><testcase classname="tests.core.parsers.test_surgical_tools_coverage.TestClassWithContextDepthLimit" name="test_class_with_context_includes_class_dep" time="0.004" /><testcase classname="tests.core.parsers.test_surgical_tools_coverage.TestFunctionWithContextVisitedDeps" name="test_function_with_context_circular_dep" time="0.004" /><testcase classname="tests.core.parsers.test_surgical_tools_coverage.TestResolveSymbolNotFoundInFile" name="test_resolve_cross_file_symbol_not_in_module" time="0.008" /><testcase classname="tests.core.parsers.test_surgical_tools_coverage.TestResolveModulePathParentTraversal" name="test_resolve_module_from_parent_package" time="0.006" /><testcase classname="tests.core.parsers.test_surgical_tools_coverage.TestResolveModulePathParentTraversal" name="test_resolve_module_init_file" time="0.005" /><testcase classname="tests.core.parsers.test_surgical_tools_coverage.TestNodeToCodeExceptionPath" name="test_node_to_code_raises_on_total_failure" time="0.004" /><testcase classname="tests.core.parsers.test_surgical_tools_coverage.TestFindDependenciesFunctionKwOnly" name="test_function_with_kwonly_args" time="0.005" /><testcase classname="tests.core.parsers.test_surgical_tools_coverage.TestFindDependenciesVarargKwarg" name="test_function_with_vararg_kwarg" time="0.004" /><testcase classname="tests.core.parsers.test_surgical_tools_coverage.TestDepthExceededInCrossFile" name="test_cross_file_depth_exceeded" time="0.006" /><testcase classname="tests.core.parsers.test_surgical_tools_coverage.TestRelativeImportNoModule" name="test_relative_import_no_module_name" time="0.005" /><testcase classname="tests.core.parsers.test_surgical_tools_coverage.TestMethodOnNonMethodSymbol" name="test_update_method_on_non_method" time="0.004" /><testcase classname="tests.core.parsers.test_surgical_tools_coverage.TestGetClassDepNotSuccessful" name="test_class_context_dep_in_classes_but_fails" time="0.005" /><testcase classname="tests.core.parsers.test_surgical_tools_coverage.TestResolveSymbolDepthExceeded" name="test_cross_file_recursive_depth_limit" time="0.009" /><testcase classname="tests.core.parsers.test_surgical_tools_coverage.TestResolveSymbolNotFoundAnywhere" name="test_cross_file_symbol_is_nothing" time="0.008" /><testcase classname="tests.core.parsers.test_surgical_tools_coverage.TestResolveModuleParentInitFile" name="test_resolve_module_from_deep_nested_package" time="0.006" /><testcase classname="tests.core.parsers.test_surgical_tools_coverage.TestFindDependenciesUsageCollector" name="test_dependencies_with_load_context" time="0.004" /><testcase classname="tests.core.parsers.test_surgical_tools_coverage.TestPatcherFromFileIOError" name="test_patcher_from_file_io_error_on_read" time="0.002" /><testcase classname="tests.core.parsers.test_surgical_tools_coverage.TestExtractorFromFileIOError" name="test_extractor_from_file_io_error_specific" time="0.003" /><testcase classname="tests.core.parsers.test_surgical_tools_coverage.TestUsageCollectorVisitName" name="test_complex_dependency_analysis" time="0.004" /><testcase classname="tests.core.parsers.test_surgical_tools_coverage.TestResolveCrossFileSymbolVariants" name="test_cross_file_import_module_with_nonexistent_symbol" time="0.008" /><testcase classname="tests.core.parsers.test_surgical_tools_coverage.TestDepthExceededEarlyReturn" name="test_resolve_symbol_depth_zero" time="0.005" /><testcase classname="tests.core.parsers.test_surgical_tools_coverage.TestParentDirectoryTraversal" name="test_resolve_from_deeply_nested_with_init" time="0.006" /><testcase classname="tests.core.parsers.test_surgical_tools_coverage.TestGetClassContextFunctionDepNotSuccessful" name="test_class_context_with_dep_that_fails_extraction" time="0.004" /><testcase classname="tests.core.parsers.test_typescript_parser_stub" name="test_parse_with_fallback_extracts_structures" time="0.013" /><testcase classname="tests.core.parsers.test_typescript_parser_stub" name="test_parse_file_sets_language_and_handles_missing" time="0.003" /><testcase classname="tests.core.parsers.test_typescript_parser_stub" name="test_analyzer_metrics_and_security" time="0.009" /><testcase classname="tests.core.parsers.test_typescript_parser_stub" name="test_parse_empty_code_returns_error" time="0.001" /><testcase classname="tests.core.pdg.test_pdg_analyzer.TestDependencyType" name="test_dependency_type_values" time="0.008" /><testcase classname="tests.core.pdg.test_pdg_analyzer.TestDataFlowAnomaly" name="test_create_anomaly" time="0.001" /><testcase classname="tests.core.pdg.test_pdg_analyzer.TestSecurityVulnerability" name="test_create_vulnerability" time="0.001" /><testcase classname="tests.core.pdg.test_pdg_analyzer.TestPDGAnalyzer" name="test_init" time="0.001" /><testcase classname="tests.core.pdg.test_pdg_analyzer.TestPDGAnalyzer" name="test_analyze_data_flow" time="0.001" /><testcase classname="tests.core.pdg.test_pdg_analyzer.TestPDGAnalyzer" name="test_analyze_data_flow_caching" time="0.001" /><testcase classname="tests.core.pdg.test_pdg_analyzer.TestPDGAnalyzer" name="test_analyze_control_flow" time="0.001" /><testcase classname="tests.core.pdg.test_pdg_analyzer.TestPDGAnalyzer" name="test_perform_security_analysis" time="0.001" /><testcase classname="tests.core.pdg.test_pdg_analyzer.TestPDGAnalyzer" name="test_find_optimization_opportunities" time="0.001" /><testcase classname="tests.core.pdg.test_pdg_analyzer.TestPDGAnalyzer" name="test_compute_program_slice_backward" time="0.001" /><testcase classname="tests.core.pdg.test_pdg_analyzer.TestPDGAnalyzer" name="test_compute_program_slice_forward" time="0.001" /><testcase classname="tests.core.pdg.test_pdg_analyzer.TestPDGAnalyzer" name="test_find_data_flow_anomalies_undefined" time="0.001" /><testcase classname="tests.core.pdg.test_pdg_analyzer.TestPDGAnalyzer" name="test_find_data_flow_anomalies_unused" time="0.001" /><testcase classname="tests.core.pdg.test_pdg_analyzer.TestPDGAnalyzer" name="test_identify_taint_sources" time="0.001" /><testcase classname="tests.core.pdg.test_pdg_analyzer.TestPDGAnalyzer" name="test_identify_taint_sinks" time="0.001" /><testcase classname="tests.core.pdg.test_pdg_analyzer.TestPDGAnalyzer" name="test_determine_sink_type" time="0.001" /><testcase classname="tests.core.pdg.test_pdg_analyzer.TestPDGAnalyzer" name="test_is_path_sanitized" time="0.001" /><testcase classname="tests.core.pdg.test_pdg_analyzer.TestPDGAnalyzer" name="test_generate_vulnerability_description" time="0.001" /><testcase classname="tests.core.pdg.test_pdg_analyzer.TestPDGAnalyzer" name="test_hash_expression_ast" time="0.001" /><testcase classname="tests.core.pdg.test_pdg_analyzer.TestPDGAnalyzer" name="test_hash_expression_string" time="0.001" /><testcase classname="tests.core.pdg.test_pdg_analyzer.TestPDGAnalyzerEdgeCases" name="test_empty_pdg" time="0.001" /><testcase classname="tests.core.pdg.test_pdg_analyzer.TestPDGAnalyzerEdgeCases" name="test_disconnected_pdg" time="0.002" /><testcase classname="tests.core.pdg.test_pdg_analyzer.TestPDGAnalyzerEdgeCases" name="test_cyclic_pdg" time="0.001" /><testcase classname="tests.core.pdg.test_pdg_analyzer.TestPDGAnalyzerEdgeCases" name="test_slice_nonexistent_node" time="0.001" /><testcase classname="tests.core.pdg.test_pdg_analyzer.TestAnalyzerCoverageGaps" name="test_compute_program_slice_forward_traversal" time="0.001" /><testcase classname="tests.core.pdg.test_pdg_analyzer.TestAnalyzerCoverageGaps" name="test_perform_taint_analysis_with_paths" time="0.001" /><testcase classname="tests.core.pdg.test_pdg_analyzer.TestAnalyzerCoverageGaps" name="test_find_loop_invariant_code" time="0.001" /><testcase classname="tests.core.pdg.test_pdg_analyzer.TestAnalyzerCoverageGaps" name="test_analyze_value_ranges" time="0.001" /><testcase classname="tests.core.pdg.test_pdg_analyzer.TestAnalyzerCoverageGaps" name="test_find_common_subexpressions" time="0.001" /><testcase classname="tests.core.pdg.test_pdg_analyzer.TestAnalyzerCoverageGaps" name="test_find_redundant_computations" time="0.001" /><testcase classname="tests.core.pdg.test_pdg_analyzer.TestAnalyzerCoverageGaps" name="test_find_dead_code" time="0.001" /><testcase classname="tests.core.pdg.test_pdg_analyzer.TestAnalyzerCoverageGaps" name="test_find_loops" time="0.001" /><testcase classname="tests.core.pdg.test_pdg_analyzer.TestAnalyzerCoverageGaps" name="test_analyze_loop_body" time="0.001" /><testcase classname="tests.core.pdg.test_pdg_analyzer.TestAnalyzerCoverageGaps" name="test_is_loop_invariant_stub" time="0.001" /><testcase classname="tests.core.pdg.test_pdg_analyzer.TestAnalyzerCoverageGaps" name="test_estimate_optimization_savings_stub" time="0.001" /><testcase classname="tests.core.pdg.test_pdg_analyzer.TestAnalyzerCoverageGaps" name="test_parse_condition_constraint_works" time="0.002" /><testcase classname="tests.core.pdg.test_pdg_analyzer.TestAnalyzerCoverageGaps" name="test_solve_constraints_stub" time="0.001" /><testcase classname="tests.core.pdg.test_pdg_analyzer.TestAnalyzerCoverageGaps" name="test_matches_exception_exact_type" time="0.001" /><testcase classname="tests.core.pdg.test_pdg_analyzer.TestAnalyzerCoverageGaps" name="test_infer_type" time="0.001" /><testcase classname="tests.core.pdg.test_pdg_analyzer.TestAnalyzerCoverageGaps" name="test_handle_attribute_assignment_stub" time="0.001" /><testcase classname="tests.core.pdg.test_pdg_analyzer.TestAnalyzerCoverageGaps" name="test_handle_subscript_assignment_stub" time="0.001" /><testcase classname="tests.core.pdg.test_pdg_analyzer.TestAnalyzerCoverageGaps" name="test_handle_symbolic_call_stub" time="0.001" /><testcase classname="tests.core.pdg.test_pdg_analyzer.TestAnalyzerCoverageGaps" name="test_handle_concrete_call_stub" time="0.001" /><testcase classname="tests.core.pdg.test_pdg_analyzer.TestAnalyzerCoverageGaps" name="test_handle_method_call_stub" time="0.001" /><testcase classname="tests.core.pdg.test_pdg_analyzer.TestAnalyzerCoverageGaps" name="test_handle_other_stub" time="0.001" /><testcase classname="tests.core.pdg.test_pdg_analyzer.TestAnalyzerCoverageGaps" name="test_evaluate_compare_stub" time="0.001" /><testcase classname="tests.core.pdg.test_pdg_analyzer.TestAnalyzerCoverageGaps" name="test_evaluate_boolop_stub" time="0.001" /><testcase classname="tests.core.pdg.test_pdg_analyzer.TestAnalyzerCoverageGaps" name="test_evaluate_attribute_stub" time="0.001" /><testcase classname="tests.core.pdg.test_pdg_analyzer.TestAnalyzerCoverageGaps" name="test_evaluate_subscript_stub" time="0.001" /><testcase classname="tests.core.pdg.test_pdg_analyzer.TestAnalyzerCoverageGaps" name="test_extract_concrete_value_stub" time="0.001" /><testcase classname="tests.core.pdg.test_pdg_analyzer.TestAnalyzerFinalCoverage" name="test_taint_analysis_creates_vulnerability" time="0.002" /><testcase classname="tests.core.pdg.test_pdg_analyzer.TestAnalyzerFinalCoverage" name="test_value_range_with_condition_constraint" time="0.001" /><testcase classname="tests.core.pdg.test_pdg_analyzer.TestAnalyzerFinalCoverage" name="test_loop_invariant_detection" time="0.001" /><testcase classname="tests.core.pdg.test_pdg_analyzer.TestAnalyzerFinalCoverage" name="test_redundant_computation_inner_branch" time="0.001" /><testcase classname="tests.core.pdg.test_pdg_analyzer.TestAnalyzerFinalCoverage" name="test_analyze_loop_body_with_children" time="0.001" /><testcase classname="tests.core.pdg.test_pdg_audit.TestDataDependencyCorrectness" name="test_simple_data_flow" time="0.001" /><testcase classname="tests.core.pdg.test_pdg_audit.TestDataDependencyCorrectness" name="test_no_spurious_data_dependency" time="0.001" /><testcase classname="tests.core.pdg.test_pdg_audit.TestDataDependencyCorrectness" name="test_chain_data_dependency" time="0.001" /><testcase classname="tests.core.pdg.test_pdg_audit.TestDataDependencyCorrectness" name="test_multiple_uses_same_variable" time="0.001" /><testcase classname="tests.core.pdg.test_pdg_audit.TestDataDependencyCorrectness" name="test_reassignment_breaks_chain" time="0.001" /><testcase classname="tests.core.pdg.test_pdg_audit.TestControlDependencyCorrectness" name="test_if_body_has_control_dependency" time="0.001" /><testcase classname="tests.core.pdg.test_pdg_audit.TestControlDependencyCorrectness" name="test_else_body_has_control_dependency" time="0.001" /><testcase classname="tests.core.pdg.test_pdg_audit.TestControlDependencyCorrectness" name="test_nested_control_dependencies" time="0.001" /><testcase classname="tests.core.pdg.test_pdg_audit.TestControlDependencyCorrectness" name="test_loop_body_has_control_dependency" time="0.001" /><testcase classname="tests.core.pdg.test_pdg_audit.TestControlDependencyCorrectness" name="test_outside_control_no_dependency" time="0.001" /><testcase classname="tests.core.pdg.test_pdg_audit.TestScopeChainCorrectness" name="test_function_scope_isolation" time="0.001" /><testcase classname="tests.core.pdg.test_pdg_audit.TestScopeChainCorrectness" name="test_parameter_as_data_source" time="0.001" /><testcase classname="tests.core.pdg.test_pdg_audit.TestScopeChainCorrectness" name="test_scope_enter_exit" time="0.001" /><testcase classname="tests.core.pdg.test_pdg_audit.TestScopeChainCorrectness" name="test_nested_scope_variable_shadowing" time="0.001" /><testcase classname="tests.core.pdg.test_pdg_audit.TestEdgeCases" name="test_walrus_operator" time="0.001" /><testcase classname="tests.core.pdg.test_pdg_audit.TestEdgeCases" name="test_starred_assignment" time="0.001" /><testcase classname="tests.core.pdg.test_pdg_audit.TestEdgeCases" name="test_multiple_assignment_targets" time="0.001" /><testcase classname="tests.core.pdg.test_pdg_audit.TestEdgeCases" name="test_nested_function_calls" time="0.001" /><testcase classname="tests.core.pdg.test_pdg_audit.TestEdgeCases" name="test_comprehension_scope" time="0.001" /><testcase classname="tests.core.pdg.test_pdg_audit.TestEdgeCases" name="test_lambda_expression" time="0.001" /><testcase classname="tests.core.pdg.test_pdg_audit.TestEdgeCases" name="test_decorator_with_arguments" time="0.001" /><testcase classname="tests.core.pdg.test_pdg_audit.TestEdgeCases" name="test_class_decorator" time="0.001" /><testcase classname="tests.core.pdg.test_pdg_audit.TestEdgeCases" name="test_async_function" time="0.001" /><testcase classname="tests.core.pdg.test_pdg_audit.TestEdgeCases" name="test_try_finally" time="0.001" /><testcase classname="tests.core.pdg.test_pdg_audit.TestEdgeCases" name="test_try_except_else" time="0.001" /><testcase classname="tests.core.pdg.test_pdg_audit.TestEdgeCases" name="test_match_statement" time="0.001" /><testcase classname="tests.core.pdg.test_pdg_audit.TestEdgeCases" name="test_global_statement" time="0.001" /><testcase classname="tests.core.pdg.test_pdg_audit.TestEdgeCases" name="test_nonlocal_statement" time="0.001" /><testcase classname="tests.core.pdg.test_pdg_audit.TestAnalyzerCorrectness" name="test_cyclomatic_complexity_if" time="0.001" /><testcase classname="tests.core.pdg.test_pdg_audit.TestAnalyzerCorrectness" name="test_cyclomatic_complexity_loops" time="0.001" /><testcase classname="tests.core.pdg.test_pdg_audit.TestAnalyzerCorrectness" name="test_dead_code_detection" time="0.001" /><testcase classname="tests.core.pdg.test_pdg_audit.TestAnalyzerCorrectness" name="test_undefined_variable_detection" time="0.001" /><testcase classname="tests.core.pdg.test_pdg_audit.TestAnalyzerCorrectness" name="test_unused_variable_detection" time="0.001" /><testcase classname="tests.core.pdg.test_pdg_audit.TestAnalyzerCorrectness" name="test_taint_source_identification" time="0.001" /><testcase classname="tests.core.pdg.test_pdg_audit.TestAnalyzerCorrectness" name="test_taint_sink_identification" time="0.001" /><testcase classname="tests.core.pdg.test_pdg_audit.TestAnalyzerCorrectness" name="test_sanitized_path_detection" time="0.001" /><testcase classname="tests.core.pdg.test_pdg_audit.TestAnalyzerCorrectness" name="test_unsanitized_path_detection" time="0.002" /><testcase classname="tests.core.pdg.test_pdg_audit.TestSlicerCorrectness" name="test_backward_slice_includes_dependencies" time="0.002" /><testcase classname="tests.core.pdg.test_pdg_audit.TestSlicerCorrectness" name="test_backward_slice_excludes_unrelated" time="0.001" /><testcase classname="tests.core.pdg.test_pdg_audit.TestSlicerCorrectness" name="test_forward_slice_includes_dependents" time="0.001" /><testcase classname="tests.core.pdg.test_pdg_audit.TestSlicerCorrectness" name="test_chop_computes_intersection" time="0.002" /><testcase classname="tests.core.pdg.test_pdg_audit.TestSlicerCorrectness" name="test_thin_slice_no_transitive" time="0.001" /><testcase classname="tests.core.pdg.test_pdg_audit.TestSlicerCorrectness" name="test_control_only_slice" time="0.001" /><testcase classname="tests.core.pdg.test_pdg_audit.TestIntegration" name="test_build_analyze_slice_pipeline" time="0.002" /><testcase classname="tests.core.pdg.test_pdg_audit.TestIntegration" name="test_security_analysis_finds_vulnerability" time="0.001" /><testcase classname="tests.core.pdg.test_pdg_audit.TestIntegration" name="test_optimization_finds_loop_invariant" time="0.001" /><testcase classname="tests.core.pdg.test_pdg_audit.TestRegressions" name="test_empty_function_body" time="0.001" /><testcase classname="tests.core.pdg.test_pdg_audit.TestRegressions" name="test_empty_class_body" time="0.001" /><testcase classname="tests.core.pdg.test_pdg_audit.TestRegressions" name="test_deeply_nested_code" time="0.001" /><testcase classname="tests.core.pdg.test_pdg_audit.TestRegressions" name="test_large_tuple_unpacking" time="0.001" /><testcase classname="tests.core.pdg.test_pdg_audit.TestRegressions" name="test_chained_comparison" time="0.001" /><testcase classname="tests.core.pdg.test_pdg_audit.TestRegressions" name="test_fstring" time="0.001" /><testcase classname="tests.core.pdg.test_pdg_audit.TestRegressions" name="test_yield_statement" time="0.001" /><testcase classname="tests.core.pdg.test_pdg_audit.TestRegressions" name="test_yield_from" time="0.001" /><testcase classname="tests.core.pdg.test_pdg_audit.TestRegressions" name="test_with_statement" time="0.001" /><testcase classname="tests.core.pdg.test_pdg_audit.TestRegressions" name="test_assert_statement" time="0.001" /><testcase classname="tests.core.pdg.test_pdg_audit.TestRegressions" name="test_raise_statement" time="0.001" /><testcase classname="tests.core.pdg.test_pdg_audit.TestRegressions" name="test_import_variations" time="0.001" /><testcase classname="tests.core.pdg.test_pdg_audit.TestRegressions" name="test_annotation_assignment" time="0.001" /><testcase classname="tests.core.pdg.test_pdg_audit.TestRegressions" name="test_slice_object" time="0.002" /><testcase classname="tests.core.pdg.test_pdg_audit.TestRegressions" name="test_while_undefined_condition_variable" time="0.001" /><testcase classname="tests.core.pdg.test_pdg_audit.TestRegressions" name="test_add_variable_definition_no_scope" time="0.001" /><testcase classname="tests.core.pdg.test_pdg_builder.TestPDGBuilder" name="test_init_default_values" time="0.001" /><testcase classname="tests.core.pdg.test_pdg_builder.TestPDGBuilder" name="test_init_custom_values" time="0.001" /><testcase classname="tests.core.pdg.test_pdg_builder.TestPDGBuilder" name="test_build_simple_code" time="0.001" /><testcase classname="tests.core.pdg.test_pdg_builder.TestPDGBuilder" name="test_build_function_definition" time="0.001" /><testcase classname="tests.core.pdg.test_pdg_builder.TestPDGBuilder" name="test_build_class_definition" time="0.001" /><testcase classname="tests.core.pdg.test_pdg_builder.TestPDGBuilder" name="test_build_for_loop" time="0.001" /><testcase classname="tests.core.pdg.test_pdg_builder.TestPDGBuilder" name="test_build_while_loop" time="0.001" /><testcase classname="tests.core.pdg.test_pdg_builder.TestPDGBuilder" name="test_build_try_except" time="0.001" /><testcase classname="tests.core.pdg.test_pdg_builder.TestPDGBuilder" name="test_scope_management" time="0.001" /><testcase classname="tests.core.pdg.test_pdg_builder.TestPDGBuilder" name="test_nested_scopes" time="0.001" /><testcase classname="tests.core.pdg.test_pdg_builder.TestPDGBuilder" name="test_get_node_id_uniqueness" time="0.001" /><testcase classname="tests.core.pdg.test_pdg_builder.TestPDGBuilder" name="test_extract_variables" time="0.001" /><testcase classname="tests.core.pdg.test_pdg_builder.TestPDGBuilder" name="test_extract_variables_no_stores" time="0.001" /><testcase classname="tests.core.pdg.test_pdg_builder.TestPDGBuilder" name="test_control_dependency_edges" time="0.001" /><testcase classname="tests.core.pdg.test_pdg_builder.TestBuildPdgFunction" name="test_build_pdg_returns_tuple" time="0.001" /><testcase classname="tests.core.pdg.test_pdg_builder.TestBuildPdgFunction" name="test_build_pdg_with_custom_options" time="0.001" /><testcase classname="tests.core.pdg.test_pdg_builder.TestBuildPdgFunction" name="test_build_pdg_complex_code" time="0.002" /><testcase classname="tests.core.pdg.test_pdg_builder.TestNodeType" name="test_node_type_values" time="0.001" /><testcase classname="tests.core.pdg.test_pdg_builder.TestScope" name="test_scope_creation" time="0.001" /><testcase classname="tests.core.pdg.test_pdg_builder.TestScope" name="test_scope_with_parent" time="0.001" /><testcase classname="tests.core.pdg.test_pdg_builder.TestScope" name="test_scope_variables_initialization" time="0.001" /><testcase classname="tests.core.pdg.test_pdg_builder.TestMalformedAST" name="test_syntax_error" time="0.001" /><testcase classname="tests.core.pdg.test_pdg_builder.TestMalformedAST" name="test_empty_code" time="0.001" /><testcase classname="tests.core.pdg.test_pdg_builder.TestMalformedAST" name="test_whitespace_only_code" time="0.001" /><testcase classname="tests.core.pdg.test_pdg_builder.TestMalformedAST" name="test_comment_only_code" time="0.001" /><testcase classname="tests.core.pdg.test_pdg_builder.TestBuilderCoverageGaps" name="test_scope_post_init_with_none_variables" time="0.001" /><testcase classname="tests.core.pdg.test_pdg_builder.TestBuilderCoverageGaps" name="test_scope_post_init_with_provided_variables" time="0.001" /><testcase classname="tests.core.pdg.test_pdg_builder.TestBuilderCoverageGaps" name="test_for_loop_with_else" time="0.001" /><testcase classname="tests.core.pdg.test_pdg_builder.TestBuilderCoverageGaps" name="test_while_loop_with_variable_condition" time="0.001" /><testcase classname="tests.core.pdg.test_pdg_builder.TestBuilderCoverageGaps" name="test_try_except_with_handler" time="0.002" /><testcase classname="tests.core.pdg.test_pdg_builder.TestBuilderCoverageGaps" name="test_try_bare_except" time="0.001" /><testcase classname="tests.core.pdg.test_pdg_builder.TestBuilderCoverageGaps" name="test_call_with_positional_args" time="0.001" /><testcase classname="tests.core.pdg.test_pdg_builder.TestBuilderCoverageGaps" name="test_call_with_keyword_args" time="0.001" /><testcase classname="tests.core.pdg.test_pdg_builder.TestBuilderCoverageGaps" name="test_loop_variable_tuple_unpacking" time="0.001" /><testcase classname="tests.core.pdg.test_pdg_builder.TestBuilderCoverageGaps" name="test_loop_variable_list_unpacking" time="0.001" /><testcase classname="tests.core.pdg.test_pdg_builder.TestBuilderCoverageGaps" name="test_call_with_subscript_func" time="0.001" /><testcase classname="tests.core.pdg.test_pdg_builder.TestBuilderCoverageGaps" name="test_call_with_attribute" time="0.001" /><testcase classname="tests.core.pdg.test_pdg_builder.TestBuilderCoverageGaps" name="test_call_at_module_level" time="0.001" /><testcase classname="tests.core.pdg.test_pdg_builder.TestAssignmentCoverage" name="test_simple_assignment" time="0.001" /><testcase classname="tests.core.pdg.test_pdg_builder.TestAssignmentCoverage" name="test_tuple_unpacking_assignment" time="0.001" /><testcase classname="tests.core.pdg.test_pdg_builder.TestAssignmentCoverage" name="test_list_unpacking_assignment" time="0.001" /><testcase classname="tests.core.pdg.test_pdg_builder.TestAssignmentCoverage" name="test_assignment_with_data_dependency" time="0.001" /><testcase classname="tests.core.pdg.test_pdg_builder.TestAssignmentCoverage" name="test_assignment_with_call" time="0.001" /><testcase classname="tests.core.pdg.test_pdg_builder.TestAssignmentCoverage" name="test_assignment_inside_control" time="0.001" /><testcase classname="tests.core.pdg.test_pdg_builder.TestAssignmentCoverage" name="test_augmented_assignment_basic" time="0.001" /><testcase classname="tests.core.pdg.test_pdg_builder.TestAssignmentCoverage" name="test_augmented_assignment_all_ops" time="0.001" /><testcase classname="tests.core.pdg.test_pdg_builder.TestAssignmentCoverage" name="test_assignment_registers_definition" time="0.001" /><testcase classname="tests.core.pdg.test_pdg_builder.TestAssignmentCoverage" name="test_decorator_no_crash" time="0.001" /><testcase classname="tests.core.pdg.test_pdg_builder.TestAssignmentCoverage" name="test_multiple_targets_assignment" time="0.001" /><testcase classname="tests.core.pdg.test_pdg_builder.TestDecoratorCoverage" name="test_call_decorator_creates_edge" time="0.001" /><testcase classname="tests.core.pdg.test_pdg_builder.TestDecoratorCoverage" name="test_simple_decorator_no_edge" time="0.001" /><testcase classname="tests.core.pdg.test_pdg_builder.TestDecoratorCoverage" name="test_multiple_decorators" time="0.001" /><testcase classname="tests.core.pdg.test_pdg_builder.TestBuilderBranchPartials" name="test_tuple_with_non_name_element" time="0.001" /><testcase classname="tests.core.pdg.test_pdg_builder.TestBuilderBranchPartials" name="test_augassign_no_target_name" time="0.001" /><testcase classname="tests.core.pdg.test_pdg_builder.TestBuilderBranchPartials" name="test_augassign_undefined_variable" time="0.001" /><testcase classname="tests.core.pdg.test_pdg_builder.TestBuilderBranchPartials" name="test_augassign_rhs_undefined" time="0.001" /><testcase classname="tests.core.pdg.test_pdg_builder.TestBuilderBranchPartials" name="test_assign_no_call_in_value" time="0.001" /><testcase classname="tests.core.pdg.test_pdg_builder.TestBuilderMoreBranchPartials" name="test_call_arg_undefined_var" time="0.001" /><testcase classname="tests.core.pdg.test_pdg_builder.TestBuilderMoreBranchPartials" name="test_call_keyword_undefined_var" time="0.001" /><testcase classname="tests.core.pdg.test_pdg_builder.TestBuilderMoreBranchPartials" name="test_for_loop_subscript_target" time="0.001" /><testcase classname="tests.core.pdg.test_pdg_builder.TestBuilderMoreBranchPartials" name="test_for_loop_tuple_with_subscript" time="0.001" /><testcase classname="tests.core.pdg.test_pdg_slicer.TestSlicingCriteria" name="test_basic_criteria" time="0.001" /><testcase classname="tests.core.pdg.test_pdg_slicer.TestSlicingCriteria" name="test_criteria_with_options" time="0.001" /><testcase classname="tests.core.pdg.test_pdg_slicer.TestSliceInfo" name="test_slice_info_creation" time="0.001" /><testcase classname="tests.core.pdg.test_pdg_slicer.TestSliceType" name="test_slice_types_exist" time="0.001" /><testcase classname="tests.core.pdg.test_pdg_slicer.TestProgramSlicerInitialization" name="test_empty_pdg" time="0.001" /><testcase classname="tests.core.pdg.test_pdg_slicer.TestProgramSlicerInitialization" name="test_pdg_with_definitions" time="0.001" /><testcase classname="tests.core.pdg.test_pdg_slicer.TestProgramSlicerInitialization" name="test_pdg_with_uses" time="0.001" /><testcase classname="tests.core.pdg.test_pdg_slicer.TestComputeSlice" name="test_backward_slice_with_string_criteria" time="0.002" /><testcase classname="tests.core.pdg.test_pdg_slicer.TestComputeSlice" name="test_backward_slice_with_criteria_object" time="0.002" /><testcase classname="tests.core.pdg.test_pdg_slicer.TestComputeSlice" name="test_forward_slice" time="0.001" /><testcase classname="tests.core.pdg.test_pdg_slicer.TestComputeSlice" name="test_thin_slice" time="0.001" /><testcase classname="tests.core.pdg.test_pdg_slicer.TestComputeSlice" name="test_union_slice" time="0.002" /><testcase classname="tests.core.pdg.test_pdg_slicer.TestComputeSlice" name="test_intersection_slice" time="0.001" /><testcase classname="tests.core.pdg.test_pdg_slicer.TestComputeSlice" name="test_cache_hit" time="0.001" /><testcase classname="tests.core.pdg.test_pdg_slicer.TestComputeSlice" name="test_specialized_slice" time="0.001" /><testcase classname="tests.core.pdg.test_pdg_slicer.TestBackwardSlice" name="test_backward_slice_with_variables" time="0.001" /><testcase classname="tests.core.pdg.test_pdg_slicer.TestBackwardSlice" name="test_backward_slice_data_only" time="0.001" /><testcase classname="tests.core.pdg.test_pdg_slicer.TestForwardSlice" name="test_forward_slice_with_variables" time="0.001" /><testcase classname="tests.core.pdg.test_pdg_slicer.TestForwardSlice" name="test_forward_slice_control_only" time="0.001" /><testcase classname="tests.core.pdg.test_pdg_slicer.TestThinSlice" name="test_thin_slice_with_variables" time="0.001" /><testcase classname="tests.core.pdg.test_pdg_slicer.TestCompositeSlice" name="test_union_with_single_node" time="0.001" /><testcase classname="tests.core.pdg.test_pdg_slicer.TestCompositeSlice" name="test_intersection_empty_result" time="0.001" /><testcase classname="tests.core.pdg.test_pdg_slicer.TestGetSliceInfo" name="test_slice_info_basic" time="0.001" /><testcase classname="tests.core.pdg.test_pdg_slicer.TestGetSliceInfo" name="test_slice_info_empty_lines" time="0.001" /><testcase classname="tests.core.pdg.test_pdg_slicer.TestGetSliceInfo" name="test_slice_info_complexity" time="0.001" /><testcase classname="tests.core.pdg.test_pdg_slicer.TestComputeChop" name="test_chop_basic" time="0.002" /><testcase classname="tests.core.pdg.test_pdg_slicer.TestComputeChop" name="test_chop_no_intersection" time="0.001" /><testcase classname="tests.core.pdg.test_pdg_slicer.TestDecomposeSlice" name="test_decompose_returns_full_slice" time="0.001" /><testcase classname="tests.core.pdg.test_pdg_slicer.TestHelperMethods" name="test_get_data_dependencies" time="0.001" /><testcase classname="tests.core.pdg.test_pdg_slicer.TestHelperMethods" name="test_get_control_dependencies" time="0.001" /><testcase classname="tests.core.pdg.test_pdg_slicer.TestHelperMethods" name="test_get_data_dependents" time="0.001" /><testcase classname="tests.core.pdg.test_pdg_slicer.TestHelperMethods" name="test_get_control_dependents" time="0.001" /><testcase classname="tests.core.pdg.test_pdg_slicer.TestHelperMethods" name="test_get_direct_data_dependencies" time="0.001" /><testcase classname="tests.core.pdg.test_pdg_slicer.TestHelperMethods" name="test_calculate_slice_complexity_for_type" time="0.001" /><testcase classname="tests.core.pdg.test_pdg_slicer.TestHelperMethods" name="test_induce_subgraph" time="0.001" /><testcase classname="tests.core.pdg.test_pdg_slicer.TestHelperMethods" name="test_make_cache_key" time="0.001" /><testcase classname="tests.core.pdg.test_pdg_slicer.TestComputeSliceFunction" name="test_compute_slice_backward" time="0.001" /><testcase classname="tests.core.pdg.test_pdg_slicer.TestComputeSliceFunction" name="test_compute_slice_forward" time="0.001" /><testcase classname="tests.core.pdg.test_pdg_slicer.TestComputeSliceFunction" name="test_compute_slice_with_criteria" time="0.001" /><testcase classname="tests.core.pdg.test_pdg_slicer.TestIntegrationWithBuilder" name="test_slice_from_built_pdg" time="0.002" /><testcase classname="tests.core.pdg.test_pdg_slicer.TestIntegrationWithBuilder" name="test_chop_from_built_pdg" time="0.002" /><testcase classname="tests.core.pdg.test_pdg_slicer.TestSlicerCoverageGaps" name="test_specialized_slice_control_type" time="0.001" /><testcase classname="tests.core.pdg.test_pdg_slicer.TestSlicerCoverageGaps" name="test_decompose_slice_calls_extract_methods" time="0.001" /><testcase classname="tests.core.pdg.test_pdg_slicer.TestSlicerCoverageGaps" name="test_composite_slice_intersection_details" time="0.002" /><testcase classname="tests.core.pdg.test_pdg_slicer.TestAnalyzerDeepCoverage" name="test_slice_revisit_node" time="0.001" /><testcase classname="tests.core.pdg.test_pdg_slicer.TestAnalyzerDeepCoverage" name="test_taint_analysis_with_actual_vulnerability" time="0.001" /><testcase classname="tests.core.pdg.test_pdg_slicer.TestAnalyzerDeepCoverage" name="test_value_range_with_control_dependency" time="0.003" /><testcase classname="tests.core.pdg.test_pdg_slicer.TestAnalyzerDeepCoverage" name="test_redundant_computation_match" time="0.001" /><testcase classname="tests.core.pdg.test_pdg_slicer.TestAnalyzerDeepCoverage" name="test_loop_iteration_for_loop_body" time="0.001" /><testcase classname="tests.core.pdg.test_pdg_slicer.TestBuilderDeepCoverage" name="test_while_loop_with_defined_variable_in_condition" time="0.001" /><testcase classname="tests.core.pdg.test_pdg_slicer.TestBuilderDeepCoverage" name="test_call_argument_with_defined_variable" time="0.001" /><testcase classname="tests.core.pdg.test_pdg_slicer.TestBuilderDeepCoverage" name="test_call_keyword_with_defined_variable" time="0.001" /><testcase classname="tests.core.pdg.test_pdg_slicer.TestBuilderDeepCoverage" name="test_loop_variable_nested_tuple" time="0.002" /><testcase classname="tests.core.pdg.test_pdg_slicer.TestSlicerFinalCoverage" name="test_backward_slice_with_cycle" time="0.001" /><testcase classname="tests.core.pdg.test_pdg_slicer.TestSlicerFinalCoverage" name="test_forward_slice_with_cycle" time="0.001" /><testcase classname="tests.core.pdg.test_pdg_slicer.TestSlicerFinalCoverage" name="test_composite_slice_union_with_overlapping_nodes" time="0.002" /><testcase classname="tests.core.pdg.test_pdg_slicer.TestSlicerBranchPartials" name="test_backward_slice_no_data" time="0.001" /><testcase classname="tests.core.pdg.test_pdg_slicer.TestSlicerBranchPartials" name="test_backward_slice_no_control" time="0.001" /><testcase classname="tests.core.pdg.test_pdg_slicer.TestSlicerBranchPartials" name="test_forward_slice_no_data" time="0.001" /><testcase classname="tests.core.pdg.test_pdg_slicer.TestSlicerBranchPartials" name="test_forward_slice_no_control" time="0.001" /><testcase classname="tests.core.pdg.test_pdg_transformer.TestPDGTransformer" name="test_eliminate_dead_code" time="0.001" /><testcase classname="tests.core.pdg.test_pdg_transformer.TestPDGTransformer" name="test_propagate_constants" time="0.001" /><testcase classname="tests.core.pdg.test_pdg_transformer.TestPDGTransformer" name="test_optimize_pdg" time="0.001" /><testcase classname="tests.core.pdg.test_pdg_transformer.TestPDGTransformer" name="test_transform_dispatch" time="0.001" /><testcase classname="tests.core.pdg.test_pdg_transformer.TestPDGTransformer" name="test_is_constant_value" time="0.001" /><testcase classname="tests.core.pdg.test_pdg_transformer.TestPDGTransformer" name="test_merge_nodes" time="0.001" /><testcase classname="tests.core.pdg.test_pdg_transformer.TestPDGTransformer" name="test_split_node" time="0.001" /><testcase classname="tests.core.pdg.test_pdg_transformer.TestPDGTransformer" name="test_insert_node" time="0.001" /><testcase classname="tests.core.pdg.test_pdg_transformer.TestPDGTransformer" name="test_remove_node" time="0.001" /><testcase classname="tests.core.pdg.test_pdg_transformer.TestPDGTransformer" name="test_replace_node" time="0.001" /><testcase classname="tests.core.pdg.test_pdg_transformer.TestPDGTransformer" name="test_extract_method" time="0.001" /><testcase classname="tests.core.pdg.test_pdg_transformer.TestPDGTransformer" name="test_inline_method" time="0.001" /><testcase classname="tests.core.pdg.test_pdg_transformer.TestPDGTransformer" name="test_move_node" time="0.001" /><testcase classname="tests.core.pdg.test_pdg_transformer.TestPDGTransformer" name="test_optimize_loops" time="0.002" /><testcase classname="tests.core.pdg.test_pdg_utils.TestPDGUtils" name="test_analyze_node" time="0.003" /><testcase classname="tests.core.pdg.test_pdg_utils.TestPDGUtils" name="test_analyze_node_not_found" time="0.001" /><testcase classname="tests.core.pdg.test_pdg_utils.TestPDGUtils" name="test_find_paths" time="0.001" /><testcase classname="tests.core.pdg.test_pdg_utils.TestPDGUtils" name="test_find_paths_with_dep_types" time="0.001" /><testcase classname="tests.core.pdg.test_pdg_utils.TestPDGUtils" name="test_calculate_node_metrics" time="0.001" /><testcase classname="tests.core.pdg.test_pdg_utils.TestPDGUtils" name="test_get_dependency_types" time="0.001" /><testcase classname="tests.core.pdg.test_pdg_utils.TestPDGUtils" name="test_get_node_scope" time="0.001" /><testcase classname="tests.core.pdg.test_pdg_utils.TestPDGUtils" name="test_find_common_ancestors" time="0.001" /><testcase classname="tests.core.pdg.test_pdg_utils.TestPDGUtils" name="test_find_common_descendants" time="0.001" /><testcase classname="tests.core.pdg.test_pdg_utils.TestPDGUtils" name="test_get_subgraph_between" time="0.001" /><testcase classname="tests.core.pdg.test_pdg_utils.TestPDGUtils" name="test_compute_node_hash" time="0.001" /><testcase classname="tests.core.pdg.test_pdg_utils.TestPDGUtils" name="test_find_similar_nodes" time="0.001" /><testcase classname="tests.core.pdg.test_pdg_utils.TestPDGUtils" name="test_calculate_node_similarity" time="0.001" /><testcase classname="tests.core.pdg.test_pdg_utils.TestPDGUtils" name="test_find_node_clusters" time="0.002" /><testcase classname="tests.core.pdg.test_pdg_utils.TestPDGUtils" name="test_export_import_json" time="0.013" /><testcase classname="tests.core.pdg.test_pdg_utils.TestPDGUtils" name="test_calculate_dict_similarity" time="0.001" /><testcase classname="tests.core.pdg.test_pdg_utils.TestPDGUtils" name="test_clean_for_json" time="0.001" /><testcase classname="tests.core.pdg.test_pdg_utils.TestPDGUtils" name="test_convenience_functions" time="0.003" /><testcase classname="tests.core.pdg.test_pdg_visualizer.TestPDGVisualizer" name="test_init" time="0.001" /><testcase classname="tests.core.pdg.test_pdg_visualizer.TestPDGVisualizer" name="test_visualize" time="0.003" /><testcase classname="tests.core.pdg.test_pdg_visualizer.TestPDGVisualizer" name="test_create_interactive_html" time="0.003" /><testcase classname="tests.core.pdg.test_pdg_visualizer.TestPDGVisualizer" name="test_create_comparison_view" time="0.004" /><testcase classname="tests.core.pdg.test_pdg_visualizer.TestPDGVisualizer" name="test_highlight_subgraph" time="0.001" /><testcase classname="tests.core.pdg.test_pdg_visualizer.TestPDGVisualizer" name="test_wrap_text" time="0.001" /><testcase classname="tests.core.test_alias_resolver.TestTsconfigAliases" name="test_load_simple_alias" time="0.003" /><testcase classname="tests.core.test_alias_resolver.TestTsconfigAliases" name="test_load_wildcard_alias" time="0.002" /><testcase classname="tests.core.test_alias_resolver.TestTsconfigAliases" name="test_load_alias_with_base_url" time="0.003" /><testcase classname="tests.core.test_alias_resolver.TestTsconfigAliases" name="test_multiple_targets_uses_first" time="0.003" /><testcase classname="tests.core.test_alias_resolver.TestTsconfigAliases" name="test_missing_tsconfig" time="0.002" /><testcase classname="tests.core.test_alias_resolver.TestTsconfigAliases" name="test_invalid_tsconfig_json" time="0.004" /><testcase classname="tests.core.test_alias_resolver.TestWebpackAliases" name="test_load_webpack_alias" time="0.004" /><testcase classname="tests.core.test_alias_resolver.TestWebpackAliases" name="test_missing_webpack_config" time="0.002" /><testcase classname="tests.core.test_alias_resolver.TestViteAliases" name="test_load_vite_alias" time="0.003" /><testcase classname="tests.core.test_alias_resolver.TestViteAliases" name="test_load_vite_alias_relative" time="0.003" /><testcase classname="tests.core.test_alias_resolver.TestAliasResolution" name="test_resolve_exact_match" time="0.002" /><testcase classname="tests.core.test_alias_resolver.TestAliasResolution" name="test_resolve_with_subpath" time="0.002" /><testcase classname="tests.core.test_alias_resolver.TestAliasResolution" name="test_resolve_no_match" time="0.002" /><testcase classname="tests.core.test_alias_resolver.TestAliasResolution" name="test_resolve_partial_match_not_triggered" time="0.003" /><testcase classname="tests.core.test_alias_resolver.TestFileResolution" name="test_resolve_to_existing_file" time="0.003" /><testcase classname="tests.core.test_alias_resolver.TestFileResolution" name="test_resolve_to_index_file" time="0.003" /><testcase classname="tests.core.test_alias_resolver.TestFileResolution" name="test_resolve_to_nonexistent_file" time="0.003" /><testcase classname="tests.core.test_alias_resolver.TestAcceptanceCriteria" name="test_load_aliases_from_tsconfig" time="0.003" /><testcase classname="tests.core.test_alias_resolver.TestAcceptanceCriteria" name="test_resolve_aliased_imports" time="0.002" /><testcase classname="tests.core.test_alias_resolver.TestAcceptanceCriteria" name="test_convenience_function" time="0.002" /><testcase classname="tests.core.test_alias_resolver.TestMultiSourceAliases" name="test_aliases_from_multiple_sources" time="0.003" /><testcase classname="tests.core.test_alias_resolver.TestMultiSourceAliases" name="test_get_all_aliases" time="0.003" /><testcase classname="tests.core.test_architectural_rules.TestConfigurationLoading" name="test_load_defaults" time="0.002" /><testcase classname="tests.core.test_architectural_rules.TestConfigurationLoading" name="test_load_from_file" time="0.005" /><testcase classname="tests.core.test_architectural_rules.TestConfigurationLoading" name="test_load_from_explicit_path" time="0.004" /><testcase classname="tests.core.test_architectural_rules.TestLayerDetection" name="test_get_layer_presentation" time="0.007" /><testcase classname="tests.core.test_architectural_rules.TestLayerDetection" name="test_get_layer_domain" time="0.007" /><testcase classname="tests.core.test_architectural_rules.TestLayerDetection" name="test_get_layer_unmapped" time="0.007" /><testcase classname="tests.core.test_architectural_rules.TestLayerDetection" name="test_layer_index" time="0.005" /><testcase classname="tests.core.test_architectural_rules.TestDependencyRuleChecking" name="test_upward_dependency_violation" time="0.006" /><testcase classname="tests.core.test_architectural_rules.TestDependencyRuleChecking" name="test_downward_dependency_allowed" time="0.006" /><testcase classname="tests.core.test_architectural_rules.TestDependencyRuleChecking" name="test_layer_skip_warning" time="0.006" /><testcase classname="tests.core.test_architectural_rules.TestDependencyRuleChecking" name="test_same_layer_allowed" time="0.005" /><testcase classname="tests.core.test_architectural_rules.TestCustomRules" name="test_custom_deny_rule_triggers" time="0.005" /><testcase classname="tests.core.test_architectural_rules.TestCustomRules" name="test_custom_warn_rule_triggers" time="0.005" /><testcase classname="tests.core.test_architectural_rules.TestCouplingLimits" name="test_high_fan_in_violation" time="0.005" /><testcase classname="tests.core.test_architectural_rules.TestCouplingLimits" name="test_high_fan_out_violation" time="0.005" /><testcase classname="tests.core.test_architectural_rules.TestCouplingLimits" name="test_deep_dependency_chain" time="0.004" /><testcase classname="tests.core.test_architectural_rules.TestCouplingLimits" name="test_coupling_within_limits" time="0.005" /><testcase classname="tests.core.test_architectural_rules.TestExemptions" name="test_test_file_exempt" time="0.005" /><testcase classname="tests.core.test_architectural_rules.TestExemptions" name="test_utility_module_exempt" time="0.004" /><testcase classname="tests.core.test_architectural_rules.TestExemptions" name="test_exempt_module_skips_checks" time="0.005" /><testcase classname="tests.core.test_architectural_rules.TestModuleDependencyChecking" name="test_check_module_dependencies" time="0.005" /><testcase classname="tests.core.test_architectural_rules.TestGetAllRules" name="test_get_all_rules" time="0.005" /><testcase classname="tests.core.test_code_analyzer.TestCodeAnalyzerBasic" name="test_analyze_returns_metrics" time="0.003" /><testcase classname="tests.core.test_code_analyzer.TestCodeAnalyzerBasic" name="test_analyze_simple_code" time="0.002" /><testcase classname="tests.core.test_code_analyzer.TestCodeAnalyzerBasic" name="test_analyze_syntax_error" time="0.003" /><testcase classname="tests.core.test_code_analyzer.TestCodeAnalyzerBasic" name="test_caching" time="0.002" /><testcase classname="tests.core.test_code_analyzer.TestCodeAnalyzerBasic" name="test_create_analyzer" time="0.001" /><testcase classname="tests.core.test_code_analyzer.TestDeadCodeDetection" name="test_dead_code_summary" time="0.002" /><testcase classname="tests.core.test_code_analyzer.TestDeadCodeDetection" name="test_detect_unreachable_code" time="0.002" /><testcase classname="tests.core.test_code_analyzer.TestDeadCodeDetection" name="test_detect_unused_function" time="0.002" /><testcase classname="tests.core.test_code_analyzer.TestDeadCodeDetection" name="test_detect_unused_import" time="0.002" /><testcase classname="tests.core.test_code_analyzer.TestDeadCodeDetection" name="test_detect_unused_variable" time="0.002" /><testcase classname="tests.core.test_code_analyzer.TestRefactoring" name="test_inline_constant" time="0.002" /><testcase classname="tests.core.test_code_analyzer.TestRefactoring" name="test_remove_dead_code" time="0.002" /><testcase classname="tests.core.test_code_analyzer.TestRefactoring" name="test_remove_unused_imports" time="0.001" /><testcase classname="tests.core.test_code_analyzer.TestRefactoring" name="test_rename_variable" time="0.001" /><testcase classname="tests.core.test_code_analyzer.TestPDGConstruction" name="test_call_graph_created" time="0.003" /><testcase classname="tests.core.test_code_analyzer.TestPDGConstruction" name="test_pdg_created" time="0.002" /><testcase classname="tests.core.test_code_analyzer.TestSecurityAnalysis" name="test_detect_eval" time="0.002" /><testcase classname="tests.core.test_code_analyzer.TestSecurityAnalysis" name="test_detect_exec" time="0.002" /><testcase classname="tests.core.test_code_analyzer.TestConvenienceFunction" name="test_analyze_code_function" time="0.002" /><testcase classname="tests.core.test_code_analyzer.TestConvenienceFunction" name="test_analyze_code_with_level" time="0.002" /><testcase classname="tests.core.test_code_analyzer.TestPerformance" name="test_analysis_speed" time="0.023" /><testcase classname="tests.core.test_code_analyzer.TestCodeAnalyzerAdditional" name="test_generate_refactor_suggestions_handles_deep_nesting" time="0.003" /><testcase classname="tests.core.test_code_analyzer.TestCodeAnalyzerAdditional" name="test_run_symbolic_execution_handles_invalid_code" time="0.003" /><testcase classname="tests.core.test_config_loader" name="test_load_limits_from_default_location" time="0.012" /><testcase classname="tests.core.test_config_loader" name="test_load_limits_with_explicit_path" time="0.003" /><testcase classname="tests.core.test_config_loader" name="test_get_tool_limits" time="0.002" /><testcase classname="tests.core.test_config_loader" name="test_merge_limits" time="0.001" /><testcase classname="tests.core.test_config_loader" name="test_get_tool_capabilities_with_config_override" time="0.024" /><testcase classname="tests.core.test_config_loader" name="test_load_limits_explicit_path" time="0.002" /><testcase classname="tests.core.test_config_loader" name="test_cached_limits" time="0.019" /><testcase classname="tests.core.test_config_loader" name="test_reload_config" time="0.023" /><testcase classname="tests.core.test_config_loader" name="test_missing_config_returns_empty" time="0.004" /><testcase classname="tests.core.test_config_loader" name="test_invalid_toml_returns_empty" time="0.004" /><testcase classname="tests.core.test_config_loader" name="test_null_values_in_config" time="0.035" /><testcase classname="tests.core.test_config_loader" name="test_array_values_in_config" time="0.003" /><testcase classname="tests.core.test_config_loader" name="test_load_limits_custom_path" time="0.002" /><testcase classname="tests.core.test_config_loader" name="test_default_extract_code_limits[community-1]" time="0.037" /><testcase classname="tests.core.test_config_loader" name="test_default_extract_code_limits[pro-None]" time="0.035" /><testcase classname="tests.core.test_config_loader" name="test_default_extract_code_limits[enterprise-None]" time="0.035" /><testcase classname="tests.core.test_config_loader" name="test_full_integration_workflow" time="0.032" /><testcase classname="tests.core.test_decorator_analyzer.TestDecoratorExtraction" name="test_extract_class_decorator" time="0.005" /><testcase classname="tests.core.test_decorator_analyzer.TestDecoratorExtraction" name="test_extract_multiple_class_decorators" time="0.001" /><testcase classname="tests.core.test_decorator_analyzer.TestDecoratorExtraction" name="test_extract_method_decorator" time="0.001" /><testcase classname="tests.core.test_decorator_analyzer.TestDecoratorExtraction" name="test_extract_method_with_multiple_decorators" time="0.001" /><testcase classname="tests.core.test_decorator_analyzer.TestDecoratorExtraction" name="test_extract_parameter_decorator" time="0.002" /><testcase classname="tests.core.test_decorator_analyzer.TestDecoratorExtraction" name="test_decorator_factory_vs_simple" time="0.001" /><testcase classname="tests.core.test_decorator_analyzer.TestDecoratorExtraction" name="test_nested_decorator_names" time="0.001" /><testcase classname="tests.core.test_decorator_analyzer.TestDecoratorExtraction" name="test_complex_decorator_arguments" time="0.001" /><testcase classname="tests.core.test_decorator_analyzer.TestSecuritySinkDetection" name="test_post_decorator_is_security_sink" time="0.001" /><testcase classname="tests.core.test_decorator_analyzer.TestSecuritySinkDetection" name="test_get_decorator_is_security_sink" time="0.001" /><testcase classname="tests.core.test_decorator_analyzer.TestSecuritySinkDetection" name="test_delete_decorator_is_security_sink" time="0.001" /><testcase classname="tests.core.test_decorator_analyzer.TestSecuritySinkDetection" name="test_query_decorator_is_security_sink" time="0.001" /><testcase classname="tests.core.test_decorator_analyzer.TestSecuritySinkDetection" name="test_non_security_decorator" time="0.001" /><testcase classname="tests.core.test_decorator_analyzer.TestSecuritySinkDetection" name="test_mixed_decorators" time="0.001" /><testcase classname="tests.core.test_decorator_analyzer.TestSecurityMetadata" name="test_get_security_metadata_for_endpoint" time="0.001" /><testcase classname="tests.core.test_decorator_analyzer.TestSecurityMetadata" name="test_get_security_metadata_for_controller" time="0.001" /><testcase classname="tests.core.test_decorator_analyzer.TestSecurityMetadata" name="test_get_security_metadata_for_auth" time="0.001" /><testcase classname="tests.core.test_decorator_analyzer.TestSecurityMetadata" name="test_get_security_metadata_for_public" time="0.001" /><testcase classname="tests.core.test_decorator_analyzer.TestSecurityMetadata" name="test_get_security_metadata_combined" time="0.001" /><testcase classname="tests.core.test_decorator_analyzer.TestNestJSExample" name="test_nestjs_controller_example" time="0.002" /><testcase classname="tests.core.test_decorator_analyzer.TestNestJSExample" name="test_security_analysis_of_nestjs_code" time="0.001" /><testcase classname="tests.core.test_decorator_analyzer.TestAcceptanceCriteria" name="test_extract_decorator_names_and_arguments" time="0.001" /><testcase classname="tests.core.test_decorator_analyzer.TestAcceptanceCriteria" name="test_preserve_decorator_metadata_for_security_analysis" time="0.001" /><testcase classname="tests.core.test_decorator_analyzer.TestAcceptanceCriteria" name="test_support_class_method_parameter_decorators" time="0.001" /><testcase classname="tests.core.test_decorator_analyzer.TestAcceptanceCriteria" name="test_handle_decorator_factories_vs_simple" time="0.001" /><testcase classname="tests.core.test_import_resolver.TestBasicImports" name="test_simple_import" time="0.062" /><testcase classname="tests.core.test_import_resolver.TestBasicImports" name="test_from_import" time="0.065" /><testcase classname="tests.core.test_import_resolver.TestBasicImports" name="test_import_with_alias" time="0.067" /><testcase classname="tests.core.test_import_resolver.TestBasicImports" name="test_multiple_imports_same_line" time="0.063" /><testcase classname="tests.core.test_import_resolver.TestBasicImports" name="test_wildcard_import" time="0.068" /><testcase classname="tests.core.test_import_resolver.TestRelativeImports" name="test_single_dot_import" time="0.075" /><testcase classname="tests.core.test_import_resolver.TestRelativeImports" name="test_double_dot_import" time="0.101" /><testcase classname="tests.core.test_import_resolver.TestRelativeImports" name="test_relative_import_resolution" time="0.070" /><testcase classname="tests.core.test_import_resolver.TestCircularImports" name="test_detect_simple_cycle" time="0.059" /><testcase classname="tests.core.test_import_resolver.TestCircularImports" name="test_detect_longer_cycle" time="0.064" /><testcase classname="tests.core.test_import_resolver.TestCircularImports" name="test_no_cycle_when_clean" time="0.061" /><testcase classname="tests.core.test_import_resolver.TestCircularImports" name="test_cycle_file_paths_included" time="0.061" /><testcase classname="tests.core.test_import_resolver.TestSymbolResolution" name="test_resolve_local_symbol" time="0.059" /><testcase classname="tests.core.test_import_resolver.TestSymbolResolution" name="test_resolve_imported_symbol" time="0.067" /><testcase classname="tests.core.test_import_resolver.TestSymbolResolution" name="test_resolve_class_symbol" time="0.060" /><testcase classname="tests.core.test_import_resolver.TestSymbolResolution" name="test_resolve_nonexistent_symbol" time="0.070" /><testcase classname="tests.core.test_import_resolver.TestSymbolResolution" name="test_resolve_without_build_raises" time="0.004" /><testcase classname="tests.core.test_import_resolver.TestDefinitionExtraction" name="test_extract_functions" time="0.063" /><testcase classname="tests.core.test_import_resolver.TestDefinitionExtraction" name="test_extract_classes" time="0.064" /><testcase classname="tests.core.test_import_resolver.TestDefinitionExtraction" name="test_extract_methods" time="0.060" /><testcase classname="tests.core.test_import_resolver.TestDefinitionExtraction" name="test_extract_async_functions" time="0.060" /><testcase classname="tests.core.test_import_resolver.TestDefinitionExtraction" name="test_extract_function_signature" time="0.062" /><testcase classname="tests.core.test_import_resolver.TestDefinitionExtraction" name="test_extract_docstrings" time="0.058" /><testcase classname="tests.core.test_import_resolver.TestTopologicalSort" name="test_topological_order" time="0.061" /><testcase classname="tests.core.test_import_resolver.TestTopologicalSort" name="test_topological_sort_without_build_raises" time="0.004" /><testcase classname="tests.core.test_import_resolver.TestTopologicalSort" name="test_topological_sort_with_cycles" time="0.062" /><testcase classname="tests.core.test_import_resolver.TestGraphQueries" name="test_get_importers" time="0.071" /><testcase classname="tests.core.test_import_resolver.TestGraphQueries" name="test_get_imports" time="0.061" /><testcase classname="tests.core.test_import_resolver.TestGraphQueries" name="test_get_module_info" time="0.065" /><testcase classname="tests.core.test_import_resolver.TestGraphQueries" name="test_get_module_info_nonexistent" time="0.067" /><testcase classname="tests.core.test_import_resolver.TestGraphQueries" name="test_get_all_symbols" time="0.064" /><testcase classname="tests.core.test_import_resolver.TestGraphQueries" name="test_find_symbol_across_project" time="0.101" /><testcase classname="tests.core.test_import_resolver.TestPackageHandling" name="test_init_py_as_package" time="0.076" /><testcase classname="tests.core.test_import_resolver.TestPackageHandling" name="test_submodule_naming" time="0.075" /><testcase classname="tests.core.test_import_resolver.TestPackageHandling" name="test_nested_package_paths" time="0.159" /><testcase classname="tests.core.test_import_resolver.TestErrorHandling" name="test_syntax_error_file" time="0.097" /><testcase classname="tests.core.test_import_resolver.TestErrorHandling" name="test_encoding_error_file" time="0.103" /><testcase classname="tests.core.test_import_resolver.TestErrorHandling" name="test_empty_project" time="0.006" /><testcase classname="tests.core.test_import_resolver.TestErrorHandling" name="test_nonexistent_path" time="0.005" /><testcase classname="tests.core.test_import_resolver.TestSkipDirectories" name="test_skip_venv" time="0.075" /><testcase classname="tests.core.test_import_resolver.TestSkipDirectories" name="test_skip_pycache" time="0.069" /><testcase classname="tests.core.test_import_resolver.TestSkipDirectories" name="test_skip_hidden_directories" time="0.060" /><testcase classname="tests.core.test_import_resolver.TestMermaidGeneration" name="test_generate_mermaid" time="0.066" /><testcase classname="tests.core.test_import_resolver.TestMermaidGeneration" name="test_mermaid_shows_edges" time="0.065" /><testcase classname="tests.core.test_import_resolver.TestMermaidGeneration" name="test_mermaid_with_cycles" time="0.064" /><testcase classname="tests.core.test_import_resolver.TestImportInfo" name="test_effective_name_with_alias" time="0.001" /><testcase classname="tests.core.test_import_resolver.TestImportInfo" name="test_effective_name_without_alias" time="0.001" /><testcase classname="tests.core.test_import_resolver.TestImportInfo" name="test_full_path" time="0.001" /><testcase classname="tests.core.test_import_resolver.TestImportInfo" name="test_full_path_no_module" time="0.001" /><testcase classname="tests.core.test_import_resolver.TestCircularImportClass" name="test_str_representation" time="0.001" /><testcase classname="tests.core.test_import_resolver.TestCircularImportClass" name="test_default_severity" time="0.001" /><testcase classname="tests.core.test_import_resolver.TestIntegration" name="test_cross_package_resolution" time="0.114" /><testcase classname="tests.core.test_import_resolver.TestIntegration" name="test_re_export_resolution" time="0.077" /><testcase classname="tests.core.test_import_resolver.TestIntegration" name="test_full_build_result" time="0.105" /><testcase classname="tests.core.test_import_resolver.TestEdgeCases" name="test_empty_file" time="0.059" /><testcase classname="tests.core.test_import_resolver.TestEdgeCases" name="test_only_comments_file" time="0.065" /><testcase classname="tests.core.test_import_resolver.TestEdgeCases" name="test_deeply_nested_packages" time="0.089" /><testcase classname="tests.core.test_import_resolver.TestEdgeCases" name="test_module_with_same_name_as_stdlib" time="0.066" /><testcase classname="tests.core.test_import_resolver.TestEdgeCases" name="test_import_from_root_package" time="0.070" /><testcase classname="tests.core.test_import_resolver_dynamic_framework" name="test_dynamic_and_framework_imports" time="0.000"><skipped type="pytest.skip" message="[20260117_TEST] ImportType.FRAMEWORK not implemented - feature incomplete">/mnt/k/backup/Develop/code-scalpel/tests/core/test_import_resolver_dynamic_framework.py:10: [20260117_TEST] ImportType.FRAMEWORK not implemented - feature incomplete</skipped></testcase><testcase classname="tests.core.test_incremental_analyzer" name="test_incremental_analyzer_invalidation_and_dependents" time="0.005" /><testcase classname="tests.core.test_incremental_analyzer" name="test_incremental_analyzer_no_dependents" time="0.004" /><testcase classname="tests.core.test_pro_tier_features.TestWildcardExpansion" name="test_expand_wildcard_with_all" time="0.059" /><testcase classname="tests.core.test_pro_tier_features.TestWildcardExpansion" name="test_expand_wildcard_without_all" time="0.060" /><testcase classname="tests.core.test_pro_tier_features.TestWildcardExpansion" name="test_expand_wildcard_concatenated_all" time="0.062" /><testcase classname="tests.core.test_pro_tier_features.TestWildcardExpansion" name="test_get_wildcard_imports" time="0.071" /><testcase classname="tests.core.test_pro_tier_features.TestWildcardExpansion" name="test_expand_all_wildcards" time="0.077" /><testcase classname="tests.core.test_pro_tier_features.TestReexportResolution" name="test_detect_reexports_basic" time="0.063" /><testcase classname="tests.core.test_pro_tier_features.TestReexportResolution" name="test_resolve_alias_chain_simple" time="0.072" /><testcase classname="tests.core.test_pro_tier_features.TestReexportResolution" name="test_resolve_alias_chain_with_reexport" time="0.070" /><testcase classname="tests.core.test_pro_tier_features.TestReexportResolution" name="test_get_symbol_origin" time="0.067" /><testcase classname="tests.core.test_pro_tier_features.TestReexportResolution" name="test_get_all_reexports" time="0.084" /><testcase classname="tests.core.test_pro_tier_features.TestReexportResolution" name="test_circular_alias_detection" time="0.066" /><testcase classname="tests.core.test_pro_tier_features.TestImportInfoDataclass" name="test_source_module_property" time="0.002" /><testcase classname="tests.core.test_pro_tier_features.TestImportInfoDataclass" name="test_is_reexport_field" time="0.000"><skipped type="pytest.skip" message="[20260117_TEST] ImportInfo.is_reexport field not implemented">/mnt/k/backup/Develop/code-scalpel/tests/core/test_pro_tier_features.py:357: [20260117_TEST] ImportInfo.is_reexport field not implemented</skipped></testcase><testcase classname="tests.features.test_features_capability_gating.TestSecurityScanFeatureGating" name="test_security_scan_community_basic_features" time="0.040" /><testcase classname="tests.features.test_features_capability_gating.TestSecurityScanFeatureGating" name="test_security_scan_community_lacks_advanced_features" time="0.046" /><testcase classname="tests.features.test_features_capability_gating.TestSecurityScanFeatureGating" name="test_security_scan_pro_has_extended_features" time="0.050" /><testcase classname="tests.features.test_features_capability_gating.TestSecurityScanFeatureGating" name="test_security_scan_enterprise_has_all_features" time="0.066" /><testcase classname="tests.features.test_features_capability_gating.TestAnalyzeCodeLanguageGating" name="test_analyze_code_community_languages" time="0.034" /><testcase classname="tests.features.test_features_capability_gating.TestAnalyzeCodeLanguageGating" name="test_analyze_code_community_no_go_rust" time="0.035" /><testcase classname="tests.features.test_features_capability_gating.TestAnalyzeCodeLanguageGating" name="test_analyze_code_pro_extended_languages" time="0.036" /><testcase classname="tests.features.test_features_capability_gating.TestAnalyzeCodeLanguageGating" name="test_analyze_code_enterprise_unlimited_languages" time="0.036" /><testcase classname="tests.features.test_features_capability_gating.TestCodePolicyCheckComplianceGating" name="test_code_policy_check_community_basic_only" time="0.046" /><testcase classname="tests.features.test_features_capability_gating.TestCodePolicyCheckComplianceGating" name="test_code_policy_check_community_no_hipaa_soc2" time="0.079" /><testcase classname="tests.features.test_features_capability_gating.TestCodePolicyCheckComplianceGating" name="test_code_policy_check_pro_extended_compliance" time="0.037" /><testcase classname="tests.features.test_features_capability_gating.TestCodePolicyCheckComplianceGating" name="test_code_policy_check_enterprise_all_compliance" time="0.083" /><testcase classname="tests.features.test_features_capability_gating.TestSymbolicExecutionGating" name="test_symbolic_execute_community_basic" time="0.035" /><testcase classname="tests.features.test_features_capability_gating.TestSymbolicExecutionGating" name="test_symbolic_execute_community_no_advanced" time="0.036" /><testcase classname="tests.features.test_features_capability_gating.TestSymbolicExecutionGating" name="test_symbolic_execute_pro_unlimited_paths" time="0.036" /><testcase classname="tests.features.test_features_capability_gating.TestSymbolicExecutionGating" name="test_symbolic_execute_enterprise_advanced_features" time="0.036" /><testcase classname="tests.features.test_features_capability_gating.TestGenerateUnitTestsGating" name="test_generate_unit_tests_community_pytest" time="0.033" /><testcase classname="tests.features.test_features_capability_gating.TestGenerateUnitTestsGating" name="test_generate_unit_tests_community_limited_cases" time="0.035" /><testcase classname="tests.features.test_features_capability_gating.TestGenerateUnitTestsGating" name="test_generate_unit_tests_community_no_data_driven" time="0.034" /><testcase classname="tests.features.test_features_capability_gating.TestGenerateUnitTestsGating" name="test_generate_unit_tests_pro_multiple_frameworks" time="0.065" /><testcase classname="tests.features.test_features_capability_gating.TestGenerateUnitTestsGating" name="test_generate_unit_tests_pro_data_driven" time="0.037" /><testcase classname="tests.features.test_features_capability_gating.TestGenerateUnitTestsGating" name="test_generate_unit_tests_enterprise_all_features" time="0.095" /><testcase classname="tests.features.test_features_capability_gating.TestTypeEvaporationGating" name="test_type_evaporation_community_frontend_only" time="0.035" /><testcase classname="tests.features.test_features_capability_gating.TestTypeEvaporationGating" name="test_type_evaporation_pro_bidirectional" time="0.037" /><testcase classname="tests.features.test_features_capability_gating.TestTypeEvaporationGating" name="test_type_evaporation_enterprise_schema_gen" time="0.036" /><testcase classname="tests.integration.test_dynamic_import_repro" name="test_dynamic_imports_not_detected_yet" time="0.011" /><testcase classname="tests.integration.test_integration.TestMockedAgentFlow" name="test_end_to_end_code_analysis" time="0.002" /><testcase classname="tests.integration.test_integration.TestMockedAgentFlow" name="test_security_analysis_pipeline" time="0.002" /><testcase classname="tests.integration.test_integration.TestMockedAgentFlow" name="test_optimization_analysis_pipeline" time="0.002" /><testcase classname="tests.integration.test_integration.TestMockedAgentFlow" name="test_program_slicing_pipeline" time="0.002" /><testcase classname="tests.integration.test_integration.TestMalformedASTHandling" name="test_syntax_error_in_code" time="0.001" /><testcase classname="tests.integration.test_integration.TestMalformedASTHandling" name="test_incomplete_function_definition" time="0.001" /><testcase classname="tests.integration.test_integration.TestMalformedASTHandling" name="test_missing_colon" time="0.001" /><testcase classname="tests.integration.test_integration.TestMalformedASTHandling" name="test_invalid_indentation" time="0.001" /><testcase classname="tests.integration.test_integration.TestMalformedASTHandling" name="test_unmatched_parentheses" time="0.001" /><testcase classname="tests.integration.test_integration.TestMalformedASTHandling" name="test_unmatched_brackets" time="0.001" /><testcase classname="tests.integration.test_integration.TestMalformedASTHandling" name="test_invalid_operator" time="0.001" /><testcase classname="tests.integration.test_integration.TestMalformedASTHandling" name="test_invalid_string_literal" time="0.001" /><testcase classname="tests.integration.test_integration.TestMalformedASTHandling" name="test_ast_analyzer_with_malformed_input" time="0.004" /><testcase classname="tests.integration.test_integration.TestMalformedASTHandling" name="test_pdg_builder_with_malformed_input" time="0.001" /><testcase classname="tests.integration.test_integration.TestErrorRecovery" name="test_partial_analysis_on_valid_code" time="0.001" /><testcase classname="tests.integration.test_integration.TestErrorRecovery" name="test_handle_none_input" time="0.001" /><testcase classname="tests.integration.test_integration.TestErrorRecovery" name="test_handle_empty_pdg" time="0.001" /><testcase classname="tests.integration.test_integration.TestErrorRecovery" name="test_handle_pdg_with_missing_attributes" time="0.001" /><testcase classname="tests.integration.test_integration.TestMockedExternalServices" name="test_mocked_api_call" time="2.846" /><testcase classname="tests.integration.test_integration.TestMockedExternalServices" name="test_mocked_llm_response" time="0.002" /><testcase classname="tests.integration.test_integration.TestMockedExternalServices" name="test_mocked_code_review_agent" time="0.001" /><testcase classname="tests.integration.test_integration.TestConcurrentAnalysis" name="test_multiple_pdg_builds" time="0.002" /><testcase classname="tests.integration.test_integration.TestConcurrentAnalysis" name="test_analyzer_cache_isolation" time="0.001" /><testcase classname="tests.integration.test_integration.TestIntegrationWithRealWorld" name="test_analyze_realistic_function" time="0.002" /><testcase classname="tests.integration.test_integration.TestIntegrationWithRealWorld" name="test_analyze_class_with_inheritance" time="0.001" /><testcase classname="tests.integration.test_integration.TestIntegrationWithRealWorld" name="test_full_pipeline_with_complex_code" time="0.003" /><testcase classname="tests.integration.test_integration_end_to_end.TestBasicAnalysis" name="test_simple_assignment" time="0.011" /><testcase classname="tests.integration.test_integration_end_to_end.TestBasicAnalysis" name="test_conditional_branch_concrete" time="0.013" /><testcase classname="tests.integration.test_integration_end_to_end.TestBasicAnalysis" name="test_symbolic_input_creates_paths" time="0.005" /><testcase classname="tests.integration.test_integration_end_to_end.TestBasicAnalysis" name="test_loop_analysis" time="0.010" /><testcase classname="tests.integration.test_integration_end_to_end.TestBugFinding" name="test_find_secret_password" time="0.004" /><testcase classname="tests.integration.test_integration_end_to_end.TestBugFinding" name="test_find_division_by_zero" time="0.003" /><testcase classname="tests.integration.test_integration_end_to_end.TestBugFinding" name="test_find_boundary_condition" time="0.003" /><testcase classname="tests.integration.test_integration_end_to_end.TestPathExploration" name="test_nested_conditions" time="0.007" /><testcase classname="tests.integration.test_integration_end_to_end.TestPathExploration" name="test_chained_conditions" time="0.010" /><testcase classname="tests.integration.test_integration_end_to_end.TestPathExploration" name="test_infeasible_path_pruning" time="0.012" /><testcase classname="tests.integration.test_integration_end_to_end.TestLoopHandling" name="test_for_loop_range" time="0.002" /><testcase classname="tests.integration.test_integration_end_to_end.TestLoopHandling" name="test_while_loop_bounded" time="0.007" /><testcase classname="tests.integration.test_integration_end_to_end.TestLoopHandling" name="test_symbolic_loop_condition" time="0.010" /><testcase classname="tests.integration.test_integration_end_to_end.TestSolverIntegration" name="test_prove_always_true" time="0.002" /><testcase classname="tests.integration.test_integration_end_to_end.TestSolverIntegration" name="test_find_counterexample" time="0.003" /><testcase classname="tests.integration.test_integration_end_to_end.TestSolverIntegration" name="test_solve_with_constraints" time="0.003" /><testcase classname="tests.integration.test_integration_end_to_end.TestSolverIntegration" name="test_unsat_constraints" time="0.003" /><testcase classname="tests.integration.test_integration_end_to_end.TestFullPipeline" name="test_analyze_simple_function" time="0.011" /><testcase classname="tests.integration.test_integration_end_to_end.TestFullPipeline" name="test_analyze_with_arithmetic" time="0.011" /><testcase classname="tests.integration.test_integration_end_to_end.TestFullPipeline" name="test_analyze_boolean_operations" time="0.010" /><testcase classname="tests.integration.test_integration_end_to_end.TestFullPipeline" name="test_type_marshaling" time="0.003" /><testcase classname="tests.integration.test_integration_end_to_end.TestEdgeCases" name="test_empty_code" time="0.006" /><testcase classname="tests.integration.test_integration_end_to_end.TestEdgeCases" name="test_whitespace_only" time="0.008" /><testcase classname="tests.integration.test_integration_end_to_end.TestEdgeCases" name="test_comments_only" time="0.010" /><testcase classname="tests.integration.test_integration_end_to_end.TestEdgeCases" name="test_pass_statement" time="0.009" /><testcase classname="tests.integration.test_integration_end_to_end.TestRealWorldScenarios" name="test_absolute_value_pattern" time="0.005" /><testcase classname="tests.integration.test_integration_end_to_end.TestRealWorldScenarios" name="test_max_of_two_pattern" time="0.005" /><testcase classname="tests.integration.test_integration_end_to_end.TestRealWorldScenarios" name="test_clamp_pattern" time="0.014" /><testcase classname="tests.integration.test_integration_end_to_end.TestRealWorldScenarios" name="test_sign_function_pattern" time="0.007" /><testcase classname="tests.integration.test_reproduction_inputs" name="test_symbolic_execute_returns_concrete_inputs" time="0.021" /><testcase classname="tests.integration.test_surgical_extractor_enhanced.TestEnhancedMetadata" name="test_extract_docstring" time="0.006" /><testcase classname="tests.integration.test_surgical_extractor_enhanced.TestEnhancedMetadata" name="test_extract_signature" time="0.004" /><testcase classname="tests.integration.test_surgical_extractor_enhanced.TestEnhancedMetadata" name="test_extract_decorators" time="0.004" /><testcase classname="tests.integration.test_surgical_extractor_enhanced.TestEnhancedMetadata" name="test_detect_async" time="0.005" /><testcase classname="tests.integration.test_surgical_extractor_enhanced.TestEnhancedMetadata" name="test_detect_generator" time="0.005" /><testcase classname="tests.integration.test_surgical_extractor_enhanced.TestEnhancedMetadata" name="test_source_file_stored" time="0.005" /><testcase classname="tests.integration.test_surgical_extractor_enhanced.TestEnhancedMetadata" name="test_class_metadata" time="0.004" /><testcase classname="tests.integration.test_surgical_extractor_enhanced.TestTokenCounting" name="test_token_estimate_property" time="0.004" /><testcase classname="tests.integration.test_surgical_extractor_enhanced.TestTokenCounting" name="test_get_token_count_gpt4" time="0.005" /><testcase classname="tests.integration.test_surgical_extractor_enhanced.TestTokenCounting" name="test_get_token_count_gpt35" time="0.004" /><testcase classname="tests.integration.test_surgical_extractor_enhanced.TestTokenCounting" name="test_contextual_token_estimate" time="0.007" /><testcase classname="tests.integration.test_surgical_extractor_enhanced.TestTokenCounting" name="test_contextual_get_token_count" time="0.006" /><testcase classname="tests.integration.test_surgical_extractor_enhanced.TestDecoratorExtraction" name="test_list_decorators" time="0.005" /><testcase classname="tests.integration.test_surgical_extractor_enhanced.TestDecoratorExtraction" name="test_get_decorator" time="0.005" /><testcase classname="tests.integration.test_surgical_extractor_enhanced.TestDecoratorExtraction" name="test_get_decorator_not_found" time="0.004" /><testcase classname="tests.integration.test_surgical_extractor_enhanced.TestFindCallers" name="test_find_callers_single" time="0.005" /><testcase classname="tests.integration.test_surgical_extractor_enhanced.TestFindCallers" name="test_find_callers_multiple" time="0.005" /><testcase classname="tests.integration.test_surgical_extractor_enhanced.TestFindCallers" name="test_find_callers_none" time="0.007" /><testcase classname="tests.integration.test_surgical_extractor_enhanced.TestFindCallers" name="test_find_callers_returns_line_numbers" time="0.006" /><testcase classname="tests.integration.test_surgical_extractor_enhanced.TestFindCallers" name="test_find_callers_distinguishes_types" time="0.006" /><testcase classname="tests.integration.test_surgical_extractor_enhanced.TestPromptFormatting" name="test_to_prompt_basic" time="0.006" /><testcase classname="tests.integration.test_surgical_extractor_enhanced.TestPromptFormatting" name="test_to_prompt_with_metadata" time="0.006" /><testcase classname="tests.integration.test_surgical_extractor_enhanced.TestPromptFormatting" name="test_to_prompt_without_metadata" time="0.006" /><testcase classname="tests.integration.test_surgical_extractor_enhanced.TestPromptFormatting" name="test_to_prompt_includes_context" time="0.006" /><testcase classname="tests.integration.test_surgical_extractor_enhanced.TestSummarize" name="test_summarize_basic" time="0.006" /><testcase classname="tests.integration.test_surgical_extractor_enhanced.TestSummarize" name="test_summarize_truncated" time="0.005" /><testcase classname="tests.integration.test_surgical_extractor_enhanced.TestBudgetTrimming" name="test_trim_to_budget_no_change" time="0.006" /><testcase classname="tests.integration.test_surgical_extractor_enhanced.TestBudgetTrimming" name="test_trim_to_budget_removes_context" time="0.006" /><testcase classname="tests.integration.test_surgical_extractor_enhanced.TestBudgetTrimming" name="test_trim_to_budget_keeps_target" time="0.007" /><testcase classname="tests.integration.test_surgical_extractor_enhanced.TestBudgetTrimming" name="test_trim_to_budget_marks_truncated" time="0.007" /><testcase classname="tests.integration.test_surgical_extractor_enhanced.TestCaching" name="test_cache_hits" time="0.006" /><testcase classname="tests.integration.test_surgical_extractor_enhanced.TestCaching" name="test_cache_different_functions" time="0.005" /><testcase classname="tests.integration.test_surgical_extractor_enhanced.TestCaching" name="test_class_cache" time="0.005" /><testcase classname="tests.integration.test_surgical_patcher.TestSurgicalPatcher" name="test_patcher_init" time="0.001" /><testcase classname="tests.integration.test_surgical_patcher.TestSurgicalPatcher" name="test_patcher_from_file" time="0.002" /><testcase classname="tests.integration.test_surgical_patcher.TestSurgicalPatcher" name="test_patcher_file_not_found" time="0.001" /><testcase classname="tests.integration.test_surgical_patcher.TestUpdateFunction" name="test_update_function_basic" time="0.007" /><testcase classname="tests.integration.test_surgical_patcher.TestUpdateFunction" name="test_update_function_not_found" time="0.004" /><testcase classname="tests.integration.test_surgical_patcher.TestUpdateFunction" name="test_update_function_wrong_type" time="0.004" /><testcase classname="tests.integration.test_surgical_patcher.TestUpdateFunction" name="test_update_function_invalid_replacement" time="0.007" /><testcase classname="tests.integration.test_surgical_patcher.TestUpdateFunction" name="test_update_function_wrong_replacement_type" time="0.007" /><testcase classname="tests.integration.test_surgical_patcher.TestUpdateClass" name="test_update_class_basic" time="0.006" /><testcase classname="tests.integration.test_surgical_patcher.TestUpdateClass" name="test_update_class_not_found" time="0.005" /><testcase classname="tests.integration.test_surgical_patcher.TestUpdateMethod" name="test_update_method_basic" time="0.007" /><testcase classname="tests.integration.test_surgical_patcher.TestUpdateMethod" name="test_update_method_not_found" time="0.005" /><testcase classname="tests.integration.test_surgical_patcher.TestUpdateMethod" name="test_update_method_class_not_found" time="0.004" /><testcase classname="tests.integration.test_surgical_patcher.TestFileSaveAndBackup" name="test_save_creates_backup" time="0.009" /><testcase classname="tests.integration.test_surgical_patcher.TestFileSaveAndBackup" name="test_save_modifies_file" time="0.007" /><testcase classname="tests.integration.test_surgical_patcher.TestFileSaveAndBackup" name="test_save_no_backup" time="0.009" /><testcase classname="tests.integration.test_surgical_patcher.TestFileSaveAndBackup" name="test_save_no_file_path_error" time="0.007" /><testcase classname="tests.integration.test_surgical_patcher.TestFileSaveAndBackup" name="test_discard_changes" time="0.008" /><testcase classname="tests.integration.test_surgical_patcher.TestConvenienceFunctions" name="test_update_function_in_file" time="0.009" /><testcase classname="tests.integration.test_surgical_patcher.TestConvenienceFunctions" name="test_update_class_in_file" time="0.008" /><testcase classname="tests.integration.test_surgical_patcher.TestConvenienceFunctions" name="test_update_method_in_file" time="0.008" /><testcase classname="tests.integration.test_surgical_patcher.TestEdgeCases" name="test_function_with_decorator" time="0.007" /><testcase classname="tests.integration.test_surgical_patcher.TestEdgeCases" name="test_async_function" time="0.008" /><testcase classname="tests.integration.test_surgical_patcher.TestEdgeCases" name="test_preserve_surrounding_code" time="0.007" /><testcase classname="tests.integration.test_surgical_patcher.TestEdgeCases" name="test_multiline_function" time="0.007" /><testcase classname="tests.integration.test_surgical_patcher.TestEdgeCases" name="test_class_with_multiple_methods" time="0.007" /><testcase classname="tests.integration.test_surgical_patcher.TestEdgeCases" name="test_empty_replacement_error" time="0.010" /><testcase classname="tests.integration.test_surgical_patcher.TestEdgeCases" name="test_lines_delta" time="0.006" /><testcase classname="tests.integration.test_tool_pipelines.TestGraphToolPipeline" name="test_call_graph_to_neighborhood_to_security" time="0.177" /><testcase classname="tests.integration.test_tool_pipelines.TestGraphToolPipeline" name="test_graph_consistency_across_calls" time="0.003" /><testcase classname="tests.integration.test_tool_pipelines.TestGraphToolPipeline" name="test_neighborhood_extraction_preserves_edges" time="0.003" /><testcase classname="tests.integration.test_tool_pipelines.TestExtractionPipeline" name="test_crawl_to_extract_to_refactor" time="0.003" /><testcase classname="tests.integration.test_tool_pipelines.TestExtractionPipeline" name="test_extract_respects_tier_depth" time="0.005" /><testcase classname="tests.integration.test_tool_pipelines.TestAnalysisPipeline" name="test_project_map_to_symbols_to_tests" time="0.003" /><testcase classname="tests.integration.test_tool_pipelines.TestSecurityAnalysisPipeline" name="test_cross_file_security_with_neighborhoods" time="0.003" /><testcase classname="tests.integration.test_tool_pipelines.TestTierLimitingAcrossPipeline" name="test_community_limits_in_pipeline" time="0.003" /><testcase classname="tests.integration.test_tool_pipelines.TestTierLimitingAcrossPipeline" name="test_pro_limits_in_pipeline" time="0.004" /><testcase classname="tests.integration.test_tool_pipelines.TestTierLimitingAcrossPipeline" name="test_enterprise_unlimited_in_pipeline" time="0.005" /><testcase classname="tests.integration.test_tool_pipelines.TestDataConsistency" name="test_file_paths_consistent" time="0.003" /><testcase classname="tests.integration.test_tool_pipelines.TestDataConsistency" name="test_symbol_names_consistent" time="0.003" /><testcase classname="tests.integration.test_tool_pipelines.TestDataConsistency" name="test_line_numbers_consistent" time="0.003" /><testcase classname="tests.integration.test_tool_pipelines.TestErrorHandlingInPipelines" name="test_partial_failure_handling" time="0.003" /><testcase classname="tests.integration.test_tool_pipelines.TestErrorHandlingInPipelines" name="test_error_propagation" time="0.003" /><testcase classname="tests.integration.test_tool_pipelines.TestErrorHandlingInPipelines" name="test_timeout_in_pipeline" time="0.002" /><testcase classname="tests.integration.test_tool_pipelines.TestLargeScalePipelines" name="test_1000_file_project_pipeline" time="0.003" /><testcase classname="tests.integration.test_tool_pipelines.TestLargeScalePipelines" name="test_deep_call_graph_pipeline" time="0.003" /><testcase classname="tests.integration.test_tool_pipelines.TestLargeScalePipelines" name="test_many_cross_file_dependencies" time="0.003" /><testcase classname="tests.integration.test_tool_pipelines.TestPipelineDocumentation" name="test_common_workflows_documented" time="0.001" /><testcase classname="tests.integration.test_tool_pipelines.TestPipelineDocumentation" name="test_performance_expectations_documented" time="0.001" /><testcase classname="tests.integration.test_tool_pipelines.TestPipelineDocumentation" name="test_tier_impact_documented" time="0.001" /><testcase classname="tests.integration.test_tree_sitter_visitor" name="test_visit_dispatch_and_generic_visit_collects_children" time="0.001" /><testcase classname="tests.integration.test_tree_sitter_visitor" name="test_noise_filter_and_debug_node_output" time="0.001" /><testcase classname="tests.integration.test_tree_sitter_visitor" name="test_warn_and_error_helpers" time="0.004" /><testcase classname="tests.integration.test_tree_sitter_visitor" name="test_visit_children_and_find_helpers" time="0.001" /><testcase classname="tests.integration.test_tree_sitter_visitor" name="test_debug_node_truncates_long_text" time="0.001" /><testcase classname="tests.integration.test_tree_sitter_visitor_helpers" name="test_noise_detection_and_error_warning" time="0.001" /><testcase classname="tests.integration.test_tree_sitter_visitor_helpers" name="test_visit_and_child_helpers" time="0.001" /><testcase classname="tests.integration.test_tree_sitter_visitor_helpers" name="test_debug_node_truncates_and_formats" time="0.001" /><testcase classname="tests.integration.test_tsx_analyzer" name="test_detect_server_directives" time="0.001" /><testcase classname="tests.integration.test_tsx_analyzer" name="test_has_jsx_fragments_and_ignore_comparisons" time="0.001" /><testcase classname="tests.integration.test_tsx_analyzer" name="test_is_react_component_function_and_class" time="0.001" /><testcase classname="tests.integration.test_update_symbol_tiers.TestSessionTracking" name="test_session_count_starts_at_zero" time="0.001" /><testcase classname="tests.integration.test_update_symbol_tiers.TestSessionTracking" name="test_increment_session_count" time="0.001" /><testcase classname="tests.integration.test_update_symbol_tiers.TestSessionTracking" name="test_separate_tool_counts" time="0.001" /><testcase classname="tests.integration.test_update_symbol_tiers.TestAuditTrail" name="test_add_audit_entry" time="0.003" /><testcase classname="tests.integration.test_update_symbol_tiers.TestAuditTrail" name="test_audit_trail_is_copy" time="0.003" /><testcase classname="tests.integration.test_update_symbol_tiers.TestComplianceCheck" name="test_compliance_detects_hardcoded_secrets" time="0.002" /><testcase classname="tests.integration.test_update_symbol_tiers.TestComplianceCheck" name="test_compliance_detects_eval" time="0.002" /><testcase classname="tests.integration.test_update_symbol_tiers.TestComplianceCheck" name="test_compliance_passes_clean_code" time="0.002" /><testcase classname="tests.integration.test_update_symbol_tiers.TestCodeReviewApproval" name="test_approval_for_sensitive_path" time="0.002" /><testcase classname="tests.integration.test_update_symbol_tiers.TestCodeReviewApproval" name="test_approval_for_normal_path" time="0.002" /><testcase classname="tests.integration.test_update_symbol_tiers.TestPrePostHooks" name="test_pre_hook_default_continues" time="0.002" /><testcase classname="tests.integration.test_update_symbol_tiers.TestPrePostHooks" name="test_post_hook_returns_warnings" time="0.002" /><testcase classname="tests.integration.test_update_symbol_tiers.TestPolyglotSupport" name="test_python_patcher_creation" time="0.001" /><testcase classname="tests.integration.test_update_symbol_tiers.TestPolyglotSupport" name="test_javascript_patcher_creation" time="0.001" /><testcase classname="tests.integration.test_update_symbol_tiers.TestPolyglotSupport" name="test_typescript_patcher_creation" time="0.001" /><testcase classname="tests.integration.test_update_symbol_tiers.TestPolyglotSupport" name="test_java_patcher_creation" time="0.001" /><testcase classname="tests.integration.test_update_symbol_tiers.TestJavaScriptUpdate" name="test_update_js_function" time="0.001" /><testcase classname="tests.integration.test_update_symbol_tiers.TestJavaScriptUpdate" name="test_update_js_arrow_function" time="0.001" /><testcase classname="tests.integration.test_update_symbol_tiers.TestTypeScriptUpdate" name="test_update_ts_function_with_types" time="0.001" /><testcase classname="tests.integration.test_update_symbol_tiers.TestJavaUpdate" name="test_update_java_method" time="0.002" /><testcase classname="tests.integration.test_update_symbol_tiers.TestTierCapabilities" name="test_community_tier_has_basic_replacement" time="0.036" /><testcase classname="tests.integration.test_update_symbol_tiers.TestTierCapabilities" name="test_community_tier_has_session_limit" time="0.036" /><testcase classname="tests.integration.test_update_symbol_tiers.TestTierCapabilities" name="test_pro_tier_is_unlimited" time="0.036" /><testcase classname="tests.integration.test_update_symbol_tiers.TestTierCapabilities" name="test_pro_tier_has_hooks" time="0.035" /><testcase classname="tests.integration.test_update_symbol_tiers.TestTierCapabilities" name="test_enterprise_tier_has_audit_trail" time="0.036" /><testcase classname="tests.integration.test_update_symbol_tiers.TestTierCapabilities" name="test_enterprise_tier_has_compliance" time="0.036" /><testcase classname="tests.integration.test_update_symbol_tiers.TestTierCapabilities" name="test_enterprise_tier_has_approval" time="0.036" /><testcase classname="tests.integration.test_update_symbol_tiers.TestLimitsTomlIntegration" name="test_limits_toml_community_tier" time="0.012" /><testcase classname="tests.integration.test_update_symbol_tiers.TestLimitsTomlIntegration" name="test_limits_toml_pro_tier" time="0.012" /><testcase classname="tests.languages.test_polyglot_support.TestAnalyzeCodeLanguageSupport" name="test_analyze_code_supported_languages[python]" time="0.006" /><testcase classname="tests.languages.test_polyglot_support.TestAnalyzeCodeLanguageSupport" name="test_analyze_code_supported_languages[javascript]" time="0.001" /><testcase classname="tests.languages.test_polyglot_support.TestAnalyzeCodeLanguageSupport" name="test_analyze_code_supported_languages[typescript]" time="0.001" /><testcase classname="tests.languages.test_polyglot_support.TestAnalyzeCodeLanguageSupport" name="test_analyze_code_supported_languages[java]" time="0.001" /><testcase classname="tests.languages.test_polyglot_support.TestAnalyzeCodeLanguageSupport" name="test_analyze_code_python_full_support" time="0.001" /><testcase classname="tests.languages.test_polyglot_support.TestAnalyzeCodeLanguageSupport" name="test_analyze_code_javascript_basic_support" time="0.001" /><testcase classname="tests.languages.test_polyglot_support.TestAnalyzeCodeLanguageSupport" name="test_analyze_code_go_not_supported" time="0.001" /><testcase classname="tests.languages.test_polyglot_support.TestAnalyzeCodeLanguageSupport" name="test_analyze_code_unsupported_language_error" time="0.001" /><testcase classname="tests.languages.test_polyglot_support.TestSecurityScanLanguageSupport" name="test_security_scan_python_full_taint_tracking" time="0.001" /><testcase classname="tests.languages.test_polyglot_support.TestSecurityScanLanguageSupport" name="test_security_scan_javascript_sink_detection" time="0.001" /><testcase classname="tests.languages.test_polyglot_support.TestSecurityScanLanguageSupport" name="test_security_scan_typescript_sink_detection" time="0.001" /><testcase classname="tests.languages.test_polyglot_support.TestSecurityScanLanguageSupport" name="test_security_scan_java_sink_detection" time="0.001" /><testcase classname="tests.languages.test_polyglot_support.TestSecurityScanLanguageSupport" name="test_security_scan_go_rust_not_supported" time="0.001" /><testcase classname="tests.languages.test_polyglot_support.TestUnifiedSinkDetectLanguageSupport" name="test_unified_sink_detect_supported[python]" time="0.001" /><testcase classname="tests.languages.test_polyglot_support.TestUnifiedSinkDetectLanguageSupport" name="test_unified_sink_detect_supported[javascript]" time="0.002" /><testcase classname="tests.languages.test_polyglot_support.TestUnifiedSinkDetectLanguageSupport" name="test_unified_sink_detect_supported[typescript]" time="0.001" /><testcase classname="tests.languages.test_polyglot_support.TestUnifiedSinkDetectLanguageSupport" name="test_unified_sink_detect_supported[java]" time="0.001" /><testcase classname="tests.languages.test_polyglot_support.TestUnifiedSinkDetectLanguageSupport" name="test_unified_sink_detect_python_sinks" time="0.001" /><testcase classname="tests.languages.test_polyglot_support.TestUnifiedSinkDetectLanguageSupport" name="test_unified_sink_detect_javascript_sinks" time="0.001" /><testcase classname="tests.languages.test_polyglot_support.TestUnifiedSinkDetectLanguageSupport" name="test_unified_sink_detect_unsupported_language" time="0.001" /><testcase classname="tests.languages.test_polyglot_support.TestGetCallGraphLanguageSupport" name="test_get_call_graph_python" time="0.001" /><testcase classname="tests.languages.test_polyglot_support.TestGetCallGraphLanguageSupport" name="test_get_call_graph_javascript" time="0.001" /><testcase classname="tests.languages.test_polyglot_support.TestGetCallGraphLanguageSupport" name="test_get_call_graph_go_not_supported" time="0.001" /><testcase classname="tests.languages.test_polyglot_support.TestExtractCodeLanguageSupport" name="test_extract_code_python" time="0.001" /><testcase classname="tests.languages.test_polyglot_support.TestExtractCodeLanguageSupport" name="test_extract_code_javascript_single_symbol" time="0.001" /><testcase classname="tests.languages.test_polyglot_support.TestExtractCodeLanguageSupport" name="test_extract_code_typescript_single_symbol" time="0.001" /><testcase classname="tests.languages.test_polyglot_support.TestExtractCodeLanguageSupport" name="test_extract_code_java_limited" time="0.001" /><testcase classname="tests.languages.test_polyglot_support.TestRenameSymbolLanguageSupport" name="test_rename_symbol_python" time="0.001" /><testcase classname="tests.languages.test_polyglot_support.TestRenameSymbolLanguageSupport" name="test_rename_symbol_javascript_not_in_v1" time="0.001" /><testcase classname="tests.languages.test_polyglot_support.TestTypeEvaporationLanguageSupport" name="test_type_evaporation_typescript_frontend" time="0.001" /><testcase classname="tests.languages.test_polyglot_support.TestTypeEvaporationLanguageSupport" name="test_type_evaporation_python_backend" time="0.001" /><testcase classname="tests.languages.test_polyglot_support.TestTypeEvaporationLanguageSupport" name="test_type_evaporation_other_languages_not_supported" time="0.001" /><testcase classname="tests.languages.test_polyglot_support.TestToolLanguageMatrix" name="test_language_support_matches_documentation[analyze_code-python-full]" time="0.001" /><testcase classname="tests.languages.test_polyglot_support.TestToolLanguageMatrix" name="test_language_support_matches_documentation[security_scan-python-full]" time="0.001" /><testcase classname="tests.languages.test_polyglot_support.TestToolLanguageMatrix" name="test_language_support_matches_documentation[get_call_graph-python-full]" time="0.001" /><testcase classname="tests.languages.test_polyglot_support.TestToolLanguageMatrix" name="test_language_support_matches_documentation[extract_code-python-full]" time="0.002" /><testcase classname="tests.languages.test_polyglot_support.TestToolLanguageMatrix" name="test_language_support_matches_documentation[rename_symbol-python-full]" time="0.001" /><testcase classname="tests.languages.test_polyglot_support.TestToolLanguageMatrix" name="test_language_support_matches_documentation[analyze_code-javascript-basic]" time="0.001" /><testcase classname="tests.languages.test_polyglot_support.TestToolLanguageMatrix" name="test_language_support_matches_documentation[security_scan-javascript-sink_only]" time="0.001" /><testcase classname="tests.languages.test_polyglot_support.TestToolLanguageMatrix" name="test_language_support_matches_documentation[get_call_graph-javascript-partial]" time="0.001" /><testcase classname="tests.languages.test_polyglot_support.TestToolLanguageMatrix" name="test_language_support_matches_documentation[extract_code-javascript-single_symbol]" time="0.001" /><testcase classname="tests.languages.test_polyglot_support.TestToolLanguageMatrix" name="test_language_support_matches_documentation[rename_symbol-javascript-not_supported]" time="0.002" /><testcase classname="tests.languages.test_polyglot_support.TestToolLanguageMatrix" name="test_language_support_matches_documentation[analyze_code-typescript-basic]" time="0.002" /><testcase classname="tests.languages.test_polyglot_support.TestToolLanguageMatrix" name="test_language_support_matches_documentation[security_scan-typescript-sink_only]" time="0.001" /><testcase classname="tests.languages.test_polyglot_support.TestToolLanguageMatrix" name="test_language_support_matches_documentation[get_call_graph-typescript-partial]" time="0.001" /><testcase classname="tests.languages.test_polyglot_support.TestToolLanguageMatrix" name="test_language_support_matches_documentation[extract_code-typescript-single_symbol]" time="0.001" /><testcase classname="tests.languages.test_polyglot_support.TestToolLanguageMatrix" name="test_language_support_matches_documentation[security_scan-java-sink_only]" time="0.001" /><testcase classname="tests.languages.test_polyglot_support.TestToolLanguageMatrix" name="test_language_support_matches_documentation[unified_sink_detect-java-supported]" time="0.001" /><testcase classname="tests.languages.test_polyglot_support.TestToolLanguageMatrix" name="test_language_support_matches_documentation[extract_code-java-single_symbol]" time="0.001" /><testcase classname="tests.languages.test_polyglot_support.TestToolLanguageMatrix" name="test_language_support_matches_documentation[analyze_code-go-not_supported]" time="0.001" /><testcase classname="tests.languages.test_polyglot_support.TestToolLanguageMatrix" name="test_language_support_matches_documentation[analyze_code-rust-not_supported]" time="0.001" /><testcase classname="tests.languages.test_polyglot_support.TestToolLanguageMatrix" name="test_language_support_matches_documentation[security_scan-go-not_supported]" time="0.001" /><testcase classname="tests.languages.test_polyglot_support.TestToolLanguageMatrix" name="test_language_support_matches_documentation[security_scan-rust-not_supported]" time="0.001" /><testcase classname="tests.languages.test_polyglot_support.TestToolLanguageMatrix" name="test_language_support_matches_documentation[unified_sink_detect-go-not_supported]" time="0.001" /><testcase classname="tests.languages.test_polyglot_support.TestToolLanguageMatrix" name="test_language_support_matches_documentation[security_scan-php-not_supported]" time="0.001" /><testcase classname="tests.languages.test_polyglot_support.TestToolLanguageMatrix" name="test_language_support_matches_documentation[security_scan-ruby-not_supported]" time="0.001" /><testcase classname="tests.languages.test_polyglot_support.TestLanguageDetection" name="test_file_extension_detection" time="0.001" /><testcase classname="tests.languages.test_polyglot_support.TestLanguageDetection" name="test_shebang_detection" time="0.001" /><testcase classname="tests.languages.test_polyglot_support.TestLanguageDetection" name="test_content_based_detection" time="0.001" /><testcase classname="tests.languages.test_polyglot_support.TestMultilanguageProject" name="test_crawl_project_multilanguage" time="0.002" /><testcase classname="tests.languages.test_polyglot_support.TestMultilanguageProject" name="test_security_scan_multilanguage" time="0.002" /><testcase classname="tests.languages.test_polyglot_support.TestMultilanguageProject" name="test_get_call_graph_multilanguage" time="0.002" /><testcase classname="tests.languages.test_polyglot_support.TestLanguageSpecificVulnerabilities" name="test_python_sql_injection_detection" time="0.001" /><testcase classname="tests.languages.test_polyglot_support.TestLanguageSpecificVulnerabilities" name="test_javascript_xss_detection" time="0.001" /><testcase classname="tests.languages.test_polyglot_support.TestLanguageSpecificVulnerabilities" name="test_java_serialization_detection" time="0.001" /><testcase classname="tests.languages.test_polyglot_support.TestLanguageRoadmapTracking" name="test_go_roadmap_documented" time="0.001" /><testcase classname="tests.languages.test_polyglot_support.TestLanguageRoadmapTracking" name="test_rust_roadmap_documented" time="0.001" /><testcase classname="tests.languages.test_polyglot_support.TestLanguageRoadmapTracking" name="test_c_roadmap_documented" time="0.001" /><testcase classname="tests.lib_scalpel.test_constraint_analyzer.TestConstraintAnalyzer" name="test_analyze_file_no_graph" time="0.006" /><testcase classname="tests.lib_scalpel.test_constraint_analyzer.TestConstraintAnalyzer" name="test_analyze_file_with_graph" time="0.001" /><testcase classname="tests.lib_scalpel.test_constraint_analyzer.TestConstraintAnalyzer" name="test_analyze_file_with_circular_dependencies" time="0.001" /><testcase classname="tests.lib_scalpel.test_constraint_analyzer.TestConstraintAnalyzer" name="test_analyze_file_custom_depth" time="0.001" /><testcase classname="tests.lib_scalpel.test_constraint_analyzer.TestConstraintAnalyzer" name="test_get_callers" time="0.001" /><testcase classname="tests.lib_scalpel.test_constraint_analyzer.TestConstraintAnalyzer" name="test_get_callers_no_predecessors" time="0.001" /><testcase classname="tests.lib_scalpel.test_constraint_analyzer.TestConstraintAnalyzer" name="test_get_callers_no_graph_method" time="0.002" /><testcase classname="tests.lib_scalpel.test_constraint_analyzer.TestConstraintAnalyzer" name="test_get_callees" time="0.001" /><testcase classname="tests.lib_scalpel.test_constraint_analyzer.TestConstraintAnalyzer" name="test_get_callees_no_successors" time="0.001" /><testcase classname="tests.lib_scalpel.test_constraint_analyzer.TestConstraintAnalyzer" name="test_detect_circular_dependencies" time="0.001" /><testcase classname="tests.lib_scalpel.test_constraint_analyzer.TestConstraintAnalyzer" name="test_detect_circular_dependencies_file_not_in_cycle" time="0.001" /><testcase classname="tests.lib_scalpel.test_constraint_analyzer.TestConstraintAnalyzer" name="test_detect_circular_dependencies_no_find_cycles_method" time="0.002" /><testcase classname="tests.lib_scalpel.test_constraint_analyzer.TestConstraintAnalyzer" name="test_add_topology_rule" time="0.001" /><testcase classname="tests.lib_scalpel.test_constraint_analyzer.TestConstraintAnalyzer" name="test_check_topology_violations_no_violations" time="0.001" /><testcase classname="tests.lib_scalpel.test_constraint_analyzer.TestConstraintAnalyzer" name="test_check_topology_violations_with_violations" time="0.001" /><testcase classname="tests.lib_scalpel.test_constraint_analyzer.TestConstraintAnalyzer" name="test_check_topology_violations_multiple_violations" time="0.001" /><testcase classname="tests.lib_scalpel.test_constraint_analyzer.TestConstraintAnalyzer" name="test_check_topology_violations_allow_action" time="0.001" /><testcase classname="tests.lib_scalpel.test_constraint_analyzer.TestConstraintAnalyzer" name="test_check_topology_violations_no_rules" time="0.001" /><testcase classname="tests.lib_scalpel.test_constraint_analyzer.TestConstraintAnalyzer" name="test_matches_pattern_direct_prefix" time="0.001" /><testcase classname="tests.lib_scalpel.test_constraint_analyzer.TestConstraintAnalyzer" name="test_matches_pattern_glob" time="0.001" /><testcase classname="tests.lib_scalpel.test_constraint_analyzer.TestConstraintAnalyzer" name="test_load_governance_rules_no_config" time="0.001" /><testcase classname="tests.lib_scalpel.test_constraint_analyzer.TestConstraintAnalyzer" name="test_load_governance_rules_empty_config" time="0.001" /><testcase classname="tests.lib_scalpel.test_constraint_analyzer.TestConstraintAnalyzer" name="test_load_governance_rules_from_config" time="0.001" /><testcase classname="tests.lib_scalpel.test_constraint_analyzer.TestConstraintAnalyzer" name="test_load_governance_rules_with_defaults" time="0.001" /><testcase classname="tests.lib_scalpel.test_constraint_analyzer.TestConstraintAnalyzer" name="test_constraint_analyzer_error_handling" time="0.002" /><testcase classname="tests.lib_scalpel.test_constraint_analyzer.TestConstraintAnalyzer" name="test_analyze_file_with_governance_config" time="0.001" /><testcase classname="tests.lib_scalpel.test_integration.TestLibScalpelIntegration" name="test_full_pipeline_scanner_to_spec" time="0.014" /><testcase classname="tests.lib_scalpel.test_integration.TestLibScalpelIntegration" name="test_pipeline_with_governance_rules" time="0.009" /><testcase classname="tests.lib_scalpel.test_integration.TestLibScalpelIntegration" name="test_pipeline_with_circular_dependency_detection" time="0.008" /><testcase classname="tests.lib_scalpel.test_integration.TestLibScalpelIntegration" name="test_pipeline_handles_syntax_errors_gracefully" time="0.010" /><testcase classname="tests.lib_scalpel.test_integration.TestLibScalpelIntegration" name="test_pipeline_with_enriched_symbols" time="0.012" /><testcase classname="tests.lib_scalpel.test_integration.TestLibScalpelIntegration" name="test_pipeline_respects_config_limits" time="0.008" /><testcase classname="tests.lib_scalpel.test_oracle_pipeline.TestOraclePipelineBasics" name="test_pipeline_initialization" time="0.002" /><testcase classname="tests.lib_scalpel.test_oracle_pipeline.TestOraclePipelineBasics" name="test_pipeline_initialization_with_defaults" time="0.002" /><testcase classname="tests.lib_scalpel.test_oracle_pipeline.TestOraclePipelineBasics" name="test_pipeline_initialization_with_string_path" time="0.002" /><testcase classname="tests.lib_scalpel.test_oracle_pipeline.TestOraclePipelineBasics" name="test_get_context_lines_formula" time="0.001" /><testcase classname="tests.lib_scalpel.test_oracle_pipeline.TestOraclePipelineEntryPoints" name="test_generate_constraint_spec_sync_signature" time="0.001" /><testcase classname="tests.lib_scalpel.test_oracle_pipeline.TestOraclePipelineEntryPoints" name="test_generate_constraint_spec_async_signature" time="0.001" /><testcase classname="tests.lib_scalpel.test_oracle_pipeline.TestOraclePipelineValidation" name="test_missing_file_raises_error" time="0.002" /><testcase classname="tests.lib_scalpel.test_oracle_pipeline.TestOraclePipelineValidation" name="test_missing_file_path_raises_error" time="0.002" /><testcase classname="tests.lib_scalpel.test_oracle_pipeline.TestOraclePipelineValidation" name="test_missing_instruction_raises_error" time="0.002" /><testcase classname="tests.lib_scalpel.test_oracle_pipeline.TestOraclePipelineIntegration" name="test_pipeline_generates_spec" time="0.012" /><testcase classname="tests.lib_scalpel.test_oracle_pipeline.TestOraclePipelineIntegration" name="test_pipeline_respects_max_files_limit" time="0.010" /><testcase classname="tests.lib_scalpel.test_oracle_pipeline.TestOraclePipelineIntegration" name="test_pipeline_handles_syntax_errors" time="0.011" /><testcase classname="tests.lib_scalpel.test_scanner.TestProjectScanner" name="test_scan_simple_directory" time="0.008" /><testcase classname="tests.lib_scalpel.test_scanner.TestProjectScanner" name="test_scan_respects_max_files_limit" time="0.006" /><testcase classname="tests.lib_scalpel.test_scanner.TestProjectScanner" name="test_scan_respects_max_depth_limit" time="0.007" /><testcase classname="tests.lib_scalpel.test_scanner.TestProjectScanner" name="test_scan_excludes_default_directories" time="0.006" /><testcase classname="tests.lib_scalpel.test_scanner.TestProjectScanner" name="test_scan_handles_syntax_errors" time="0.008" /><testcase classname="tests.lib_scalpel.test_scanner.TestProjectScanner" name="test_scan_nonexistent_directory_raises" time="0.002" /><testcase classname="tests.lib_scalpel.test_scanner.TestProjectScanner" name="test_graph_contains_file_nodes" time="0.006" /><testcase classname="tests.lib_scalpel.test_scanner.TestProjectScanner" name="test_graph_contains_class_nodes" time="0.007" /><testcase classname="tests.lib_scalpel.test_scanner.TestProjectScanner" name="test_graph_contains_edges" time="0.007" /><testcase classname="tests.lib_scalpel.test_scanner.TestProjectScanner" name="test_graph_metadata_set_correctly" time="0.005" /><testcase classname="tests.lib_scalpel.test_scanner.TestProjectScannerIntegration" name="test_scan_lib_scalpel_directory" time="0.296" /><testcase classname="tests.lib_scalpel.test_spec_generator.TestSpecGenerator" name="test_generate_constraint_spec_basic" time="0.002" /><testcase classname="tests.lib_scalpel.test_spec_generator.TestSpecGenerator" name="test_generate_constraint_spec_file_not_found" time="0.001" /><testcase classname="tests.lib_scalpel.test_spec_generator.TestSpecGenerator" name="test_generate_constraint_spec_with_graph" time="0.003" /><testcase classname="tests.lib_scalpel.test_spec_generator.TestSpecGenerator" name="test_generate_constraint_spec_custom_limits" time="0.002" /><testcase classname="tests.lib_scalpel.test_spec_generator.TestSpecGenerator" name="test_generate_markdown_with_symbols" time="0.002" /><testcase classname="tests.lib_scalpel.test_spec_generator.TestSpecGenerator" name="test_generate_markdown_with_graph_constraints" time="0.004" /><testcase classname="tests.lib_scalpel.test_spec_generator.TestSpecGenerator" name="test_generate_markdown_with_circular_dependencies" time="0.004" /><testcase classname="tests.lib_scalpel.test_spec_generator.TestSpecGenerator" name="test_generate_markdown_with_topology_rules" time="0.003" /><testcase classname="tests.lib_scalpel.test_spec_generator.TestSpecGenerator" name="test_generate_markdown_includes_code_context" time="0.002" /><testcase classname="tests.lib_scalpel.test_spec_generator.TestSpecGenerator" name="test_generate_markdown_includes_implementation_notes" time="0.004" /><testcase classname="tests.lib_scalpel.test_spec_generator.TestSpecGenerator" name="test_generate_constraint_spec_with_governance" time="0.002" /><testcase classname="tests.lib_scalpel.test_spec_generator.TestSpecGenerator" name="test_markdown_spec_has_metadata" time="0.002" /><testcase classname="tests.lib_scalpel.test_spec_generator.TestSpecGenerator" name="test_generate_spec_with_large_context_limit" time="0.002" /><testcase classname="tests.lib_scalpel.test_spec_generator.TestSpecGenerator" name="test_generate_spec_with_minimal_context_limit" time="0.002" /><testcase classname="tests.lib_scalpel.test_spec_generator.TestSpecGenerator" name="test_markdown_limits_symbols_display" time="0.004" /><testcase classname="tests.lib_scalpel.test_spec_generator.TestSpecGenerator" name="test_markdown_limits_callers_display" time="0.004" /><testcase classname="tests.lib_scalpel.test_spec_generator.TestSpecGenerator" name="test_default_parameter_values" time="0.002" /><testcase classname="tests.lib_scalpel.test_spec_generator.TestSpecGenerator" name="test_include_topology_rules_flag" time="0.002" /><testcase classname="tests.lib_scalpel.test_symbol_enrichment.TestProjectScannerSymbolEnrichment" name="test_scan_with_symbol_extraction_enabled" time="0.009" /><testcase classname="tests.lib_scalpel.test_symbol_enrichment.TestProjectScannerSymbolEnrichment" name="test_scan_without_symbol_extraction" time="0.005" /><testcase classname="tests.lib_scalpel.test_symbol_enrichment.TestProjectScannerSymbolEnrichment" name="test_symbol_extraction_adds_class_methods" time="0.008" /><testcase classname="tests.lib_scalpel.test_symbol_enrichment.TestProjectScannerSymbolEnrichment" name="test_symbol_extraction_handles_errors" time="0.008" /><testcase classname="tests.lib_scalpel.test_symbol_enrichment.TestProjectScannerSymbolEnrichment" name="test_symbol_enrichment_preserves_ast_data" time="0.008" /><testcase classname="tests.lib_scalpel.test_symbol_enrichment.TestProjectScannerSymbolEnrichment" name="test_function_signature_extraction" time="0.006" /><testcase classname="tests.lib_scalpel.test_symbol_enrichment.TestSymbolExtractorIntegration" name="test_symbol_extractor_available" time="0.002" /><testcase classname="tests.lib_scalpel.test_symbol_enrichment.TestSymbolExtractorIntegration" name="test_symbol_extractor_disabled" time="0.001" /><testcase classname="tests.lib_scalpel.test_symbol_enrichment.TestSymbolExtractorIntegration" name="test_enriched_nodes_have_metadata" time="0.006" /><testcase classname="tests.licensing.test_crl_fetch_consumer_integration" name="test_crl_fetch_then_validator_rejects_revoked_jti" time="0.544" /><testcase classname="tests.licensing.test_crl_fetcher" name="test_ensure_crl_available_fetches_and_sets_env" time="0.004" /><testcase classname="tests.licensing.test_crl_fetcher" name="test_ensure_crl_available_uses_fresh_cache_on_fetch_failure" time="0.003" /><testcase classname="tests.licensing.test_crl_fetcher" name="test_ensure_crl_available_rejects_stale_cache" time="0.003" /><testcase classname="tests.licensing.test_init_license" name="test_init_creates_license_dir" time="0.023" /><testcase classname="tests.licensing.test_jwt_integration.TestToolCapabilitiesByTier" name="test_community_tier_capabilities" time="0.042" /><testcase classname="tests.licensing.test_jwt_integration.TestToolCapabilitiesByTier" name="test_pro_tier_capabilities" time="0.045" /><testcase classname="tests.licensing.test_jwt_integration.TestToolCapabilitiesByTier" name="test_enterprise_tier_capabilities" time="0.043" /><testcase classname="tests.licensing.test_jwt_integration.TestToolHandlerIntegration" name="test_tool_handler_respects_tier_limits" time="0.043" /><testcase classname="tests.licensing.test_jwt_integration.TestToolHandlerIntegration" name="test_tool_handler_adds_features" time="0.061" /><testcase classname="tests.licensing.test_jwt_integration.TestLicenseInfoDisplay" name="test_license_info_community" time="0.008" /><testcase classname="tests.licensing.test_jwt_integration.TestLicenseInfoDisplay" name="test_license_info_pro" time="0.009" /><testcase classname="tests.licensing.test_jwt_integration.TestLicenseInfoDisplay" name="test_license_info_enterprise_seats" time="0.007" /><testcase classname="tests.licensing.test_jwt_integration.TestMultipleTiersSequence" name="test_switch_from_community_to_pro" time="0.060" /><testcase classname="tests.licensing.test_jwt_integration.TestMultipleTiersSequence" name="test_license_expiration_downgrade" time="0.016" /><testcase classname="tests.licensing.test_jwt_validator.TestJWTValidation" name="test_validate_valid_pro_token" time="0.008" /><testcase classname="tests.licensing.test_jwt_validator.TestJWTValidation" name="test_validate_valid_enterprise_token" time="0.007" /><testcase classname="tests.licensing.test_jwt_validator.TestJWTValidation" name="test_validate_expired_token" time="0.007" /><testcase classname="tests.licensing.test_jwt_validator.TestJWTValidation" name="test_validate_expired_token_grace_period" time="0.008" /><testcase classname="tests.licensing.test_jwt_validator.TestJWTValidation" name="test_validate_invalid_signature" time="0.009" /><testcase classname="tests.licensing.test_jwt_validator.TestJWTValidation" name="test_validate_malformed_token" time="0.010" /><testcase classname="tests.licensing.test_jwt_validator.TestTierDetection" name="test_get_current_tier_no_license" time="0.008" /><testcase classname="tests.licensing.test_jwt_validator.TestTierDetection" name="test_get_current_tier_from_license_path" time="0.008" /><testcase classname="tests.licensing.test_jwt_validator.TestTierDetection" name="test_get_current_tier_expired_grace_period" time="0.010" /><testcase classname="tests.licensing.test_jwt_validator.TestLicenseRevalidationCache" name="test_validate_cached_within_24h_when_file_unchanged" time="0.015" /><testcase classname="tests.licensing.test_jwt_validator.TestLicenseRevalidationCache" name="test_validate_revalidates_when_license_file_changes" time="0.016" /><testcase classname="tests.licensing.test_jwt_validator.TestLicenseRevalidationCache" name="test_get_current_tier_invalid_license" time="0.010" /><testcase classname="tests.licensing.test_jwt_validator.TestLicenseFileHandling" name="test_find_license_file_in_current_dir" time="0.007" /><testcase classname="tests.licensing.test_jwt_validator.TestLicenseFileHandling" name="test_find_license_file_priority" time="0.007" /><testcase classname="tests.licensing.test_jwt_validator.TestLicenseFileHandling" name="test_load_license_from_file" time="0.006" /><testcase classname="tests.licensing.test_jwt_validator.TestLicenseFileHandling" name="test_load_license_from_explicit_path_env" time="0.006" /><testcase classname="tests.licensing.test_jwt_validator.TestLicenseFileHandling" name="test_license_path_overrides_default_search" time="0.007" /><testcase classname="tests.licensing.test_jwt_validator.TestLicenseInfo" name="test_get_license_info_valid_license" time="0.011" /><testcase classname="tests.licensing.test_jwt_validator.TestLicenseInfo" name="test_get_license_info_no_license" time="0.008" /><testcase classname="tests.licensing.test_jwt_validator.TestLicenseInfo" name="test_get_license_info_expired" time="0.014" /><testcase classname="tests.licensing.test_jwt_validator.TestGracePeriod" name="test_grace_period_3_days_ago" time="0.007" /><testcase classname="tests.licensing.test_jwt_validator.TestGracePeriod" name="test_grace_period_8_days_ago" time="0.007" /><testcase classname="tests.licensing.test_jwt_validator.TestTokenGeneration" name="test_generate_pro_license" time="0.001" /><testcase classname="tests.licensing.test_jwt_validator.TestTokenGeneration" name="test_generate_enterprise_license_with_seats" time="0.001" /><testcase classname="tests.licensing.test_jwt_validator.TestTokenGeneration" name="test_generated_license_auto_features" time="0.002" /><testcase classname="tests.licensing.test_jwt_validator.TestTokenGeneration" name="test_generated_license_custom_features" time="0.001" /><testcase classname="tests.licensing.test_jwt_validator.TestEdgeCases" name="test_empty_token" time="0.008" /><testcase classname="tests.licensing.test_jwt_validator.TestEdgeCases" name="test_none_token" time="0.009" /><testcase classname="tests.licensing.test_jwt_validator.TestEdgeCases" name="test_validator_without_pyjwt" time="0.001" /><testcase classname="tests.licensing.test_jwt_validator.TestEdgeCases" name="test_license_data_properties" time="0.007" /><testcase classname="tests.licensing.test_remote_verifier" name="test_remote_verify_populates_cache_and_allows_when_valid" time="0.506" /><testcase classname="tests.licensing.test_remote_verifier" name="test_cache_fresh_skips_remote_call" time="0.506" /><testcase classname="tests.licensing.test_remote_verifier" name="test_offline_grace_allows_only_with_hash_match_and_recent_cache" time="0.506" /><testcase classname="tests.licensing.test_remote_verifier" name="test_expiry_denies_even_during_grace" time="0.506" /><testcase classname="tests.licensing.test_remote_verifier" name="test_remote_verify_error_message_never_leaks_token" time="0.504" /><testcase classname="tests.licensing.test_remote_verifier" name="test_atomic_write_json_retries_on_transient_enoent" time="0.023" /><testcase classname="tests.licensing.test_remote_verifier" name="test_atomic_write_json_falls_back_to_direct_write_on_persistent_enoent" time="0.204" /><testcase classname="tests.licensing.test_repo_boundaries" name="test_no_issuer_directory_in_repo" time="0.004" /><testcase classname="tests.licensing.test_repo_boundaries" name="test_no_private_keys_present" time="7.746" /><testcase classname="tests.licensing.test_runtime_behavior_server" name="test_revocation_mid_session_downgrades_to_community" time="0.017" /><testcase classname="tests.licensing.test_runtime_behavior_server" name="test_expiration_mid_session_24h_grace_then_downgrade" time="0.289" /><testcase classname="tests.licensing.test_runtime_behavior_server" name="test_in_flight_operation_keeps_tier_snapshot" time="0.140" /><testcase classname="tests.licensing.test_startup_revocation_downgrade" name="test_revoked_license_downgrades_at_startup" time="0.011" /><testcase classname="tests.limits.test_limits_enforcement.TestParameterClamping" name="test_extract_code_depth_clamping_community" time="0.045" /><testcase classname="tests.limits.test_limits_enforcement.TestParameterClamping" name="test_extract_code_depth_clamping_pro" time="0.037" /><testcase classname="tests.limits.test_limits_enforcement.TestParameterClamping" name="test_extract_code_depth_clamping_enterprise" time="0.038" /><testcase classname="tests.limits.test_limits_enforcement.TestParameterClamping" name="test_get_call_graph_depth_clamping_community" time="0.035" /><testcase classname="tests.limits.test_limits_enforcement.TestParameterClamping" name="test_get_call_graph_depth_clamping_pro" time="0.036" /><testcase classname="tests.limits.test_limits_enforcement.TestParameterClamping" name="test_get_call_graph_depth_clamping_enterprise" time="0.037" /><testcase classname="tests.limits.test_limits_enforcement.TestResponseMetadata" name="test_limits_present_in_response_envelope" time="0.001" /><testcase classname="tests.limits.test_limits_enforcement.TestLimitBoundaryValues" name="test_tool_has_consistent_tier_limits[analyze_code]" time="0.020" /><testcase classname="tests.limits.test_limits_enforcement.TestLimitBoundaryValues" name="test_tool_has_consistent_tier_limits[code_policy_check]" time="0.022" /><testcase classname="tests.limits.test_limits_enforcement.TestLimitBoundaryValues" name="test_tool_has_consistent_tier_limits[crawl_project]" time="0.023" /><testcase classname="tests.limits.test_limits_enforcement.TestLimitBoundaryValues" name="test_tool_has_consistent_tier_limits[cross_file_security_scan]" time="0.022" /><testcase classname="tests.limits.test_limits_enforcement.TestLimitBoundaryValues" name="test_tool_has_consistent_tier_limits[extract_code]" time="0.021" /><testcase classname="tests.limits.test_limits_enforcement.TestLimitBoundaryValues" name="test_tool_has_consistent_tier_limits[generate_unit_tests]" time="0.022" /><testcase classname="tests.limits.test_limits_enforcement.TestLimitBoundaryValues" name="test_tool_has_consistent_tier_limits[get_call_graph]" time="0.021" /><testcase classname="tests.limits.test_limits_enforcement.TestLimitBoundaryValues" name="test_tool_has_consistent_tier_limits[get_cross_file_dependencies]" time="0.021" /><testcase classname="tests.limits.test_limits_enforcement.TestLimitBoundaryValues" name="test_tool_has_consistent_tier_limits[get_file_context]" time="0.020" /><testcase classname="tests.limits.test_limits_enforcement.TestLimitBoundaryValues" name="test_tool_has_consistent_tier_limits[get_graph_neighborhood]" time="0.020" /><testcase classname="tests.limits.test_limits_enforcement.TestLimitBoundaryValues" name="test_tool_has_consistent_tier_limits[get_project_map]" time="0.020" /><testcase classname="tests.limits.test_limits_enforcement.TestLimitBoundaryValues" name="test_tool_has_consistent_tier_limits[get_symbol_references]" time="0.019" /><testcase classname="tests.limits.test_limits_enforcement.TestLimitBoundaryValues" name="test_tool_has_consistent_tier_limits[rename_symbol]" time="0.019" /><testcase classname="tests.limits.test_limits_enforcement.TestLimitBoundaryValues" name="test_tool_has_consistent_tier_limits[scan_dependencies]" time="0.020" /><testcase classname="tests.limits.test_limits_enforcement.TestLimitBoundaryValues" name="test_tool_has_consistent_tier_limits[scanner]" time="0.019" /><testcase classname="tests.limits.test_limits_enforcement.TestLimitBoundaryValues" name="test_tool_has_consistent_tier_limits[security_scan]" time="0.020" /><testcase classname="tests.limits.test_limits_enforcement.TestLimitBoundaryValues" name="test_tool_has_consistent_tier_limits[simulate_refactor]" time="0.021" /><testcase classname="tests.limits.test_limits_enforcement.TestLimitBoundaryValues" name="test_tool_has_consistent_tier_limits[symbolic_execute]" time="0.020" /><testcase classname="tests.limits.test_limits_enforcement.TestLimitBoundaryValues" name="test_tool_has_consistent_tier_limits[type_evaporation_scan]" time="0.020" /><testcase classname="tests.limits.test_limits_enforcement.TestLimitBoundaryValues" name="test_tool_has_consistent_tier_limits[unified_sink_detect]" time="0.020" /><testcase classname="tests.limits.test_limits_enforcement.TestLimitBoundaryValues" name="test_tool_has_consistent_tier_limits[update_symbol]" time="0.020" /><testcase classname="tests.limits.test_limits_enforcement.TestLimitBoundaryValues" name="test_tool_has_consistent_tier_limits[validate_paths]" time="0.018" /><testcase classname="tests.limits.test_limits_enforcement.TestLimitBoundaryValues" name="test_tool_has_consistent_tier_limits[verify_policy_integrity]" time="0.020" /><testcase classname="tests.limits.test_limits_enforcement.TestLimitBoundaryValues" name="test_tool_has_consistent_tier_limits[write_perfect_code]" time="0.020" /><testcase classname="tests.limits.test_limits_enforcement.TestOmissionAsUnlimited" name="test_enterprise_omitted_limits_are_unlimited" time="0.035" /><testcase classname="tests.limits.test_limits_enforcement.TestGracefulFallback" name="test_missing_limit_defaults_safely" time="0.034" /><testcase classname="tests.limits.test_limits_enforcement.TestLargeScaleLimitEnforcement" name="test_crawl_project_respects_community_file_limit" time="0.012" /><testcase classname="tests.limits.test_limits_enforcement.TestLargeScaleLimitEnforcement" name="test_crawl_project_unlimited_in_pro_tier" time="0.004" /><testcase classname="tests.limits.test_limits_toml_loading.TestLimitsTOMLLoading" name="test_limits_toml_exists" time="0.008" /><testcase classname="tests.limits.test_limits_toml_loading.TestLimitsTOMLLoading" name="test_limits_toml_has_global_section" time="0.007" /><testcase classname="tests.limits.test_limits_toml_loading.TestLimitsTOMLLoading" name="test_limits_toml_has_default_timeout" time="0.008" /><testcase classname="tests.limits.test_limits_toml_loading.TestLimitsTOMLLoading" name="test_limits_toml_has_all_tiers" time="0.008" /><testcase classname="tests.limits.test_limits_toml_loading.TestLimitsTOMLLoading" name="test_all_24_tools_documented" time="0.008" /><testcase classname="tests.limits.test_limits_toml_loading.TestTierLimitProgression" name="test_tool_has_at_least_one_tier[analyze_code]" time="0.009" /><testcase classname="tests.limits.test_limits_toml_loading.TestTierLimitProgression" name="test_tool_has_at_least_one_tier[code_policy_check]" time="0.009" /><testcase classname="tests.limits.test_limits_toml_loading.TestTierLimitProgression" name="test_tool_has_at_least_one_tier[crawl_project]" time="0.008" /><testcase classname="tests.limits.test_limits_toml_loading.TestTierLimitProgression" name="test_tool_has_at_least_one_tier[cross_file_security_scan]" time="0.008" /><testcase classname="tests.limits.test_limits_toml_loading.TestTierLimitProgression" name="test_tool_has_at_least_one_tier[extract_code]" time="0.008" /><testcase classname="tests.limits.test_limits_toml_loading.TestTierLimitProgression" name="test_tool_has_at_least_one_tier[generate_unit_tests]" time="0.007" /><testcase classname="tests.limits.test_limits_toml_loading.TestTierLimitProgression" name="test_tool_has_at_least_one_tier[get_call_graph]" time="0.008" /><testcase classname="tests.limits.test_limits_toml_loading.TestTierLimitProgression" name="test_tool_has_at_least_one_tier[get_cross_file_dependencies]" time="0.007" /><testcase classname="tests.limits.test_limits_toml_loading.TestTierLimitProgression" name="test_tool_has_at_least_one_tier[get_file_context]" time="0.009" /><testcase classname="tests.limits.test_limits_toml_loading.TestTierLimitProgression" name="test_tool_has_at_least_one_tier[get_graph_neighborhood]" time="0.008" /><testcase classname="tests.limits.test_limits_toml_loading.TestTierLimitProgression" name="test_tool_has_at_least_one_tier[get_project_map]" time="0.007" /><testcase classname="tests.limits.test_limits_toml_loading.TestTierLimitProgression" name="test_tool_has_at_least_one_tier[get_symbol_references]" time="0.008" /><testcase classname="tests.limits.test_limits_toml_loading.TestTierLimitProgression" name="test_tool_has_at_least_one_tier[rename_symbol]" time="0.008" /><testcase classname="tests.limits.test_limits_toml_loading.TestTierLimitProgression" name="test_tool_has_at_least_one_tier[scan_dependencies]" time="0.008" /><testcase classname="tests.limits.test_limits_toml_loading.TestTierLimitProgression" name="test_tool_has_at_least_one_tier[scanner]" time="0.008" /><testcase classname="tests.limits.test_limits_toml_loading.TestTierLimitProgression" name="test_tool_has_at_least_one_tier[security_scan]" time="0.008" /><testcase classname="tests.limits.test_limits_toml_loading.TestTierLimitProgression" name="test_tool_has_at_least_one_tier[simulate_refactor]" time="0.008" /><testcase classname="tests.limits.test_limits_toml_loading.TestTierLimitProgression" name="test_tool_has_at_least_one_tier[symbolic_execute]" time="0.007" /><testcase classname="tests.limits.test_limits_toml_loading.TestTierLimitProgression" name="test_tool_has_at_least_one_tier[type_evaporation_scan]" time="0.008" /><testcase classname="tests.limits.test_limits_toml_loading.TestTierLimitProgression" name="test_tool_has_at_least_one_tier[unified_sink_detect]" time="0.008" /><testcase classname="tests.limits.test_limits_toml_loading.TestTierLimitProgression" name="test_tool_has_at_least_one_tier[update_symbol]" time="0.008" /><testcase classname="tests.limits.test_limits_toml_loading.TestTierLimitProgression" name="test_tool_has_at_least_one_tier[validate_paths]" time="0.008" /><testcase classname="tests.limits.test_limits_toml_loading.TestTierLimitProgression" name="test_tool_has_at_least_one_tier[verify_policy_integrity]" time="0.010" /><testcase classname="tests.limits.test_limits_toml_loading.TestTierLimitProgression" name="test_tool_has_at_least_one_tier[write_perfect_code]" time="0.008" /><testcase classname="tests.limits.test_limits_toml_loading.TestTierLimitProgression" name="test_analyze_code_file_size_progression" time="0.021" /><testcase classname="tests.limits.test_limits_toml_loading.TestTierLimitProgression" name="test_get_file_context_lines_progression" time="0.020" /><testcase classname="tests.limits.test_limits_toml_loading.TestTierLimitProgression" name="test_get_project_map_file_limit_progression" time="0.020" /><testcase classname="tests.limits.test_limits_toml_loading.TestLimitsTOMLConsistency" name="test_no_consistency_issues" time="0.164" /><testcase classname="tests.limits.test_limits_toml_loading.TestLimitsTOMLConsistency" name="test_enterprise_never_stricter_than_pro" time="0.159" /><testcase classname="tests.limits.test_limits_toml_loading.TestLimitsTOMLConsistency" name="test_community_never_unlimited_if_pro_limited" time="0.156" /><testcase classname="tests.limits.test_limits_toml_loading.TestOmissionSemantics" name="test_enterprise_omissions_mean_unlimited" time="0.159" /><testcase classname="tests.limits.test_limits_toml_loading.TestLimitsWithFeatures" name="test_limits_toml_tools_match_tool_capabilities" time="0.009" /><testcase classname="tests.mcp.rename_symbol.test_mcp_rename_symbol_protocol" name="test_mcp_rename_symbol_envelope_and_success" time="7.041" /><testcase classname="tests.mcp.rename_symbol.test_mcp_rename_symbol_protocol" name="test_mcp_rename_symbol_parallel_requests" time="7.424" /><testcase classname="tests.mcp.scan_dependencies.test_tier_and_features" name="test_response_schema_validation_community" time="7.657" /><testcase classname="tests.mcp.scan_dependencies.test_tier_and_features" name="test_community_enforces_max_50_dependencies" time="7.908" /><testcase classname="tests.mcp.scan_dependencies.test_tier_and_features" name="test_pro_unlimited_dependencies" time="35.886" /><testcase classname="tests.mcp.scan_dependencies.test_tier_and_features" name="test_enterprise_unlimited_and_compliance_report" time="8.886" /><testcase classname="tests.mcp.scan_dependencies.test_tier_and_features" name="test_reachability_analysis_pro_sets_is_imported" time="7.746" /><testcase classname="tests.mcp.scan_dependencies.test_tier_and_features" name="test_pro_omits_enterprise_fields" time="7.636" /><testcase classname="tests.mcp.scan_dependencies.test_tier_and_features" name="test_missing_license_defaults_to_community_with_limit" time="7.616" /><testcase classname="tests.mcp.scan_dependencies.test_tier_and_features" name="test_community_truncation_warning" time="7.846" /><testcase classname="tests.mcp.scan_dependencies.test_tier_and_features" name="test_pro_typosquatting_detection" time="7.917" /><testcase classname="tests.mcp.scan_dependencies.test_tier_and_features" name="test_pro_supply_chain_risk_scoring" time="7.382" /><testcase classname="tests.mcp.scan_dependencies.test_tier_and_features" name="test_enterprise_policy_violations_for_typosquatting" time="7.884" /><testcase classname="tests.mcp.scan_dependencies.test_tier_and_features" name="test_enterprise_unlimited_dependencies" time="26.036" /><testcase classname="tests.mcp.scan_dependencies.test_tier_and_features" name="test_multi_format_maven" time="8.217" /><testcase classname="tests.mcp.scan_dependencies.test_tier_and_features" name="test_multi_format_gradle" time="8.068" /><testcase classname="tests.mcp.scan_dependencies.test_tier_and_features" name="test_monorepo_aggregation" time="8.071" /><testcase classname="tests.mcp.scan_dependencies.test_tier_and_features" name="test_community_suppresses_pro_fields" time="7.931" /><testcase classname="tests.mcp.scan_dependencies.test_tier_and_features" name="test_community_suppresses_enterprise_fields" time="8.494" /><testcase classname="tests.mcp.scan_dependencies.test_tier_and_features" name="test_community_typosquat_returns_no_pro_fields" time="8.038" /><testcase classname="tests.mcp.scan_dependencies.test_tier_and_features" name="test_unsupported_file_format_graceful_handling" time="7.592" /><testcase classname="tests.mcp.scan_dependencies.test_tier_and_features" name="test_expired_license_fallback_to_community" time="7.574" /><testcase classname="tests.mcp.scan_dependencies.test_tier_and_features" name="test_pro_license_compliance_flags_gpl" time="8.423" /><testcase classname="tests.mcp.scan_dependencies.test_tier_and_features" name="test_community_output_metadata_fields" time="7.524" /><testcase classname="tests.mcp.scan_dependencies.test_tier_and_features" name="test_pro_output_metadata_fields" time="9.009" /><testcase classname="tests.mcp.scan_dependencies.test_tier_and_features" name="test_enterprise_output_metadata_fields" time="8.770" /><testcase classname="tests.mcp.test_mcp.TestAnalyzeCodeTool" name="test_analyze_simple_function" time="0.339" /><testcase classname="tests.mcp.test_mcp.TestAnalyzeCodeTool" name="test_analyze_class" time="0.333" /><testcase classname="tests.mcp.test_mcp.TestAnalyzeCodeTool" name="test_analyze_imports" time="0.336" /><testcase classname="tests.mcp.test_mcp.TestAnalyzeCodeTool" name="test_analyze_complexity" time="0.335" /><testcase classname="tests.mcp.test_mcp.TestAnalyzeCodeTool" name="test_analyze_empty_code" time="0.064" /><testcase classname="tests.mcp.test_mcp.TestAnalyzeCodeTool" name="test_analyze_syntax_error" time="0.069" /><testcase classname="tests.mcp.test_mcp.TestAnalyzeCodeTool" name="test_analyze_async_function" time="0.332" /><testcase classname="tests.mcp.test_mcp.TestAnalyzeCodeTool" name="test_analyze_file_not_found_with_oracle_suggestions" time="0.065" /><testcase classname="tests.mcp.test_mcp.TestSecurityScanTool" name="test_scan_clean_code" time="0.054" /><testcase classname="tests.mcp.test_mcp.TestSecurityScanTool" name="test_scan_sql_injection" time="0.066" /><testcase classname="tests.mcp.test_mcp.TestSecurityScanTool" name="test_scan_command_injection" time="0.064" /><testcase classname="tests.mcp.test_mcp.TestSecurityScanTool" name="test_scan_eval_injection" time="0.065" /><testcase classname="tests.mcp.test_mcp.TestSecurityScanTool" name="test_scan_hardcoded_secret" time="0.054" /><testcase classname="tests.mcp.test_mcp.TestSecurityScanTool" name="test_scan_empty_code" time="0.052" /><testcase classname="tests.mcp.test_mcp.TestSecurityScanTool" name="test_scan_detects_taint_sources" time="0.055" /><testcase classname="tests.mcp.test_mcp.TestSecurityScanTool" name="test_scan_risk_levels" time="0.080" /><testcase classname="tests.mcp.test_mcp.TestSymbolicExecuteTool" name="test_symbolic_simple_function" time="0.076" /><testcase classname="tests.mcp.test_mcp.TestSymbolicExecuteTool" name="test_symbolic_branching" time="0.078" /><testcase classname="tests.mcp.test_mcp.TestSymbolicExecuteTool" name="test_symbolic_multiple_branches" time="0.070" /><testcase classname="tests.mcp.test_mcp.TestSymbolicExecuteTool" name="test_symbolic_detects_symbolic_vars" time="0.079" /><testcase classname="tests.mcp.test_mcp.TestSymbolicExecuteTool" name="test_symbolic_empty_code" time="0.054" /><testcase classname="tests.mcp.test_mcp.TestSymbolicExecuteTool" name="test_symbolic_max_paths" time="0.078" /><testcase classname="tests.mcp.test_mcp.TestSymbolicExecuteTool" name="test_symbolic_loop_handling" time="0.084" /><testcase classname="tests.mcp.test_mcp.TestMCPIntegration" name="test_all_tools_available" time="0.003" /><testcase classname="tests.mcp.test_mcp.TestMCPIntegration" name="test_result_models_are_valid" time="0.002" /><testcase classname="tests.mcp.test_mcp.TestMCPIntegration" name="test_code_validation" time="0.117" /><testcase classname="tests.mcp.test_mcp.TestMCPIntegration" name="test_large_code_rejection" time="0.443" /><testcase classname="tests.mcp.test_mcp.TestMCPIntegration" name="test_analysis_pipeline" time="0.409" /><testcase classname="tests.mcp.test_mcp.TestMCPIntegration" name="test_concurrent_analysis" time="0.246" /><testcase classname="tests.mcp.test_mcp.TestValidationHelpers" name="test_validate_code_empty" time="0.002" /><testcase classname="tests.mcp.test_mcp.TestValidationHelpers" name="test_validate_code_valid" time="0.002" /><testcase classname="tests.mcp.test_mcp.TestValidationHelpers" name="test_validate_code_non_string" time="0.002" /><testcase classname="tests.mcp.test_mcp.TestComplexityCalculation" name="test_complexity_linear" time="0.002" /><testcase classname="tests.mcp.test_mcp.TestComplexityCalculation" name="test_complexity_with_if" time="0.002" /><testcase classname="tests.mcp.test_mcp.TestComplexityCalculation" name="test_complexity_with_loop" time="0.002" /><testcase classname="tests.mcp.test_mcp.TestResultModels" name="test_analysis_result_serialization" time="0.002" /><testcase classname="tests.mcp.test_mcp.TestResultModels" name="test_security_result_serialization" time="0.002" /><testcase classname="tests.mcp.test_mcp.TestResultModels" name="test_symbolic_result_serialization" time="0.002" /><testcase classname="tests.mcp.test_mcp.TestExtractCodeTool" name="test_extract_function_basic" time="0.043" /><testcase classname="tests.mcp.test_mcp.TestExtractCodeTool" name="test_extract_function_with_context" time="0.040" /><testcase classname="tests.mcp.test_mcp.TestExtractCodeTool" name="test_extract_class_basic" time="0.040" /><testcase classname="tests.mcp.test_mcp.TestExtractCodeTool" name="test_extract_method" time="0.042" /><testcase classname="tests.mcp.test_mcp.TestExtractCodeTool" name="test_extract_method_invalid_format" time="0.024" /><testcase classname="tests.mcp.test_mcp.TestExtractCodeTool" name="test_extract_nonexistent_function" time="0.032" /><testcase classname="tests.mcp.test_mcp.TestExtractCodeTool" name="test_extract_unknown_target_type" time="0.024" /><testcase classname="tests.mcp.test_mcp.TestExtractCodeTool" name="test_extract_token_estimate" time="0.043" /><testcase classname="tests.mcp.test_mcp.TestExtractCodeTool" name="test_extract_class_with_context" time="0.040" /><testcase classname="tests.mcp.test_mcp.TestExtractCodeTool" name="test_extract_syntax_error" time="0.027" /><testcase classname="tests.mcp.test_mcp.TestExtractCodeTool" name="test_extract_no_input_error" time="0.026" /><testcase classname="tests.mcp.test_mcp.TestExtractCodeFromFile" name="test_extract_function_from_file" time="0.057" /><testcase classname="tests.mcp.test_mcp.TestExtractCodeFromFile" name="test_extract_class_from_file" time="0.043" /><testcase classname="tests.mcp.test_mcp.TestExtractCodeFromFile" name="test_extract_method_from_file" time="0.046" /><testcase classname="tests.mcp.test_mcp.TestExtractCodeFromFile" name="test_extract_with_context_from_file" time="0.044" /><testcase classname="tests.mcp.test_mcp.TestExtractCodeFromFile" name="test_extract_file_not_found" time="0.025" /><testcase classname="tests.mcp.test_mcp.TestExtractCodeFromFile" name="test_extract_function_not_found_in_file" time="0.041" /><testcase classname="tests.mcp.test_mcp.TestExtractCodeFromFile" name="test_token_savings_demonstration" time="0.041" /><testcase classname="tests.mcp.test_mcp.TestUpdateSymbolTool" name="test_update_function_in_file" time="0.090" /><testcase classname="tests.mcp.test_mcp.TestUpdateSymbolTool" name="test_update_class_in_file" time="0.083" /><testcase classname="tests.mcp.test_mcp.TestUpdateSymbolTool" name="test_update_method_in_file" time="0.082" /><testcase classname="tests.mcp.test_mcp.TestUpdateSymbolTool" name="test_update_file_not_found" time="0.069" /><testcase classname="tests.mcp.test_mcp.TestUpdateSymbolTool" name="test_update_function_not_found" time="0.079" /><testcase classname="tests.mcp.test_mcp.TestUpdateSymbolTool" name="test_update_invalid_syntax" time="0.060" /><testcase classname="tests.mcp.test_mcp.TestUpdateSymbolTool" name="test_update_invalid_target_type" time="0.064" /><testcase classname="tests.mcp.test_mcp.TestUpdateSymbolTool" name="test_update_method_invalid_format" time="0.065" /><testcase classname="tests.mcp.test_mcp.TestUpdateSymbolTool" name="test_update_no_backup" time="0.078" /><testcase classname="tests.mcp.test_mcp.TestUpdateSymbolTool" name="test_update_lines_delta" time="0.085" /><testcase classname="tests.mcp.test_mcp.TestUpdateSymbolTool" name="test_extract_modify_update_workflow" time="0.102" /><testcase classname="tests.mcp.test_mcp.TestCrossFileDependenciesMCP" name="test_cross_file_deps_resolves_class" time="0.072" /><testcase classname="tests.mcp.test_mcp.TestCrossFileDependenciesMCP" name="test_cross_file_deps_resolves_function" time="0.068" /><testcase classname="tests.mcp.test_mcp.TestCrossFileDependenciesMCP" name="test_cross_file_deps_full_code" time="0.068" /><testcase classname="tests.mcp.test_mcp.TestCrossFileDependenciesMCP" name="test_cross_file_deps_context_items" time="0.071" /><testcase classname="tests.mcp.test_mcp.TestCrossFileDependenciesMCP" name="test_cross_file_deps_no_deps" time="0.063" /><testcase classname="tests.mcp.test_mcp.TestCrossFileDependenciesMCP" name="test_cross_file_deps_requires_file_path" time="0.081" /><testcase classname="tests.mcp.test_mcp.TestCrossFileDependenciesMCP" name="test_cross_file_deps_token_savings" time="0.068" /><testcase classname="tests.mcp.test_mcp.TestGetFileContext" name="test_get_file_context_basic" time="0.071" /><testcase classname="tests.mcp.test_mcp.TestGetFileContext" name="test_get_file_context_security_issues" time="0.066" /><testcase classname="tests.mcp.test_mcp.TestGetFileContext" name="test_get_file_context_not_found" time="0.060" /><testcase classname="tests.mcp.test_mcp.TestGetFileContext" name="test_get_file_context_syntax_error" time="0.063" /><testcase classname="tests.mcp.test_mcp.TestGetFileContext" name="test_get_file_context_exports" time="0.068" /><testcase classname="tests.mcp.test_mcp.TestGetSymbolReferences" name="test_find_function_references" time="0.076" /><testcase classname="tests.mcp.test_mcp.TestGetSymbolReferences" name="test_find_class_references" time="0.073" /><testcase classname="tests.mcp.test_mcp.TestGetSymbolReferences" name="test_symbol_not_found" time="0.065" /><testcase classname="tests.mcp.test_mcp.TestGetSymbolReferences" name="test_invalid_project_root" time="0.061" /><testcase classname="tests.mcp.test_mcp.TestGetSymbolReferences" name="test_reference_context_included" time="0.068" /><testcase classname="tests.mcp.test_mcp.TestGetCrossFileDependencies" name="test_basic_cross_file_extraction" time="0.081" /><testcase classname="tests.mcp.test_mcp.TestGetCrossFileDependencies" name="test_combined_code_generation" time="0.092" /><testcase classname="tests.mcp.test_mcp.TestGetCrossFileDependencies" name="test_without_code_inclusion" time="0.070" /><testcase classname="tests.mcp.test_mcp.TestGetCrossFileDependencies" name="test_mermaid_diagram_generation" time="0.079" /><testcase classname="tests.mcp.test_mcp.TestGetCrossFileDependencies" name="test_file_not_found" time="0.059" /><testcase classname="tests.mcp.test_mcp.TestGetCrossFileDependencies" name="test_invalid_project_root" time="0.057" /><testcase classname="tests.mcp.test_mcp.TestGetCrossFileDependencies" name="test_circular_import_detection" time="0.086" /><testcase classname="tests.mcp.test_mcp.TestGetCrossFileDependencies" name="test_max_depth_limiting" time="0.083" /><testcase classname="tests.mcp.test_mcp.TestCrossFileSecurityScan" name="test_no_vulnerabilities" time="0.073" /><testcase classname="tests.mcp.test_mcp.TestCrossFileSecurityScan" name="test_cross_file_sql_injection" time="0.080" /><testcase classname="tests.mcp.test_mcp.TestCrossFileSecurityScan" name="test_taint_flow_detection" time="0.084" /><testcase classname="tests.mcp.test_mcp.TestCrossFileSecurityScan" name="test_mermaid_diagram_for_security" time="0.072" /><testcase classname="tests.mcp.test_mcp.TestCrossFileSecurityScan" name="test_invalid_project_root_security" time="0.060" /><testcase classname="tests.mcp.test_mcp.TestCrossFileSecurityScan" name="test_entry_points_filtering" time="0.075" /><testcase classname="tests.mcp.test_mcp.TestCrossFileSecurityScan" name="test_max_depth_for_security" time="0.068" /><testcase classname="tests.mcp.test_mcp.TestCrossFileSecurityScan" name="test_risk_level_calculation" time="0.068" /><testcase classname="tests.mcp.test_mcp_all_tools_contract" name="test_mcp_all_tools_independent_contracts[stdio]" time="0.000"><skipped type="pytest.skip" message="MCP contract suite skipped by default; set CODE_SCALPEL_RUN_MCP_CONTRACT=1 to run">/mnt/k/backup/Develop/code-scalpel/tests/mcp/test_mcp_all_tools_contract.py:605: MCP contract suite skipped by default; set CODE_SCALPEL_RUN_MCP_CONTRACT=1 to run</skipped></testcase><testcase classname="tests.mcp.test_mcp_all_tools_protocol.TestMCPResponseEnvelope" name="test_tool_response_has_tier_field[analyze_code]" time="0.001" /><testcase classname="tests.mcp.test_mcp_all_tools_protocol.TestMCPResponseEnvelope" name="test_tool_response_has_tier_field[code_policy_check]" time="0.001" /><testcase classname="tests.mcp.test_mcp_all_tools_protocol.TestMCPResponseEnvelope" name="test_tool_response_has_tier_field[crawl_project]" time="0.001" /><testcase classname="tests.mcp.test_mcp_all_tools_protocol.TestMCPResponseEnvelope" name="test_tool_response_has_tier_field[cross_file_security_scan]" time="0.001" /><testcase classname="tests.mcp.test_mcp_all_tools_protocol.TestMCPResponseEnvelope" name="test_tool_response_has_tier_field[extract_code]" time="0.001" /><testcase classname="tests.mcp.test_mcp_all_tools_protocol.TestMCPResponseEnvelope" name="test_tool_response_has_tier_field[generate_unit_tests]" time="0.001" /><testcase classname="tests.mcp.test_mcp_all_tools_protocol.TestMCPResponseEnvelope" name="test_tool_response_has_tier_field[get_call_graph]" time="0.001" /><testcase classname="tests.mcp.test_mcp_all_tools_protocol.TestMCPResponseEnvelope" name="test_tool_response_has_tier_field[get_cross_file_dependencies]" time="0.001" /><testcase classname="tests.mcp.test_mcp_all_tools_protocol.TestMCPResponseEnvelope" name="test_tool_response_has_tier_field[get_file_context]" time="0.001" /><testcase classname="tests.mcp.test_mcp_all_tools_protocol.TestMCPResponseEnvelope" name="test_tool_response_has_tier_field[get_graph_neighborhood]" time="0.002" /><testcase classname="tests.mcp.test_mcp_all_tools_protocol.TestMCPResponseEnvelope" name="test_tool_response_has_tier_field[get_project_map]" time="0.001" /><testcase classname="tests.mcp.test_mcp_all_tools_protocol.TestMCPResponseEnvelope" name="test_tool_response_has_tier_field[get_symbol_references]" time="0.001" /><testcase classname="tests.mcp.test_mcp_all_tools_protocol.TestMCPResponseEnvelope" name="test_tool_response_has_tier_field[rename_symbol]" time="0.001" /><testcase classname="tests.mcp.test_mcp_all_tools_protocol.TestMCPResponseEnvelope" name="test_tool_response_has_tier_field[scan_dependencies]" time="0.001" /><testcase classname="tests.mcp.test_mcp_all_tools_protocol.TestMCPResponseEnvelope" name="test_tool_response_has_tier_field[scanner]" time="0.001" /><testcase classname="tests.mcp.test_mcp_all_tools_protocol.TestMCPResponseEnvelope" name="test_tool_response_has_tier_field[security_scan]" time="0.001" /><testcase classname="tests.mcp.test_mcp_all_tools_protocol.TestMCPResponseEnvelope" name="test_tool_response_has_tier_field[simulate_refactor]" time="0.001" /><testcase classname="tests.mcp.test_mcp_all_tools_protocol.TestMCPResponseEnvelope" name="test_tool_response_has_tier_field[symbolic_execute]" time="0.001" /><testcase classname="tests.mcp.test_mcp_all_tools_protocol.TestMCPResponseEnvelope" name="test_tool_response_has_tier_field[type_evaporation_scan]" time="0.001" /><testcase classname="tests.mcp.test_mcp_all_tools_protocol.TestMCPResponseEnvelope" name="test_tool_response_has_tier_field[unified_sink_detect]" time="0.002" /><testcase classname="tests.mcp.test_mcp_all_tools_protocol.TestMCPResponseEnvelope" name="test_tool_response_has_tier_field[update_symbol]" time="0.002" /><testcase classname="tests.mcp.test_mcp_all_tools_protocol.TestMCPResponseEnvelope" name="test_tool_response_has_tier_field[validate_paths]" time="0.002" /><testcase classname="tests.mcp.test_mcp_all_tools_protocol.TestMCPResponseEnvelope" name="test_tool_response_has_tier_field[verify_policy_integrity]" time="0.001" /><testcase classname="tests.mcp.test_mcp_all_tools_protocol.TestMCPResponseEnvelope" name="test_tool_response_has_tier_field[write_perfect_code]" time="0.001" /><testcase classname="tests.mcp.test_mcp_all_tools_protocol.TestMCPResponseEnvelope" name="test_tool_response_has_applied_limits[analyze_code]" time="0.001" /><testcase classname="tests.mcp.test_mcp_all_tools_protocol.TestMCPResponseEnvelope" name="test_tool_response_has_applied_limits[code_policy_check]" time="0.001" /><testcase classname="tests.mcp.test_mcp_all_tools_protocol.TestMCPResponseEnvelope" name="test_tool_response_has_applied_limits[crawl_project]" time="0.001" /><testcase classname="tests.mcp.test_mcp_all_tools_protocol.TestMCPResponseEnvelope" name="test_tool_response_has_applied_limits[cross_file_security_scan]" time="0.001" /><testcase classname="tests.mcp.test_mcp_all_tools_protocol.TestMCPResponseEnvelope" name="test_tool_response_has_applied_limits[extract_code]" time="0.001" /><testcase classname="tests.mcp.test_mcp_all_tools_protocol.TestMCPResponseEnvelope" name="test_tool_response_has_applied_limits[generate_unit_tests]" time="0.001" /><testcase classname="tests.mcp.test_mcp_all_tools_protocol.TestMCPResponseEnvelope" name="test_tool_response_has_applied_limits[get_call_graph]" time="0.001" /><testcase classname="tests.mcp.test_mcp_all_tools_protocol.TestMCPResponseEnvelope" name="test_tool_response_has_applied_limits[get_cross_file_dependencies]" time="0.001" /><testcase classname="tests.mcp.test_mcp_all_tools_protocol.TestMCPResponseEnvelope" name="test_tool_response_has_applied_limits[get_file_context]" time="0.001" /><testcase classname="tests.mcp.test_mcp_all_tools_protocol.TestMCPResponseEnvelope" name="test_tool_response_has_applied_limits[get_graph_neighborhood]" time="0.001" /><testcase classname="tests.mcp.test_mcp_all_tools_protocol.TestMCPResponseEnvelope" name="test_tool_response_has_applied_limits[get_project_map]" time="0.002" /><testcase classname="tests.mcp.test_mcp_all_tools_protocol.TestMCPResponseEnvelope" name="test_tool_response_has_applied_limits[get_symbol_references]" time="0.001" /><testcase classname="tests.mcp.test_mcp_all_tools_protocol.TestMCPResponseEnvelope" name="test_tool_response_has_applied_limits[rename_symbol]" time="0.001" /><testcase classname="tests.mcp.test_mcp_all_tools_protocol.TestMCPResponseEnvelope" name="test_tool_response_has_applied_limits[scan_dependencies]" time="0.001" /><testcase classname="tests.mcp.test_mcp_all_tools_protocol.TestMCPResponseEnvelope" name="test_tool_response_has_applied_limits[scanner]" time="0.001" /><testcase classname="tests.mcp.test_mcp_all_tools_protocol.TestMCPResponseEnvelope" name="test_tool_response_has_applied_limits[security_scan]" time="0.001" /><testcase classname="tests.mcp.test_mcp_all_tools_protocol.TestMCPResponseEnvelope" name="test_tool_response_has_applied_limits[simulate_refactor]" time="0.001" /><testcase classname="tests.mcp.test_mcp_all_tools_protocol.TestMCPResponseEnvelope" name="test_tool_response_has_applied_limits[symbolic_execute]" time="0.001" /><testcase classname="tests.mcp.test_mcp_all_tools_protocol.TestMCPResponseEnvelope" name="test_tool_response_has_applied_limits[type_evaporation_scan]" time="0.001" /><testcase classname="tests.mcp.test_mcp_all_tools_protocol.TestMCPResponseEnvelope" name="test_tool_response_has_applied_limits[unified_sink_detect]" time="0.001" /><testcase classname="tests.mcp.test_mcp_all_tools_protocol.TestMCPResponseEnvelope" name="test_tool_response_has_applied_limits[update_symbol]" time="0.001" /><testcase classname="tests.mcp.test_mcp_all_tools_protocol.TestMCPResponseEnvelope" name="test_tool_response_has_applied_limits[validate_paths]" time="0.001" /><testcase classname="tests.mcp.test_mcp_all_tools_protocol.TestMCPResponseEnvelope" name="test_tool_response_has_applied_limits[verify_policy_integrity]" time="0.001" /><testcase classname="tests.mcp.test_mcp_all_tools_protocol.TestMCPResponseEnvelope" name="test_tool_response_has_applied_limits[write_perfect_code]" time="0.001" /><testcase classname="tests.mcp.test_mcp_all_tools_protocol.TestMCPResponseEnvelope" name="test_tool_response_has_metadata[analyze_code]" time="0.001" /><testcase classname="tests.mcp.test_mcp_all_tools_protocol.TestMCPResponseEnvelope" name="test_tool_response_has_metadata[code_policy_check]" time="0.001" /><testcase classname="tests.mcp.test_mcp_all_tools_protocol.TestMCPResponseEnvelope" name="test_tool_response_has_metadata[crawl_project]" time="0.001" /><testcase classname="tests.mcp.test_mcp_all_tools_protocol.TestMCPResponseEnvelope" name="test_tool_response_has_metadata[cross_file_security_scan]" time="0.001" /><testcase classname="tests.mcp.test_mcp_all_tools_protocol.TestMCPResponseEnvelope" name="test_tool_response_has_metadata[extract_code]" time="0.002" /><testcase classname="tests.mcp.test_mcp_all_tools_protocol.TestMCPResponseEnvelope" name="test_tool_response_has_metadata[generate_unit_tests]" time="0.001" /><testcase classname="tests.mcp.test_mcp_all_tools_protocol.TestMCPResponseEnvelope" name="test_tool_response_has_metadata[get_call_graph]" time="0.001" /><testcase classname="tests.mcp.test_mcp_all_tools_protocol.TestMCPResponseEnvelope" name="test_tool_response_has_metadata[get_cross_file_dependencies]" time="0.001" /><testcase classname="tests.mcp.test_mcp_all_tools_protocol.TestMCPResponseEnvelope" name="test_tool_response_has_metadata[get_file_context]" time="0.001" /><testcase classname="tests.mcp.test_mcp_all_tools_protocol.TestMCPResponseEnvelope" name="test_tool_response_has_metadata[get_graph_neighborhood]" time="0.002" /><testcase classname="tests.mcp.test_mcp_all_tools_protocol.TestMCPResponseEnvelope" name="test_tool_response_has_metadata[get_project_map]" time="0.001" /><testcase classname="tests.mcp.test_mcp_all_tools_protocol.TestMCPResponseEnvelope" name="test_tool_response_has_metadata[get_symbol_references]" time="0.001" /><testcase classname="tests.mcp.test_mcp_all_tools_protocol.TestMCPResponseEnvelope" name="test_tool_response_has_metadata[rename_symbol]" time="0.001" /><testcase classname="tests.mcp.test_mcp_all_tools_protocol.TestMCPResponseEnvelope" name="test_tool_response_has_metadata[scan_dependencies]" time="0.001" /><testcase classname="tests.mcp.test_mcp_all_tools_protocol.TestMCPResponseEnvelope" name="test_tool_response_has_metadata[scanner]" time="0.002" /><testcase classname="tests.mcp.test_mcp_all_tools_protocol.TestMCPResponseEnvelope" name="test_tool_response_has_metadata[security_scan]" time="0.001" /><testcase classname="tests.mcp.test_mcp_all_tools_protocol.TestMCPResponseEnvelope" name="test_tool_response_has_metadata[simulate_refactor]" time="0.001" /><testcase classname="tests.mcp.test_mcp_all_tools_protocol.TestMCPResponseEnvelope" name="test_tool_response_has_metadata[symbolic_execute]" time="0.001" /><testcase classname="tests.mcp.test_mcp_all_tools_protocol.TestMCPResponseEnvelope" name="test_tool_response_has_metadata[type_evaporation_scan]" time="0.001" /><testcase classname="tests.mcp.test_mcp_all_tools_protocol.TestMCPResponseEnvelope" name="test_tool_response_has_metadata[unified_sink_detect]" time="0.002" /><testcase classname="tests.mcp.test_mcp_all_tools_protocol.TestMCPResponseEnvelope" name="test_tool_response_has_metadata[update_symbol]" time="0.001" /><testcase classname="tests.mcp.test_mcp_all_tools_protocol.TestMCPResponseEnvelope" name="test_tool_response_has_metadata[validate_paths]" time="0.001" /><testcase classname="tests.mcp.test_mcp_all_tools_protocol.TestMCPResponseEnvelope" name="test_tool_response_has_metadata[verify_policy_integrity]" time="0.001" /><testcase classname="tests.mcp.test_mcp_all_tools_protocol.TestMCPResponseEnvelope" name="test_tool_response_has_metadata[write_perfect_code]" time="0.001" /><testcase classname="tests.mcp.test_mcp_all_tools_protocol.TestMCPTierMetadata" name="test_community_tier_identified" time="0.001" /><testcase classname="tests.mcp.test_mcp_all_tools_protocol.TestMCPTierMetadata" name="test_pro_tier_identified" time="0.003" /><testcase classname="tests.mcp.test_mcp_all_tools_protocol.TestMCPTierMetadata" name="test_enterprise_tier_identified" time="0.003" /><testcase classname="tests.mcp.test_mcp_all_tools_protocol.TestMCPLimitsClamping" name="test_clamped_limits_in_applied_limits" time="0.002" /><testcase classname="tests.mcp.test_mcp_all_tools_protocol.TestMCPLimitsClamping" name="test_no_clamping_at_unlimited_tier" time="0.001" /><testcase classname="tests.mcp.test_mcp_all_tools_protocol.TestMCPErrorResponses" name="test_invalid_input_error_format" time="0.001" /><testcase classname="tests.mcp.test_mcp_all_tools_protocol.TestMCPErrorResponses" name="test_file_not_found_error_format" time="0.001" /><testcase classname="tests.mcp.test_mcp_all_tools_protocol.TestMCPErrorResponses" name="test_timeout_error_format" time="0.001" /><testcase classname="tests.mcp.test_mcp_all_tools_protocol.TestMCPParameterValidation" name="test_required_parameters_enforced" time="0.001" /><testcase classname="tests.mcp.test_mcp_all_tools_protocol.TestMCPParameterValidation" name="test_parameter_type_validation" time="0.001" /><testcase classname="tests.mcp.test_mcp_all_tools_protocol.TestMCPParameterValidation" name="test_parameter_range_validation" time="0.001" /><testcase classname="tests.mcp.test_mcp_all_tools_protocol.TestMCPResponseSerialization" name="test_response_json_serializable[analyze_code]" time="0.001" /><testcase classname="tests.mcp.test_mcp_all_tools_protocol.TestMCPResponseSerialization" name="test_response_json_serializable[code_policy_check]" time="0.001" /><testcase classname="tests.mcp.test_mcp_all_tools_protocol.TestMCPResponseSerialization" name="test_response_json_serializable[crawl_project]" time="0.001" /><testcase classname="tests.mcp.test_mcp_all_tools_protocol.TestMCPResponseSerialization" name="test_response_json_serializable[cross_file_security_scan]" time="0.001" /><testcase classname="tests.mcp.test_mcp_all_tools_protocol.TestMCPResponseSerialization" name="test_response_json_serializable[extract_code]" time="0.001" /><testcase classname="tests.mcp.test_mcp_all_tools_protocol.TestMCPResponseSerialization" name="test_response_json_serializable[generate_unit_tests]" time="0.001" /><testcase classname="tests.mcp.test_mcp_all_tools_protocol.TestMCPResponseSerialization" name="test_response_json_serializable[get_call_graph]" time="0.001" /><testcase classname="tests.mcp.test_mcp_all_tools_protocol.TestMCPResponseSerialization" name="test_response_json_serializable[get_cross_file_dependencies]" time="0.001" /><testcase classname="tests.mcp.test_mcp_all_tools_protocol.TestMCPResponseSerialization" name="test_response_json_serializable[get_file_context]" time="0.001" /><testcase classname="tests.mcp.test_mcp_all_tools_protocol.TestMCPResponseSerialization" name="test_response_json_serializable[get_graph_neighborhood]" time="0.001" /><testcase classname="tests.mcp.test_mcp_all_tools_protocol.TestMCPResponseSerialization" name="test_response_json_serializable[get_project_map]" time="0.001" /><testcase classname="tests.mcp.test_mcp_all_tools_protocol.TestMCPResponseSerialization" name="test_response_json_serializable[get_symbol_references]" time="0.001" /><testcase classname="tests.mcp.test_mcp_all_tools_protocol.TestMCPResponseSerialization" name="test_response_json_serializable[rename_symbol]" time="0.001" /><testcase classname="tests.mcp.test_mcp_all_tools_protocol.TestMCPResponseSerialization" name="test_response_json_serializable[scan_dependencies]" time="0.001" /><testcase classname="tests.mcp.test_mcp_all_tools_protocol.TestMCPResponseSerialization" name="test_response_json_serializable[scanner]" time="0.001" /><testcase classname="tests.mcp.test_mcp_all_tools_protocol.TestMCPResponseSerialization" name="test_response_json_serializable[security_scan]" time="0.001" /><testcase classname="tests.mcp.test_mcp_all_tools_protocol.TestMCPResponseSerialization" name="test_response_json_serializable[simulate_refactor]" time="0.001" /><testcase classname="tests.mcp.test_mcp_all_tools_protocol.TestMCPResponseSerialization" name="test_response_json_serializable[symbolic_execute]" time="0.001" /><testcase classname="tests.mcp.test_mcp_all_tools_protocol.TestMCPResponseSerialization" name="test_response_json_serializable[type_evaporation_scan]" time="0.001" /><testcase classname="tests.mcp.test_mcp_all_tools_protocol.TestMCPResponseSerialization" name="test_response_json_serializable[unified_sink_detect]" time="0.001" /><testcase classname="tests.mcp.test_mcp_all_tools_protocol.TestMCPResponseSerialization" name="test_response_json_serializable[update_symbol]" time="0.001" /><testcase classname="tests.mcp.test_mcp_all_tools_protocol.TestMCPResponseSerialization" name="test_response_json_serializable[validate_paths]" time="0.002" /><testcase classname="tests.mcp.test_mcp_all_tools_protocol.TestMCPResponseSerialization" name="test_response_json_serializable[verify_policy_integrity]" time="0.002" /><testcase classname="tests.mcp.test_mcp_all_tools_protocol.TestMCPResponseSerialization" name="test_response_json_serializable[write_perfect_code]" time="0.001" /><testcase classname="tests.mcp.test_mcp_all_tools_protocol.TestMCPResponseSerialization" name="test_response_no_datetime_objects[analyze_code]" time="0.001" /><testcase classname="tests.mcp.test_mcp_all_tools_protocol.TestMCPResponseSerialization" name="test_response_no_datetime_objects[code_policy_check]" time="0.002" /><testcase classname="tests.mcp.test_mcp_all_tools_protocol.TestMCPResponseSerialization" name="test_response_no_datetime_objects[crawl_project]" time="0.001" /><testcase classname="tests.mcp.test_mcp_all_tools_protocol.TestMCPResponseSerialization" name="test_response_no_datetime_objects[cross_file_security_scan]" time="0.001" /><testcase classname="tests.mcp.test_mcp_all_tools_protocol.TestMCPResponseSerialization" name="test_response_no_datetime_objects[extract_code]" time="0.002" /><testcase classname="tests.mcp.test_mcp_all_tools_protocol.TestMCPResponseSerialization" name="test_response_no_datetime_objects[generate_unit_tests]" time="0.002" /><testcase classname="tests.mcp.test_mcp_all_tools_protocol.TestMCPResponseSerialization" name="test_response_no_datetime_objects[get_call_graph]" time="0.001" /><testcase classname="tests.mcp.test_mcp_all_tools_protocol.TestMCPResponseSerialization" name="test_response_no_datetime_objects[get_cross_file_dependencies]" time="0.001" /><testcase classname="tests.mcp.test_mcp_all_tools_protocol.TestMCPResponseSerialization" name="test_response_no_datetime_objects[get_file_context]" time="0.001" /><testcase classname="tests.mcp.test_mcp_all_tools_protocol.TestMCPResponseSerialization" name="test_response_no_datetime_objects[get_graph_neighborhood]" time="0.001" /><testcase classname="tests.mcp.test_mcp_all_tools_protocol.TestMCPResponseSerialization" name="test_response_no_datetime_objects[get_project_map]" time="0.002" /><testcase classname="tests.mcp.test_mcp_all_tools_protocol.TestMCPResponseSerialization" name="test_response_no_datetime_objects[get_symbol_references]" time="0.001" /><testcase classname="tests.mcp.test_mcp_all_tools_protocol.TestMCPResponseSerialization" name="test_response_no_datetime_objects[rename_symbol]" time="0.001" /><testcase classname="tests.mcp.test_mcp_all_tools_protocol.TestMCPResponseSerialization" name="test_response_no_datetime_objects[scan_dependencies]" time="0.001" /><testcase classname="tests.mcp.test_mcp_all_tools_protocol.TestMCPResponseSerialization" name="test_response_no_datetime_objects[scanner]" time="0.001" /><testcase classname="tests.mcp.test_mcp_all_tools_protocol.TestMCPResponseSerialization" name="test_response_no_datetime_objects[security_scan]" time="0.001" /><testcase classname="tests.mcp.test_mcp_all_tools_protocol.TestMCPResponseSerialization" name="test_response_no_datetime_objects[simulate_refactor]" time="0.001" /><testcase classname="tests.mcp.test_mcp_all_tools_protocol.TestMCPResponseSerialization" name="test_response_no_datetime_objects[symbolic_execute]" time="0.001" /><testcase classname="tests.mcp.test_mcp_all_tools_protocol.TestMCPResponseSerialization" name="test_response_no_datetime_objects[type_evaporation_scan]" time="0.001" /><testcase classname="tests.mcp.test_mcp_all_tools_protocol.TestMCPResponseSerialization" name="test_response_no_datetime_objects[unified_sink_detect]" time="0.001" /><testcase classname="tests.mcp.test_mcp_all_tools_protocol.TestMCPResponseSerialization" name="test_response_no_datetime_objects[update_symbol]" time="0.001" /><testcase classname="tests.mcp.test_mcp_all_tools_protocol.TestMCPResponseSerialization" name="test_response_no_datetime_objects[validate_paths]" time="0.001" /><testcase classname="tests.mcp.test_mcp_all_tools_protocol.TestMCPResponseSerialization" name="test_response_no_datetime_objects[verify_policy_integrity]" time="0.001" /><testcase classname="tests.mcp.test_mcp_all_tools_protocol.TestMCPResponseSerialization" name="test_response_no_datetime_objects[write_perfect_code]" time="0.001" /><testcase classname="tests.mcp.test_mcp_all_tools_protocol.TestMCPToolInvocationProtocol" name="test_tool_name_in_schema" time="0.001" /><testcase classname="tests.mcp.test_mcp_all_tools_protocol.TestMCPToolInvocationProtocol" name="test_tool_input_schema_validation" time="0.001" /><testcase classname="tests.mcp.test_mcp_all_tools_protocol.TestMCPToolInvocationProtocol" name="test_tool_output_schema_validation" time="0.001" /><testcase classname="tests.mcp.test_mcp_all_tools_protocol.TestMCPCapabilityMetadata" name="test_capabilities_metadata_community" time="0.001" /><testcase classname="tests.mcp.test_mcp_all_tools_protocol.TestMCPCapabilityMetadata" name="test_capabilities_metadata_pro" time="0.004" /><testcase classname="tests.mcp.test_mcp_all_tools_protocol.TestMCPCapabilityMetadata" name="test_capabilities_metadata_enterprise" time="0.003" /><testcase classname="tests.mcp.test_mcp_all_tools_protocol.TestAllToolsMCPCompliance" name="test_tool_documented_in_mcp_schema[analyze_code]" time="0.001" /><testcase classname="tests.mcp.test_mcp_all_tools_protocol.TestAllToolsMCPCompliance" name="test_tool_documented_in_mcp_schema[get_file_context]" time="0.001" /><testcase classname="tests.mcp.test_mcp_all_tools_protocol.TestAllToolsMCPCompliance" name="test_tool_documented_in_mcp_schema[get_project_map]" time="0.001" /><testcase classname="tests.mcp.test_mcp_all_tools_protocol.TestAllToolsMCPCompliance" name="test_tool_documented_in_mcp_schema[get_symbol_references]" time="0.002" /><testcase classname="tests.mcp.test_mcp_all_tools_protocol.TestAllToolsMCPCompliance" name="test_tool_documented_in_mcp_schema[crawl_project]" time="0.001" /><testcase classname="tests.mcp.test_mcp_all_tools_protocol.TestAllToolsMCPCompliance" name="test_tool_documented_in_mcp_schema[extract_code]" time="0.001" /><testcase classname="tests.mcp.test_mcp_all_tools_protocol.TestAllToolsMCPCompliance" name="test_tool_documented_in_mcp_schema[rename_symbol]" time="0.001" /><testcase classname="tests.mcp.test_mcp_all_tools_protocol.TestAllToolsMCPCompliance" name="test_tool_documented_in_mcp_schema[update_symbol]" time="0.001" /><testcase classname="tests.mcp.test_mcp_all_tools_protocol.TestAllToolsMCPCompliance" name="test_tool_documented_in_mcp_schema[get_call_graph]" time="0.002" /><testcase classname="tests.mcp.test_mcp_all_tools_protocol.TestAllToolsMCPCompliance" name="test_tool_documented_in_mcp_schema[get_cross_file_dependencies]" time="0.001" /><testcase classname="tests.mcp.test_mcp_all_tools_protocol.TestAllToolsMCPCompliance" name="test_tool_documented_in_mcp_schema[get_graph_neighborhood]" time="0.002" /><testcase classname="tests.mcp.test_mcp_all_tools_protocol.TestAllToolsMCPCompliance" name="test_tool_documented_in_mcp_schema[scan_dependencies]" time="0.002" /><testcase classname="tests.mcp.test_mcp_all_tools_protocol.TestAllToolsMCPCompliance" name="test_tool_documented_in_mcp_schema[security_scan]" time="0.001" /><testcase classname="tests.mcp.test_mcp_all_tools_protocol.TestAllToolsMCPCompliance" name="test_tool_documented_in_mcp_schema[cross_file_security_scan]" time="0.001" /><testcase classname="tests.mcp.test_mcp_all_tools_protocol.TestAllToolsMCPCompliance" name="test_tool_documented_in_mcp_schema[unified_sink_detect]" time="0.001" /><testcase classname="tests.mcp.test_mcp_all_tools_protocol.TestAllToolsMCPCompliance" name="test_tool_documented_in_mcp_schema[type_evaporation_scan]" time="0.001" /><testcase classname="tests.mcp.test_mcp_all_tools_protocol.TestAllToolsMCPCompliance" name="test_tool_documented_in_mcp_schema[code_policy_check]" time="0.001" /><testcase classname="tests.mcp.test_mcp_all_tools_protocol.TestAllToolsMCPCompliance" name="test_tool_documented_in_mcp_schema[simulate_refactor]" time="0.001" /><testcase classname="tests.mcp.test_mcp_all_tools_protocol.TestAllToolsMCPCompliance" name="test_tool_documented_in_mcp_schema[symbolic_execute]" time="0.001" /><testcase classname="tests.mcp.test_mcp_all_tools_protocol.TestAllToolsMCPCompliance" name="test_tool_documented_in_mcp_schema[generate_unit_tests]" time="0.002" /><testcase classname="tests.mcp.test_mcp_all_tools_protocol.TestAllToolsMCPCompliance" name="test_tool_documented_in_mcp_schema[verify_policy_integrity]" time="0.001" /><testcase classname="tests.mcp.test_mcp_all_tools_protocol.TestAllToolsMCPCompliance" name="test_tool_documented_in_mcp_schema[validate_paths]" time="0.001" /><testcase classname="tests.mcp.test_mcp_all_tools_protocol.TestAllToolsMCPCompliance" name="test_tool_has_input_schema[analyze_code]" time="0.001" /><testcase classname="tests.mcp.test_mcp_all_tools_protocol.TestAllToolsMCPCompliance" name="test_tool_has_input_schema[get_file_context]" time="0.002" /><testcase classname="tests.mcp.test_mcp_all_tools_protocol.TestAllToolsMCPCompliance" name="test_tool_has_input_schema[get_project_map]" time="0.001" /><testcase classname="tests.mcp.test_mcp_all_tools_protocol.TestAllToolsMCPCompliance" name="test_tool_has_input_schema[get_symbol_references]" time="0.001" /><testcase classname="tests.mcp.test_mcp_all_tools_protocol.TestAllToolsMCPCompliance" name="test_tool_has_input_schema[crawl_project]" time="0.001" /><testcase classname="tests.mcp.test_mcp_all_tools_protocol.TestAllToolsMCPCompliance" name="test_tool_has_input_schema[extract_code]" time="0.001" /><testcase classname="tests.mcp.test_mcp_all_tools_protocol.TestAllToolsMCPCompliance" name="test_tool_has_input_schema[rename_symbol]" time="0.002" /><testcase classname="tests.mcp.test_mcp_all_tools_protocol.TestAllToolsMCPCompliance" name="test_tool_has_input_schema[update_symbol]" time="0.001" /><testcase classname="tests.mcp.test_mcp_all_tools_protocol.TestAllToolsMCPCompliance" name="test_tool_has_input_schema[get_call_graph]" time="0.001" /><testcase classname="tests.mcp.test_mcp_all_tools_protocol.TestAllToolsMCPCompliance" name="test_tool_has_input_schema[get_cross_file_dependencies]" time="0.001" /><testcase classname="tests.mcp.test_mcp_all_tools_protocol.TestAllToolsMCPCompliance" name="test_tool_has_input_schema[get_graph_neighborhood]" time="0.001" /><testcase classname="tests.mcp.test_mcp_all_tools_protocol.TestAllToolsMCPCompliance" name="test_tool_has_input_schema[scan_dependencies]" time="0.001" /><testcase classname="tests.mcp.test_mcp_all_tools_protocol.TestAllToolsMCPCompliance" name="test_tool_has_input_schema[security_scan]" time="0.001" /><testcase classname="tests.mcp.test_mcp_all_tools_protocol.TestAllToolsMCPCompliance" name="test_tool_has_input_schema[cross_file_security_scan]" time="0.001" /><testcase classname="tests.mcp.test_mcp_all_tools_protocol.TestAllToolsMCPCompliance" name="test_tool_has_input_schema[unified_sink_detect]" time="0.001" /><testcase classname="tests.mcp.test_mcp_all_tools_protocol.TestAllToolsMCPCompliance" name="test_tool_has_input_schema[type_evaporation_scan]" time="0.001" /><testcase classname="tests.mcp.test_mcp_all_tools_protocol.TestAllToolsMCPCompliance" name="test_tool_has_input_schema[code_policy_check]" time="0.001" /><testcase classname="tests.mcp.test_mcp_all_tools_protocol.TestAllToolsMCPCompliance" name="test_tool_has_input_schema[simulate_refactor]" time="0.001" /><testcase classname="tests.mcp.test_mcp_all_tools_protocol.TestAllToolsMCPCompliance" name="test_tool_has_input_schema[symbolic_execute]" time="0.001" /><testcase classname="tests.mcp.test_mcp_all_tools_protocol.TestAllToolsMCPCompliance" name="test_tool_has_input_schema[generate_unit_tests]" time="0.001" /><testcase classname="tests.mcp.test_mcp_all_tools_protocol.TestAllToolsMCPCompliance" name="test_tool_has_input_schema[verify_policy_integrity]" time="0.001" /><testcase classname="tests.mcp.test_mcp_all_tools_protocol.TestAllToolsMCPCompliance" name="test_tool_has_input_schema[validate_paths]" time="0.001" /><testcase classname="tests.mcp.test_mcp_all_tools_protocol.TestAllToolsMCPCompliance" name="test_tool_has_output_schema[analyze_code]" time="0.001" /><testcase classname="tests.mcp.test_mcp_all_tools_protocol.TestAllToolsMCPCompliance" name="test_tool_has_output_schema[get_file_context]" time="0.001" /><testcase classname="tests.mcp.test_mcp_all_tools_protocol.TestAllToolsMCPCompliance" name="test_tool_has_output_schema[get_project_map]" time="0.001" /><testcase classname="tests.mcp.test_mcp_all_tools_protocol.TestAllToolsMCPCompliance" name="test_tool_has_output_schema[get_symbol_references]" time="0.001" /><testcase classname="tests.mcp.test_mcp_all_tools_protocol.TestAllToolsMCPCompliance" name="test_tool_has_output_schema[crawl_project]" time="0.001" /><testcase classname="tests.mcp.test_mcp_all_tools_protocol.TestAllToolsMCPCompliance" name="test_tool_has_output_schema[extract_code]" time="0.001" /><testcase classname="tests.mcp.test_mcp_all_tools_protocol.TestAllToolsMCPCompliance" name="test_tool_has_output_schema[rename_symbol]" time="0.001" /><testcase classname="tests.mcp.test_mcp_all_tools_protocol.TestAllToolsMCPCompliance" name="test_tool_has_output_schema[update_symbol]" time="0.001" /><testcase classname="tests.mcp.test_mcp_all_tools_protocol.TestAllToolsMCPCompliance" name="test_tool_has_output_schema[get_call_graph]" time="0.001" /><testcase classname="tests.mcp.test_mcp_all_tools_protocol.TestAllToolsMCPCompliance" name="test_tool_has_output_schema[get_cross_file_dependencies]" time="0.001" /><testcase classname="tests.mcp.test_mcp_all_tools_protocol.TestAllToolsMCPCompliance" name="test_tool_has_output_schema[get_graph_neighborhood]" time="0.001" /><testcase classname="tests.mcp.test_mcp_all_tools_protocol.TestAllToolsMCPCompliance" name="test_tool_has_output_schema[scan_dependencies]" time="0.001" /><testcase classname="tests.mcp.test_mcp_all_tools_protocol.TestAllToolsMCPCompliance" name="test_tool_has_output_schema[security_scan]" time="0.001" /><testcase classname="tests.mcp.test_mcp_all_tools_protocol.TestAllToolsMCPCompliance" name="test_tool_has_output_schema[cross_file_security_scan]" time="0.001" /><testcase classname="tests.mcp.test_mcp_all_tools_protocol.TestAllToolsMCPCompliance" name="test_tool_has_output_schema[unified_sink_detect]" time="0.001" /><testcase classname="tests.mcp.test_mcp_all_tools_protocol.TestAllToolsMCPCompliance" name="test_tool_has_output_schema[type_evaporation_scan]" time="0.001" /><testcase classname="tests.mcp.test_mcp_all_tools_protocol.TestAllToolsMCPCompliance" name="test_tool_has_output_schema[code_policy_check]" time="0.001" /><testcase classname="tests.mcp.test_mcp_all_tools_protocol.TestAllToolsMCPCompliance" name="test_tool_has_output_schema[simulate_refactor]" time="0.001" /><testcase classname="tests.mcp.test_mcp_all_tools_protocol.TestAllToolsMCPCompliance" name="test_tool_has_output_schema[symbolic_execute]" time="0.001" /><testcase classname="tests.mcp.test_mcp_all_tools_protocol.TestAllToolsMCPCompliance" name="test_tool_has_output_schema[generate_unit_tests]" time="0.002" /><testcase classname="tests.mcp.test_mcp_all_tools_protocol.TestAllToolsMCPCompliance" name="test_tool_has_output_schema[verify_policy_integrity]" time="0.001" /><testcase classname="tests.mcp.test_mcp_all_tools_protocol.TestAllToolsMCPCompliance" name="test_tool_has_output_schema[validate_paths]" time="0.001" /><testcase classname="tests.mcp.test_mcp_all_tools_protocol.TestAllToolsMCPCompliance" name="test_tool_has_documentation[analyze_code]" time="0.001" /><testcase classname="tests.mcp.test_mcp_all_tools_protocol.TestAllToolsMCPCompliance" name="test_tool_has_documentation[get_file_context]" time="0.001" /><testcase classname="tests.mcp.test_mcp_all_tools_protocol.TestAllToolsMCPCompliance" name="test_tool_has_documentation[get_project_map]" time="0.001" /><testcase classname="tests.mcp.test_mcp_all_tools_protocol.TestAllToolsMCPCompliance" name="test_tool_has_documentation[get_symbol_references]" time="0.001" /><testcase classname="tests.mcp.test_mcp_all_tools_protocol.TestAllToolsMCPCompliance" name="test_tool_has_documentation[crawl_project]" time="0.001" /><testcase classname="tests.mcp.test_mcp_all_tools_protocol.TestAllToolsMCPCompliance" name="test_tool_has_documentation[extract_code]" time="0.001" /><testcase classname="tests.mcp.test_mcp_all_tools_protocol.TestAllToolsMCPCompliance" name="test_tool_has_documentation[rename_symbol]" time="0.001" /><testcase classname="tests.mcp.test_mcp_all_tools_protocol.TestAllToolsMCPCompliance" name="test_tool_has_documentation[update_symbol]" time="0.001" /><testcase classname="tests.mcp.test_mcp_all_tools_protocol.TestAllToolsMCPCompliance" name="test_tool_has_documentation[get_call_graph]" time="0.001" /><testcase classname="tests.mcp.test_mcp_all_tools_protocol.TestAllToolsMCPCompliance" name="test_tool_has_documentation[get_cross_file_dependencies]" time="0.001" /><testcase classname="tests.mcp.test_mcp_all_tools_protocol.TestAllToolsMCPCompliance" name="test_tool_has_documentation[get_graph_neighborhood]" time="0.001" /><testcase classname="tests.mcp.test_mcp_all_tools_protocol.TestAllToolsMCPCompliance" name="test_tool_has_documentation[scan_dependencies]" time="0.001" /><testcase classname="tests.mcp.test_mcp_all_tools_protocol.TestAllToolsMCPCompliance" name="test_tool_has_documentation[security_scan]" time="0.001" /><testcase classname="tests.mcp.test_mcp_all_tools_protocol.TestAllToolsMCPCompliance" name="test_tool_has_documentation[cross_file_security_scan]" time="0.001" /><testcase classname="tests.mcp.test_mcp_all_tools_protocol.TestAllToolsMCPCompliance" name="test_tool_has_documentation[unified_sink_detect]" time="0.001" /><testcase classname="tests.mcp.test_mcp_all_tools_protocol.TestAllToolsMCPCompliance" name="test_tool_has_documentation[type_evaporation_scan]" time="0.001" /><testcase classname="tests.mcp.test_mcp_all_tools_protocol.TestAllToolsMCPCompliance" name="test_tool_has_documentation[code_policy_check]" time="0.001" /><testcase classname="tests.mcp.test_mcp_all_tools_protocol.TestAllToolsMCPCompliance" name="test_tool_has_documentation[simulate_refactor]" time="0.001" /><testcase classname="tests.mcp.test_mcp_all_tools_protocol.TestAllToolsMCPCompliance" name="test_tool_has_documentation[symbolic_execute]" time="0.001" /><testcase classname="tests.mcp.test_mcp_all_tools_protocol.TestAllToolsMCPCompliance" name="test_tool_has_documentation[generate_unit_tests]" time="0.001" /><testcase classname="tests.mcp.test_mcp_all_tools_protocol.TestAllToolsMCPCompliance" name="test_tool_has_documentation[verify_policy_integrity]" time="0.001" /><testcase classname="tests.mcp.test_mcp_all_tools_protocol.TestAllToolsMCPCompliance" name="test_tool_has_documentation[validate_paths]" time="0.001" /><testcase classname="tests.mcp.test_mcp_auto_init" name="test_auto_init_disabled_creates_nothing" time="0.012" /><testcase classname="tests.mcp.test_mcp_auto_init" name="test_auto_init_templates_only_creates_code_scalpel_dir_without_env_or_manifest" time="0.022" /><testcase classname="tests.mcp.test_mcp_auto_init" name="test_auto_init_full_creates_manifest_and_env" time="0.022" /><testcase classname="tests.mcp.test_mcp_auto_init" name="test_auto_init_user_target_uses_xdg_config_home" time="0.022" /><testcase classname="tests.mcp.test_mcp_docker_end_to_end" name="test_mcp_docker_streamable_http_end_to_end" time="0.004"><skipped type="pytest.skip" message="Set RUN_DOCKER_TESTS=1 to run Docker-based MCP tests">/mnt/k/backup/Develop/code-scalpel/tests/mcp/test_mcp_docker_end_to_end.py:212: Set RUN_DOCKER_TESTS=1 to run Docker-based MCP tests</skipped></testcase><testcase classname="tests.mcp.test_mcp_http" name="test_mcp_http_connection" time="0.000"><skipped type="pytest.skip" message="[20260117_TEST] MCP HTTP integration test requires running MCP server, skipped">/mnt/k/backup/Develop/code-scalpel/tests/mcp/test_mcp_http.py:17: [20260117_TEST] MCP HTTP integration test requires running MCP server, skipped</skipped></testcase><testcase classname="tests.mcp.test_mcp_http_sse_all_tools_end_to_end" name="test_mcp_http_sse_transports_invoke_all_tools[streamable-http-/mcp]" time="0.000"><skipped type="pytest.skip" message="[20260118_TEST] HTTP/SSE tests require running server - skip for local pipeline">/mnt/k/backup/Develop/code-scalpel/tests/mcp/test_mcp_http_sse_all_tools_end_to_end.py:444: [20260118_TEST] HTTP/SSE tests require running server - skip for local pipeline</skipped></testcase><testcase classname="tests.mcp.test_mcp_http_sse_all_tools_end_to_end" name="test_mcp_http_sse_transports_invoke_all_tools[sse-/sse]" time="0.000"><skipped type="pytest.skip" message="[20260118_TEST] HTTP/SSE tests require running server - skip for local pipeline">/mnt/k/backup/Develop/code-scalpel/tests/mcp/test_mcp_http_sse_all_tools_end_to_end.py:444: [20260118_TEST] HTTP/SSE tests require running server - skip for local pipeline</skipped></testcase><testcase classname="tests.mcp.test_mcp_http_transport_endpoints" name="test_http_transport_endpoint_path_matches_fastmcp_defaults[streamable-http-/mcp]" time="8.113" /><testcase classname="tests.mcp.test_mcp_http_transport_endpoints" name="test_http_transport_endpoint_path_matches_fastmcp_defaults[sse-/sse]" time="7.347" /><testcase classname="tests.mcp.test_mcp_logging.TestToolInvocation" name="test_create_successful_invocation" time="0.001" /><testcase classname="tests.mcp.test_mcp_logging.TestToolInvocation" name="test_create_failed_invocation" time="0.001" /><testcase classname="tests.mcp.test_mcp_logging.TestMCPAnalytics" name="test_empty_analytics" time="0.001" /><testcase classname="tests.mcp.test_mcp_logging.TestMCPAnalytics" name="test_record_single_invocation" time="0.002" /><testcase classname="tests.mcp.test_mcp_logging.TestMCPAnalytics" name="test_record_multiple_invocations" time="0.001" /><testcase classname="tests.mcp.test_mcp_logging.TestMCPAnalytics" name="test_most_used_tools" time="0.001" /><testcase classname="tests.mcp.test_mcp_logging.TestMCPAnalytics" name="test_tool_specific_stats" time="0.003" /><testcase classname="tests.mcp.test_mcp_logging.TestMCPAnalytics" name="test_error_summary" time="0.001" /><testcase classname="tests.mcp.test_mcp_logging.TestLoggingFunctions" name="test_log_tool_invocation" time="0.004" /><testcase classname="tests.mcp.test_mcp_logging.TestLoggingFunctions" name="test_log_tool_success" time="0.004" /><testcase classname="tests.mcp.test_mcp_logging.TestLoggingFunctions" name="test_log_tool_error" time="0.007" /><testcase classname="tests.mcp.test_mcp_logging.TestLoggingFunctions" name="test_sanitize_params" time="0.001" /><testcase classname="tests.mcp.test_mcp_logging.TestIntegration" name="test_full_workflow" time="0.004" /><testcase classname="tests.mcp.test_mcp_logging.TestIntegration" name="test_multiple_tools_workflow" time="0.001" /><testcase classname="tests.mcp.test_mcp_polyglot.TestMCPExtractJava" name="test_extract_java_class_from_file" time="0.044" /><testcase classname="tests.mcp.test_mcp_polyglot.TestMCPExtractJava" name="test_extract_java_method_from_file" time="0.042" /><testcase classname="tests.mcp.test_mcp_polyglot.TestMCPExtractJava" name="test_extract_java_with_explicit_language" time="0.041" /><testcase classname="tests.mcp.test_mcp_polyglot.TestMCPExtractJavaScript" name="test_extract_js_function_from_file" time="0.042" /><testcase classname="tests.mcp.test_mcp_polyglot.TestMCPExtractJavaScript" name="test_extract_js_class_from_file" time="0.043" /><testcase classname="tests.mcp.test_mcp_polyglot.TestMCPExtractJavaScript" name="test_extract_js_with_explicit_language" time="0.042" /><testcase classname="tests.mcp.test_mcp_polyglot.TestMCPExtractTypeScript" name="test_extract_ts_function_from_file" time="0.050" /><testcase classname="tests.mcp.test_mcp_polyglot.TestMCPExtractTypeScript" name="test_extract_ts_class_from_file" time="0.046" /><testcase classname="tests.mcp.test_mcp_polyglot.TestMCPExtractTypeScript" name="test_extract_ts_with_explicit_language" time="0.044" /><testcase classname="tests.mcp.test_mcp_polyglot.TestMCPExtractFromCode" name="test_extract_java_from_code" time="0.040" /><testcase classname="tests.mcp.test_mcp_polyglot.TestMCPExtractFromCode" name="test_extract_js_from_code" time="0.042" /><testcase classname="tests.mcp.test_mcp_polyglot.TestMCPExtractErrors" name="test_extract_nonexistent_java_class" time="0.027" /><testcase classname="tests.mcp.test_mcp_polyglot.TestMCPExtractErrors" name="test_extract_nonexistent_js_function" time="0.029" /><testcase classname="tests.mcp.test_mcp_resources.TestProjectCallGraphResource" name="test_resource_function_exists" time="0.001" /><testcase classname="tests.mcp.test_mcp_resources.TestProjectCallGraphResource" name="test_returns_valid_json" time="0.018" /><testcase classname="tests.mcp.test_mcp_resources.TestProjectCallGraphResource" name="test_call_graph_structure" time="0.017" /><testcase classname="tests.mcp.test_mcp_resources.TestProjectCallGraphResource" name="test_call_graph_empty_project" time="0.015" /><testcase classname="tests.mcp.test_mcp_resources.TestProjectDependenciesResource" name="test_resource_function_exists" time="0.001" /><testcase classname="tests.mcp.test_mcp_resources.TestProjectDependenciesResource" name="test_returns_valid_json" time="0.003" /><testcase classname="tests.mcp.test_mcp_resources.TestProjectDependenciesResource" name="test_parses_requirements_txt" time="0.003" /><testcase classname="tests.mcp.test_mcp_resources.TestProjectDependenciesResource" name="test_parses_pyproject_toml" time="0.003" /><testcase classname="tests.mcp.test_mcp_resources.TestProjectDependenciesResource" name="test_parses_package_json" time="0.004" /><testcase classname="tests.mcp.test_mcp_resources.TestProjectDependenciesResource" name="test_empty_project_returns_empty_dict" time="0.003" /><testcase classname="tests.mcp.test_mcp_resources.TestProjectStructureResource" name="test_resource_function_exists" time="0.001" /><testcase classname="tests.mcp.test_mcp_resources.TestProjectStructureResource" name="test_returns_valid_json" time="0.003" /><testcase classname="tests.mcp.test_mcp_resources.TestProjectStructureResource" name="test_structure_has_required_fields" time="0.004" /><testcase classname="tests.mcp.test_mcp_resources.TestProjectStructureResource" name="test_includes_files_and_directories" time="0.004" /><testcase classname="tests.mcp.test_mcp_resources.TestProjectStructureResource" name="test_excludes_hidden_files" time="0.004" /><testcase classname="tests.mcp.test_mcp_resources.TestProjectStructureResource" name="test_excludes_pycache" time="0.004" /><testcase classname="tests.mcp.test_mcp_resources.TestProjectStructureResource" name="test_excludes_venv" time="0.004" /><testcase classname="tests.mcp.test_mcp_resources.TestProjectStructureResource" name="test_excludes_node_modules" time="0.004" /><testcase classname="tests.mcp.test_mcp_resources.TestVersionResource" name="test_resource_function_exists" time="0.001" /><testcase classname="tests.mcp.test_mcp_resources.TestVersionResource" name="test_returns_string" time="0.001" /><testcase classname="tests.mcp.test_mcp_resources.TestVersionResource" name="test_contains_version_number" time="0.001" /><testcase classname="tests.mcp.test_mcp_resources.TestVersionResource" name="test_contains_feature_list" time="0.001" /><testcase classname="tests.mcp.test_mcp_resources.TestVersionResource" name="test_contains_language_info" time="0.001" /><testcase classname="tests.mcp.test_mcp_resources.TestCapabilitiesResource" name="test_resource_function_exists" time="0.001" /><testcase classname="tests.mcp.test_mcp_resources.TestCapabilitiesResource" name="test_returns_string" time="0.001" /><testcase classname="tests.mcp.test_mcp_resources.TestCapabilitiesResource" name="test_contains_tools_section" time="0.001" /><testcase classname="tests.mcp.test_mcp_resources.TestCapabilitiesResource" name="test_is_markdown_format" time="0.001" /><testcase classname="tests.mcp.test_mcp_resources.TestResourceIntegration" name="test_all_resources_work_together" time="0.016" /><testcase classname="tests.mcp.test_mcp_resources.TestResourceIntegration" name="test_resources_handle_complex_project" time="0.021" /><testcase classname="tests.mcp.test_mcp_tools_stdio_invocation" name="test_mcp_stdio_invokes_all_tools" time="9.420" /><testcase classname="tests.mcp.test_mcp_transports_end_to_end" name="test_mcp_stdio_transport_end_to_end" time="0.000"><skipped type="pytest.skip" message="[20260118_TEST] HTTP transport tests require running server - skip for local pipeline">/mnt/k/backup/Develop/code-scalpel/tests/mcp/test_mcp_transports_end_to_end.py:335: [20260118_TEST] HTTP transport tests require running server - skip for local pipeline</skipped></testcase><testcase classname="tests.mcp.test_mcp_transports_end_to_end" name="test_mcp_stdio_transport_community_tier_filters_tools" time="0.000"><skipped type="pytest.skip" message="[20260118_TEST] HTTP transport tests require running server - skip for local pipeline">/mnt/k/backup/Develop/code-scalpel/tests/mcp/test_mcp_transports_end_to_end.py:355: [20260118_TEST] HTTP transport tests require running server - skip for local pipeline</skipped></testcase><testcase classname="tests.mcp.test_mcp_transports_end_to_end" name="test_mcp_stdio_transport_pro_tier_excludes_enterprise_only_tools" time="0.000"><skipped type="pytest.skip" message="[20260118_TEST] HTTP transport tests require running server - skip for local pipeline">/mnt/k/backup/Develop/code-scalpel/tests/mcp/test_mcp_transports_end_to_end.py:378: [20260118_TEST] HTTP transport tests require running server - skip for local pipeline</skipped></testcase><testcase classname="tests.mcp.test_mcp_transports_end_to_end" name="test_mcp_http_transports_end_to_end[streamable-http-/mcp]" time="0.000"><skipped type="pytest.skip" message="[20260118_TEST] HTTP transport tests require running server - skip for local pipeline">/mnt/k/backup/Develop/code-scalpel/tests/mcp/test_mcp_transports_end_to_end.py:404: [20260118_TEST] HTTP transport tests require running server - skip for local pipeline</skipped></testcase><testcase classname="tests.mcp.test_mcp_transports_end_to_end" name="test_mcp_http_transports_end_to_end[sse-/sse]" time="0.000"><skipped type="pytest.skip" message="[20260118_TEST] HTTP transport tests require running server - skip for local pipeline">/mnt/k/backup/Develop/code-scalpel/tests/mcp/test_mcp_transports_end_to_end.py:404: [20260118_TEST] HTTP transport tests require running server - skip for local pipeline</skipped></testcase><testcase classname="tests.mcp.test_mcp_transports_end_to_end" name="test_mcp_http_transports_tier_tool_contract[streamable-http-/mcp-community-expected_tools0]" time="0.000"><skipped type="pytest.skip" message="[20260118_TEST] HTTP transport tests require running server - skip for local pipeline">/mnt/k/backup/Develop/code-scalpel/tests/mcp/test_mcp_transports_end_to_end.py:485: [20260118_TEST] HTTP transport tests require running server - skip for local pipeline</skipped></testcase><testcase classname="tests.mcp.test_mcp_transports_end_to_end" name="test_mcp_http_transports_tier_tool_contract[sse-/sse-community-expected_tools1]" time="0.000"><skipped type="pytest.skip" message="[20260118_TEST] HTTP transport tests require running server - skip for local pipeline">/mnt/k/backup/Develop/code-scalpel/tests/mcp/test_mcp_transports_end_to_end.py:485: [20260118_TEST] HTTP transport tests require running server - skip for local pipeline</skipped></testcase><testcase classname="tests.mcp.test_mcp_transports_end_to_end" name="test_mcp_http_transports_tier_tool_contract[streamable-http-/mcp-pro-expected_tools2]" time="0.000"><skipped type="pytest.skip" message="[20260118_TEST] HTTP transport tests require running server - skip for local pipeline">/mnt/k/backup/Develop/code-scalpel/tests/mcp/test_mcp_transports_end_to_end.py:485: [20260118_TEST] HTTP transport tests require running server - skip for local pipeline</skipped></testcase><testcase classname="tests.mcp.test_mcp_transports_end_to_end" name="test_mcp_http_transports_tier_tool_contract[sse-/sse-pro-expected_tools3]" time="0.000"><skipped type="pytest.skip" message="[20260118_TEST] HTTP transport tests require running server - skip for local pipeline">/mnt/k/backup/Develop/code-scalpel/tests/mcp/test_mcp_transports_end_to_end.py:485: [20260118_TEST] HTTP transport tests require running server - skip for local pipeline</skipped></testcase><testcase classname="tests.mcp.test_mcp_unified_sink.TestMCPUnifiedSinkDetect" name="test_python_sql_injection_detection" time="0.064" /><testcase classname="tests.mcp.test_mcp_unified_sink.TestMCPUnifiedSinkDetect" name="test_typescript_xss_detection" time="0.051" /><testcase classname="tests.mcp.test_mcp_unified_sink.TestMCPUnifiedSinkDetect" name="test_javascript_command_injection" time="0.246" /><testcase classname="tests.mcp.test_mcp_unified_sink.TestMCPUnifiedSinkDetect" name="test_confidence_filtering" time="0.086" /><testcase classname="tests.mcp.test_mcp_unified_sink.TestMCPUnifiedSinkDetect" name="test_owasp_category_mapping" time="0.059" /><testcase classname="tests.mcp.test_mcp_unified_sink.TestMCPUnifiedSinkDetect" name="test_coverage_summary" time="0.055" /><testcase classname="tests.mcp.test_mcp_unified_sink.TestMCPUnifiedSinkDetect" name="test_unsupported_language" time="0.051" /><testcase classname="tests.mcp.test_mcp_unified_sink.TestMCPUnifiedSinkDetect" name="test_invalid_confidence" time="0.052" /><testcase classname="tests.mcp.test_mcp_unified_sink.TestMCPUnifiedSinkDetect" name="test_clean_code_no_sinks" time="0.054" /><testcase classname="tests.mcp.test_metrics.TestSuggestionMetric" name="test_create_metric" time="0.001" /><testcase classname="tests.mcp.test_metrics.TestSuggestionMetric" name="test_metric_to_dict" time="0.002" /><testcase classname="tests.mcp.test_metrics.TestSuggestionMetric" name="test_metric_from_dict" time="0.001" /><testcase classname="tests.mcp.test_metrics.TestMetricsCollectorTracking" name="test_track_suggestion" time="0.001" /><testcase classname="tests.mcp.test_metrics.TestMetricsCollectorTracking" name="test_track_multiple_suggestions" time="0.001" /><testcase classname="tests.mcp.test_metrics.TestMetricsCollectorTracking" name="test_report_outcome_accepted" time="0.001" /><testcase classname="tests.mcp.test_metrics.TestMetricsCollectorTracking" name="test_report_outcome_ignored" time="0.001" /><testcase classname="tests.mcp.test_metrics.TestMetricsCollectorTracking" name="test_report_outcome_not_found" time="0.003" /><testcase classname="tests.mcp.test_metrics.TestMetricsCollectorTracking" name="test_report_outcome_matching_pending" time="0.003" /><testcase classname="tests.mcp.test_metrics.TestMetricsStatistics" name="test_empty_statistics" time="0.001" /><testcase classname="tests.mcp.test_metrics.TestMetricsStatistics" name="test_acceptance_rate_calculation" time="0.001" /><testcase classname="tests.mcp.test_metrics.TestMetricsStatistics" name="test_accuracy_score_averaging" time="0.001" /><testcase classname="tests.mcp.test_metrics.TestMetricsStatistics" name="test_statistics_by_type" time="0.001" /><testcase classname="tests.mcp.test_metrics.TestMetricsStatistics" name="test_completion_rate" time="0.002" /><testcase classname="tests.mcp.test_metrics.TestMetricsPersistence" name="test_persist_to_file" time="0.004" /><testcase classname="tests.mcp.test_metrics.TestMetricsPersistence" name="test_load_from_file" time="0.005" /><testcase classname="tests.mcp.test_metrics.TestMetricsExport" name="test_export_csv" time="0.004" /><testcase classname="tests.mcp.test_metrics.TestMetricsGlobalInstance" name="test_get_metrics_collector" time="0.001" /><testcase classname="tests.mcp.test_metrics.TestMetricsGlobalInstance" name="test_set_metrics_persistence" time="0.002" /><testcase classname="tests.mcp.test_metrics.TestMetricsThreadSafety" name="test_concurrent_tracking" time="0.003" /><testcase classname="tests.mcp.test_metrics.TestMetricsThreadSafety" name="test_concurrent_reporting" time="0.004" /><testcase classname="tests.mcp.test_module_resolver_paths" name="test_python_resolution_variants" time="0.004" /><testcase classname="tests.mcp.test_module_resolver_paths" name="test_javascript_and_typescript_resolution" time="0.005" /><testcase classname="tests.mcp.test_module_resolver_paths" name="test_java_resolution_and_unknown_language" time="0.003" /><testcase classname="tests.mcp.test_module_resolver_paths" name="test_direct_resolution_variants" time="0.003" /><testcase classname="tests.mcp.test_module_resolver_paths" name="test_javascript_resolution_src_fallback" time="0.003" /><testcase classname="tests.mcp.test_module_resolver_paths" name="test_typescript_resolution_src_index_tsx" time="0.003" /><testcase classname="tests.mcp.test_module_resolver_paths" name="test_js_and_ts_resolution_nested_src_variants" time="0.004" /><testcase classname="tests.mcp.test_module_resolver_paths" name="test_mime_type_aliases_and_defaults" time="0.001" /><testcase classname="tests.mcp.test_module_resolver_paths" name="test_python_src_package_init_fallback" time="0.003" /><testcase classname="tests.mcp.test_module_resolver_paths" name="test_java_src_main_java_fallback_missing" time="0.002" /><testcase classname="tests.mcp.test_module_resolver_paths" name="test_typescript_all_extensions_miss_returns_none" time="0.003" /><testcase classname="tests.mcp.test_module_resolver_paths" name="test_javascript_all_extensions_miss_returns_none" time="0.003" /><testcase classname="tests.mcp.test_ninja_warrior_acceptance_harness" name="test_ninja_warrior_acceptance_stdio" time="0.003"><skipped type="pytest.skip" message="Set RUN_NINJA_WARRIOR=1 to enable Ninja Warrior acceptance harness">/mnt/k/backup/Develop/code-scalpel/tests/mcp/test_ninja_warrior_acceptance_harness.py:344: Set RUN_NINJA_WARRIOR=1 to enable Ninja Warrior acceptance harness</skipped></testcase><testcase classname="tests.mcp.test_ninja_warrior_acceptance_harness" name="test_ninja_warrior_acceptance_http" time="0.004"><skipped type="pytest.skip" message="Set RUN_NINJA_WARRIOR=1 to enable Ninja Warrior acceptance harness">/mnt/k/backup/Develop/code-scalpel/tests/mcp/test_ninja_warrior_acceptance_harness.py:344: Set RUN_NINJA_WARRIOR=1 to enable Ninja Warrior acceptance harness</skipped></testcase><testcase classname="tests.mcp.test_ninja_warrior_acceptance_harness" name="test_ninja_warrior_acceptance_sse" time="0.003"><skipped type="pytest.skip" message="Set RUN_NINJA_WARRIOR=1 to enable Ninja Warrior acceptance harness">/mnt/k/backup/Develop/code-scalpel/tests/mcp/test_ninja_warrior_acceptance_harness.py:344: Set RUN_NINJA_WARRIOR=1 to enable Ninja Warrior acceptance harness</skipped></testcase><testcase classname="tests.mcp.test_ninja_warrior_acceptance_harness" name="test_ninja_warrior_acceptance_heavy_stdio" time="0.003"><skipped type="pytest.skip" message="Set RUN_NINJA_WARRIOR=1 to enable Ninja Warrior acceptance harness">/mnt/k/backup/Develop/code-scalpel/tests/mcp/test_ninja_warrior_acceptance_harness.py:344: Set RUN_NINJA_WARRIOR=1 to enable Ninja Warrior acceptance harness</skipped></testcase><testcase classname="tests.mcp.test_ninja_warrior_acceptance_harness" name="test_ninja_warrior_acceptance_heavy_http" time="0.006"><skipped type="pytest.skip" message="Set RUN_NINJA_WARRIOR=1 to enable Ninja Warrior acceptance harness">/mnt/k/backup/Develop/code-scalpel/tests/mcp/test_ninja_warrior_acceptance_harness.py:344: Set RUN_NINJA_WARRIOR=1 to enable Ninja Warrior acceptance harness</skipped></testcase><testcase classname="tests.mcp.test_ninja_warrior_acceptance_harness" name="test_ninja_warrior_acceptance_heavy_sse" time="0.004"><skipped type="pytest.skip" message="Set RUN_NINJA_WARRIOR=1 to enable Ninja Warrior acceptance harness">/mnt/k/backup/Develop/code-scalpel/tests/mcp/test_ninja_warrior_acceptance_harness.py:344: Set RUN_NINJA_WARRIOR=1 to enable Ninja Warrior acceptance harness</skipped></testcase><testcase classname="tests.mcp.test_oracle_middleware.TestSymbolStrategy" name="test_suggest_empty_context" time="0.001" /><testcase classname="tests.mcp.test_oracle_middleware.TestSymbolStrategy" name="test_suggest_missing_file_and_code" time="0.001" /><testcase classname="tests.mcp.test_oracle_middleware.TestSymbolStrategy" name="test_suggest_with_in_memory_code" time="0.002" /><testcase classname="tests.mcp.test_oracle_middleware.TestSymbolStrategy" name="test_suggest_with_file_code" time="0.004" /><testcase classname="tests.mcp.test_oracle_middleware.TestPathStrategy" name="test_suggest_empty_context" time="0.002" /><testcase classname="tests.mcp.test_oracle_middleware.TestPathStrategy" name="test_suggest_missing_parent_dir" time="0.001" /><testcase classname="tests.mcp.test_oracle_middleware.TestPathStrategy" name="test_suggest_similar_file" time="0.003" /><testcase classname="tests.mcp.test_oracle_middleware.TestPathStrategy" name="test_suggest_typo_filename" time="0.004" /><testcase classname="tests.mcp.test_oracle_middleware.TestOracleResilienceDecorator" name="test_non_async_function_raises_error" time="0.002" /><testcase classname="tests.mcp.test_oracle_middleware.TestOracleResilienceDecorator" name="test_validation_error_triggers_oracle" time="0.016" /><testcase classname="tests.mcp.test_oracle_middleware.TestOracleResilienceDecorator" name="test_file_not_found_triggers_oracle" time="0.017" /><testcase classname="tests.mcp.test_oracle_middleware.TestOracleResilienceDecorator" name="test_other_exceptions_pass_through" time="0.002" /><testcase classname="tests.mcp.test_oracle_middleware.TestOracleResilienceDecorator" name="test_successful_tool_execution" time="0.002" /><testcase classname="tests.mcp.test_oracle_middleware.TestOracleResilienceDecorator" name="test_error_details_structure" time="0.016" /><testcase classname="tests.mcp.test_oracle_middleware.TestOracleResilienceDecorator" name="test_suggestion_ranking" time="0.018" /><testcase classname="tests.mcp.test_oracle_middleware.TestOracleResilienceDecorator" name="test_envelope_metadata" time="0.017" /><testcase classname="tests.mcp.test_oracle_middleware.TestNodeIdFormatStrategy" name="test_valid_node_id_format" time="0.003" /><testcase classname="tests.mcp.test_oracle_middleware.TestNodeIdFormatStrategy" name="test_missing_components" time="0.001" /><testcase classname="tests.mcp.test_oracle_middleware.TestNodeIdFormatStrategy" name="test_invalid_type" time="0.001" /><testcase classname="tests.mcp.test_oracle_middleware.TestNodeIdFormatStrategy" name="test_extra_components" time="0.001" /><testcase classname="tests.mcp.test_oracle_middleware.TestMethodNameFormatStrategy" name="test_valid_method_name_format" time="0.001" /><testcase classname="tests.mcp.test_oracle_middleware.TestMethodNameFormatStrategy" name="test_missing_dot_in_method" time="0.001" /><testcase classname="tests.mcp.test_oracle_middleware.TestMethodNameFormatStrategy" name="test_valid_class_method_format" time="0.001" /><testcase classname="tests.mcp.test_oracle_middleware.TestMethodNameFormatStrategy" name="test_too_many_dots" time="0.001" /><testcase classname="tests.mcp.test_oracle_middleware.TestMethodNameFormatStrategy" name="test_missing_class_or_method" time="0.001" /><testcase classname="tests.mcp.test_oracle_middleware.TestCompositeStrategy" name="test_composite_with_symbol_and_safety_strategy" time="0.002" /><testcase classname="tests.mcp.test_oracle_middleware.TestCompositeStrategy" name="test_composite_strategy_deduplication" time="0.001" /><testcase classname="tests.mcp.test_oracle_middleware.TestCompositeStrategy" name="test_composite_strategy_ranking" time="0.001" /><testcase classname="tests.mcp.test_oracle_middleware.TestCompositeStrategy" name="test_composite_strategy_top_3_limit" time="0.001" /><testcase classname="tests.mcp.test_oracle_middleware.TestIntegrationWithContext" name="test_symbol_strategy_with_realistic_code" time="0.003" /><testcase classname="tests.mcp.test_oracle_middleware.TestIntegrationWithContext" name="test_path_strategy_in_project_structure" time="0.004" /><testcase classname="tests.mcp.test_oracle_middleware.TestGetFileContextOracle" name="test_get_file_context_with_missing_file" time="0.003" /><testcase classname="tests.mcp.test_oracle_middleware.TestCrawlProjectOracle" name="test_crawl_project_with_missing_root" time="0.003" /><testcase classname="tests.mcp.test_oracle_middleware.TestCrossFileSecurityScanOracle" name="test_cross_file_security_scan_with_missing_project" time="0.003" /><testcase classname="tests.mcp.test_oracle_middleware.TestRenameSymbolCollisionDetection" name="test_rename_symbol_detects_collision" time="0.002" /><testcase classname="tests.mcp.test_oracle_middleware.TestRenameSymbolCollisionDetection" name="test_rename_symbol_allows_unique_name" time="0.002" /><testcase classname="tests.mcp.test_oracle_middleware.TestRenameSymbolCollisionDetection" name="test_rename_symbol_with_typo_and_collision" time="0.002" /><testcase classname="tests.mcp.test_oracle_middleware.TestGraphNodeIdPreValidation" name="test_invalid_node_id_format_raises_error" time="0.001" /><testcase classname="tests.mcp.test_oracle_middleware.TestGraphNodeIdPreValidation" name="test_valid_node_id_format_passes" time="0.001" /><testcase classname="tests.mcp.test_oracle_middleware.TestGraphNodeIdPreValidation" name="test_node_id_missing_components" time="0.001" /><testcase classname="tests.mcp.test_oracle_middleware.TestPolicyToolsOracle" name="test_validate_paths_oracle" time="0.003" /><testcase classname="tests.mcp.test_oracle_middleware.TestPolicyToolsOracle" name="test_code_policy_check_oracle" time="0.003" /><testcase classname="tests.mcp.test_oracle_middleware.TestSecurityToolsOracle" name="test_type_evaporation_scan_oracle" time="0.003" /><testcase classname="tests.mcp.test_oracle_middleware.TestSecurityToolsOracle" name="test_scan_dependencies_oracle" time="0.002" /><testcase classname="tests.mcp.test_oracle_middleware.TestSecurityToolsOracle" name="test_security_scan_oracle" time="0.003" /><testcase classname="tests.mcp.test_oracle_middleware.TestGenerateTestsStrategy" name="test_generate_tests_with_file_typo" time="0.003" /><testcase classname="tests.mcp.test_oracle_middleware.TestGenerateTestsStrategy" name="test_composite_deduplication_edge_case" time="0.001" /><testcase classname="tests.mcp.test_oracle_middleware.TestStage2EnvelopeErrorProcessing" name="test_enhance_error_envelope_invoked_for_symbol_error" time="0.014" /><testcase classname="tests.mcp.test_oracle_middleware.TestStage2EnvelopeErrorProcessing" name="test_enhance_error_envelope_not_invoked_for_non_correctable" time="0.002" /><testcase classname="tests.mcp.test_oracle_middleware.TestStage2EnvelopeErrorProcessing" name="test_enhance_error_envelope_preserves_original_data" time="0.016" /><testcase classname="tests.mcp.test_oracle_middleware.TestStage2DataErrorProcessing" name="test_enhance_data_error_invoked_for_symbol_error" time="0.016" /><testcase classname="tests.mcp.test_oracle_middleware.TestStage2DataErrorProcessing" name="test_enhance_data_error_for_path_error" time="0.017" /><testcase classname="tests.mcp.test_oracle_middleware.TestStage2DataErrorProcessing" name="test_enhance_data_error_marks_enhancement" time="0.016" /><testcase classname="tests.mcp.test_oracle_middleware.TestStage2DataErrorProcessing" name="test_enhance_data_error_not_invoked_for_success" time="0.002" /><testcase classname="tests.mcp.test_oracle_middleware.TestStage2DataErrorProcessing" name="test_enhance_data_error_not_invoked_for_non_correctable" time="0.002" /><testcase classname="tests.mcp.test_oracle_middleware.TestStage2BeforeAfterExamples" name="test_symbol_error_before_after" time="0.020" /><testcase classname="tests.mcp.test_oracle_middleware.TestStage2BeforeAfterExamples" name="test_data_error_before_after" time="0.016" /><testcase classname="tests.mcp.test_oracle_middleware.TestOracleTierIsolation" name="test_oracle_community_tier_enhancement" time="0.063" /><testcase classname="tests.mcp.test_oracle_middleware.TestOracleTierIsolation" name="test_oracle_different_tiers_same_enhancement" time="0.044" /><testcase classname="tests.mcp.test_oracle_middleware.TestOracleTierIsolation" name="test_oracle_preserves_tier_from_original_envelope" time="0.015" /><testcase classname="tests.mcp.test_oracle_middleware.TestOracleDataErrorTierIsolation" name="test_data_error_enhancement_at_community" time="0.059" /><testcase classname="tests.mcp.test_path_resolver.TestPathResolverInit" name="test_default_initialization" time="0.002" /><testcase classname="tests.mcp.test_path_resolver.TestPathResolverInit" name="test_custom_workspace_roots" time="0.001" /><testcase classname="tests.mcp.test_path_resolver.TestPathResolverInit" name="test_docker_detection_disabled" time="0.001" /><testcase classname="tests.mcp.test_path_resolver.TestPathResolverInit" name="test_workspace_root_deduplication" time="0.002" /><testcase classname="tests.mcp.test_path_resolver.TestDockerDetection" name="test_dockerenv_file_detection" time="0.001" /><testcase classname="tests.mcp.test_path_resolver.TestDockerDetection" name="test_cgroup_detection" time="0.004" /><testcase classname="tests.mcp.test_path_resolver.TestDockerDetection" name="test_containerd_detection" time="0.003" /><testcase classname="tests.mcp.test_path_resolver.TestDockerDetection" name="test_no_docker_detection" time="0.002" /><testcase classname="tests.mcp.test_path_resolver.TestPathResolution" name="test_absolute_path_exists" time="0.003" /><testcase classname="tests.mcp.test_path_resolver.TestPathResolution" name="test_relative_to_workspace_root" time="0.003" /><testcase classname="tests.mcp.test_path_resolver.TestPathResolution" name="test_relative_with_subdirectory" time="0.003" /><testcase classname="tests.mcp.test_path_resolver.TestPathResolution" name="test_basename_search" time="0.005" /><testcase classname="tests.mcp.test_path_resolver.TestPathResolution" name="test_explicit_project_root" time="0.003" /><testcase classname="tests.mcp.test_path_resolver.TestPathResolution" name="test_file_not_found_raises" time="0.001" /><testcase classname="tests.mcp.test_path_resolver.TestCaching" name="test_cache_hit" time="0.003" /><testcase classname="tests.mcp.test_path_resolver.TestCaching" name="test_cache_invalidated_on_file_deletion" time="0.004" /><testcase classname="tests.mcp.test_path_resolver.TestCaching" name="test_clear_cache" time="0.003" /><testcase classname="tests.mcp.test_path_resolver.TestErrorMessages" name="test_docker_error_suggestions" time="0.003" /><testcase classname="tests.mcp.test_path_resolver.TestErrorMessages" name="test_local_error_suggestions" time="0.002" /><testcase classname="tests.mcp.test_path_resolver.TestErrorMessages" name="test_attempted_paths_in_error" time="0.001" /><testcase classname="tests.mcp.test_path_resolver.TestPathValidation" name="test_validate_all_accessible" time="0.003" /><testcase classname="tests.mcp.test_path_resolver.TestPathValidation" name="test_validate_mixed_accessibility" time="0.005" /><testcase classname="tests.mcp.test_path_resolver.TestPathValidation" name="test_validate_all_inaccessible" time="0.001" /><testcase classname="tests.mcp.test_path_resolver.TestFileSearchInTree" name="test_find_file_shallow" time="0.003" /><testcase classname="tests.mcp.test_path_resolver.TestFileSearchInTree" name="test_find_file_deep" time="0.004" /><testcase classname="tests.mcp.test_path_resolver.TestFileSearchInTree" name="test_find_file_respects_max_depth" time="0.005" /><testcase classname="tests.mcp.test_path_resolver.TestFileSearchInTree" name="test_find_file_not_found" time="0.003" /><testcase classname="tests.mcp.test_path_resolver.TestGlobalSingleton" name="test_get_default_resolver" time="0.001" /><testcase classname="tests.mcp.test_path_resolver.TestGlobalSingleton" name="test_resolve_path_convenience" time="0.003" /><testcase classname="tests.mcp.test_path_resolver.TestEnvironmentVariables" name="test_workspace_root_env_var" time="0.002" /><testcase classname="tests.mcp.test_path_resolver.TestEnvironmentVariables" name="test_project_root_env_var" time="0.002" /><testcase classname="tests.mcp.test_path_resolver.TestEdgeCases" name="test_empty_path_string" time="0.001" /><testcase classname="tests.mcp.test_path_resolver.TestEdgeCases" name="test_whitespace_only_path" time="0.001" /><testcase classname="tests.mcp.test_path_resolver.TestEdgeCases" name="test_path_with_special_characters" time="0.003" /><testcase classname="tests.mcp.test_path_resolver.TestEdgeCases" name="test_symlink_resolution" time="0.003" /><testcase classname="tests.mcp.test_path_resolver.TestEdgeCases" name="test_permission_error_handling" time="0.003" /><testcase classname="tests.mcp.test_path_resolver.TestPathResolutionResult" name="test_result_model_creation" time="0.001" /><testcase classname="tests.mcp.test_path_resolver.TestPathResolutionResult" name="test_result_model_failure" time="0.001" /><testcase classname="tests.mcp.test_path_resolver.TestIntegrationScenarios" name="test_docker_deployment_scenario" time="0.003" /><testcase classname="tests.mcp.test_path_resolver.TestIntegrationScenarios" name="test_multi_project_workspace" time="0.004" /><testcase classname="tests.mcp.test_phase6_e2e.TestPhase6FullWorkflow" name="test_python_success_path" time="0.002" /><testcase classname="tests.mcp.test_phase6_e2e.TestPhase6FullWorkflow" name="test_python_with_syntax_error" time="0.001" /><testcase classname="tests.mcp.test_phase6_e2e.TestPhase6FullWorkflow" name="test_javascript_detection" time="0.001" /><testcase classname="tests.mcp.test_phase6_e2e.TestPhase6FullWorkflow" name="test_file_extension_detection" time="0.001" /><testcase classname="tests.mcp.test_phase6_e2e.TestPhase6FullWorkflow" name="test_unknown_language_fallback" time="0.003" /><testcase classname="tests.mcp.test_phase6_e2e.TestPhase6FullWorkflow" name="test_response_profile_minimal" time="0.001" /><testcase classname="tests.mcp.test_phase6_e2e.TestPhase6FullWorkflow" name="test_response_profile_standard" time="0.001" /><testcase classname="tests.mcp.test_phase6_e2e.TestPhase6FullWorkflow" name="test_response_profile_verbose" time="0.001" /><testcase classname="tests.mcp.test_phase6_e2e.TestPhase6FullWorkflow" name="test_response_profile_debug" time="0.001" /><testcase classname="tests.mcp.test_phase6_e2e.TestPhase6FullWorkflow" name="test_self_correction_flow" time="0.001" /><testcase classname="tests.mcp.test_phase6_e2e.TestPhase6FullWorkflow" name="test_metrics_integration" time="0.001" /><testcase classname="tests.mcp.test_phase6_e2e.TestPhase6FullWorkflow" name="test_error_response_with_suggestions" time="0.001" /><testcase classname="tests.mcp.test_phase6_e2e.TestPhase6FullWorkflow" name="test_validation_error_with_correction" time="0.001" /><testcase classname="tests.mcp.test_phase6_e2e.TestPhase6MultiLanguageRouting" name="test_python_detection_by_content" time="0.001" /><testcase classname="tests.mcp.test_phase6_e2e.TestPhase6MultiLanguageRouting" name="test_javascript_detection_by_content" time="0.001" /><testcase classname="tests.mcp.test_phase6_e2e.TestPhase6MultiLanguageRouting" name="test_go_detection_by_extension" time="0.001" /><testcase classname="tests.mcp.test_phase6_e2e.TestPhase6MultiLanguageRouting" name="test_rust_detection_by_extension" time="0.001" /><testcase classname="tests.mcp.test_phase6_e2e.TestPhase6MultiLanguageRouting" name="test_shebang_detection" time="0.001" /><testcase classname="tests.mcp.test_phase6_e2e.TestPhase6TierBasedCapabilities" name="test_tier_affects_capabilities" time="0.001" /><testcase classname="tests.mcp.test_phase6_e2e.TestPhase6TierBasedCapabilities" name="test_community_tier_limited_capabilities" time="0.001" /><testcase classname="tests.mcp.test_phase6_e2e.TestPhase6ProfileCascading" name="test_explicit_profile_override" time="0.001" /><testcase classname="tests.mcp.test_phase6_e2e.TestPhase6ProfileCascading" name="test_invalid_profile_fallback" time="0.003" /><testcase classname="tests.mcp.test_phase6_e2e.TestPhase6ProfileCascading" name="test_all_profiles_available" time="0.001" /><testcase classname="tests.mcp.test_phase6_e2e.TestPhase6DataFiltering" name="test_minimal_strips_debug_fields" time="0.001" /><testcase classname="tests.mcp.test_phase6_e2e.TestPhase6DataFiltering" name="test_debug_preserves_all_fields" time="0.001" /><testcase classname="tests.mcp.test_phase6_e2e.TestPhase6SchemaVersioning" name="test_current_schema_version" time="0.001" /><testcase classname="tests.mcp.test_phase6_e2e.TestPhase6SchemaVersioning" name="test_validation_metadata_preserved" time="0.001" /><testcase classname="tests.mcp.test_phase6_integration.TestResponseEnvelope" name="test_envelope_creation_with_data" time="0.001" /><testcase classname="tests.mcp.test_phase6_integration.TestResponseEnvelope" name="test_envelope_with_error" time="0.001" /><testcase classname="tests.mcp.test_phase6_integration.TestResponseEnvelope" name="test_envelope_with_suggestions" time="0.001" /><testcase classname="tests.mcp.test_phase6_integration.TestResponseEnvelope" name="test_envelope_with_validation_warning" time="0.001" /><testcase classname="tests.mcp.test_phase6_integration.TestResponseEnvelope" name="test_envelope_to_dict" time="0.001" /><testcase classname="tests.mcp.test_phase6_integration.TestResponseEnvelope" name="test_envelope_to_json" time="0.001" /><testcase classname="tests.mcp.test_phase6_integration.TestResponseFormatterWithEnvelope" name="test_filter_envelope_minimal_profile" time="0.001" /><testcase classname="tests.mcp.test_phase6_integration.TestResponseFormatterWithEnvelope" name="test_filter_envelope_verbose_profile" time="0.001" /><testcase classname="tests.mcp.test_phase6_integration.TestResponseFormatterWithEnvelope" name="test_filter_envelope_debug_profile" time="0.001" /><testcase classname="tests.mcp.test_phase6_integration.TestResponseFormatterWithEnvelope" name="test_filter_envelope_data_field" time="0.001" /><testcase classname="tests.mcp.test_phase6_integration.TestProfileResolution" name="test_profile_resolution_explicit" time="0.001" /><testcase classname="tests.mcp.test_phase6_integration.TestProfileResolution" name="test_profile_resolution_fallback" time="0.006" /><testcase classname="tests.mcp.test_phase6_integration.TestProfileResolution" name="test_all_profiles_available" time="0.001" /><testcase classname="tests.mcp.test_phase6_integration.TestProfileResolution" name="test_profile_descriptions" time="0.001" /><testcase classname="tests.mcp.test_phase6_integration.TestFormatWithEnvelope" name="test_format_success_response" time="0.001" /><testcase classname="tests.mcp.test_phase6_integration.TestFormatWithEnvelope" name="test_format_error_response" time="0.001" /><testcase classname="tests.mcp.test_phase6_integration.TestFormatWithEnvelope" name="test_format_with_capabilities" time="0.001" /><testcase classname="tests.mcp.test_phase6_integration.TestValidationIntegration" name="test_formatter_with_validation_suggestions" time="0.002" /><testcase classname="tests.mcp.test_phase6_integration.TestValidationIntegration" name="test_envelope_preserves_validation_metadata" time="0.001" /><testcase classname="tests.mcp.test_phase6_integration.TestSchemaVersioning" name="test_envelope_current_schema_version" time="0.001" /><testcase classname="tests.mcp.test_phase6_integration.TestSchemaVersioning" name="test_envelope_can_specify_version" time="0.001" /><testcase classname="tests.mcp.test_phase6_integration.TestSchemaVersioning" name="test_schema_version_in_json" time="0.001" /><testcase classname="tests.mcp.test_resource_templates.TestModuleResolution" name="test_resolve_python_module" time="0.002" /><testcase classname="tests.mcp.test_resource_templates.TestModuleResolution" name="test_resolve_typescript_module" time="0.002" /><testcase classname="tests.mcp.test_resource_templates.TestModuleResolution" name="test_resolve_javascript_module" time="0.002" /><testcase classname="tests.mcp.test_resource_templates.TestModuleResolution" name="test_resolve_java_module" time="0.002" /><testcase classname="tests.mcp.test_resource_templates.TestModuleResolution" name="test_resolve_module_not_found" time="0.002" /><testcase classname="tests.mcp.test_resource_templates.TestMimeTypes" name="test_get_mime_type_python" time="0.002" /><testcase classname="tests.mcp.test_resource_templates.TestMimeTypes" name="test_get_mime_type_typescript" time="0.001" /><testcase classname="tests.mcp.test_resource_templates.TestMimeTypes" name="test_get_mime_type_javascript" time="0.001" /><testcase classname="tests.mcp.test_resource_templates.TestMimeTypes" name="test_get_mime_type_java" time="0.001" /><testcase classname="tests.mcp.test_resource_templates.TestCodeResourceTemplate" name="test_code_resource_python" time="0.039" /><testcase classname="tests.mcp.test_resource_templates.TestCodeResourceTemplate" name="test_code_resource_typescript" time="0.073" /><testcase classname="tests.mcp.test_resource_templates.TestCodeResourceTemplate" name="test_code_resource_module_not_found" time="0.003" /><testcase classname="tests.mcp.test_resource_templates.TestCodeResourceTemplate" name="test_code_resource_symbol_not_found" time="0.032" /><testcase classname="tests.mcp.test_response_config" name="test_response_config_loaded_from_cwd_filters_fields" time="0.006" /><testcase classname="tests.mcp.test_response_config" name="test_response_config_falls_back_to_defaults_on_invalid_json" time="0.008" /><testcase classname="tests.mcp.test_stage5_manual_tool_validation" name="test_01_analyze_code_community" time="8.469" /><testcase classname="tests.mcp.test_stage5_manual_tool_validation" name="test_02_extract_code_community" time="7.379" /><testcase classname="tests.mcp.test_stage5_manual_tool_validation" name="test_03_security_scan_community" time="7.927" /><testcase classname="tests.mcp.test_stage5_manual_tool_validation" name="test_04_symbolic_execute_community" time="7.964" /><testcase classname="tests.mcp.test_stage5_manual_tool_validation" name="test_05_generate_unit_tests_community" time="7.790" /><testcase classname="tests.mcp.test_stage5_manual_tool_validation" name="test_06_simulate_refactor_community" time="8.087" /><testcase classname="tests.mcp.test_stage5_manual_tool_validation" name="test_07_unified_sink_detect_community" time="7.757" /><testcase classname="tests.mcp.test_stage5c_tool_validation.TestStage5CToolValidation" name="test_analyze_code_community_limits" time="0.068" /><testcase classname="tests.mcp.test_stage5c_tool_validation.TestStage5CToolValidation" name="test_extract_code_community_limits" time="0.191" /><testcase classname="tests.mcp.test_stage5c_tool_validation.TestStage5CToolValidation" name="test_security_scan_community" time="0.158" /><testcase classname="tests.mcp.test_stage5c_tool_validation.TestStage5CToolValidation" name="test_symbolic_execute_community" time="0.164" /><testcase classname="tests.mcp.test_stage5c_tool_validation.TestStage5CToolValidation" name="test_generate_unit_tests_community" time="0.154" /><testcase classname="tests.mcp.test_stage5c_tool_validation.TestStage5CToolValidation" name="test_simulate_refactor_community" time="0.212" /><testcase classname="tests.mcp.test_stage5c_tool_validation.TestStage5CToolValidation" name="test_unified_sink_detect_community" time="0.069" /><testcase classname="tests.mcp.test_stage5c_tool_validation.TestStage5CToolValidation" name="test_cross_file_security_scan_community" time="0.059" /><testcase classname="tests.mcp.test_stage5c_tool_validation.TestStage5CToolValidation" name="test_crawl_project_community" time="0.056" /><testcase classname="tests.mcp.test_stage5c_tool_validation.TestStage5CToolValidation" name="test_scan_dependencies_community" time="0.058" /><testcase classname="tests.mcp.test_stage5c_tool_validation.TestStage5CToolValidation" name="test_get_file_context_community" time="0.059" /><testcase classname="tests.mcp.test_stage5c_tool_validation.TestStage5CToolValidation" name="test_get_symbol_references_community" time="0.217" /><testcase classname="tests.mcp.test_stage5c_tool_validation.TestStage5CToolValidation" name="test_get_cross_file_dependencies_community" time="0.061" /><testcase classname="tests.mcp.test_stage5c_tool_validation.TestStage5CToolValidation" name="test_get_call_graph_community" time="0.057" /><testcase classname="tests.mcp.test_stage5c_tool_validation.TestStage5CToolValidation" name="test_get_graph_neighborhood_community" time="0.058" /><testcase classname="tests.mcp.test_stage5c_tool_validation.TestStage5CToolValidation" name="test_get_project_map_community" time="0.057" /><testcase classname="tests.mcp.test_stage5c_tool_validation.TestStage5CToolValidation" name="test_validate_paths_community" time="0.064" /><testcase classname="tests.mcp.test_stage5c_tool_validation.TestStage5CToolValidation" name="test_verify_policy_integrity_community" time="0.070" /><testcase classname="tests.mcp.test_stage5c_tool_validation.TestStage5CToolValidation" name="test_type_evaporation_scan_community" time="0.076" /><testcase classname="tests.mcp.test_stage5c_tool_validation.TestStage5CToolValidation" name="test_update_symbol_community" time="0.056" /><testcase classname="tests.mcp.test_stage5c_tool_validation.TestStage5CToolValidation" name="test_code_policy_check_community" time="0.057" /><testcase classname="tests.mcp.test_tier_boundary_limits" name="test_get_call_graph_depth_is_clamped_at_community_but_not_pro[10]" time="14.028" /><testcase classname="tests.mcp.test_tier_boundary_limits" name="test_get_call_graph_depth_is_clamped_at_community_but_not_pro[999]" time="14.643" /><testcase classname="tests.mcp.test_tier_boundary_limits" name="test_get_call_graph_pro_resolves_js_imports_cross_file" time="14.626" /><testcase classname="tests.mcp.test_tier_boundary_limits" name="test_unified_sink_detect_max_sinks_differs_by_tier[60]" time="15.178" /><testcase classname="tests.mcp.test_tier_boundary_limits" name="test_unified_sink_detect_max_sinks_differs_by_tier[120]" time="15.244" /><testcase classname="tests.mcp.test_tier_boundary_limits" name="test_unified_sink_detect_failure_includes_error_code" time="7.360" /><testcase classname="tests.mcp.test_tier_boundary_limits" name="test_unified_sink_detect_sinks_include_stable_sink_id" time="8.118" /><testcase classname="tests.mcp.test_tier_boundary_limits" name="test_unified_sink_detect_snippet_truncation_flags" time="7.492" /><testcase classname="tests.mcp.test_tier_boundary_limits" name="test_unified_sink_detect_enterprise_unsupported_language_error_code" time="7.573" /><testcase classname="tests.mcp.test_tier_boundary_limits" name="test_get_call_graph_community_200_node_limit" time="8.703" /><testcase classname="tests.mcp.test_tier_boundary_limits" name="test_get_call_graph_pro_500_node_limit" time="9.133" /><testcase classname="tests.mcp.test_tier_boundary_limits" name="test_get_call_graph_enterprise_metrics" time="18.175" /><testcase classname="tests.mcp.test_tier_boundary_limits" name="test_get_call_graph_pro_polymorphism_python_class_hierarchy" time="17.647" /><testcase classname="tests.mcp.test_tier_boundary_limits" name="test_get_call_graph_invalid_license_fallback_to_community" time="7.592" /><testcase classname="tests.mcp.test_tier_boundary_limits" name="test_get_call_graph_missing_license_defaults_to_community" time="7.914" /><testcase classname="tests.mcp.test_tier_boundary_limits" name="test_unified_sink_detect_invalid_license_fallback[60]" time="8.268" /><testcase classname="tests.mcp.test_tier_boundary_limits" name="test_unified_sink_detect_invalid_license_fallback[100]" time="7.601" /><testcase classname="tests.mcp.test_tier_boundary_limits" name="test_unified_sink_detect_expired_license_fallback" time="7.361" /><testcase classname="tests.mcp.test_tier_boundary_limits" name="test_unified_sink_detect_pro_tier_enables_advanced_scoring" time="7.907" /><testcase classname="tests.mcp.test_tier_boundary_limits" name="test_unified_sink_detect_enterprise_provides_full_features" time="8.609" /><testcase classname="tests.mcp.test_tier_boundary_limits" name="test_symbolic_execute_invalid_license_fallback[60]" time="7.829" /><testcase classname="tests.mcp.test_tier_boundary_limits" name="test_symbolic_execute_invalid_license_fallback[100]" time="7.397" /><testcase classname="tests.mcp.test_tier_boundary_limits" name="test_symbolic_execute_expired_license_fallback" time="7.492" /><testcase classname="tests.mcp.test_tier_boundary_limits" name="test_symbolic_execute_community_enforces_50_path_limit" time="7.856" /><testcase classname="tests.mcp.test_tier_boundary_limits" name="test_symbolic_execute_community_enforces_10_loop_depth" time="7.805" /><testcase classname="tests.mcp.test_tier_boundary_limits" name="test_symbolic_execute_pro_tier_enables_list_dict_types" time="7.296" /><testcase classname="tests.mcp.test_tier_boundary_limits" name="test_symbolic_execute_pro_tier_enables_unlimited_paths" time="7.368" /><testcase classname="tests.mcp.test_tier_boundary_limits" name="test_symbolic_execute_enterprise_provides_full_feature_set" time="16.121" /><testcase classname="tests.mcp.test_tier_boundary_limits" name="test_symbolic_execute_community_no_smart_path_prioritization" time="7.876" /><testcase classname="tests.mcp.test_tier_boundary_limits" name="test_symbolic_execute_pro_has_smart_path_prioritization" time="7.570" /><testcase classname="tests.mcp.test_tier_boundary_limits" name="test_simulate_refactor_enterprise_compliance_validation_warns_on_removal" time="7.658" /><testcase classname="tests.mcp.test_tier_boundary_limits" name="test_simulate_refactor_tier_transitions_upgrade_and_downgrade" time="29.322" /><testcase classname="tests.mcp.test_tier_boundary_limits" name="test_simulate_refactor_enterprise_compliance_policy_hook_warns_on_customer_data" time="7.537" /><testcase classname="tests.mcp.test_tier_boundary_limits" name="test_rename_symbol_community_single_file_only" time="7.438" /><testcase classname="tests.mcp.test_tier_boundary_limits" name="test_rename_symbol_pro_enables_cross_file" time="7.083" /><testcase classname="tests.mcp.test_tier_boundary_limits" name="test_rename_symbol_invalid_license_fallback_to_community" time="7.538" /><testcase classname="tests.mcp.test_tier_boundary_limits" name="test_rename_symbol_enterprise_unlimited_files" time="7.720" /><testcase classname="tests.mcp.test_tier_limited_upgrade_errors" name="test_extract_code_cross_file_deps_is_upgrade_required_in_community" time="0.151" /><testcase classname="tests.mcp.test_type_evaporation_scan_checklist_gaps" name="test_type_evaporation_scan_empty_frontend_code" time="7.132" /><testcase classname="tests.mcp.test_type_evaporation_scan_checklist_gaps" name="test_type_evaporation_scan_empty_backend_code" time="7.392" /><testcase classname="tests.mcp.test_type_evaporation_scan_checklist_gaps" name="test_type_evaporation_scan_invalid_frontend_code" time="8.541" /><testcase classname="tests.mcp.test_type_evaporation_scan_checklist_gaps" name="test_type_evaporation_scan_missing_required_parameter" time="9.262" /><testcase classname="tests.mcp.test_type_evaporation_scan_checklist_gaps" name="test_type_evaporation_scan_optional_file_names_default" time="8.896" /><testcase classname="tests.mcp.test_type_evaporation_scan_checklist_gaps" name="test_type_evaporation_scan_community_frontend_code_size_limit" time="8.875" /><testcase classname="tests.mcp.test_type_evaporation_scan_checklist_gaps" name="test_type_evaporation_scan_pro_increased_file_limit" time="8.453" /><testcase classname="tests.mcp.test_type_evaporation_scan_checklist_gaps" name="test_type_evaporation_scan_pro_at_limit_boundary" time="8.705" /><testcase classname="tests.mcp.test_type_evaporation_scan_checklist_gaps" name="test_type_evaporation_scan_pro_exceeds_limit" time="7.610" /><testcase classname="tests.mcp.test_type_evaporation_scan_checklist_gaps" name="test_type_evaporation_scan_enterprise_unlimited_files" time="7.070" /><testcase classname="tests.mcp.test_type_evaporation_scan_checklist_gaps" name="test_type_evaporation_scan_enterprise_performance_at_scale" time="7.055" /><testcase classname="tests.mcp.test_type_evaporation_scan_checklist_gaps" name="test_type_evaporation_scan_invalid_parameter_type" time="7.259" /><testcase classname="tests.mcp.test_type_evaporation_scan_checklist_gaps" name="test_type_evaporation_scan_response_field_types_community" time="7.648" /><testcase classname="tests.mcp.test_type_evaporation_scan_checklist_gaps" name="test_type_evaporation_scan_response_field_types_pro" time="7.555" /><testcase classname="tests.mcp.test_type_evaporation_scan_checklist_gaps" name="test_type_evaporation_scan_response_field_types_enterprise" time="6.804" /><testcase classname="tests.mcp.test_type_evaporation_scan_edge_cases" name="test_minimal_valid_input" time="6.930" /><testcase classname="tests.mcp.test_type_evaporation_scan_edge_cases" name="test_code_with_decorators" time="7.599" /><testcase classname="tests.mcp.test_type_evaporation_scan_edge_cases" name="test_code_with_async_await" time="7.161" /><testcase classname="tests.mcp.test_type_evaporation_scan_edge_cases" name="test_code_with_generics" time="7.295" /><testcase classname="tests.mcp.test_type_evaporation_scan_edge_cases" name="test_code_with_comments_and_docstrings" time="7.203" /><testcase classname="tests.mcp.test_type_evaporation_scan_edge_cases" name="test_code_with_unusual_formatting" time="6.934" /><testcase classname="tests.mcp.test_type_evaporation_scan_edge_cases" name="test_code_with_syntax_errors" time="7.166" /><testcase classname="tests.mcp.test_type_evaporation_scan_edge_cases" name="test_nested_structures" time="7.073" /><testcase classname="tests.mcp.test_type_evaporation_scan_extended" name="test_license_invalid_signature_fallback_to_community" time="7.290" /><testcase classname="tests.mcp.test_type_evaporation_scan_extended" name="test_license_malformed_jwt_fallback_to_community" time="6.823" /><testcase classname="tests.mcp.test_type_evaporation_scan_extended" name="test_license_missing_required_claim_fallback_to_community" time="7.840" /><testcase classname="tests.mcp.test_type_evaporation_scan_extended" name="test_license_invalid_tier_value_fallback_to_community" time="7.021" /><testcase classname="tests.mcp.test_type_evaporation_scan_extended" name="test_tier_transition_community_to_pro_fields_appear" time="14.423" /><testcase classname="tests.mcp.test_type_evaporation_scan_extended" name="test_tier_transition_pro_to_enterprise_fields_appear" time="14.592" /><testcase classname="tests.mcp.test_type_evaporation_scan_extended" name="test_tier_capability_consistency_across_tiers" time="22.177" /><testcase classname="tests.mcp.test_type_evaporation_scan_extended" name="test_edge_case_minimal_valid_input" time="7.864" /><testcase classname="tests.mcp.test_type_evaporation_scan_extended" name="test_edge_case_deeply_nested_functions" time="7.071" /><testcase classname="tests.mcp.test_type_evaporation_scan_extended" name="test_edge_case_async_await_patterns" time="7.452" /><testcase classname="tests.mcp.test_type_evaporation_scan_extended" name="test_edge_case_decorated_functions_typescript" time="7.286" /><testcase classname="tests.mcp.test_type_evaporation_scan_extended" name="test_edge_case_multiline_statements" time="8.005" /><testcase classname="tests.mcp.test_type_evaporation_scan_extended" name="test_mcp_protocol_success_field_present" time="8.828" /><testcase classname="tests.mcp.test_type_evaporation_scan_extended" name="test_mcp_protocol_tool_id_in_envelope" time="8.702" /><testcase classname="tests.mcp.test_type_evaporation_scan_extended" name="test_mcp_protocol_tier_field_present" time="8.765" /><testcase classname="tests.mcp.test_type_evaporation_scan_extended" name="test_mcp_protocol_duration_present" time="8.943" /><testcase classname="tests.mcp.test_type_evaporation_scan_input_validation" name="test_empty_frontend_code" time="9.524" /><testcase classname="tests.mcp.test_type_evaporation_scan_input_validation" name="test_empty_backend_code" time="8.558" /><testcase classname="tests.mcp.test_type_evaporation_scan_input_validation" name="test_missing_frontend_code_parameter" time="7.092" /><testcase classname="tests.mcp.test_type_evaporation_scan_input_validation" name="test_missing_backend_code_parameter" time="6.869" /><testcase classname="tests.mcp.test_type_evaporation_scan_input_validation" name="test_invalid_frontend_code_type" time="7.594" /><testcase classname="tests.mcp.test_type_evaporation_scan_input_validation" name="test_invalid_backend_code_type" time="7.562" /><testcase classname="tests.mcp.test_type_evaporation_scan_input_validation" name="test_optional_file_names_have_defaults" time="7.053" /><testcase classname="tests.mcp.test_type_evaporation_scan_input_validation" name="test_whitespace_only_code" time="7.143" /><testcase classname="tests.mcp.test_type_evaporation_scan_input_validation" name="test_very_large_valid_input" time="7.566" /><testcase classname="tests.mcp.test_type_evaporation_scan_input_validation" name="test_code_with_unicode_characters" time="7.106" /><testcase classname="tests.mcp.test_type_evaporation_scan_lang_detection" name="test_language_detection_python_backend" time="7.307" /><testcase classname="tests.mcp.test_type_evaporation_scan_lang_detection" name="test_language_detection_typescript_frontend" time="7.090" /><testcase classname="tests.mcp.test_type_evaporation_scan_lang_detection" name="test_language_detection_javascript_frontend" time="7.238" /><testcase classname="tests.mcp.test_type_evaporation_scan_lang_detection" name="test_language_override_parameter" time="14.802" /><testcase classname="tests.mcp.test_type_evaporation_scan_lang_detection" name="test_language_detection_from_file_extension" time="29.774" /><testcase classname="tests.mcp.test_type_evaporation_scan_lang_detection" name="test_language_detection_mixed_syntax" time="7.139" /><testcase classname="tests.mcp.test_type_evaporation_scan_license_fallback" name="test_license_fallback_invalid_signature" time="7.022" /><testcase classname="tests.mcp.test_type_evaporation_scan_license_fallback" name="test_license_fallback_malformed_jwt" time="7.098" /><testcase classname="tests.mcp.test_type_evaporation_scan_license_fallback" name="test_license_fallback_expired_with_no_grace_period" time="7.427" /><testcase classname="tests.mcp.test_type_evaporation_scan_phase4_edge_cases" name="test_edge_case_lambda_arrow_functions" time="7.394" /><testcase classname="tests.mcp.test_type_evaporation_scan_phase4_edge_cases" name="test_edge_case_generics_typescript" time="7.138" /><testcase classname="tests.mcp.test_type_evaporation_scan_phase4_edge_cases" name="test_edge_case_special_methods" time="7.572" /><testcase classname="tests.mcp.test_type_evaporation_scan_phase4_edge_cases" name="test_edge_case_deeply_nested_functions" time="8.168" /><testcase classname="tests.mcp.test_type_evaporation_scan_phase4_edge_cases" name="test_edge_case_async_await_patterns" time="7.123" /><testcase classname="tests.mcp.test_type_evaporation_scan_phase4_edge_cases" name="test_edge_case_decorators_typescript" time="7.160" /><testcase classname="tests.mcp.test_type_evaporation_scan_phase4_edge_cases" name="test_edge_case_optional_chaining" time="7.385" /><testcase classname="tests.mcp.test_type_evaporation_scan_phase4_edge_cases" name="test_edge_case_spread_rest_operators" time="7.490" /><testcase classname="tests.mcp.test_type_evaporation_scan_phase4_edge_cases" name="test_edge_case_multiline_statements" time="6.988" /><testcase classname="tests.mcp.test_type_evaporation_scan_phase4_edge_cases" name="test_edge_case_many_small_functions" time="8.118" /><testcase classname="tests.mcp.test_type_evaporation_scan_phase4_edge_cases" name="test_edge_case_unicode_and_special_chars" time="8.474" /><testcase classname="tests.mcp.test_type_evaporation_scan_phase4_edge_cases" name="test_edge_case_comments_and_docstrings" time="9.274" /><testcase classname="tests.mcp.test_type_evaporation_scan_phase4_multilang" name="test_python_async_await_support" time="9.242" /><testcase classname="tests.mcp.test_type_evaporation_scan_phase4_multilang" name="test_python_type_hints" time="8.477" /><testcase classname="tests.mcp.test_type_evaporation_scan_phase4_multilang" name="test_python_list_comprehensions" time="8.792" /><testcase classname="tests.mcp.test_type_evaporation_scan_phase4_multilang" name="test_python_decorators" time="7.713" /><testcase classname="tests.mcp.test_type_evaporation_scan_phase4_multilang" name="test_mixed_language_frontend_backend" time="8.222" /><testcase classname="tests.mcp.test_type_evaporation_scan_phase4_multilang" name="test_language_detection_from_extension" time="7.341" /><testcase classname="tests.mcp.test_type_evaporation_scan_phase5_mcp_protocol" name="test_mcp_response_success_field" time="7.402" /><testcase classname="tests.mcp.test_type_evaporation_scan_phase5_mcp_protocol" name="test_mcp_response_tool_id" time="7.698" /><testcase classname="tests.mcp.test_type_evaporation_scan_phase5_mcp_protocol" name="test_mcp_response_tier_field" time="7.121" /><testcase classname="tests.mcp.test_type_evaporation_scan_phase5_mcp_protocol" name="test_mcp_response_duration_ms" time="7.432" /><testcase classname="tests.mcp.test_type_evaporation_scan_phase5_mcp_protocol" name="test_mcp_response_capabilities_field" time="7.279" /><testcase classname="tests.mcp.test_type_evaporation_scan_phase5_mcp_protocol" name="test_mcp_response_frontend_vulnerabilities" time="7.034" /><testcase classname="tests.mcp.test_type_evaporation_scan_phase5_mcp_protocol" name="test_mcp_response_backend_vulnerabilities" time="7.088" /><testcase classname="tests.mcp.test_type_evaporation_scan_phase5_quality" name="test_performance_small_input" time="6.949" /><testcase classname="tests.mcp.test_type_evaporation_scan_phase5_quality" name="test_performance_medium_input" time="7.494" /><testcase classname="tests.mcp.test_type_evaporation_scan_phase5_quality" name="test_deterministic_execution" time="14.708" /><testcase classname="tests.mcp.test_type_evaporation_scan_phase5_quality" name="test_security_no_code_execution" time="7.072" /><testcase classname="tests.mcp.test_type_evaporation_scan_phase5_quality" name="test_security_no_secret_leakage" time="7.185" /><testcase classname="tests.mcp.test_type_evaporation_scan_phase5_quality" name="test_error_recovery_from_invalid_input" time="7.291" /><testcase classname="tests.mcp.test_type_evaporation_scan_phase5_quality" name="test_graceful_oversized_input" time="7.519" /><testcase classname="tests.mcp.test_type_evaporation_scan_phase5_quality" name="test_unicode_handling" time="6.949" /><testcase classname="tests.mcp.test_type_evaporation_scan_phase5_quality" name="test_path_traversal_safety" time="7.510" /><testcase classname="tests.mcp.test_type_evaporation_scan_tier_transitions" name="test_tier_transition_community_to_pro_adds_fields" time="14.939" /><testcase classname="tests.mcp.test_type_evaporation_scan_tier_transitions" name="test_tier_transition_pro_to_enterprise_adds_schemas" time="15.828" /><testcase classname="tests.mcp.test_type_evaporation_scan_tier_transitions" name="test_tier_transition_limits_increase" time="0.002" /><testcase classname="tests.mcp.test_type_evaporation_scan_tier_transitions" name="test_tier_transition_data_preservation" time="21.123" /><testcase classname="tests.mcp.test_type_evaporation_scan_tier_transitions" name="test_tier_transition_capability_consistency" time="0.002" /><testcase classname="tests.mcp.test_type_evaporation_scan_tiers" name="test_type_evaporation_scan_community_frontend_only" time="7.372" /><testcase classname="tests.mcp.test_type_evaporation_scan_tiers" name="test_type_evaporation_scan_pro_enables_boundary_features" time="7.179" /><testcase classname="tests.mcp.test_type_evaporation_scan_tiers" name="test_type_evaporation_scan_enterprise_generates_schemas_and_contracts" time="7.004" /><testcase classname="tests.mcp.test_type_evaporation_scan_tiers" name="test_type_evaporation_scan_expired_license_falls_back_to_community" time="7.905" /><testcase classname="tests.mcp.test_type_evaporation_scan_tiers" name="test_type_evaporation_scan_community_max_files_truncated" time="9.835" /><testcase classname="tests.mcp.test_type_evaporation_scan_tiers" name="test_type_evaporation_scan_pro_no_truncation_high_limit" time="8.914" /><testcase classname="tests.mcp.test_type_evaporation_scan_tiers" name="test_type_evaporation_scan_enterprise_advanced_types_and_perf" time="8.549" /><testcase classname="tests.mcp.test_unified_sink_detect_enterprise_features" name="test_enterprise_enables_compliance_mapping" time="9.007" /><testcase classname="tests.mcp.test_unified_sink_detect_enterprise_features" name="test_enterprise_provides_risk_scoring" time="9.043" /><testcase classname="tests.mcp.test_unified_sink_detect_enterprise_features" name="test_enterprise_enables_remediation_suggestions" time="9.983" /><testcase classname="tests.mcp.test_unified_sink_detect_enterprise_features" name="test_enterprise_pro_cannot_access_enterprise_features" time="7.287" /><testcase classname="tests.mcp.test_unified_sink_detect_enterprise_features" name="test_enterprise_full_feature_set" time="8.026" /><testcase classname="tests.mcp.test_v1_1_analyze_code_kernel.TestAnalyzeCodeKernelAdapter" name="test_adapter_singleton" time="0.002" /><testcase classname="tests.mcp.test_v1_1_analyze_code_kernel.TestAnalyzeCodeKernelAdapter" name="test_create_source_context_from_code" time="0.002" /><testcase classname="tests.mcp.test_v1_1_analyze_code_kernel.TestAnalyzeCodeKernelAdapter" name="test_create_source_context_from_file" time="0.002" /><testcase classname="tests.mcp.test_v1_1_analyze_code_kernel.TestAnalyzeCodeKernelAdapter" name="test_create_source_context_auto_language" time="0.002" /><testcase classname="tests.mcp.test_v1_1_analyze_code_kernel.TestAnalyzeCodeKernelAdapter" name="test_create_source_context_neither_code_nor_file" time="0.003" /><testcase classname="tests.mcp.test_v1_1_analyze_code_kernel.TestAnalyzeCodeKernelAdapter" name="test_validate_input_success" time="0.001" /><testcase classname="tests.mcp.test_v1_1_analyze_code_kernel.TestAnalyzeCodeKernelAdapter" name="test_create_upgrade_hints_no_features" time="0.001" /><testcase classname="tests.mcp.test_v1_1_analyze_code_kernel.TestAnalyzeCodeKernelAdapter" name="test_create_upgrade_hints_community_tier" time="0.001" /><testcase classname="tests.mcp.test_v1_1_analyze_code_kernel.TestAnalyzeCodeKernelAdapter" name="test_create_upgrade_hints_pro_tier" time="0.001" /><testcase classname="tests.mcp.test_v1_1_analyze_code_kernel.TestAnalyzeCodeKernelAdapter" name="test_create_upgrade_hints_no_upgrade_needed" time="0.001" /><testcase classname="tests.mcp.test_v1_1_analyze_code_kernel.TestAnalyzeCodeToolIntegration" name="test_analyze_code_returns_envelope" time="0.360" /><testcase classname="tests.mcp.test_v1_1_analyze_code_kernel.TestAnalyzeCodeToolIntegration" name="test_analyze_code_with_simple_function" time="0.328" /><testcase classname="tests.mcp.test_v1_1_analyze_code_kernel.TestAnalyzeCodeToolIntegration" name="test_analyze_code_with_file_path" time="0.349" /><testcase classname="tests.mcp.test_v1_1_analyze_code_kernel.TestAnalyzeCodeToolIntegration" name="test_analyze_code_missing_both_code_and_file" time="0.014" /><testcase classname="tests.mcp.test_v1_1_analyze_code_kernel.TestAnalyzeCodeToolIntegration" name="test_analyze_code_invalid_file_path" time="0.061" /><testcase classname="tests.mcp.test_v1_1_analyze_code_kernel.TestAnalyzeCodeToolIntegration" name="test_analyze_code_maintains_backward_compatibility" time="0.344" /><testcase classname="tests.mcp.test_v1_1_analyze_code_kernel.TestAnalyzeCodeToolIntegration" name="test_analyze_code_with_language_detection" time="0.326" /><testcase classname="tests.mcp.test_v1_1_analyze_code_kernel.TestAnalyzeCodeToolIntegration" name="test_analyze_code_with_invalid_language" time="0.062" /><testcase classname="tests.mcp.test_v1_1_analyze_code_kernel.TestHybridArchitecture" name="test_other_tools_not_using_kernel" time="0.053" /><testcase classname="tests.mcp.test_v1_1_analyze_code_kernel.TestHybridArchitecture" name="test_kernel_adapter_isolated" time="0.001" /><testcase classname="tests.mcp.test_v1_4_specifications.TestSpec_MCP_GetFileContext" name="test_returns_correct_structure" time="0.005" /><testcase classname="tests.mcp.test_v1_4_specifications.TestSpec_MCP_GetFileContext" name="test_complexity_calculation" time="0.006" /><testcase classname="tests.mcp.test_v1_4_specifications.TestSpec_MCP_GetFileContext" name="test_token_efficiency_summary" time="0.006" /><testcase classname="tests.mcp.test_v1_4_specifications.TestSpec_MCP_GetFileContext" name="test_file_not_found_error" time="0.002" /><testcase classname="tests.mcp.test_v1_4_specifications.TestSpec_MCP_GetFileContext" name="test_syntax_error_handling" time="0.004" /><testcase classname="tests.mcp.test_v1_4_specifications.TestSpec_MCP_GetSymbolReferences" name="test_finds_cross_file_references" time="0.003" /><testcase classname="tests.mcp.test_v1_4_specifications.TestSpec_MCP_GetSymbolReferences" name="test_finds_definition_location" time="0.002" /><testcase classname="tests.mcp.test_v1_4_specifications.TestSpec_MCP_GetSymbolReferences" name="test_symbol_not_found" time="0.002" /><testcase classname="tests.mcp.test_v1_4_specifications.TestSpec_MCP_GetSymbolReferences" name="test_invalid_project_root" time="0.001" /><testcase classname="tests.mcp.test_v1_4_specifications.TestSpec_Detection_XXE_CWE611" name="test_detects_standard_xml_parsers[import xml.etree.ElementTree as ET\nET.parse(user_input)-ET.parse]" time="0.002" /><testcase classname="tests.mcp.test_v1_4_specifications.TestSpec_Detection_XXE_CWE611" name="test_detects_standard_xml_parsers[from lxml import etree\netree.fromstring(data)-etree.fromstring]" time="0.001" /><testcase classname="tests.mcp.test_v1_4_specifications.TestSpec_Detection_XXE_CWE611" name="test_detects_standard_xml_parsers[import xml.sax\nxml.sax.parse(stream, handler)-xml.sax.parse]" time="0.002" /><testcase classname="tests.mcp.test_v1_4_specifications.TestSpec_Detection_XXE_CWE611" name="test_ignores_defused_and_safe_code[import defusedxml\ndefusedxml.parse(data)]" time="0.001" /><testcase classname="tests.mcp.test_v1_4_specifications.TestSpec_Detection_XXE_CWE611" name="test_ignores_defused_and_safe_code[from defusedxml.ElementTree import parse\nparse(data)]" time="0.001" /><testcase classname="tests.mcp.test_v1_4_specifications.TestSpec_Detection_XXE_CWE611" name="test_ignores_defused_and_safe_code[# This is just a comment about xml.etree]" time="0.001" /><testcase classname="tests.mcp.test_v1_4_specifications.TestSpec_Detection_XXE_CWE611" name="test_xxe_taint_flow_detection" time="0.012" /><testcase classname="tests.mcp.test_v1_4_specifications.TestSpec_Detection_SSTI_CWE1336" name="test_detects_jinja2_template_injection" time="0.012" /><testcase classname="tests.mcp.test_v1_4_specifications.TestSpec_Detection_SSTI_CWE1336" name="test_allows_file_loading_jinja2" time="0.001" /><testcase classname="tests.mcp.test_v1_4_specifications.TestSpec_Detection_SSTI_CWE1336" name="test_detects_multiple_template_engines[jinja2.Template]" time="0.001" /><testcase classname="tests.mcp.test_v1_4_specifications.TestSpec_Detection_SSTI_CWE1336" name="test_detects_multiple_template_engines[mako.template.Template]" time="0.001" /><testcase classname="tests.mcp.test_v1_4_specifications.TestSpec_Detection_SSTI_CWE1336" name="test_detects_multiple_template_engines[django.template.Template]" time="0.001" /><testcase classname="tests.mcp.test_v1_4_specifications.TestSpec_Detection_SSTI_CWE1336" name="test_detects_multiple_template_engines[tornado.template.Template]" time="0.001" /><testcase classname="tests.mcp.test_v1_4_specifications.TestSpec_Regression_V130" name="test_sql_injection_still_detected" time="0.012" /><testcase classname="tests.mcp.test_v1_4_specifications.TestSpec_Regression_V130" name="test_command_injection_still_detected" time="0.012" /><testcase classname="tests.mcp.test_v1_4_specifications.TestSpec_Regression_V130" name="test_secret_detection_still_works" time="0.002" /><testcase classname="tests.mcp.test_v1_4_specifications.TestSpec_MCP_Tools_Integration" name="test_file_context_and_symbol_references_consistency" time="0.006" /><testcase classname="tests.mcp.test_validators.TestWeightedSymbolMatcher" name="test_base_score_identical_symbols" time="0.001" /><testcase classname="tests.mcp.test_validators.TestWeightedSymbolMatcher" name="test_base_score_one_char_difference" time="0.001" /><testcase classname="tests.mcp.test_validators.TestWeightedSymbolMatcher" name="test_base_score_no_similarity" time="0.001" /><testcase classname="tests.mcp.test_validators.TestWeightedSymbolMatcher" name="test_locality_boost_same_scope" time="0.001" /><testcase classname="tests.mcp.test_validators.TestWeightedSymbolMatcher" name="test_locality_boost_different_scope" time="0.001" /><testcase classname="tests.mcp.test_validators.TestWeightedSymbolMatcher" name="test_locality_boost_no_request_scope" time="0.001" /><testcase classname="tests.mcp.test_validators.TestWeightedSymbolMatcher" name="test_export_boost_public_api" time="0.001" /><testcase classname="tests.mcp.test_validators.TestWeightedSymbolMatcher" name="test_export_boost_private_api" time="0.001" /><testcase classname="tests.mcp.test_validators.TestWeightedSymbolMatcher" name="test_total_score_capped_at_one" time="0.001" /><testcase classname="tests.mcp.test_validators.TestWeightedSymbolMatcher" name="test_reason_string_format" time="0.001" /><testcase classname="tests.mcp.test_validators.TestWeightedSymbolMatcher" name="test_rank_candidates_sorts_by_score" time="0.001" /><testcase classname="tests.mcp.test_validators.TestWeightedSymbolMatcher" name="test_rank_candidates_filters_by_threshold" time="0.001" /><testcase classname="tests.mcp.test_validators.TestWeightedSymbolMatcher" name="test_rank_candidates_respects_top_k" time="0.001" /><testcase classname="tests.mcp.test_validators.TestSymbolExtractor" name="test_extract_python_functions" time="0.001" /><testcase classname="tests.mcp.test_validators.TestSymbolExtractor" name="test_extract_python_classes" time="0.001" /><testcase classname="tests.mcp.test_validators.TestSymbolExtractor" name="test_extract_python_class_methods" time="0.001" /><testcase classname="tests.mcp.test_validators.TestSymbolExtractor" name="test_extract_python_imports" time="0.001" /><testcase classname="tests.mcp.test_validators.TestSymbolExtractor" name="test_python_symbols_are_exported_when_public" time="0.001" /><testcase classname="tests.mcp.test_validators.TestSymbolExtractor" name="test_extract_javascript_functions" time="0.001" /><testcase classname="tests.mcp.test_validators.TestSymbolExtractor" name="test_extract_javascript_classes" time="0.001" /><testcase classname="tests.mcp.test_validators.TestSymbolExtractor" name="test_extract_javascript_imports" time="0.001" /><testcase classname="tests.mcp.test_validators.TestSemanticValidator" name="test_exact_match_symbol_exists" time="0.001" /><testcase classname="tests.mcp.test_validators.TestSemanticValidator" name="test_fuzzy_match_with_typo" time="0.001" /><testcase classname="tests.mcp.test_validators.TestSemanticValidator" name="test_no_suggestions_when_threshold_not_met" time="0.001" /><testcase classname="tests.mcp.test_validators.TestSemanticValidator" name="test_validate_import_exists" time="0.001" /><testcase classname="tests.mcp.test_validators.TestSemanticValidator" name="test_validate_import_suggests_typo" time="0.001" /><testcase classname="tests.mcp.test_validators.TestSemanticValidator" name="test_cache_is_used" time="0.001" /><testcase classname="tests.mcp.test_validators.TestSemanticValidator" name="test_clear_cache" time="0.001" /><testcase classname="tests.mcp.test_validators.TestStructuralValidator" name="test_validate_python_syntax_valid" time="0.001" /><testcase classname="tests.mcp.test_validators.TestStructuralValidator" name="test_validate_python_syntax_invalid" time="0.001" /><testcase classname="tests.mcp.test_validators.TestStructuralValidator" name="test_validate_python_syntax_non_python_language" time="0.001" /><testcase classname="tests.mcp.test_validators.TestStructuralValidator" name="test_validate_file_size_within_limit" time="0.001" /><testcase classname="tests.mcp.test_validators.TestStructuralValidator" name="test_validate_file_size_exceeds_limit" time="0.001" /><testcase classname="tests.mcp.test_validators.TestValidationIntegration" name="test_self_correction_flow" time="0.002" /><testcase classname="tests.mcp.test_validators.TestValidationIntegration" name="test_locality_boost_improves_ranking" time="0.002" /><testcase classname="tests.mcp.test_workflow_prompts.TestDeepSecurityAuditPrompt" name="test_deep_security_audit_prompt_exists" time="0.001" /><testcase classname="tests.mcp.test_workflow_prompts.TestDeepSecurityAuditPrompt" name="test_deep_security_audit_prompt_takes_path" time="0.001" /><testcase classname="tests.mcp.test_workflow_prompts.TestDeepSecurityAuditPrompt" name="test_deep_security_audit_prompt_includes_path" time="0.001" /><testcase classname="tests.mcp.test_workflow_prompts.TestDeepSecurityAuditPrompt" name="test_deep_security_audit_prompt_includes_steps" time="0.001" /><testcase classname="tests.mcp.test_workflow_prompts.TestDeepSecurityAuditPrompt" name="test_deep_security_audit_prompt_mentions_tools" time="0.001" /><testcase classname="tests.mcp.test_workflow_prompts.TestSafeRefactorPrompt" name="test_safe_refactor_prompt_exists" time="0.001" /><testcase classname="tests.mcp.test_workflow_prompts.TestSafeRefactorPrompt" name="test_safe_refactor_prompt_takes_parameters" time="0.001" /><testcase classname="tests.mcp.test_workflow_prompts.TestSafeRefactorPrompt" name="test_safe_refactor_prompt_includes_parameters" time="0.001" /><testcase classname="tests.mcp.test_workflow_prompts.TestSafeRefactorPrompt" name="test_safe_refactor_prompt_includes_steps" time="0.001" /><testcase classname="tests.mcp.test_workflow_prompts.TestSafeRefactorPrompt" name="test_safe_refactor_prompt_mentions_tools" time="0.001" /><testcase classname="tests.mcp.test_workflow_prompts.TestModernizeLegacyPrompt" name="test_modernize_legacy_prompt_exists" time="0.001" /><testcase classname="tests.mcp.test_workflow_prompts.TestModernizeLegacyPrompt" name="test_modernize_legacy_prompt_takes_path" time="0.001" /><testcase classname="tests.mcp.test_workflow_prompts.TestModernizeLegacyPrompt" name="test_modernize_legacy_mentions_tools" time="0.001" /><testcase classname="tests.mcp.test_workflow_prompts.TestMapArchitecturePrompt" name="test_map_architecture_prompt_exists" time="0.001" /><testcase classname="tests.mcp.test_workflow_prompts.TestMapArchitecturePrompt" name="test_map_architecture_mentions_tools" time="0.001" /><testcase classname="tests.mcp.test_workflow_prompts.TestVerifySupplyChainPrompt" name="test_verify_supply_chain_prompt_exists" time="0.001" /><testcase classname="tests.mcp.test_workflow_prompts.TestVerifySupplyChainPrompt" name="test_verify_supply_chain_mentions_tools" time="0.001" /><testcase classname="tests.mcp.test_workflow_prompts.TestExplainAndDocumentPrompt" name="test_explain_and_document_prompt_exists" time="0.001" /><testcase classname="tests.mcp.test_workflow_prompts.TestExplainAndDocumentPrompt" name="test_explain_and_document_mentions_tools" time="0.001" /><testcase classname="tests.mcp.test_workflow_prompts.TestPromptDiscoverability" name="test_all_prompts_exist_in_module" time="0.001" /><testcase classname="tests.mcp.test_workflow_prompts.TestPromptDiscoverability" name="test_prompts_return_message_lists" time="0.001" /><testcase classname="tests.mcp.test_workflow_prompts.TestAcceptanceCriteria" name="test_security_audit_guides_through_full_audit" time="0.002" /><testcase classname="tests.mcp.test_workflow_prompts.TestAcceptanceCriteria" name="test_safe_refactor_guides_through_refactor" time="0.001" /><testcase classname="tests.mcp.test_workflow_prompts.TestAcceptanceCriteria" name="test_prompts_are_registered_with_mcp" time="0.001" /><testcase classname="tests.mcp.test_workflow_prompts.TestAcceptanceCriteria" name="test_prompts_handle_edge_cases" time="0.001" /><testcase classname="tests.pdg_tools.security.test_adversarial.TestMalformedInputs" name="test_extract_empty_string" time="0.035" /><testcase classname="tests.pdg_tools.security.test_adversarial.TestMalformedInputs" name="test_extract_whitespace_only" time="0.032" /><testcase classname="tests.pdg_tools.security.test_adversarial.TestMalformedInputs" name="test_extract_incomplete_function" time="0.028" /><testcase classname="tests.pdg_tools.security.test_adversarial.TestMalformedInputs" name="test_extract_mismatched_brackets" time="0.030" /><testcase classname="tests.pdg_tools.security.test_adversarial.TestMalformedInputs" name="test_extract_null_bytes" time="0.028" /><testcase classname="tests.pdg_tools.security.test_adversarial.TestMalformedInputs" name="test_extract_mixed_indentation" time="0.027" /><testcase classname="tests.pdg_tools.security.test_adversarial.TestMalformedInputs" name="test_security_scan_binary_content" time="0.054" /><testcase classname="tests.pdg_tools.security.test_adversarial.TestUnicodeEdgeCases" name="test_extract_unicode_function_name" time="0.038" /><testcase classname="tests.pdg_tools.security.test_adversarial.TestUnicodeEdgeCases" name="test_extract_emoji_in_string" time="0.039" /><testcase classname="tests.pdg_tools.security.test_adversarial.TestUnicodeEdgeCases" name="test_extract_rtl_characters" time="0.039" /><testcase classname="tests.pdg_tools.security.test_adversarial.TestUnicodeEdgeCases" name="test_extract_zero_width_characters" time="0.027" /><testcase classname="tests.pdg_tools.security.test_adversarial.TestUnicodeEdgeCases" name="test_security_scan_homoglyph_attack" time="0.054" /><testcase classname="tests.pdg_tools.security.test_adversarial.TestDeeplyNestedStructures" name="test_extract_deeply_nested_function" time="0.040" /><testcase classname="tests.pdg_tools.security.test_adversarial.TestDeeplyNestedStructures" name="test_extract_deeply_nested_comprehension" time="0.042" /><testcase classname="tests.pdg_tools.security.test_adversarial.TestDeeplyNestedStructures" name="test_analyze_recursive_type_hints" time="0.327" /><testcase classname="tests.pdg_tools.security.test_adversarial.TestLargeInputs" name="test_extract_from_huge_file" time="0.048" /><testcase classname="tests.pdg_tools.security.test_adversarial.TestLargeInputs" name="test_extract_function_with_huge_body" time="0.069" /><testcase classname="tests.pdg_tools.security.test_adversarial.TestLargeInputs" name="test_analyze_code_with_many_classes" time="0.354" /><testcase classname="tests.pdg_tools.security.test_adversarial.TestLargeInputs" name="test_security_scan_large_codebase" time="0.503" /><testcase classname="tests.pdg_tools.security.test_adversarial.TestPathologicalPatterns" name="test_extract_with_many_decorators" time="0.036" /><testcase classname="tests.pdg_tools.security.test_adversarial.TestPathologicalPatterns" name="test_extract_with_long_string_literal" time="0.035" /><testcase classname="tests.pdg_tools.security.test_adversarial.TestPathologicalPatterns" name="test_security_scan_regex_bomb" time="0.049" /><testcase classname="tests.pdg_tools.security.test_adversarial.TestPathologicalPatterns" name="test_extract_function_with_many_parameters" time="0.037" /><testcase classname="tests.pdg_tools.security.test_adversarial.TestCrossLanguageEdgeCases" name="test_typescript_generic_constraints" time="0.041" /><testcase classname="tests.pdg_tools.security.test_adversarial.TestCrossLanguageEdgeCases" name="test_java_annotation_heavy_class" time="0.040" /><testcase classname="tests.pdg_tools.security.test_adversarial.TestCrossLanguageEdgeCases" name="test_javascript_template_literals" time="0.047" /><testcase classname="tests.pdg_tools.security.test_adversarial.TestCrossLanguageEdgeCases" name="test_typescript_tsx_component" time="0.044" /><testcase classname="tests.pdg_tools.security.test_adversarial.TestSecurityBypassAttempts" name="test_detect_obfuscated_sql_injection" time="0.065" /><testcase classname="tests.pdg_tools.security.test_adversarial.TestSecurityBypassAttempts" name="test_detect_encoded_secret" time="0.051" /><testcase classname="tests.pdg_tools.security.test_adversarial.TestSecurityBypassAttempts" name="test_detect_eval_injection" time="0.064" /><testcase classname="tests.pdg_tools.security.test_adversarial.TestSecurityBypassAttempts" name="test_detect_pickle_deserialization" time="0.059" /><testcase classname="tests.pdg_tools.security.test_adversarial.TestSecurityBypassAttempts" name="test_detect_yaml_load" time="0.060" /><testcase classname="tests.pdg_tools.security.test_adversarial.TestConcurrentAccess" name="test_concurrent_extractions" time="0.096" /><testcase classname="tests.pdg_tools.security.test_adversarial.TestConcurrentAccess" name="test_concurrent_security_scans" time="0.267" /><testcase classname="tests.pdg_tools.security.test_adversarial.TestConcurrentAccess" name="test_mixed_language_concurrent" time="0.107" /><testcase classname="tests.pdg_tools.security.test_adversarial.TestRealWorldPatterns" name="test_extract_async_context_manager" time="0.035" /><testcase classname="tests.pdg_tools.security.test_adversarial.TestRealWorldPatterns" name="test_extract_metaclass" time="0.037" /><testcase classname="tests.pdg_tools.security.test_adversarial.TestRealWorldPatterns" name="test_extract_property_decorator" time="0.033" /><testcase classname="tests.pdg_tools.security.test_adversarial.TestRealWorldPatterns" name="test_security_scan_sqlalchemy_patterns" time="0.067" /><testcase classname="tests.pdg_tools.security.test_adversarial.TestErrorRecovery" name="test_extract_nonexistent_function" time="0.033" /><testcase classname="tests.pdg_tools.security.test_adversarial.TestErrorRecovery" name="test_extract_wrong_type" time="0.026" /><testcase classname="tests.pdg_tools.security.test_adversarial.TestErrorRecovery" name="test_analyze_invalid_syntax" time="0.065" /><testcase classname="tests.pdg_tools.security.test_adversarial.TestErrorRecovery" name="test_validate_special_paths" time="0.055" /><testcase classname="tests.pdg_tools.security.test_adversarial_security.TestCrossFileTaintTracking" name="test_taint_through_import_chain" time="0.079" /><testcase classname="tests.pdg_tools.security.test_adversarial_security.TestCrossFileTaintTracking" name="test_taint_through_async_chain" time="0.075" /><testcase classname="tests.pdg_tools.security.test_adversarial_security.TestCrossFileTaintTracking" name="test_taint_through_callback" time="0.074" /><testcase classname="tests.pdg_tools.security.test_adversarial_security.TestCrossFileTaintTracking" name="test_taint_through_decorator" time="0.074" /><testcase classname="tests.pdg_tools.security.test_adversarial_security.TestCrossFileTaintTracking" name="test_taint_sanitizer_clears" time="0.077" /><testcase classname="tests.pdg_tools.security.test_adversarial_security.TestCrossFileTaintTracking" name="test_taint_through_context_manager" time="0.077" /><testcase classname="tests.pdg_tools.security.test_adversarial_security.TestCrossFileTaintTracking" name="test_taint_through_class_inheritance" time="0.074" /><testcase classname="tests.pdg_tools.security.test_adversarial_security.TestCrossFileTaintTracking" name="test_spring_jpa_cross_file_sink_detected[entityManager.createNamedQuery(f&quot;select * from users where name = {name}&quot;)]" time="0.075" /><testcase classname="tests.pdg_tools.security.test_adversarial_security.TestCrossFileTaintTracking" name="test_spring_jpa_cross_file_sink_detected[JdbcTemplate.batchUpdate(f&quot;delete from users where name = {name}&quot;)]" time="0.072" /><testcase classname="tests.pdg_tools.security.test_adversarial_security.TestComplexVulnerabilityPatterns" name="test_second_order_sql_injection" time="0.060" /><testcase classname="tests.pdg_tools.security.test_adversarial_security.TestComplexVulnerabilityPatterns" name="test_blind_sql_injection" time="0.054" /><testcase classname="tests.pdg_tools.security.test_adversarial_security.TestComplexVulnerabilityPatterns" name="test_mass_assignment_vulnerability" time="0.051" /><testcase classname="tests.pdg_tools.security.test_adversarial_security.TestComplexVulnerabilityPatterns" name="test_race_condition_toctou" time="0.058" /><testcase classname="tests.pdg_tools.security.test_adversarial_security.TestComplexVulnerabilityPatterns" name="test_prototype_pollution_equivalent" time="0.053" /><testcase classname="tests.pdg_tools.security.test_adversarial_security.TestComplexVulnerabilityPatterns" name="test_xml_external_entity" time="0.058" /><testcase classname="tests.pdg_tools.security.test_adversarial_security.TestComplexVulnerabilityPatterns" name="test_server_side_request_forgery" time="0.061" /><testcase classname="tests.pdg_tools.security.test_adversarial_security.TestComplexVulnerabilityPatterns" name="test_insecure_deserialization" time="0.063" /><testcase classname="tests.pdg_tools.security.test_adversarial_security.TestComplexVulnerabilityPatterns" name="test_cryptographic_weakness" time="0.058" /><testcase classname="tests.pdg_tools.security.test_adversarial_security.TestSpringSecurityPatterns" name="test_spring_sql_injection" time="0.051" /><testcase classname="tests.pdg_tools.security.test_adversarial_security.TestSpringSecurityPatterns" name="test_spring_expression_injection" time="0.049" /><testcase classname="tests.pdg_tools.security.test_adversarial_security.TestSpringSecurityPatterns" name="test_spring_path_traversal" time="0.050" /><testcase classname="tests.pdg_tools.security.test_adversarial_v25.TestADV251TelephoneGame" name="test_telephone_game_confidence_decay" time="0.138" /><testcase classname="tests.pdg_tools.security.test_adversarial_v25.TestADV251TelephoneGame" name="test_telephone_game_cumulative_decay" time="0.138" /><testcase classname="tests.pdg_tools.security.test_adversarial_v25.TestADV251TelephoneGame" name="test_telephone_game_extreme_decay_factor_zero" time="0.134" /><testcase classname="tests.pdg_tools.security.test_adversarial_v25.TestADV251TelephoneGame" name="test_telephone_game_extreme_decay_factor_one" time="0.137" /><testcase classname="tests.pdg_tools.security.test_adversarial_v25.TestADV251TelephoneGame" name="test_telephone_game_extreme_decay_factor_greater_than_one" time="0.137" /><testcase classname="tests.pdg_tools.security.test_adversarial_v25.TestADV251TelephoneGame" name="test_telephone_game_negative_decay_factor" time="0.133" /><testcase classname="tests.pdg_tools.security.test_adversarial_v25.TestADV251TelephoneGame" name="test_telephone_game_float_precision_attack" time="0.138" /><testcase classname="tests.pdg_tools.security.test_adversarial_v25.TestADV252ThresholdRejection" name="test_threshold_rejection_flags_low_confidence" time="0.132" /><testcase classname="tests.pdg_tools.security.test_adversarial_v25.TestADV252ThresholdRejection" name="test_threshold_rejection_warning_generated" time="0.124" /><testcase classname="tests.pdg_tools.security.test_adversarial_v25.TestADV252ThresholdRejection" name="test_mcp_tool_reports_low_confidence" time="0.127" /><testcase classname="tests.pdg_tools.security.test_adversarial_v25.TestADV252ThresholdRejection" name="test_threshold_boundary_exact_threshold" time="0.123" /><testcase classname="tests.pdg_tools.security.test_adversarial_v25.TestADV252ThresholdRejection" name="test_threshold_attack_custom_threshold_bypass" time="0.142" /><testcase classname="tests.pdg_tools.security.test_adversarial_v25.TestADV252ThresholdRejection" name="test_threshold_attack_negative_depth" time="0.133" /><testcase classname="tests.pdg_tools.security.test_adversarial_v25.TestADV252ThresholdRejection" name="test_threshold_attack_huge_depth" time="0.120" /><testcase classname="tests.pdg_tools.security.test_adversarial_v25.TestADV253ContextExplosion" name="test_context_explosion_truncation" time="0.269" /><testcase classname="tests.pdg_tools.security.test_adversarial_v25.TestADV253ContextExplosion" name="test_context_explosion_exactly_max_nodes" time="0.255" /><testcase classname="tests.pdg_tools.security.test_adversarial_v25.TestADV253ContextExplosion" name="test_context_explosion_different_max_nodes" time="0.347" /><testcase classname="tests.pdg_tools.security.test_adversarial_v25.TestADV254Relevance" name="test_relevance_high_confidence_retained" time="0.002" /><testcase classname="tests.pdg_tools.security.test_adversarial_v25.TestADV254Relevance" name="test_relevance_confidence_filtering" time="0.002" /><testcase classname="tests.pdg_tools.security.test_adversarial_v25.TestADV254Relevance" name="test_relevance_determinism" time="0.003" /><testcase classname="tests.pdg_tools.security.test_adversarial_v25.TestADV254Relevance" name="test_context_explosion_memory_bound" time="0.250" /><testcase classname="tests.pdg_tools.security.test_adversarial_v25.TestADV254Relevance" name="test_context_explosion_zero_max_nodes" time="0.001" /><testcase classname="tests.pdg_tools.security.test_adversarial_v25.TestADV254Relevance" name="test_context_explosion_negative_max_nodes" time="0.001" /><testcase classname="tests.pdg_tools.security.test_adversarial_v25.TestADV254Relevance" name="test_context_explosion_negative_k" time="0.001" /><testcase classname="tests.pdg_tools.security.test_adversarial_v25.TestADV254Relevance" name="test_context_explosion_huge_k" time="0.017" /><testcase classname="tests.pdg_tools.security.test_adversarial_v25.TestADV254Relevance" name="test_relevance_invalid_min_confidence" time="0.001" /><testcase classname="tests.pdg_tools.security.test_adversarial_v25.TestADV254Relevance" name="test_relevance_tie_breaking_consistency" time="0.003" /><testcase classname="tests.pdg_tools.security.test_adversarial_v25.TestADV255ChmodBypass" name="test_chmod_bypass_detected" time="0.005" /><testcase classname="tests.pdg_tools.security.test_adversarial_v25.TestADV255ChmodBypass" name="test_chmod_bypass_hash_mismatch_details" time="0.004" /><testcase classname="tests.pdg_tools.security.test_adversarial_v25.TestADV256ManifestTamper" name="test_manifest_tamper_fake_signature" time="0.005" /><testcase classname="tests.pdg_tools.security.test_adversarial_v25.TestADV256ManifestTamper" name="test_manifest_tamper_modified_hashes" time="0.004" /><testcase classname="tests.pdg_tools.security.test_adversarial_v25.TestADV256ManifestTamper" name="test_manifest_tamper_wrong_secret" time="0.004" /><testcase classname="tests.pdg_tools.security.test_adversarial_v25.TestADV256ManifestTamper" name="test_manifest_tamper_replay_old_manifest" time="0.005" /><testcase classname="tests.pdg_tools.security.test_adversarial_v25.TestADV256ManifestTamper" name="test_manifest_tamper_empty_signature" time="0.004" /><testcase classname="tests.pdg_tools.security.test_adversarial_v25.TestADV256ManifestTamper" name="test_manifest_tamper_null_signature" time="0.004" /><testcase classname="tests.pdg_tools.security.test_adversarial_v25.TestADV256ManifestTamper" name="test_manifest_tamper_missing_signature_field" time="0.004" /><testcase classname="tests.pdg_tools.security.test_adversarial_v25.TestADV256ManifestTamper" name="test_chmod_bypass_symlink_attack" time="0.004" /><testcase classname="tests.pdg_tools.security.test_adversarial_v25.TestADV256ManifestTamper" name="test_chmod_bypass_race_condition" time="0.004" /><testcase classname="tests.pdg_tools.security.test_adversarial_v25.TestADV256ManifestTamper" name="test_manifest_tamper_unicode_confusion" time="0.004" /><testcase classname="tests.pdg_tools.security.test_adversarial_v25.TestADV256ManifestTamper" name="test_manifest_tamper_json_injection" time="0.005" /><testcase classname="tests.pdg_tools.security.test_adversarial_v25.TestADV256ManifestTamper" name="test_chmod_bypass_empty_secret_key" time="0.004" /><testcase classname="tests.pdg_tools.security.test_adversarial_v25.TestADV256ManifestTamper" name="test_manifest_tamper_missing_env_secret" time="0.005" /><testcase classname="tests.pdg_tools.security.test_adversarial_v25.TestEvidenceGeneration" name="test_all_adversarial_tests_documented" time="0.001" /><testcase classname="tests.pdg_tools.security.test_adversarial_v25.TestEvidenceGeneration" name="test_evidence_format" time="0.001" /><testcase classname="tests.pdg_tools.security.test_adversarial_v30.TestADV300FixHints" name="test_fix_hint_emitted_for_field_and_path_drift" time="0.001" /><testcase classname="tests.pdg_tools.security.test_adversarial_v30.TestADV300FixHints" name="test_low_confidence_edges_are_rejected" time="0.001" /><testcase classname="tests.pdg_tools.security.test_adversarial_v30.TestADV301SandboxContainment" name="test_refactor_simulator_has_no_fs_writes" time="0.005" /><testcase classname="tests.pdg_tools.security.test_adversarial_v30.TestADV302LoopTermination" name="test_symbolic_analyzer_bounds_infinite_loop" time="0.009" /><testcase classname="tests.pdg_tools.security.test_adversarial_v30.TestADV303ConfidenceTransparency" name="test_confidence_clamps_and_rejects_invalid" time="0.001" /><testcase classname="tests.pdg_tools.security.test_adversarial_v30.TestADV304CrossLanguageSelfRepair" name="test_contract_breach_fix_hint_is_actionable" time="0.001" /><testcase classname="tests.pdg_tools.security.test_cross_file_security_scan_regression" name="test_cross_file_sql_injection_flow_detected" time="0.113" /><testcase classname="tests.pdg_tools.security.test_license_aware_tiers.TestLicenseAwareTierGating" name="test_pro_feature_confidence_score_requires_pro_license" time="0.002" /><testcase classname="tests.pdg_tools.security.test_license_aware_tiers.TestLicenseAwareTierGating" name="test_pro_feature_test_impact_gated" time="0.002" /><testcase classname="tests.pdg_tools.security.test_license_aware_tiers.TestLicenseAwareTierGating" name="test_enterprise_feature_rollback_strategy_gated" time="0.003" /><testcase classname="tests.pdg_tools.security.test_license_aware_tiers.TestLicenseAwareTierGating" name="test_community_tier_basic_analysis_only" time="0.002" /><testcase classname="tests.pdg_tools.security.test_license_aware_tiers.TestLicenseAwareTierGating" name="test_license_state_affects_tier_in_response" time="0.012" /><testcase classname="tests.pdg_tools.security.test_license_aware_tiers.TestLicenseAwareTierGating" name="test_license_fallback_community_on_invalid" time="0.056" /><testcase classname="tests.pdg_tools.security.test_license_aware_tiers.TestLicenseAwareTierGating" name="test_license_tier_downgrade_via_env" time="0.014" /><testcase classname="tests.pdg_tools.security.test_license_aware_tiers.TestLicenseAwareTierGating" name="test_license_tier_cannot_exceed_actual_licensed" time="0.013" /><testcase classname="tests.pdg_tools.security.test_license_aware_tiers.TestTierFeatureAvailability" name="test_community_tier_cannot_use_pro_fields" time="0.001" /><testcase classname="tests.pdg_tools.security.test_license_aware_tiers.TestTierFeatureAvailability" name="test_pro_tier_includes_confidence_and_test_impact" time="0.002" /><testcase classname="tests.pdg_tools.security.test_license_aware_tiers.TestTierFeatureAvailability" name="test_enterprise_tier_includes_rollback_strategy" time="0.002" /><testcase classname="tests.pdg_tools.security.test_license_aware_tiers.TestTierFeatureAvailability" name="test_enterprise_multi_file_requires_enterprise_license" time="0.002" /><testcase classname="tests.pdg_tools.security.test_license_aware_tiers.TestMCPEnvelopeTierMetadata" name="test_envelope_includes_tier_metadata" time="0.001" /><testcase classname="tests.pdg_tools.security.test_license_aware_tiers.TestMCPEnvelopeTierMetadata" name="test_envelope_tier_pro" time="0.001" /><testcase classname="tests.pdg_tools.security.test_license_aware_tiers.TestMCPEnvelopeTierMetadata" name="test_envelope_tier_enterprise" time="0.001" /><testcase classname="tests.pdg_tools.security.test_license_aware_tiers.TestMCPEnvelopeTierMetadata" name="test_envelope_omits_tier_by_default_for_token_efficiency" time="0.001" /><testcase classname="tests.pdg_tools.security.test_license_aware_tiers.TestMCPEnvelopeTierMetadata" name="test_envelope_includes_upgrade_hints_for_unavailable_features" time="0.001" /><testcase classname="tests.pdg_tools.security.test_license_aware_tiers.TestLicenseExpiration" name="test_expired_license_behavior_tracked_in_globals" time="0.001" /><testcase classname="tests.pdg_tools.security.test_license_aware_tiers.TestLicenseExpiration" name="test_license_validation_returns_metadata" time="0.013" /><testcase classname="tests.pdg_tools.security.test_license_aware_tiers.TestLicenseExpiration" name="test_grace_period_for_mid_session_expiry" time="0.001" /><testcase classname="tests.pdg_tools.security.test_license_aware_tiers.TestLicenseExpiration" name="test_revoked_license_immediate_downgrade" time="0.012" /><testcase classname="tests.pdg_tools.security.test_license_aware_tiers.TestTierLimitEnforcement" name="test_community_tier_1mb_file_size_limit" time="0.009" /><testcase classname="tests.pdg_tools.security.test_license_aware_tiers.TestTierLimitEnforcement" name="test_pro_tier_10mb_file_size_limit" time="0.001" /><testcase classname="tests.pdg_tools.security.test_license_aware_tiers.TestTierLimitEnforcement" name="test_enterprise_tier_unlimited_file_size" time="0.001" /><testcase classname="tests.pdg_tools.security.test_new_vulnerabilities.TestWeakCryptographyDetection" name="test_md5_with_user_input" time="0.012" /><testcase classname="tests.pdg_tools.security.test_new_vulnerabilities.TestWeakCryptographyDetection" name="test_sha1_with_request_data" time="0.011" /><testcase classname="tests.pdg_tools.security.test_new_vulnerabilities.TestWeakCryptographyDetection" name="test_des_cipher_with_tainted_key" time="0.011" /><testcase classname="tests.pdg_tools.security.test_new_vulnerabilities.TestWeakCryptographyDetection" name="test_pycryptodome_md5" time="0.011" /><testcase classname="tests.pdg_tools.security.test_new_vulnerabilities.TestWeakCryptographyDetection" name="test_safe_sha256_no_vulnerability" time="0.002" /><testcase classname="tests.pdg_tools.security.test_new_vulnerabilities.TestSSRFDetection" name="test_requests_get_with_user_url" time="0.010" /><testcase classname="tests.pdg_tools.security.test_new_vulnerabilities.TestSSRFDetection" name="test_requests_post_with_user_url" time="0.011" /><testcase classname="tests.pdg_tools.security.test_new_vulnerabilities.TestSSRFDetection" name="test_urllib_urlopen_with_tainted_url" time="0.013" /><testcase classname="tests.pdg_tools.security.test_new_vulnerabilities.TestSSRFDetection" name="test_httpx_get_with_user_controlled_url" time="0.015" /><testcase classname="tests.pdg_tools.security.test_new_vulnerabilities.TestSSRFDetection" name="test_url_concatenation_ssrf" time="0.013" /><testcase classname="tests.pdg_tools.security.test_new_vulnerabilities.TestSSRFDetection" name="test_safe_hardcoded_url_no_ssrf" time="0.002" /><testcase classname="tests.pdg_tools.security.test_new_vulnerabilities.TestCombinedVulnerabilities" name="test_ssrf_and_weak_crypto_together" time="0.013" /><testcase classname="tests.pdg_tools.security.test_new_vulnerabilities.TestTaintTrackerIntegration" name="test_taint_is_dangerous_for_weak_crypto" time="0.001" /><testcase classname="tests.pdg_tools.security.test_new_vulnerabilities.TestTaintTrackerIntegration" name="test_taint_is_dangerous_for_ssrf" time="0.001" /><testcase classname="tests.pdg_tools.security.test_new_vulnerabilities.TestTaintTrackerIntegration" name="test_sink_patterns_registered" time="0.001" /><testcase classname="tests.pdg_tools.security.test_new_vulnerabilities.TestXXEDetection" name="test_xxe_elementtree_parse" time="0.001" /><testcase classname="tests.pdg_tools.security.test_new_vulnerabilities.TestXXEDetection" name="test_xxe_lxml_parse" time="0.001" /><testcase classname="tests.pdg_tools.security.test_new_vulnerabilities.TestXXEDetection" name="test_xxe_minidom" time="0.001" /><testcase classname="tests.pdg_tools.security.test_new_vulnerabilities.TestXXEDetection" name="test_xxe_sax" time="0.001" /><testcase classname="tests.pdg_tools.security.test_new_vulnerabilities.TestXXEDetection" name="test_xxe_sanitizer_defusedxml" time="0.001" /><testcase classname="tests.pdg_tools.security.test_new_vulnerabilities.TestXXEDetection" name="test_taint_dangerous_for_xxe" time="0.001" /><testcase classname="tests.pdg_tools.security.test_new_vulnerabilities.TestSSTIDetection" name="test_ssti_jinja2_template" time="0.001" /><testcase classname="tests.pdg_tools.security.test_new_vulnerabilities.TestSSTIDetection" name="test_ssti_mako_template" time="0.001" /><testcase classname="tests.pdg_tools.security.test_new_vulnerabilities.TestSSTIDetection" name="test_ssti_django_template" time="0.001" /><testcase classname="tests.pdg_tools.security.test_new_vulnerabilities.TestSSTIDetection" name="test_ssti_tornado_template" time="0.001" /><testcase classname="tests.pdg_tools.security.test_new_vulnerabilities.TestSSTIDetection" name="test_ssti_sanitizer_render_template" time="0.001" /><testcase classname="tests.pdg_tools.security.test_new_vulnerabilities.TestSSTIDetection" name="test_taint_dangerous_for_ssti" time="0.001" /><testcase classname="tests.pdg_tools.security.test_new_vulnerabilities.TestSSTIDetection" name="test_security_sink_enum_values" time="0.001" /><testcase classname="tests.pdg_tools.security.test_osv_client.TestVulnerability" name="test_vulnerability_creation" time="0.001" /><testcase classname="tests.pdg_tools.security.test_osv_client.TestVulnerability" name="test_vulnerability_to_dict" time="0.001" /><testcase classname="tests.pdg_tools.security.test_osv_client.TestVulnerability" name="test_vulnerability_default_values" time="0.001" /><testcase classname="tests.pdg_tools.security.test_osv_client.TestOSVClientInit" name="test_default_init" time="0.001" /><testcase classname="tests.pdg_tools.security.test_osv_client.TestOSVClientInit" name="test_custom_timeout" time="0.001" /><testcase classname="tests.pdg_tools.security.test_osv_client.TestOSVClientInit" name="test_cache_disabled" time="0.001" /><testcase classname="tests.pdg_tools.security.test_osv_client.TestEcosystemNormalization" name="test_ecosystem_normalization[pypi-PyPI]" time="0.002" /><testcase classname="tests.pdg_tools.security.test_osv_client.TestEcosystemNormalization" name="test_ecosystem_normalization[PyPI-PyPI]" time="0.002" /><testcase classname="tests.pdg_tools.security.test_osv_client.TestEcosystemNormalization" name="test_ecosystem_normalization[python-PyPI]" time="0.002" /><testcase classname="tests.pdg_tools.security.test_osv_client.TestEcosystemNormalization" name="test_ecosystem_normalization[npm-npm]" time="0.002" /><testcase classname="tests.pdg_tools.security.test_osv_client.TestEcosystemNormalization" name="test_ecosystem_normalization[javascript-npm]" time="0.001" /><testcase classname="tests.pdg_tools.security.test_osv_client.TestEcosystemNormalization" name="test_ecosystem_normalization[js-npm]" time="0.002" /><testcase classname="tests.pdg_tools.security.test_osv_client.TestEcosystemNormalization" name="test_ecosystem_normalization[maven-Maven]" time="0.001" /><testcase classname="tests.pdg_tools.security.test_osv_client.TestEcosystemNormalization" name="test_ecosystem_normalization[java-Maven]" time="0.001" /><testcase classname="tests.pdg_tools.security.test_osv_client.TestEcosystemNormalization" name="test_ecosystem_normalization[go-Go]" time="0.002" /><testcase classname="tests.pdg_tools.security.test_osv_client.TestEcosystemNormalization" name="test_ecosystem_normalization[golang-Go]" time="0.002" /><testcase classname="tests.pdg_tools.security.test_osv_client.TestEcosystemNormalization" name="test_ecosystem_normalization[cargo-crates.io]" time="0.001" /><testcase classname="tests.pdg_tools.security.test_osv_client.TestEcosystemNormalization" name="test_ecosystem_normalization[rust-crates.io]" time="0.002" /><testcase classname="tests.pdg_tools.security.test_osv_client.TestEcosystemNormalization" name="test_ecosystem_normalization[nuget-NuGet]" time="0.002" /><testcase classname="tests.pdg_tools.security.test_osv_client.TestEcosystemNormalization" name="test_ecosystem_normalization[dotnet-NuGet]" time="0.001" /><testcase classname="tests.pdg_tools.security.test_osv_client.TestEcosystemNormalization" name="test_ecosystem_normalization[rubygems-RubyGems]" time="0.002" /><testcase classname="tests.pdg_tools.security.test_osv_client.TestEcosystemNormalization" name="test_ecosystem_normalization[ruby-RubyGems]" time="0.002" /><testcase classname="tests.pdg_tools.security.test_osv_client.TestEcosystemNormalization" name="test_ecosystem_normalization[UnknownEco-UnknownEco]" time="0.002" /><testcase classname="tests.pdg_tools.security.test_osv_client.TestSeverityParsing" name="test_severity_from_database_specific" time="0.001" /><testcase classname="tests.pdg_tools.security.test_osv_client.TestSeverityParsing" name="test_severity_from_ecosystem_specific" time="0.001" /><testcase classname="tests.pdg_tools.security.test_osv_client.TestSeverityParsing" name="test_severity_from_cvss_score_critical" time="0.001" /><testcase classname="tests.pdg_tools.security.test_osv_client.TestSeverityParsing" name="test_severity_from_cvss_score_high" time="0.002" /><testcase classname="tests.pdg_tools.security.test_osv_client.TestSeverityParsing" name="test_severity_from_cvss_score_medium" time="0.001" /><testcase classname="tests.pdg_tools.security.test_osv_client.TestSeverityParsing" name="test_severity_from_cvss_score_low" time="0.001" /><testcase classname="tests.pdg_tools.security.test_osv_client.TestSeverityParsing" name="test_severity_from_cvss_string_score" time="0.001" /><testcase classname="tests.pdg_tools.security.test_osv_client.TestSeverityParsing" name="test_severity_unknown_when_missing" time="0.001" /><testcase classname="tests.pdg_tools.security.test_osv_client.TestSeverityParsing" name="test_severity_unknown_with_invalid_data" time="0.002" /><testcase classname="tests.pdg_tools.security.test_osv_client.TestSeverityParsing" name="test_severity_lowercase_normalized" time="0.001" /><testcase classname="tests.pdg_tools.security.test_osv_client.TestFixedVersionParsing" name="test_fixed_version_from_ranges" time="0.001" /><testcase classname="tests.pdg_tools.security.test_osv_client.TestFixedVersionParsing" name="test_fixed_version_case_insensitive" time="0.001" /><testcase classname="tests.pdg_tools.security.test_osv_client.TestFixedVersionParsing" name="test_fixed_version_not_found" time="0.002" /><testcase classname="tests.pdg_tools.security.test_osv_client.TestFixedVersionParsing" name="test_fixed_version_empty_affected" time="0.001" /><testcase classname="tests.pdg_tools.security.test_osv_client.TestQueryPackage" name="test_query_package_success" time="0.007" /><testcase classname="tests.pdg_tools.security.test_osv_client.TestQueryPackage" name="test_query_package_no_vulns" time="0.005" /><testcase classname="tests.pdg_tools.security.test_osv_client.TestQueryPackage" name="test_query_package_empty_response" time="0.005" /><testcase classname="tests.pdg_tools.security.test_osv_client.TestQueryPackage" name="test_query_package_caching" time="0.006" /><testcase classname="tests.pdg_tools.security.test_osv_client.TestQueryPackage" name="test_query_package_error_returns_empty" time="3.007" /><testcase classname="tests.pdg_tools.security.test_osv_client.TestQueryBatch" name="test_query_batch_success" time="0.006" /><testcase classname="tests.pdg_tools.security.test_osv_client.TestQueryBatch" name="test_query_batch_empty_input" time="0.001" /><testcase classname="tests.pdg_tools.security.test_osv_client.TestQueryBatch" name="test_query_batch_with_ecosystem" time="0.005" /><testcase classname="tests.pdg_tools.security.test_osv_client.TestQueryBatch" name="test_query_batch_error_returns_empty" time="3.005" /><testcase classname="tests.pdg_tools.security.test_osv_client.TestMakeRequest" name="test_successful_request" time="0.004" /><testcase classname="tests.pdg_tools.security.test_osv_client.TestMakeRequest" name="test_retry_on_rate_limit" time="0.007" /><testcase classname="tests.pdg_tools.security.test_osv_client.TestMakeRequest" name="test_retry_on_server_error" time="0.006" /><testcase classname="tests.pdg_tools.security.test_osv_client.TestMakeRequest" name="test_raise_on_client_error" time="0.004" /><testcase classname="tests.pdg_tools.security.test_osv_client.TestMakeRequest" name="test_max_retries_exceeded" time="0.007" /><testcase classname="tests.pdg_tools.security.test_osv_client.TestMakeRequest" name="test_invalid_json_response" time="0.005" /><testcase classname="tests.pdg_tools.security.test_osv_client.TestClearCache" name="test_clear_cache" time="0.004" /><testcase classname="tests.pdg_tools.security.test_osv_client.TestIntegrationScenarios" name="test_multiple_vulns_in_package" time="0.004" /><testcase classname="tests.pdg_tools.security.test_osv_client.TestIntegrationScenarios" name="test_references_limited_to_five" time="0.005" /><testcase classname="tests.pdg_tools.security.test_osv_client.TestIntegrationScenarios" name="test_missing_fields_handled_gracefully" time="0.004" /><testcase classname="tests.pdg_tools.security.test_performance_memory_stress.TestSimulateRefactorPerfAndMemory" name="test_large_input_under_10s_soft_threshold" time="1.088" /><testcase classname="tests.pdg_tools.security.test_performance_memory_stress.TestSimulateRefactorPerfAndMemory" name="test_memory_usage_snapshots" time="1.178" /><testcase classname="tests.pdg_tools.security.test_performance_memory_stress.TestSimulateRefactorPerfAndMemory" name="test_sequential_100_requests" time="0.052" /><testcase classname="tests.pdg_tools.security.test_refactor_simulator.TestRefactorSimulator" name="test_safe_refactor" time="0.002" /><testcase classname="tests.pdg_tools.security.test_refactor_simulator.TestRefactorSimulator" name="test_unsafe_eval_injection" time="0.010" /><testcase classname="tests.pdg_tools.security.test_refactor_simulator.TestRefactorSimulator" name="test_unsafe_exec_injection" time="0.012" /><testcase classname="tests.pdg_tools.security.test_refactor_simulator.TestRefactorSimulator" name="test_unsafe_os_system" time="0.012" /><testcase classname="tests.pdg_tools.security.test_refactor_simulator.TestRefactorSimulator" name="test_unsafe_subprocess_shell_true" time="0.013" /><testcase classname="tests.pdg_tools.security.test_refactor_simulator.TestRefactorSimulator" name="test_structural_changes_tracked" time="0.002" /><testcase classname="tests.pdg_tools.security.test_refactor_simulator.TestRefactorSimulator" name="test_syntax_error_detected" time="0.002" /><testcase classname="tests.pdg_tools.security.test_refactor_simulator.TestRefactorSimulator" name="test_strict_mode_warnings" time="0.012" /><testcase classname="tests.pdg_tools.security.test_refactor_simulator.TestRefactorSimulator" name="test_optional_params_defaults" time="0.002" /><testcase classname="tests.pdg_tools.security.test_refactor_simulator.TestRefactorSimulator" name="test_simulate_inline_method" time="0.002" /><testcase classname="tests.pdg_tools.security.test_refactor_simulator.TestRefactorSimulator" name="test_must_provide_new_code_or_patch" time="0.002" /><testcase classname="tests.pdg_tools.security.test_refactor_simulator.TestRefactorSimulator" name="test_result_to_dict" time="0.002" /><testcase classname="tests.pdg_tools.security.test_refactor_simulator.TestRefactorSimulator" name="test_line_changes_tracked" time="0.002" /><testcase classname="tests.pdg_tools.security.test_refactor_simulator.TestRefactorSimulator" name="test_warning_on_large_deletion_strict_mode" time="0.002" /><testcase classname="tests.pdg_tools.security.test_refactor_simulator.TestRefactorSimulatorPatch" name="test_simple_patch_application" time="0.001" /><testcase classname="tests.pdg_tools.security.test_refactor_simulator.TestRefactorSimulatorPatch" name="test_patch_introducing_eval_is_unsafe" time="0.002" /><testcase classname="tests.pdg_tools.security.test_refactor_simulator.TestRefactorSimulatorPatch" name="test_invalid_patch_error" time="0.002" /><testcase classname="tests.pdg_tools.security.test_refactor_simulator.TestRefactorSimulatorSecurityPatterns" name="test_sql_injection_pattern" time="0.006" /><testcase classname="tests.pdg_tools.security.test_refactor_simulator.TestRefactorSimulatorSecurityPatterns" name="test_pickle_deserialization" time="0.011" /><testcase classname="tests.pdg_tools.security.test_refactor_simulator.TestRefactorSimulatorSecurityPatterns" name="test_safe_yaml_load" time="0.002" /><testcase classname="tests.pdg_tools.security.test_refactor_simulator.TestRefactorSimulatorWarnings" name="test_warning_on_function_removal" time="0.004" /><testcase classname="tests.pdg_tools.security.test_refactor_simulator.TestRefactorSimulatorWarnings" name="test_warning_on_large_deletion" time="0.005" /><testcase classname="tests.pdg_tools.security.test_refactor_simulator.TestJavaScriptTypeScriptSupport" name="test_js_syntax_validation_valid" time="0.045" /><testcase classname="tests.pdg_tools.security.test_refactor_simulator.TestJavaScriptTypeScriptSupport" name="test_js_syntax_validation_invalid" time="0.013" /><testcase classname="tests.pdg_tools.security.test_refactor_simulator.TestJavaScriptTypeScriptSupport" name="test_ts_syntax_validation_valid" time="0.034" /><testcase classname="tests.pdg_tools.security.test_refactor_simulator.TestJavaScriptTypeScriptSupport" name="test_js_structural_analysis_function_added" time="0.036" /><testcase classname="tests.pdg_tools.security.test_refactor_simulator.TestJavaScriptTypeScriptSupport" name="test_js_structural_analysis_function_removed" time="0.035" /><testcase classname="tests.pdg_tools.security.test_refactor_simulator.TestJavaScriptTypeScriptSupport" name="test_js_structural_analysis_class_added" time="0.036" /><testcase classname="tests.pdg_tools.security.test_refactor_simulator.TestJavaScriptTypeScriptSupport" name="test_js_structural_analysis_imports" time="0.035" /><testcase classname="tests.pdg_tools.security.test_refactor_simulator.TestJavaScriptTypeScriptSupport" name="test_ts_arrow_function_detection" time="0.039" /><testcase classname="tests.pdg_tools.security.test_refactor_simulator.TestJavaScriptTypeScriptSupport" name="test_js_security_eval_detection" time="0.038" /><testcase classname="tests.pdg_tools.security.test_refactor_simulator.TestJavaScriptTypeScriptSupport" name="test_js_unbalanced_braces" time="0.012" /><testcase classname="tests.pdg_tools.security.test_refactor_simulator.TestJavaScriptTypeScriptSupport" name="test_java_syntax_validation" time="0.012" /><testcase classname="tests.pdg_tools.security.test_refactor_simulator.TestProTierFeatures" name="test_confidence_score_in_result" time="0.002" /><testcase classname="tests.pdg_tools.security.test_refactor_simulator.TestProTierFeatures" name="test_confidence_factors_populated" time="0.002" /><testcase classname="tests.pdg_tools.security.test_refactor_simulator.TestProTierFeatures" name="test_confidence_lower_for_security_issues" time="0.012" /><testcase classname="tests.pdg_tools.security.test_refactor_simulator.TestProTierFeatures" name="test_test_impact_analysis_enabled" time="0.002" /><testcase classname="tests.pdg_tools.security.test_refactor_simulator.TestProTierFeatures" name="test_test_impact_with_project_root" time="0.008" /><testcase classname="tests.pdg_tools.security.test_refactor_simulator.TestProTierFeatures" name="test_to_dict_includes_new_fields" time="0.002" /><testcase classname="tests.pdg_tools.security.test_refactor_simulator.TestEnterpriseTierFeatures" name="test_rollback_strategy_generated" time="0.002" /><testcase classname="tests.pdg_tools.security.test_refactor_simulator.TestEnterpriseTierFeatures" name="test_rollback_strategy_has_reverse_patch" time="0.002" /><testcase classname="tests.pdg_tools.security.test_refactor_simulator.TestEnterpriseTierFeatures" name="test_rollback_risk_assessment" time="0.002" /><testcase classname="tests.pdg_tools.security.test_refactor_simulator.TestEnterpriseTierFeatures" name="test_multi_file_simulation" time="0.002" /><testcase classname="tests.pdg_tools.security.test_refactor_simulator.TestEnterpriseTierFeatures" name="test_multi_file_detects_cross_file_issues" time="0.002" /><testcase classname="tests.pdg_tools.security.test_refactor_simulator.TestEnterpriseTierFeatures" name="test_multi_file_aggregates_counts" time="0.011" /><testcase classname="tests.pdg_tools.security.test_refactor_simulator.TestEnterpriseTierFeatures" name="test_multi_file_dependency_analysis" time="0.002" /><testcase classname="tests.pdg_tools.security.test_refactor_simulator.TestRefactorSimulatorEdgeCases" name="test_empty_input_code" time="0.002" /><testcase classname="tests.pdg_tools.security.test_refactor_simulator.TestRefactorSimulatorEdgeCases" name="test_minimal_1_line_input" time="0.002" /><testcase classname="tests.pdg_tools.security.test_refactor_simulator.TestRefactorSimulatorEdgeCases" name="test_invalid_encoding_error" time="0.064" /><testcase classname="tests.pdg_tools.security.test_refactor_simulator.TestRefactorSimulatorEdgeCases" name="test_decorated_and_async_functions_structural_tracking" time="0.002" /><testcase classname="tests.pdg_tools.security.test_refactor_simulator.TestRefactorSimulatorEdgeCases" name="test_determinism_same_input_identical_output_community" time="0.003" /><testcase classname="tests.pdg_tools.security.test_refactor_simulator.TestRefactorSimulatorEdgeCases" name="test_determinism_same_input_identical_output_pro" time="0.127" /><testcase classname="tests.pdg_tools.security.test_refactor_simulator.TestRefactorSimulatorEdgeCases" name="test_no_secret_leakage_in_error_messages_community" time="0.001" /><testcase classname="tests.pdg_tools.security.test_refactor_simulator.TestRefactorSimulatorEdgeCases" name="test_no_absolute_path_leakage_in_error_messages_pro" time="0.001" /><testcase classname="tests.pdg_tools.security.test_refactor_simulator.TestRefactorSimulatorEdgeCases" name="test_logging_does_not_leak_secrets_or_paths" time="0.002" /><testcase classname="tests.pdg_tools.security.test_refactor_simulator.TestRefactorSimulatorEdgeCases" name="test_performance_small_input_under_100ms_community" time="0.002" /><testcase classname="tests.pdg_tools.security.test_refactor_simulator.TestRefactorSimulatorEdgeCases" name="test_performance_medium_input_under_1s_pro" time="0.043" /><testcase classname="tests.pdg_tools.security.test_refactor_simulator.TestRefactorSimulatorEdgeCases" name="test_comments_and_docstrings_only_change_safe" time="0.002" /><testcase classname="tests.pdg_tools.security.test_refactor_simulator.TestRefactorSimulatorEdgeCases" name="test_lambda_and_magic_methods_structural_tracking" time="0.003" /><testcase classname="tests.pdg_tools.security.test_refactor_simulator.TestRefactorSimulatorEdgeCases" name="test_unusual_indentation_and_multiline_strings" time="0.002" /><testcase classname="tests.pdg_tools.security.test_refactor_simulator.TestRefactorSimulatorEdgeCases" name="test_no_pii_in_error_messages" time="0.002" /><testcase classname="tests.pdg_tools.security.test_refactor_simulator.TestRefactorSimulatorEdgeCases" name="test_analysis_does_not_execute_code_or_write_files" time="0.004" /><testcase classname="tests.pdg_tools.security.test_secret_scanner_robustness" name="test_bytes_secret_detection" time="0.002" /><testcase classname="tests.pdg_tools.security.test_secret_scanner_robustness" name="test_fstring_secret_detection" time="0.002" /><testcase classname="tests.pdg_tools.security.test_secret_scanner_robustness" name="test_generic_api_key_tuple_unpacking" time="0.002" /><testcase classname="tests.pdg_tools.security.test_secret_scanner_safe" name="test_aws_key_detection" time="0.002" /><testcase classname="tests.pdg_tools.security.test_secret_scanner_safe" name="test_stripe_secret_detection" time="0.001" /><testcase classname="tests.pdg_tools.security.test_secret_scanner_safe" name="test_private_key_detection" time="0.002" /><testcase classname="tests.pdg_tools.security.test_secret_scanner_safe" name="test_generic_api_key_detection" time="0.001" /><testcase classname="tests.pdg_tools.security.test_secret_scanner_safe" name="test_generic_api_key_false_positive" time="0.001" /><testcase classname="tests.pdg_tools.security.test_secret_scanner_safe" name="test_mixed_vulnerabilities" time="0.012" /><testcase classname="tests.pdg_tools.security.test_secret_scanner_safe" name="test_bytes_secret_detection" time="0.002" /><testcase classname="tests.pdg_tools.security.test_secret_scanner_safe" name="test_fstring_secret_detection" time="0.002" /><testcase classname="tests.pdg_tools.security.test_secret_scanner_safe" name="test_generic_api_key_tuple_unpacking" time="0.001" /><testcase classname="tests.pdg_tools.security.test_secret_scanner_safe" name="test_duplicate_secret_detection" time="0.001" /><testcase classname="tests.pdg_tools.security.test_secret_scanner_safe" name="test_same_location_dedup" time="0.001" /><testcase classname="tests.pdg_tools.security.test_secret_scanner_safe" name="test_invalid_bytes_decoding" time="0.001" /><testcase classname="tests.pdg_tools.security.test_secret_scanner_safe" name="test_security_result_summary_with_taint_path" time="0.002" /><testcase classname="tests.pdg_tools.security.test_secret_scanner_safe" name="test_deprecated_ast_str_node" time="0.001" /><testcase classname="tests.pdg_tools.security.test_security_analysis.TestStringTypeInference" name="test_infer_string_literal" time="0.004" /><testcase classname="tests.pdg_tools.security.test_security_analysis.TestStringTypeInference" name="test_infer_empty_string" time="0.004" /><testcase classname="tests.pdg_tools.security.test_security_analysis.TestStringTypeInference" name="test_infer_string_concatenation" time="0.004" /><testcase classname="tests.pdg_tools.security.test_security_analysis.TestStringTypeInference" name="test_infer_string_variable_concat" time="0.004" /><testcase classname="tests.pdg_tools.security.test_security_analysis.TestStringTypeInference" name="test_infer_mixed_concat_is_unknown" time="0.004" /><testcase classname="tests.pdg_tools.security.test_security_analysis.TestStringTypeInference" name="test_infer_string_multiplication" time="0.004" /><testcase classname="tests.pdg_tools.security.test_security_analysis.TestStringTypeInference" name="test_string_sort_conversion" time="0.001" /><testcase classname="tests.pdg_tools.security.test_security_analysis.TestTaintTracker" name="test_create_taint_source" time="0.001" /><testcase classname="tests.pdg_tools.security.test_security_analysis.TestTaintTracker" name="test_is_tainted_true" time="0.001" /><testcase classname="tests.pdg_tools.security.test_security_analysis.TestTaintTracker" name="test_is_tainted_false" time="0.001" /><testcase classname="tests.pdg_tools.security.test_security_analysis.TestTaintTracker" name="test_propagate_assignment_taints_target" time="0.001" /><testcase classname="tests.pdg_tools.security.test_security_analysis.TestTaintTracker" name="test_propagate_assignment_clean_sources" time="0.001" /><testcase classname="tests.pdg_tools.security.test_security_analysis.TestTaintTracker" name="test_propagate_concat_taints_result" time="0.001" /><testcase classname="tests.pdg_tools.security.test_security_analysis.TestTaintTracker" name="test_apply_sanitizer_lowers_level" time="0.001" /><testcase classname="tests.pdg_tools.security.test_security_analysis.TestTaintTracker" name="test_fork_creates_isolated_copy" time="0.001" /><testcase classname="tests.pdg_tools.security.test_security_analysis.TestTaintInfo" name="test_propagate_adds_to_path" time="0.001" /><testcase classname="tests.pdg_tools.security.test_security_analysis.TestTaintInfo" name="test_dangerous_for_sink_without_sanitizer" time="0.001" /><testcase classname="tests.pdg_tools.security.test_security_analysis.TestTaintInfo" name="test_not_dangerous_with_appropriate_sanitizer" time="0.001" /><testcase classname="tests.pdg_tools.security.test_security_analysis.TestTaintInfo" name="test_not_dangerous_if_none_level" time="0.001" /><testcase classname="tests.pdg_tools.security.test_security_analysis.TestVulnerabilityDetection" name="test_detect_sql_injection" time="0.001" /><testcase classname="tests.pdg_tools.security.test_security_analysis.TestVulnerabilityDetection" name="test_no_vulnerability_for_clean_data" time="0.001" /><testcase classname="tests.pdg_tools.security.test_security_analysis.TestVulnerabilityDetection" name="test_vulnerability_to_dict" time="0.001" /><testcase classname="tests.pdg_tools.security.test_security_analysis.TestSecurityAnalyzer" name="test_detect_sql_injection_simple" time="0.015" /><testcase classname="tests.pdg_tools.security.test_security_analysis.TestSecurityAnalyzer" name="test_detect_command_injection" time="0.011" /><testcase classname="tests.pdg_tools.security.test_security_analysis.TestSecurityAnalyzer" name="test_no_vuln_with_parameterized_query" time="0.002" /><testcase classname="tests.pdg_tools.security.test_security_analysis.TestSecurityAnalyzer" name="test_analyze_empty_code" time="0.001" /><testcase classname="tests.pdg_tools.security.test_security_analysis.TestSecurityAnalyzer" name="test_analyze_syntax_error" time="0.001" /><testcase classname="tests.pdg_tools.security.test_security_analysis.TestSecurityAnalyzer" name="test_result_summary" time="0.011" /><testcase classname="tests.pdg_tools.security.test_security_analysis.TestSecurityAnalyzer" name="test_result_to_dict" time="0.012" /><testcase classname="tests.pdg_tools.security.test_security_analysis.TestConvenienceFunctions" name="test_find_sql_injections" time="0.002" /><testcase classname="tests.pdg_tools.security.test_security_analysis.TestConvenienceFunctions" name="test_find_xss" time="0.011" /><testcase classname="tests.pdg_tools.security.test_security_analysis.TestConvenienceFunctions" name="test_find_command_injections" time="0.012" /><testcase classname="tests.pdg_tools.security.test_security_analysis.TestTaintedValue" name="test_tainted_value_is_tainted" time="0.001" /><testcase classname="tests.pdg_tools.security.test_security_analysis.TestTaintedValue" name="test_clean_value_is_not_tainted" time="0.001" /><testcase classname="tests.pdg_tools.security.test_security_analysis.TestTaintedValue" name="test_repr_shows_taint_status" time="0.002" /><testcase classname="tests.pdg_tools.security.test_security_analysis.TestEdgeCases" name="test_multiple_taint_sources" time="0.001" /><testcase classname="tests.pdg_tools.security.test_security_analysis.TestEdgeCases" name="test_taint_propagation_path_tracking" time="0.001" /><testcase classname="tests.pdg_tools.security.test_security_analysis.TestEdgeCases" name="test_security_result_functions_analyzed" time="0.012" /><testcase classname="tests.pdg_tools.security.test_security_analysis.TestEdgeCases" name="test_clear_tracker" time="0.001" /><testcase classname="tests.pdg_tools.security.test_security_analysis.TestSymbolicStringSupport" name="test_state_manager_creates_string_variable" time="0.002" /><testcase classname="tests.pdg_tools.security.test_security_analysis.TestSymbolicStringSupport" name="test_constraint_solver_handles_string" time="0.009" /><testcase classname="tests.pdg_tools.security.test_security_analysis.TestSymbolicStringSupport" name="test_interpreter_handles_string_literal" time="0.002" /><testcase classname="tests.pdg_tools.security.test_security_analysis.TestSymbolicStringSupport" name="test_interpreter_handles_string_concat" time="0.002" /><testcase classname="tests.pdg_tools.security.test_security_analysis.TestSanitizerRegistry" name="test_builtin_sanitizers_registered" time="0.001" /><testcase classname="tests.pdg_tools.security.test_security_analysis.TestSanitizerRegistry" name="test_type_coercion_fully_clears_taint" time="0.001" /><testcase classname="tests.pdg_tools.security.test_security_analysis.TestSanitizerRegistry" name="test_html_escape_clears_xss_only" time="0.001" /><testcase classname="tests.pdg_tools.security.test_security_analysis.TestSanitizerRegistry" name="test_shlex_quote_clears_command_only" time="0.001" /><testcase classname="tests.pdg_tools.security.test_security_analysis.TestSanitizerRegistry" name="test_register_custom_sanitizer" time="0.001" /><testcase classname="tests.pdg_tools.security.test_security_analysis.TestConfigLoader" name="test_load_from_nonexistent_file" time="0.003" /><testcase classname="tests.pdg_tools.security.test_security_analysis.TestConfigLoader" name="test_load_sql_sanitizer_from_config" time="0.003" /><testcase classname="tests.pdg_tools.security.test_security_analysis.TestConfigLoader" name="test_load_full_clear_sanitizer" time="0.003" /><testcase classname="tests.pdg_tools.security.test_security_analysis.TestConfigLoader" name="test_load_multiple_sanitizers" time="0.003" /><testcase classname="tests.pdg_tools.security.test_security_analysis.TestConfigLoader" name="test_load_multi_sink_sanitizer" time="0.003" /><testcase classname="tests.pdg_tools.security.test_security_analysis.TestConfigLoader" name="test_invalid_sink_name_skipped" time="0.003" /><testcase classname="tests.pdg_tools.security.test_security_analysis.TestTaintInfoClearedSinks" name="test_cleared_sinks_initially_empty" time="0.001" /><testcase classname="tests.pdg_tools.security.test_security_analysis.TestTaintInfoClearedSinks" name="test_apply_sanitizer_adds_to_cleared_sinks" time="0.001" /><testcase classname="tests.pdg_tools.security.test_security_analysis.TestTaintInfoClearedSinks" name="test_is_dangerous_checks_cleared_sinks" time="0.001" /><testcase classname="tests.pdg_tools.security.test_security_analysis.TestTaintInfoClearedSinks" name="test_full_clear_sanitizer_clears_all_sinks" time="0.002" /><testcase classname="tests.pdg_tools.security.test_security_analysis.TestTaintInfoClearedSinks" name="test_apply_unknown_sanitizer" time="0.001" /><testcase classname="tests.pdg_tools.security.test_security_analysis.TestTaintInfoClearedSinks" name="test_propagate_preserves_cleared_sinks" time="0.001" /><testcase classname="tests.pdg_tools.security.test_security_analysis.TestSecurityAnalyzerSanitizers" name="test_html_escape_prevents_xss_detection" time="0.002" /><testcase classname="tests.pdg_tools.security.test_security_analysis.TestSecurityAnalyzerSanitizers" name="test_int_cast_prevents_sqli_detection" time="0.002" /><testcase classname="tests.pdg_tools.security.test_security_analysis.TestSecurityAnalyzerSanitizers" name="test_unsanitized_still_flagged" time="0.002" /><testcase classname="tests.pdg_tools.security.test_security_analysis.TestSecurityAnalyzerSanitizers" name="test_html_escape_does_not_prevent_sqli" time="0.012" /><testcase classname="tests.pdg_tools.security.test_security_analysis.TestSecurityAnalyzerSanitizers" name="test_shlex_quote_prevents_command_injection" time="0.002" /><testcase classname="tests.pdg_tools.security.test_security_analysis.TestSecurityAnalyzerSanitizers" name="test_os_path_basename_prevents_path_traversal" time="0.002" /><testcase classname="tests.pdg_tools.security.test_security_analysis.TestSecurityAnalyzerCoverage" name="test_result_vulnerability_count" time="0.011" /><testcase classname="tests.pdg_tools.security.test_security_analysis.TestSecurityAnalyzerCoverage" name="test_result_get_by_type" time="0.002" /><testcase classname="tests.pdg_tools.security.test_security_analysis.TestSecurityAnalyzerCoverage" name="test_result_to_dict" time="0.002" /><testcase classname="tests.pdg_tools.security.test_security_analysis.TestSecurityAnalyzerCoverage" name="test_result_summary_no_vulns" time="0.001" /><testcase classname="tests.pdg_tools.security.test_security_analysis.TestSecurityAnalyzerCoverage" name="test_result_summary_with_vulns" time="0.002" /><testcase classname="tests.pdg_tools.security.test_security_analysis.TestSecurityAnalyzerCoverage" name="test_analyze_if_else_branches" time="0.017" /><testcase classname="tests.pdg_tools.security.test_security_analysis.TestSecurityAnalyzerCoverage" name="test_analyze_for_loop" time="0.002" /><testcase classname="tests.pdg_tools.security.test_security_analysis.TestSecurityAnalyzerCoverage" name="test_analyze_while_loop" time="0.002" /><testcase classname="tests.pdg_tools.security.test_security_analysis.TestSecurityAnalyzerCoverage" name="test_analyze_with_statement" time="0.006" /><testcase classname="tests.pdg_tools.security.test_security_analysis.TestSecurityAnalyzerCoverage" name="test_analyze_try_except" time="0.014" /><testcase classname="tests.pdg_tools.security.test_security_analysis.TestSecurityAnalyzerCoverage" name="test_analyze_tuple_unpacking" time="0.002" /><testcase classname="tests.pdg_tools.security.test_security_analysis.TestSecurityAnalyzerCoverage" name="test_analyze_fstring_in_sink" time="0.006" /><testcase classname="tests.pdg_tools.security.test_security_analysis.TestSecurityAnalyzerCoverage" name="test_sanitizer_in_registry" time="0.002" /><testcase classname="tests.pdg_tools.security.test_security_analysis.TestSecurityAnalyzerCoverage" name="test_check_sanitizer_detection" time="0.002" /><testcase classname="tests.pdg_tools.security.test_security_analysis.TestSecurityAnalyzerCoverage" name="test_get_call_name_attribute_chain" time="0.002" /><testcase classname="tests.pdg_tools.security.test_security_analysis.TestSecurityAnalyzerCoverage" name="test_get_subscript_base" time="0.012" /><testcase classname="tests.pdg_tools.security.test_security_analysis.TestSecurityAnalyzerCoverage" name="test_extract_variable_from_attribute" time="0.012" /><testcase classname="tests.pdg_tools.security.test_security_analysis.TestSecurityAnalyzerCoverage" name="test_analyze_joined_str_extraction" time="0.011" /><testcase classname="tests.pdg_tools.security.test_security_analysis.TestSecurityAnalyzerCoverage" name="test_find_path_traversals_helper" time="0.006" /><testcase classname="tests.pdg_tools.security.test_security_analysis.TestTaintTrackerCoverage" name="test_load_sanitizers_from_nonexistent_config" time="0.001" /><testcase classname="tests.pdg_tools.security.test_security_analysis.TestTaintTrackerCoverage" name="test_load_sanitizers_invalid_format" time="0.001" /><testcase classname="tests.pdg_tools.security.test_security_analysis.TestTaintTrackerCoverage" name="test_find_config_file_not_found" time="0.003" /><testcase classname="tests.pdg_tools.security.test_security_analysis.TestTaintTrackerCoverage" name="test_taint_info_merge_with_lower_level" time="0.001" /><testcase classname="tests.pdg_tools.security.test_security_analysis.TestTaintTrackerCoverage" name="test_propagate_concat" time="0.001" /><testcase classname="tests.pdg_tools.security.test_security_analysis.TestTaintTrackerCoverage" name="test_propagate_to_clean_removes_taint" time="0.001" /><testcase classname="tests.pdg_tools.security.test_security_analysis.TestTaintTrackerCoverage" name="test_apply_sanitizer_on_clean_var" time="0.001" /><testcase classname="tests.pdg_tools.security.test_security_analysis.TestTaintTrackerCoverage" name="test_propagate_assignment_merge_taint_levels" time="0.001" /><testcase classname="tests.pdg_tools.security.test_security_analysis.TestTaintTrackerCoverage" name="test_load_sanitizers_from_config_invalid_format" time="0.001" /><testcase classname="tests.pdg_tools.security.test_security_analysis.TestTaintTrackerCoverage" name="test_load_toml_no_parser_available" time="0.001" /><testcase classname="tests.pdg_tools.security.test_security_analysis.TestSecurityAnalyzerAdvanced" name="test_analyze_assignment_no_targets" time="0.001" /><testcase classname="tests.pdg_tools.security.test_security_analysis.TestSecurityAnalyzerAdvanced" name="test_analyze_sanitizer_detection" time="0.002" /><testcase classname="tests.pdg_tools.security.test_security_analysis.TestSecurityAnalyzerAdvanced" name="test_analyze_call_no_function_name" time="0.001" /><testcase classname="tests.pdg_tools.security.test_security_analysis.TestSecurityAnalyzerAdvanced" name="test_get_subscript_base_with_attribute" time="0.001" /><testcase classname="tests.pdg_tools.security.test_security_analysis.TestSecurityAnalyzerAdvanced" name="test_extract_variable_names_complex" time="0.001" /><testcase classname="tests.pdg_tools.security.test_security_analysis.TestSecurityAnalyzerAdvanced" name="test_analyze_binop_in_call_argument" time="0.012" /><testcase classname="tests.pdg_tools.security.test_security_analysis.TestSecurityAnalyzerAdvanced" name="test_sanitizer_with_binop_argument" time="0.002" /><testcase classname="tests.pdg_tools.security.test_security_analysis.TestSecurityAnalyzerAdvanced" name="test_analyze_assignment_call_sink" time="0.014" /><testcase classname="tests.pdg_tools.security.test_security_analysis.TestSecurityAnalyzerAdvanced" name="test_check_sanitizer_call_non_sanitizer" time="0.003" /><testcase classname="tests.pdg_tools.security.test_security_analysis.TestSecurityAnalyzerAdvanced" name="test_analyze_try_except_control_flow" time="0.014" /><testcase classname="tests.pdg_tools.security.test_security_analysis.TestSecurityAnalyzerAdvanced" name="test_get_call_name_nested_attribute" time="0.001" /><testcase classname="tests.pdg_tools.security.test_security_analysis.TestSecurityAnalyzerAdvanced" name="test_analyze_assignment_with_no_targets" time="0.002" /><testcase classname="tests.pdg_tools.security.test_security_analysis.TestSecurityAnalyzerAdvanced" name="test_analyze_call_with_lambda" time="0.001" /><testcase classname="tests.pdg_tools.security.test_security_analysis.TestSecurityAnalyzerAdvanced" name="test_check_sanitizer_call_no_func_name" time="0.002" /><testcase classname="tests.pdg_tools.security.test_security_analysis.TestSecurityAnalyzerAdvanced" name="test_analyze_subscript_taint_source" time="0.012" /><testcase classname="tests.pdg_tools.security.test_security_analysis.TestSecurityAnalyzerEdgeCases" name="test_assignment_with_no_name_targets" time="0.002" /><testcase classname="tests.pdg_tools.security.test_security_analysis.TestSecurityAnalyzerEdgeCases" name="test_check_sanitizer_returns_none" time="0.002" /><testcase classname="tests.pdg_tools.security.test_security_analysis.TestSecurityAnalyzerEdgeCases" name="test_get_call_name_complex_returns_none" time="0.002" /><testcase classname="tests.pdg_tools.security.test_security_analysis.TestTaintTrackerConfigEdgeCases" name="test_load_sanitizers_from_config_none_config" time="0.002" /><testcase classname="tests.pdg_tools.security.test_security_analysis.TestTaintTrackerConfigEdgeCases" name="test_load_sanitizers_invalid_format" time="0.002" /><testcase classname="tests.pdg_tools.security.test_security_analysis.TestTaintTrackerConfigEdgeCases" name="test_load_toml_no_parser_available" time="0.002" /><testcase classname="tests.pdg_tools.security.test_security_analysis.TestTaintTrackerConfigEdgeCases" name="test_propagate_taint_merge_lower_level" time="0.001" /><testcase classname="tests.pdg_tools.security.test_security_analysis.TestSecurityAnalyzerBranchCoverage" name="test_expr_node_not_call" time="0.002" /><testcase classname="tests.pdg_tools.security.test_security_analysis.TestSecurityAnalyzerBranchCoverage" name="test_tuple_unpacking_with_nested_tuple" time="0.002" /><testcase classname="tests.pdg_tools.security.test_security_analysis.TestSecurityAnalyzerBranchCoverage" name="test_sanitizer_check_no_tainted_arg" time="0.002" /><testcase classname="tests.pdg_tools.security.test_security_analysis.TestSecurityAnalyzerBranchCoverage" name="test_sanitizer_with_binop_untainted" time="0.002" /><testcase classname="tests.pdg_tools.security.test_security_analysis.TestSecurityAnalyzerBranchCoverage" name="test_sanitizer_multiple_clean_args" time="0.002" /><testcase classname="tests.pdg_tools.security.test_security_analysis.TestSecurityAnalyzerBranchCoverage" name="test_sanitizer_binop_first_then_name" time="0.002" /><testcase classname="tests.pdg_tools.security.test_security_analysis.TestSecurityAnalyzerBranchCoverage" name="test_sanitizer_binop_with_mixed_vars" time="0.002" /><testcase classname="tests.pdg_tools.security.test_security_analysis.TestSecurityAnalyzerBranchCoverage" name="test_subscript_not_in_source_patterns" time="0.001" /><testcase classname="tests.pdg_tools.security.test_security_analysis.TestSecurityAnalyzerBranchCoverage" name="test_subscript_base_complex_value" time="0.002" /><testcase classname="tests.pdg_tools.security.test_security_analysis.TestSecurityAnalyzerBranchCoverage" name="test_attribute_chain_not_ending_in_name" time="0.002" /><testcase classname="tests.pdg_tools.security.test_security_analysis.TestSecurityAnalyzerBranchCoverage" name="test_extract_variable_from_attribute_non_name" time="0.012" /><testcase classname="tests.pdg_tools.security.test_simulate_refactor_edge_cases_comprehensive.TestNestedStructures" name="test_nested_function_definitions" time="0.003" /><testcase classname="tests.pdg_tools.security.test_simulate_refactor_edge_cases_comprehensive.TestNestedStructures" name="test_nested_class_definitions" time="0.002" /><testcase classname="tests.pdg_tools.security.test_simulate_refactor_edge_cases_comprehensive.TestNestedStructures" name="test_mixed_nested_classes_and_functions" time="0.003" /><testcase classname="tests.pdg_tools.security.test_simulate_refactor_edge_cases_comprehensive.TestNestedStructures" name="test_nested_block_structures" time="0.003" /><testcase classname="tests.pdg_tools.security.test_simulate_refactor_edge_cases_comprehensive.TestLanguageDetectionAndOverride" name="test_language_detection_python_by_default" time="0.002" /><testcase classname="tests.pdg_tools.security.test_simulate_refactor_edge_cases_comprehensive.TestLanguageDetectionAndOverride" name="test_language_parameter_override_to_javascript" time="0.040" /><testcase classname="tests.pdg_tools.security.test_simulate_refactor_edge_cases_comprehensive.TestLanguageDetectionAndOverride" name="test_language_parameter_override_to_typescript" time="0.039" /><testcase classname="tests.pdg_tools.security.test_simulate_refactor_edge_cases_comprehensive.TestLanguageDetectionAndOverride" name="test_language_parameter_override_to_java" time="0.014" /><testcase classname="tests.pdg_tools.security.test_simulate_refactor_edge_cases_comprehensive.TestLanguageDetectionAndOverride" name="test_unsupported_language_returns_error" time="0.001" /><testcase classname="tests.pdg_tools.security.test_simulate_refactor_edge_cases_comprehensive.TestLanguageDetectionAndOverride" name="test_unknown_language_parameter" time="0.001" /><testcase classname="tests.pdg_tools.security.test_simulate_refactor_edge_cases_comprehensive.TestIncompleteAndTruncatedInput" name="test_incomplete_function_definition" time="0.001" /><testcase classname="tests.pdg_tools.security.test_simulate_refactor_edge_cases_comprehensive.TestIncompleteAndTruncatedInput" name="test_truncated_string_literal" time="0.001" /><testcase classname="tests.pdg_tools.security.test_simulate_refactor_edge_cases_comprehensive.TestIncompleteAndTruncatedInput" name="test_truncated_class_definition" time="0.001" /><testcase classname="tests.pdg_tools.security.test_simulate_refactor_edge_cases_comprehensive.TestIncompleteAndTruncatedInput" name="test_partial_import_statement" time="0.001" /><testcase classname="tests.pdg_tools.security.test_simulate_refactor_edge_cases_comprehensive.TestCircularDependencies" name="test_circular_import_same_file_simulation" time="0.002" /><testcase classname="tests.pdg_tools.security.test_simulate_refactor_edge_cases_comprehensive.TestCircularDependencies" name="test_circular_relative_imports" time="0.002" /><testcase classname="tests.pdg_tools.security.test_simulate_refactor_edge_cases_comprehensive.TestLanguageSpecificConstructs" name="test_javascript_arrow_functions" time="0.038" /><testcase classname="tests.pdg_tools.security.test_simulate_refactor_edge_cases_comprehensive.TestLanguageSpecificConstructs" name="test_typescript_generics" time="0.039" /><testcase classname="tests.pdg_tools.security.test_simulate_refactor_edge_cases_comprehensive.TestLanguageSpecificConstructs" name="test_java_annotations" time="0.014" /><testcase classname="tests.pdg_tools.security.test_simulate_refactor_edge_cases_comprehensive.TestToolRegistrationAndMetadata" name="test_simulate_refactor_accepts_language_parameter" time="0.002" /><testcase classname="tests.pdg_tools.security.test_simulate_refactor_edge_cases_comprehensive.TestToolRegistrationAndMetadata" name="test_simulate_refactor_accepts_patch_parameter" time="0.002" /><testcase classname="tests.pdg_tools.security.test_simulate_refactor_edge_cases_comprehensive.TestToolRegistrationAndMetadata" name="test_simulate_refactor_accepts_strict_mode_parameter" time="0.001" /><testcase classname="tests.pdg_tools.security.test_simulate_refactor_edge_cases_comprehensive.TestToolRegistrationAndMetadata" name="test_simulate_refactor_accepts_language_detection_parameter" time="0.038" /><testcase classname="tests.pdg_tools.security.test_simulate_refactor_edge_cases_comprehensive.TestAsyncExecutionHandling" name="test_tool_handler_works_in_async_context" time="0.002" /><testcase classname="tests.pdg_tools.security.test_simulate_refactor_edge_cases_comprehensive.TestAsyncExecutionHandling" name="test_simulate_refactor_execution_completes" time="0.002" /><testcase classname="tests.pdg_tools.security.test_simulate_refactor_edge_cases_comprehensive.TestAsyncExecutionHandling" name="test_large_code_analysis_async_handling" time="0.010" /><testcase classname="tests.pdg_tools.security.test_simulate_refactor_edge_cases_comprehensive.TestErrorCodeSpecCompliance" name="test_invalid_method_error_code" time="0.001" /><testcase classname="tests.pdg_tools.security.test_simulate_refactor_edge_cases_comprehensive.TestErrorCodeSpecCompliance" name="test_internal_error_does_not_crash" time="0.367" /><testcase classname="tests.pdg_tools.security.test_ssr_security.TestSSRFrameworkDetection" name="test_detect_nextjs_from_import" time="0.001" /><testcase classname="tests.pdg_tools.security.test_ssr_security.TestSSRFrameworkDetection" name="test_detect_remix_from_import" time="0.001" /><testcase classname="tests.pdg_tools.security.test_ssr_security.TestSSRFrameworkDetection" name="test_detect_nuxt_from_import" time="0.001" /><testcase classname="tests.pdg_tools.security.test_ssr_security.TestSSRFrameworkDetection" name="test_no_framework_detected" time="0.001" /><testcase classname="tests.pdg_tools.security.test_ssr_security.TestNextJSServerActions" name="test_detect_unvalidated_server_action" time="0.001" /><testcase classname="tests.pdg_tools.security.test_ssr_security.TestNextJSServerActions" name="test_server_action_with_validation_safe" time="0.001" /><testcase classname="tests.pdg_tools.security.test_ssr_security.TestDangerouslySetInnerHTML" name="test_detect_dangerous_html_with_tainted_data" time="0.010" /><testcase classname="tests.pdg_tools.security.test_ssr_security.TestDangerouslySetInnerHTML" name="test_dangerous_html_with_safe_data" time="0.002" /><testcase classname="tests.pdg_tools.security.test_ssr_security.TestRemixVulnerabilities" name="test_detect_unvalidated_remix_loader" time="0.002" /><testcase classname="tests.pdg_tools.security.test_ssr_security.TestRemixVulnerabilities" name="test_detect_unvalidated_remix_action" time="0.001" /><testcase classname="tests.pdg_tools.security.test_ssr_security.TestRemixVulnerabilities" name="test_remix_loader_with_validation_safe" time="0.001" /><testcase classname="tests.pdg_tools.security.test_ssr_security.TestNuxtVulnerabilities" name="test_detect_unvalidated_nuxt_handler" time="0.001" /><testcase classname="tests.pdg_tools.security.test_ssr_security.TestSSRSinkPatterns" name="test_ssr_sink_patterns_imported" time="0.001" /><testcase classname="tests.pdg_tools.security.test_ssr_security.TestSSRSinkPatterns" name="test_ssr_framework_imports_available" time="0.001" /><testcase classname="tests.pdg_tools.security.test_ssr_security.TestSSRIntegration" name="test_full_nextjs_vulnerability_detection" time="0.002" /><testcase classname="tests.pdg_tools.security.test_ssr_security.TestSSRIntegration" name="test_multiple_frameworks_in_same_analysis" time="0.001" /><testcase classname="tests.pdg_tools.security.test_taint_tracker_merge" name="test_merge_preserves_cleared_sinks_intersection" time="0.001" /><testcase classname="tests.pdg_tools.security.test_taint_tracker_merge" name="test_vulnerability_type_labels_new_sinks" time="0.001" /><testcase classname="tests.pdg_tools.security.test_type_inference.TestIntegerInference" name="test_integer_literal" time="0.004" /><testcase classname="tests.pdg_tools.security.test_type_inference.TestIntegerInference" name="test_negative_integer_literal" time="0.004" /><testcase classname="tests.pdg_tools.security.test_type_inference.TestIntegerInference" name="test_integer_addition" time="0.004" /><testcase classname="tests.pdg_tools.security.test_type_inference.TestIntegerInference" name="test_integer_arithmetic_chain" time="0.003" /><testcase classname="tests.pdg_tools.security.test_type_inference.TestIntegerInference" name="test_integer_modulo" time="0.004" /><testcase classname="tests.pdg_tools.security.test_type_inference.TestIntegerInference" name="test_integer_floor_division" time="0.003" /><testcase classname="tests.pdg_tools.security.test_type_inference.TestBooleanInference" name="test_bool_literal_true" time="0.003" /><testcase classname="tests.pdg_tools.security.test_type_inference.TestBooleanInference" name="test_bool_literal_false" time="0.004" /><testcase classname="tests.pdg_tools.security.test_type_inference.TestBooleanInference" name="test_comparison_produces_bool" time="0.003" /><testcase classname="tests.pdg_tools.security.test_type_inference.TestBooleanInference" name="test_equality_produces_bool" time="0.004" /><testcase classname="tests.pdg_tools.security.test_type_inference.TestBooleanInference" name="test_boolean_and" time="0.004" /><testcase classname="tests.pdg_tools.security.test_type_inference.TestBooleanInference" name="test_boolean_or" time="0.004" /><testcase classname="tests.pdg_tools.security.test_type_inference.TestBooleanInference" name="test_boolean_not" time="0.004" /><testcase classname="tests.pdg_tools.security.test_type_inference.TestBooleanInference" name="test_chained_comparison" time="0.004" /><testcase classname="tests.pdg_tools.security.test_type_inference.TestUnsupportedTypes" name="test_string_literal_supported" time="0.003" /><testcase classname="tests.pdg_tools.security.test_type_inference.TestUnsupportedTypes" name="test_float_literal_supported" time="0.005" /><testcase classname="tests.pdg_tools.security.test_type_inference.TestUnsupportedTypes" name="test_list_literal_unsupported" time="0.003" /><testcase classname="tests.pdg_tools.security.test_type_inference.TestUnsupportedTypes" name="test_dict_literal_unsupported" time="0.003" /><testcase classname="tests.pdg_tools.security.test_type_inference.TestUnsupportedTypes" name="test_function_call_unsupported" time="0.004" /><testcase classname="tests.pdg_tools.security.test_type_inference.TestUnsupportedTypes" name="test_attribute_access_unsupported" time="0.003" /><testcase classname="tests.pdg_tools.security.test_type_inference.TestTypePropagation" name="test_unknown_propagates_through_addition" time="0.004" /><testcase classname="tests.pdg_tools.security.test_type_inference.TestTypePropagation" name="test_int_plus_unknown_is_unknown" time="0.004" /><testcase classname="tests.pdg_tools.security.test_type_inference.TestTypePropagation" name="test_reassignment_updates_type" time="0.003" /><testcase classname="tests.pdg_tools.security.test_type_inference.TestComplexExpressions" name="test_nested_arithmetic" time="0.004" /><testcase classname="tests.pdg_tools.security.test_type_inference.TestComplexExpressions" name="test_comparison_chain_in_assignment" time="0.004" /><testcase classname="tests.pdg_tools.security.test_type_inference.TestComplexExpressions" name="test_boolean_expression_with_ints" time="0.003" /><testcase classname="tests.pdg_tools.security.test_type_inference.TestEdgeCases" name="test_empty_code" time="0.001" /><testcase classname="tests.pdg_tools.security.test_type_inference.TestEdgeCases" name="test_only_comments" time="0.004" /><testcase classname="tests.pdg_tools.security.test_type_inference.TestEdgeCases" name="test_multiple_targets_assignment" time="0.003" /><testcase classname="tests.pdg_tools.security.test_type_inference.TestEdgeCases" name="test_augmented_assignment" time="0.004" /><testcase classname="tests.pdg_tools.security.test_type_inference.TestEdgeCases" name="test_unary_negative" time="0.004" /><testcase classname="tests.pdg_tools.security.test_type_inference.TestEdgeCases" name="test_unary_not" time="0.003" /><testcase classname="tests.pdg_tools.security.test_type_inference.TestZ3Conversion" name="test_int_to_z3_sort" time="0.001" /><testcase classname="tests.pdg_tools.security.test_type_inference.TestZ3Conversion" name="test_bool_to_z3_sort" time="0.002" /><testcase classname="tests.pdg_tools.security.test_type_inference.TestZ3Conversion" name="test_unknown_to_z3_sort_raises" time="0.002" /><testcase classname="tests.pdg_tools.security.test_type_inference.TestCoverageCompleteness" name="test_string_to_z3_sort" time="0.001" /><testcase classname="tests.pdg_tools.security.test_type_inference.TestCoverageCompleteness" name="test_inferred_type_repr" time="0.001" /><testcase classname="tests.pdg_tools.security.test_type_inference.TestCoverageCompleteness" name="test_syntax_error_returns_empty" time="0.004" /><testcase classname="tests.pdg_tools.security.test_type_inference.TestCoverageCompleteness" name="test_tuple_unpacking" time="0.003" /><testcase classname="tests.pdg_tools.security.test_type_inference.TestCoverageCompleteness" name="test_list_unpacking" time="0.004" /><testcase classname="tests.pdg_tools.security.test_type_inference.TestCoverageCompleteness" name="test_string_literal" time="0.004" /><testcase classname="tests.pdg_tools.security.test_type_inference.TestCoverageCompleteness" name="test_float_literal_is_float" time="0.004" /><testcase classname="tests.pdg_tools.security.test_type_inference.TestCoverageCompleteness" name="test_none_literal_is_unknown" time="0.004" /><testcase classname="tests.pdg_tools.security.test_type_inference.TestCoverageCompleteness" name="test_ternary_expression_is_unknown" time="0.004" /><testcase classname="tests.pdg_tools.security.test_type_inference.TestCoverageCompleteness" name="test_function_call_is_unknown" time="0.003" /><testcase classname="tests.pdg_tools.security.test_type_inference.TestCoverageCompleteness" name="test_unary_plus" time="0.004" /><testcase classname="tests.pdg_tools.security.test_type_inference.TestCoverageCompleteness" name="test_unary_plus_unknown" time="0.003" /><testcase classname="tests.pdg_tools.security.test_type_inference.TestCoverageCompleteness" name="test_unary_invert" time="0.004" /><testcase classname="tests.pdg_tools.security.test_type_inference.TestCoverageCompleteness" name="test_unary_invert_unknown" time="0.004" /><testcase classname="tests.pdg_tools.security.test_type_inference.TestCoverageCompleteness" name="test_unary_on_float_is_float" time="0.004" /><testcase classname="tests.pdg_tools.security.test_type_inference.TestCoverageCompleteness" name="test_string_concatenation" time="0.004" /><testcase classname="tests.pdg_tools.security.test_type_inference.TestCoverageCompleteness" name="test_string_int_add_unknown" time="0.004" /><testcase classname="tests.pdg_tools.security.test_type_inference.TestCoverageCompleteness" name="test_string_repetition" time="0.004" /><testcase classname="tests.pdg_tools.security.test_type_inference.TestCoverageCompleteness" name="test_int_string_multiplication" time="0.004" /><testcase classname="tests.pdg_tools.security.test_type_inference.TestCoverageCompleteness" name="test_string_mult_unknown" time="0.004" /><testcase classname="tests.pdg_tools.security.test_type_inference.TestCoverageCompleteness" name="test_int_power" time="0.003" /><testcase classname="tests.pdg_tools.security.test_type_inference.TestCoverageCompleteness" name="test_true_division_is_float" time="0.004" /><testcase classname="tests.pdg_tools.security.test_type_inference.TestCoverageCompleteness" name="test_bitwise_or" time="0.004" /><testcase classname="tests.pdg_tools.security.test_type_inference.TestCoverageCompleteness" name="test_bitwise_xor" time="0.004" /><testcase classname="tests.pdg_tools.security.test_type_inference.TestCoverageCompleteness" name="test_bitwise_and" time="0.003" /><testcase classname="tests.pdg_tools.security.test_type_inference.TestCoverageCompleteness" name="test_left_shift" time="0.003" /><testcase classname="tests.pdg_tools.security.test_type_inference.TestCoverageCompleteness" name="test_right_shift" time="0.005" /><testcase classname="tests.pdg_tools.security.test_type_inference.TestCoverageCompleteness" name="test_bitwise_on_non_int_unknown" time="0.003" /><testcase classname="tests.pdg_tools.security.test_type_inference.TestCoverageCompleteness" name="test_matrix_mult_unknown" time="0.003" /><testcase classname="tests.pdg_tools.security.test_type_inference.TestCoverageCompleteness" name="test_boolop_with_unknown_operand" time="0.004" /><testcase classname="tests.pdg_tools.security.test_type_inference.TestCoverageCompleteness" name="test_subtraction_non_int_unknown" time="0.004" /><testcase classname="tests.pdg_tools.security.test_type_inference.TestCoverageCompleteness" name="test_legacy_num_node" time="0.003" /><testcase classname="tests.pdg_tools.security.test_type_inference.TestCoverageCompleteness" name="test_unary_fallback_last_branch" time="0.003" /><testcase classname="tests.pdg_tools.security.test_type_inference.TestCoverageCompleteness" name="test_binop_right_shift_coverage" time="0.004" /><testcase classname="tests.pdg_tools.security.test_type_inference.TestCoverageCompleteness" name="test_multiple_targets_assignment" time="0.004" /><testcase classname="tests.pdg_tools.security.test_type_inference.TestCoverageCompleteness" name="test_tuple_unpacking_non_name_element" time="0.004" /><testcase classname="tests.pdg_tools.security.test_type_inference.TestCoverageCompleteness" name="test_invert_on_non_int" time="0.003" /><testcase classname="tests.pdg_tools.security.test_type_inference.TestCoverageCompleteness" name="test_matmult_operator" time="0.005" /><testcase classname="tests.pdg_tools.security.test_type_inference.TestCoverageCompleteness" name="test_int_division_is_float" time="0.005" /><testcase classname="tests.pdg_tools.security.test_type_inference.TestCoverageCompleteness" name="test_direct_ast_num_node" time="0.006" /><testcase classname="tests.pdg_tools.security.test_type_inference.TestCoverageCompleteness" name="test_attribute_assignment_target" time="0.011" /><testcase classname="tests.pdg_tools.security.test_type_inference.TestCoverageCompleteness" name="test_subscript_assignment_target" time="0.006" /><testcase classname="tests.pdg_tools.security.test_type_inference.TestCoverageCompleteness" name="test_empty_tuple_assignment" time="0.006" /><testcase classname="tests.pdg_tools.security.test_type_inference.TestCoverageCompleteness" name="test_empty_list_assignment" time="0.005" /><testcase classname="tests.pdg_tools.security.test_type_inference.TestCoverageCompleteness" name="test_augmented_assign_non_name_target" time="0.005" /><testcase classname="tests.pdg_tools.security.test_type_inference.TestCoverageCompleteness" name="test_augmented_assign_subscript_target" time="0.004" /><testcase classname="tests.pdg_tools.security.test_type_narrowing.TestTypeofDetection" name="test_detect_typeof_string" time="0.012" /><testcase classname="tests.pdg_tools.security.test_type_narrowing.TestTypeofDetection" name="test_detect_typeof_number" time="0.001" /><testcase classname="tests.pdg_tools.security.test_type_narrowing.TestTypeofDetection" name="test_detect_typeof_boolean" time="0.001" /><testcase classname="tests.pdg_tools.security.test_type_narrowing.TestTypeofDetection" name="test_detect_typeof_negated" time="0.001" /><testcase classname="tests.pdg_tools.security.test_type_narrowing.TestInstanceofDetection" name="test_detect_instanceof_date" time="0.001" /><testcase classname="tests.pdg_tools.security.test_type_narrowing.TestInstanceofDetection" name="test_detect_instanceof_array" time="0.001" /><testcase classname="tests.pdg_tools.security.test_type_narrowing.TestInstanceofDetection" name="test_detect_instanceof_regexp" time="0.002" /><testcase classname="tests.pdg_tools.security.test_type_narrowing.TestInOperatorDetection" name="test_detect_in_operator" time="0.001" /><testcase classname="tests.pdg_tools.security.test_type_narrowing.TestInOperatorDetection" name="test_detect_in_operator_multiple_props" time="0.001" /><testcase classname="tests.pdg_tools.security.test_type_narrowing.TestEqualityDetection" name="test_detect_null_check" time="0.001" /><testcase classname="tests.pdg_tools.security.test_type_narrowing.TestEqualityDetection" name="test_detect_undefined_check" time="0.001" /><testcase classname="tests.pdg_tools.security.test_type_narrowing.TestEqualityDetection" name="test_detect_not_null_check" time="0.001" /><testcase classname="tests.pdg_tools.security.test_type_narrowing.TestTypePredicateDetection" name="test_detect_isstring_predicate" time="0.001" /><testcase classname="tests.pdg_tools.security.test_type_narrowing.TestTypePredicateDetection" name="test_detect_array_isarray" time="0.001" /><testcase classname="tests.pdg_tools.security.test_type_narrowing.TestTypePredicateDetection" name="test_detect_isvalid_predicate" time="0.001" /><testcase classname="tests.pdg_tools.security.test_type_narrowing.TestBranchTracking" name="test_branch_state_created" time="0.001" /><testcase classname="tests.pdg_tools.security.test_type_narrowing.TestBranchTracking" name="test_branch_state_narrow" time="0.001" /><testcase classname="tests.pdg_tools.security.test_type_narrowing.TestBranchTracking" name="test_branch_state_multiple_narrows" time="0.001" /><testcase classname="tests.pdg_tools.security.test_type_narrowing.TestBranchTracking" name="test_unknown_variable_returns_unknown" time="0.001" /><testcase classname="tests.pdg_tools.security.test_type_narrowing.TestTaintElimination" name="test_number_eliminates_taint" time="0.001" /><testcase classname="tests.pdg_tools.security.test_type_narrowing.TestTaintElimination" name="test_boolean_eliminates_taint" time="0.001" /><testcase classname="tests.pdg_tools.security.test_type_narrowing.TestTaintElimination" name="test_null_eliminates_taint" time="0.001" /><testcase classname="tests.pdg_tools.security.test_type_narrowing.TestTaintElimination" name="test_string_does_not_eliminate_taint" time="0.001" /><testcase classname="tests.pdg_tools.security.test_type_narrowing.TestTaintReduction" name="test_validated_reduces_taint" time="0.001" /><testcase classname="tests.pdg_tools.security.test_type_narrowing.TestTaintReduction" name="test_date_reduces_taint" time="0.001" /><testcase classname="tests.pdg_tools.security.test_type_narrowing.TestPreserveTaintForRiskyNarrowing" name="test_string_preserves_taint" time="0.001" /><testcase classname="tests.pdg_tools.security.test_type_narrowing.TestPreserveTaintForRiskyNarrowing" name="test_object_preserves_taint" time="0.001" /><testcase classname="tests.pdg_tools.security.test_type_narrowing.TestUnionTypeNarrowing" name="test_union_narrowed_by_typeof" time="0.001" /><testcase classname="tests.pdg_tools.security.test_type_narrowing.TestUnionTypeNarrowing" name="test_multiple_union_branches" time="0.001" /><testcase classname="tests.pdg_tools.security.test_type_narrowing.TestAnalyzerAPI" name="test_is_taint_eliminated" time="0.001" /><testcase classname="tests.pdg_tools.security.test_type_narrowing.TestAnalyzerAPI" name="test_is_taint_reduced" time="0.001" /><testcase classname="tests.pdg_tools.security.test_type_narrowing.TestAnalyzerAPI" name="test_get_narrowed_type" time="0.001" /><testcase classname="tests.pdg_tools.security.test_type_narrowing.TestAnalysisSummary" name="test_summary_fields_present" time="0.001" /><testcase classname="tests.pdg_tools.security.test_type_narrowing.TestAnalysisSummary" name="test_summary_counts_correct" time="0.001" /><testcase classname="tests.pdg_tools.security.test_type_narrowing.TestAcceptanceCriteria" name="test_criterion_1_detect_type_guards" time="0.001" /><testcase classname="tests.pdg_tools.security.test_type_narrowing.TestAcceptanceCriteria" name="test_criterion_2_track_narrowing_through_branches" time="0.001" /><testcase classname="tests.pdg_tools.security.test_type_narrowing.TestAcceptanceCriteria" name="test_criterion_3_reduce_false_positives_safe_type" time="0.001" /><testcase classname="tests.pdg_tools.security.test_type_narrowing.TestAcceptanceCriteria" name="test_criterion_4_handle_union_type_narrowing" time="0.001" /><testcase classname="tests.pdg_tools.security.test_type_narrowing.TestAcceptanceCriteria" name="test_criterion_5_preserve_taint_for_risky_narrowing" time="0.001" /><testcase classname="tests.pdg_tools.security.test_type_narrowing.TestEdgeCases" name="test_empty_code" time="0.001" /><testcase classname="tests.pdg_tools.security.test_type_narrowing.TestEdgeCases" name="test_no_type_guards" time="0.001" /><testcase classname="tests.pdg_tools.security.test_type_narrowing.TestEdgeCases" name="test_complex_condition" time="0.001" /><testcase classname="tests.pdg_tools.security.test_type_narrowing.TestEdgeCases" name="test_nested_if_statements" time="0.001" /><testcase classname="tests.pdg_tools.security.test_type_narrowing_branches" name="test_regex_fallback_truthiness_negated" time="0.002" /><testcase classname="tests.pdg_tools.security.test_type_narrowing_branches" name="test_reduced_risk_instanceof_date" time="0.001" /><testcase classname="tests.pdg_tools.security.test_type_narrowing_branches" name="test_array_predicate_detection" time="0.001" /><testcase classname="tests.pdg_tools.security.test_type_narrowing_extra" name="test_regex_fallback_tracks_negated_predicates_and_truthy_guards" time="0.001" /><testcase classname="tests.pdg_tools.security.test_type_narrowing_extra" name="test_manual_tree_analysis_creates_branch_state" time="0.001" /><testcase classname="tests.pdg_tools.security.test_type_narrowing_extra" name="test_get_narrowed_type_with_negated_guard_returns_unknown" time="0.001" /><testcase classname="tests.pdg_tools.security.test_type_narrowing_extra" name="test_analyze_tree_with_statement_block_child" time="0.001" /><testcase classname="tests.pdg_tools.security.test_type_narrowing_extra" name="test_detect_in_operator_negative" time="0.001" /><testcase classname="tests.pdg_tools.security.test_type_narrowing_extra" name="test_detect_equality_negative" time="0.001" /><testcase classname="tests.pdg_tools.security.test_type_narrowing_extra" name="test_detect_type_predicate_negative" time="0.001" /><testcase classname="tests.pdg_tools.security.test_type_narrowing_extra" name="test_detect_truthiness_complex_expression_returns_none" time="0.001" /><testcase classname="tests.pdg_tools.security.test_unified_sink_detector.TestUnifiedSinksStructure" name="test_all_owasp_categories_mapped" time="0.001" /><testcase classname="tests.pdg_tools.security.test_unified_sink_detector.TestUnifiedSinksStructure" name="test_python_sinks_defined_with_confidence" time="0.001" /><testcase classname="tests.pdg_tools.security.test_unified_sink_detector.TestUnifiedSinksStructure" name="test_java_sinks_defined_with_confidence" time="0.001" /><testcase classname="tests.pdg_tools.security.test_unified_sink_detector.TestUnifiedSinksStructure" name="test_typescript_sinks_defined_with_confidence" time="0.001" /><testcase classname="tests.pdg_tools.security.test_unified_sink_detector.TestUnifiedSinksStructure" name="test_javascript_sinks_defined_with_confidence" time="0.001" /><testcase classname="tests.pdg_tools.security.test_unified_sink_detector.TestSQLInjectionDetection" name="test_python_sql_injection_100_percent_confidence" time="0.005" /><testcase classname="tests.pdg_tools.security.test_unified_sink_detector.TestSQLInjectionDetection" name="test_python_sqlalchemy_execute_detected" time="0.004" /><testcase classname="tests.pdg_tools.security.test_unified_sink_detector.TestSQLInjectionDetection" name="test_typescript_sql_injection_detected" time="0.002" /><testcase classname="tests.pdg_tools.security.test_unified_sink_detector.TestSQLInjectionDetection" name="test_javascript_sequelize_query_detected" time="0.002" /><testcase classname="tests.pdg_tools.security.test_unified_sink_detector.TestXSSDetection" name="test_typescript_innerhtml_100_percent_confidence" time="0.001" /><testcase classname="tests.pdg_tools.security.test_unified_sink_detector.TestXSSDetection" name="test_javascript_document_write_detected" time="0.001" /><testcase classname="tests.pdg_tools.security.test_unified_sink_detector.TestXSSDetection" name="test_python_jinja2_template_detected" time="0.004" /><testcase classname="tests.pdg_tools.security.test_unified_sink_detector.TestCommandInjectionDetection" name="test_python_os_system_100_percent_confidence" time="0.003" /><testcase classname="tests.pdg_tools.security.test_unified_sink_detector.TestCommandInjectionDetection" name="test_python_subprocess_call_detected" time="0.004" /><testcase classname="tests.pdg_tools.security.test_unified_sink_detector.TestCommandInjectionDetection" name="test_typescript_child_process_exec_detected" time="0.001" /><testcase classname="tests.pdg_tools.security.test_unified_sink_detector.TestCommandInjectionDetection" name="test_python_eval_detected" time="0.018" /><testcase classname="tests.pdg_tools.security.test_unified_sink_detector.TestPathTraversalDetection" name="test_python_open_detected" time="0.003" /><testcase classname="tests.pdg_tools.security.test_unified_sink_detector.TestPathTraversalDetection" name="test_typescript_fs_readfile_detected" time="0.001" /><testcase classname="tests.pdg_tools.security.test_unified_sink_detector.TestSSRFDetection" name="test_python_requests_get_detected" time="0.003" /><testcase classname="tests.pdg_tools.security.test_unified_sink_detector.TestSSRFDetection" name="test_typescript_fetch_detected" time="0.001" /><testcase classname="tests.pdg_tools.security.test_unified_sink_detector.TestMinimumConfidenceFiltering" name="test_high_confidence_filter" time="0.014" /><testcase classname="tests.pdg_tools.security.test_unified_sink_detector.TestMinimumConfidenceFiltering" name="test_medium_confidence_filter" time="0.005" /><testcase classname="tests.pdg_tools.security.test_unified_sink_detector.TestMinimumConfidenceFiltering" name="test_low_confidence_filter" time="0.003" /><testcase classname="tests.pdg_tools.security.test_unified_sink_detector.TestVulnerabilityAssessment" name="test_vulnerable_with_tainted_data" time="0.001" /><testcase classname="tests.pdg_tools.security.test_unified_sink_detector.TestVulnerabilityAssessment" name="test_not_vulnerable_with_sanitized_data" time="0.001" /><testcase classname="tests.pdg_tools.security.test_unified_sink_detector.TestVulnerabilityAssessment" name="test_not_vulnerable_with_clean_data" time="0.001" /><testcase classname="tests.pdg_tools.security.test_unified_sink_detector.TestOWASPMapping" name="test_get_owasp_category_for_sql_injection" time="0.001" /><testcase classname="tests.pdg_tools.security.test_unified_sink_detector.TestOWASPMapping" name="test_get_owasp_category_for_ssrf" time="0.001" /><testcase classname="tests.pdg_tools.security.test_unified_sink_detector.TestOWASPMapping" name="test_get_owasp_category_for_path_traversal" time="0.001" /><testcase classname="tests.pdg_tools.security.test_unified_sink_detector.TestCoverageReport" name="test_coverage_report_structure" time="0.001" /><testcase classname="tests.pdg_tools.security.test_unified_sink_detector.TestCoverageReport" name="test_coverage_report_counts" time="0.001" /><testcase classname="tests.pdg_tools.security.test_unified_sink_detector.TestCoverageReport" name="test_owasp_coverage_percentages" time="0.001" /><testcase classname="tests.pdg_tools.security.test_unified_sink_detector.TestFalsePositiveRate" name="test_clean_python_code_no_false_positives" time="0.007" /><testcase classname="tests.pdg_tools.security.test_unified_sink_detector.TestFalsePositiveRate" name="test_safe_parameterized_query_lower_confidence" time="0.001" /><testcase classname="tests.pdg_tools.security.test_unified_sink_detector.TestUnsupportedLanguage" name="test_unsupported_language_raises_error" time="0.002" /><testcase classname="tests.pdg_tools.security.test_unified_sink_detector.TestSinkDefinitionValidation" name="test_valid_confidence_score" time="0.001" /><testcase classname="tests.pdg_tools.security.test_unified_sink_detector.TestSinkDefinitionValidation" name="test_invalid_confidence_too_high" time="0.002" /><testcase classname="tests.pdg_tools.security.test_unified_sink_detector.TestSinkDefinitionValidation" name="test_invalid_confidence_negative" time="0.001" /><testcase classname="tests.pdg_tools.security.test_vulnerability_scanner.TestDependencyParserPackageJson" name="test_parse_basic_dependencies" time="0.003" /><testcase classname="tests.pdg_tools.security.test_vulnerability_scanner.TestDependencyParserPackageJson" name="test_parse_workspace_protocol_skipped" time="0.003" /><testcase classname="tests.pdg_tools.security.test_vulnerability_scanner.TestDependencyParserPackageJson" name="test_parse_version_ranges" time="0.003" /><testcase classname="tests.pdg_tools.security.test_vulnerability_scanner.TestDependencyParserPackageJson" name="test_parse_empty_dependencies" time="0.003" /><testcase classname="tests.pdg_tools.security.test_vulnerability_scanner.TestDependencyParserPomXml" name="test_parse_basic_pom" time="0.003" /><testcase classname="tests.pdg_tools.security.test_vulnerability_scanner.TestDependencyParserPomXml" name="test_parse_pom_with_namespace" time="0.003" /><testcase classname="tests.pdg_tools.security.test_vulnerability_scanner.TestDependencyParserPomXml" name="test_skip_property_versions" time="0.003" /><testcase classname="tests.pdg_tools.security.test_vulnerability_scanner.TestDependencyParserBuildGradle" name="test_parse_string_notation" time="0.010" /><testcase classname="tests.pdg_tools.security.test_vulnerability_scanner.TestDependencyParserRequirementsTxt" name="test_parse_basic_requirements" time="0.004" /><testcase classname="tests.pdg_tools.security.test_vulnerability_scanner.TestDependencyParserRequirementsTxt" name="test_skip_comments_and_flags" time="0.003" /><testcase classname="tests.pdg_tools.security.test_vulnerability_scanner.TestOSVClient" name="test_query_single_with_vulns" time="0.002" /><testcase classname="tests.pdg_tools.security.test_vulnerability_scanner.TestOSVClient" name="test_query_single_no_vulns" time="0.002" /><testcase classname="tests.pdg_tools.security.test_vulnerability_scanner.TestVulnerabilityScanner" name="test_scan_nonexistent_file" time="0.001" /><testcase classname="tests.pdg_tools.security.test_vulnerability_scanner.TestVulnerabilityScanner" name="test_scan_empty_directory" time="0.006" /><testcase classname="tests.pdg_tools.security.test_vulnerability_scanner.TestVulnerabilityScanner" name="test_scan_file_with_vulns" time="0.004" /><testcase classname="tests.pdg_tools.security.test_vulnerability_scanner.TestVulnerabilityScanner" name="test_scan_directory_recursive" time="0.004" /><testcase classname="tests.pdg_tools.security.test_vulnerability_scanner.TestVulnerabilityFinding" name="test_cve_id_extraction" time="0.001" /><testcase classname="tests.pdg_tools.security.test_vulnerability_scanner.TestVulnerabilityFinding" name="test_no_cve_id" time="0.001" /><testcase classname="tests.pdg_tools.security.test_vulnerability_scanner.TestScanDependenciesFunction" name="test_scan_dependencies_file" time="0.003" /><testcase classname="tests.pdg_tools.security.test_vulnerability_scanner.TestScanDependenciesFunction" name="test_scan_dependencies_directory" time="0.003" /><testcase classname="tests.pdg_tools.security.test_vulnerability_scanner.TestEdgeCases" name="test_malformed_package_json" time="0.003" /><testcase classname="tests.pdg_tools.security.test_vulnerability_scanner.TestEdgeCases" name="test_malformed_pom_xml" time="0.003" /><testcase classname="tests.pdg_tools.security.test_vulnerability_scanner.TestEdgeCases" name="test_scanner_context_manager" time="0.001" /><testcase classname="tests.release.test_build_profiler.TestBuildStage" name="test_create_stage" time="0.006" /><testcase classname="tests.release.test_build_profiler.TestBuildProfiler" name="test_record_stage" time="0.001" /><testcase classname="tests.release.test_build_profiler.TestBuildProfiler" name="test_record_multiple_stages" time="0.002" /><testcase classname="tests.release.test_build_profiler.TestBuildProfiler" name="test_profile_build" time="0.001" /><testcase classname="tests.release.test_build_profiler.TestBuildProfiler" name="test_get_bottlenecks" time="0.001" /><testcase classname="tests.release.test_build_profiler.TestBuildProfiler" name="test_get_bottlenecks_empty" time="0.001" /><testcase classname="tests.release.test_build_profiler.TestBuildProfiler" name="test_compare_builds" time="0.001" /><testcase classname="tests.release.test_build_profiler.TestBuildProfiler" name="test_generate_report" time="0.001" /><testcase classname="tests.release.test_build_profiler.TestBuildProfiler" name="test_clear_stages" time="0.001" /><testcase classname="tests.release.test_changelog_generator.TestChangeEntry" name="test_create_change_entry" time="0.001" /><testcase classname="tests.release.test_changelog_generator.TestChangeEntry" name="test_create_change_entry_with_issue" time="0.001" /><testcase classname="tests.release.test_changelog_generator.TestChangeEntry" name="test_create_change_entry_with_breaking_details" time="0.001" /><testcase classname="tests.release.test_changelog_generator.TestChangeEntry" name="test_change_entry_to_dict" time="0.001" /><testcase classname="tests.release.test_changelog_generator.TestChangeEntry" name="test_change_entry_to_dict_no_issue" time="0.001" /><testcase classname="tests.release.test_changelog_generator.TestChangelogSection" name="test_create_section" time="0.001" /><testcase classname="tests.release.test_changelog_generator.TestChangelogSection" name="test_add_entry_to_section" time="0.001" /><testcase classname="tests.release.test_changelog_generator.TestChangelogSection" name="test_entries_by_type_empty" time="0.001" /><testcase classname="tests.release.test_changelog_generator.TestChangelogSection" name="test_entries_by_type_with_entries" time="0.001" /><testcase classname="tests.release.test_changelog_generator.TestChangelogSection" name="test_section_to_dict" time="0.001" /><testcase classname="tests.release.test_changelog_generator.TestChangelogGeneratorInit" name="test_init_with_defaults" time="0.001" /><testcase classname="tests.release.test_changelog_generator.TestChangelogGeneratorInit" name="test_init_with_custom_project_dir" time="0.003" /><testcase classname="tests.release.test_changelog_generator.TestChangelogGeneratorCategorization" name="test_categorize_feature" time="0.002" /><testcase classname="tests.release.test_changelog_generator.TestChangelogGeneratorCategorization" name="test_categorize_fix" time="0.002" /><testcase classname="tests.release.test_changelog_generator.TestChangelogGeneratorCategorization" name="test_categorize_breaking" time="0.002" /><testcase classname="tests.release.test_changelog_generator.TestChangelogGeneratorCategorization" name="test_categorize_security" time="0.002" /><testcase classname="tests.release.test_changelog_generator.TestChangelogGeneratorCategorization" name="test_categorize_documentation" time="0.003" /><testcase classname="tests.release.test_changelog_generator.TestChangelogGeneratorCategorization" name="test_categorize_performance" time="0.001" /><testcase classname="tests.release.test_changelog_generator.TestChangelogGeneratorCategorization" name="test_categorize_refactor" time="0.002" /><testcase classname="tests.release.test_changelog_generator.TestChangelogGeneratorCategorization" name="test_categorize_deprecation" time="0.001" /><testcase classname="tests.release.test_changelog_generator.TestChangelogGeneratorCategorization" name="test_categorize_unknown" time="0.001" /><testcase classname="tests.release.test_changelog_generator.TestChangelogGeneratorIssueExtraction" name="test_extract_issue_number" time="0.002" /><testcase classname="tests.release.test_changelog_generator.TestChangelogGeneratorIssueExtraction" name="test_extract_issue_no_match" time="0.001" /><testcase classname="tests.release.test_changelog_generator.TestChangelogGeneratorIssueExtraction" name="test_extract_multiple_issue_numbers" time="0.001" /><testcase classname="tests.release.test_changelog_generator.TestChangelogGeneratorBreakingDetails" name="test_extract_breaking_details" time="0.002" /><testcase classname="tests.release.test_changelog_generator.TestChangelogGeneratorBreakingDetails" name="test_extract_breaking_details_hyphen" time="0.001" /><testcase classname="tests.release.test_changelog_generator.TestChangelogGeneratorBreakingDetails" name="test_extract_breaking_no_match" time="0.001" /><testcase classname="tests.release.test_changelog_generator.TestChangelogGeneratorEntry" name="test_add_entry" time="0.001" /><testcase classname="tests.release.test_changelog_generator.TestChangelogGeneratorEntry" name="test_add_entry_with_custom_date" time="0.002" /><testcase classname="tests.release.test_changelog_generator.TestChangelogGeneratorEntry" name="test_add_entry_auto_categorizes" time="0.001" /><testcase classname="tests.release.test_changelog_generator.TestChangelogGeneratorEntry" name="test_add_entry_to_existing_section" time="0.001" /><testcase classname="tests.release.test_changelog_generator.TestChangelogGeneratorEntry" name="test_add_entry_to_different_sections" time="0.001" /><testcase classname="tests.release.test_changelog_generator.TestChangelogGeneratorSections" name="test_create_section" time="0.001" /><testcase classname="tests.release.test_changelog_generator.TestChangelogGeneratorSections" name="test_create_section_with_custom_title" time="0.002" /><testcase classname="tests.release.test_changelog_generator.TestChangelogGeneratorSections" name="test_create_section_with_custom_date" time="0.001" /><testcase classname="tests.release.test_changelog_generator.TestChangelogGeneratorFormatting" name="test_generate_markdown" time="0.001" /><testcase classname="tests.release.test_changelog_generator.TestChangelogGeneratorFormatting" name="test_format_markdown" time="0.001" /><testcase classname="tests.release.test_changelog_generator.TestChangelogGeneratorFormatting" name="test_format_html" time="0.004" /><testcase classname="tests.release.test_changelog_generator.TestChangelogGeneratorFormatting" name="test_format_json" time="0.002" /><testcase classname="tests.release.test_changelog_generator.TestChangelogGeneratorFormatting" name="test_format_unsupported_raises_error" time="0.001" /><testcase classname="tests.release.test_changelog_generator.TestChangelogGeneratorMarkdownFormat" name="test_markdown_includes_version_info" time="0.001" /><testcase classname="tests.release.test_changelog_generator.TestChangelogGeneratorMarkdownFormat" name="test_markdown_includes_issue_links" time="0.002" /><testcase classname="tests.release.test_changelog_generator.TestChangelogGeneratorMarkdownFormat" name="test_markdown_includes_breaking_changes" time="0.001" /><testcase classname="tests.release.test_changelog_generator.TestChangelogGeneratorMarkdownFormat" name="test_markdown_sections_ordered" time="0.001" /><testcase classname="tests.release.test_changelog_generator.TestChangelogGeneratorHTMLFormat" name="test_html_structure" time="0.001" /><testcase classname="tests.release.test_changelog_generator.TestChangelogGeneratorHTMLFormat" name="test_html_includes_categories" time="0.001" /><testcase classname="tests.release.test_changelog_generator.TestChangelogGeneratorJSONFormat" name="test_json_is_valid" time="0.002" /><testcase classname="tests.release.test_changelog_generator.TestChangelogGeneratorJSONFormat" name="test_json_includes_all_fields" time="0.002" /><testcase classname="tests.release.test_changelog_generator.TestChangelogGeneratorGetChangelog" name="test_get_all_changelog" time="0.001" /><testcase classname="tests.release.test_changelog_generator.TestChangelogGeneratorGetChangelog" name="test_get_specific_version_changelog" time="0.001" /><testcase classname="tests.release.test_changelog_generator.TestChangelogGeneratorGetChangelog" name="test_get_nonexistent_version_changelog" time="0.001" /><testcase classname="tests.release.test_changelog_generator.TestChangelogGeneratorBreakingChanges" name="test_add_breaking_change" time="0.001" /><testcase classname="tests.release.test_changelog_generator.TestChangelogGeneratorBreakingChanges" name="test_breaking_change_in_changelog" time="0.001" /><testcase classname="tests.release.test_changelog_generator.TestChangelogGeneratorExport" name="test_export_to_markdown_file" time="0.003" /><testcase classname="tests.release.test_changelog_generator.TestChangelogGeneratorExport" name="test_export_to_html_file" time="0.003" /><testcase classname="tests.release.test_changelog_generator.TestChangelogGeneratorExport" name="test_export_to_json_file" time="0.003" /><testcase classname="tests.release.test_changelog_generator.TestChangelogGeneratorExport" name="test_export_creates_directories" time="0.003" /><testcase classname="tests.release.test_changelog_generator.TestChangelogGeneratorClear" name="test_clear_sections" time="0.001" /><testcase classname="tests.release.test_docker_builder.TestDockerImageBuilderInit" name="test_init_with_defaults" time="0.003" /><testcase classname="tests.release.test_docker_builder.TestDockerImageBuilderInit" name="test_init_with_custom_values" time="0.003" /><testcase classname="tests.release.test_docker_builder.TestDockerImageBuilderInit" name="test_init_missing_version_raises_error" time="0.003" /><testcase classname="tests.release.test_docker_builder.TestDockerImageBuilderInit" name="test_init_missing_dockerfile_raises_error" time="0.003" /><testcase classname="tests.release.test_docker_builder.TestDockerImageBuilderInit" name="test_project_dir_resolves_relative_path" time="0.003" /><testcase classname="tests.release.test_docker_builder.TestDockerImageBuilderBuild" name="test_build_image_success" time="0.003" /><testcase classname="tests.release.test_docker_builder.TestDockerImageBuilderBuild" name="test_build_image_custom_dockerfile" time="0.003" /><testcase classname="tests.release.test_docker_builder.TestDockerImageBuilderBuild" name="test_build_image_failure_raises_error" time="0.004" /><testcase classname="tests.release.test_docker_builder.TestDockerImageBuilderBuild" name="test_build_image_not_found_raises_error" time="0.003" /><testcase classname="tests.release.test_docker_builder.TestDockerImageBuilderBuild" name="test_build_image_docker_not_installed_raises_error" time="0.004" /><testcase classname="tests.release.test_docker_builder.TestDockerImageBuilderBuild" name="test_build_image_dry_run" time="0.003" /><testcase classname="tests.release.test_docker_builder.TestDockerImageBuilderAuthentication" name="test_authenticate_success" time="0.003" /><testcase classname="tests.release.test_docker_builder.TestDockerImageBuilderAuthentication" name="test_authenticate_missing_credentials_raises_error" time="0.003" /><testcase classname="tests.release.test_docker_builder.TestDockerImageBuilderAuthentication" name="test_authenticate_failure_raises_error" time="0.004" /><testcase classname="tests.release.test_docker_builder.TestDockerImageBuilderAuthentication" name="test_authenticate_docker_not_installed_raises_error" time="0.003" /><testcase classname="tests.release.test_docker_builder.TestDockerImageBuilderAuthentication" name="test_authenticate_dry_run" time="0.003" /><testcase classname="tests.release.test_docker_builder.TestDockerImageBuilderPush" name="test_push_image_success" time="0.003" /><testcase classname="tests.release.test_docker_builder.TestDockerImageBuilderPush" name="test_push_image_failure_raises_error" time="0.004" /><testcase classname="tests.release.test_docker_builder.TestDockerImageBuilderPush" name="test_push_image_docker_not_installed_raises_error" time="0.003" /><testcase classname="tests.release.test_docker_builder.TestDockerImageBuilderPush" name="test_push_image_dry_run" time="0.003" /><testcase classname="tests.release.test_docker_builder.TestDockerImageBuilderPublish" name="test_publish_release_build_only" time="0.003" /><testcase classname="tests.release.test_docker_builder.TestDockerImageBuilderPublish" name="test_publish_release_with_rest_api_image" time="0.004" /><testcase classname="tests.release.test_docker_builder.TestDockerImageBuilderPublish" name="test_publish_release_with_push" time="0.004" /><testcase classname="tests.release.test_docker_builder.TestDockerImageBuilderPublish" name="test_publish_release_dry_run" time="0.003" /><testcase classname="tests.release.test_docker_builder.TestDockerImageBuilderStatus" name="test_get_build_status" time="0.003" /><testcase classname="tests.release.test_docker_builder.TestDockerImageBuilderStatus" name="test_get_build_status_no_rest_dockerfile" time="0.003" /><testcase classname="tests.release.test_failure_alerter.TestAlert" name="test_create_alert" time="0.001" /><testcase classname="tests.release.test_failure_alerter.TestFailureAlerter" name="test_configure_channel" time="0.001" /><testcase classname="tests.release.test_failure_alerter.TestFailureAlerter" name="test_list_channels" time="0.001" /><testcase classname="tests.release.test_failure_alerter.TestFailureAlerter" name="test_create_alert" time="0.001" /><testcase classname="tests.release.test_failure_alerter.TestFailureAlerter" name="test_send_console_alert" time="0.001" /><testcase classname="tests.release.test_failure_alerter.TestFailureAlerter" name="test_send_alert_unconfigured_channel" time="0.001" /><testcase classname="tests.release.test_failure_alerter.TestFailureAlerter" name="test_register_handler" time="0.001" /><testcase classname="tests.release.test_failure_alerter.TestFailureAlerter" name="test_get_alerts" time="0.001" /><testcase classname="tests.release.test_failure_alerter.TestFailureAlerter" name="test_get_alerts_by_channel" time="0.001" /><testcase classname="tests.release.test_failure_alerter.TestFailureAlerter" name="test_clear_alerts" time="0.001" /><testcase classname="tests.release.test_github_releases.TestGitHubReleaseManagerInit" name="test_init_with_token_and_repo_url" time="0.002" /><testcase classname="tests.release.test_github_releases.TestGitHubReleaseManagerInit" name="test_init_with_env_token" time="0.002" /><testcase classname="tests.release.test_github_releases.TestGitHubReleaseManagerInit" name="test_init_missing_token_raises_error" time="0.003" /><testcase classname="tests.release.test_github_releases.TestGitHubReleaseManagerInit" name="test_init_missing_pygithub_raises_error" time="0.002" /><testcase classname="tests.release.test_github_releases.TestGitHubReleaseManagerInit" name="test_init_with_git_origin" time="0.002" /><testcase classname="tests.release.test_github_releases.TestGitHubReleaseManagerInit" name="test_normalize_repo_url_owner_repo_format" time="0.001" /><testcase classname="tests.release.test_github_releases.TestGitHubReleaseManagerInit" name="test_normalize_repo_url_https_format" time="0.001" /><testcase classname="tests.release.test_github_releases.TestGitHubReleaseManagerInit" name="test_normalize_repo_url_https_with_git_suffix" time="0.001" /><testcase classname="tests.release.test_github_releases.TestGitHubReleaseManagerInit" name="test_normalize_repo_url_ssh_format" time="0.001" /><testcase classname="tests.release.test_github_releases.TestGitHubReleaseManagerInit" name="test_get_origin_repo_url_success" time="0.001" /><testcase classname="tests.release.test_github_releases.TestGitHubReleaseManagerInit" name="test_get_origin_repo_url_git_not_found" time="0.001" /><testcase classname="tests.release.test_github_releases.TestGitHubReleaseManagerAuth" name="test_verify_auth_success" time="0.002" /><testcase classname="tests.release.test_github_releases.TestGitHubReleaseManagerAuth" name="test_verify_auth_no_name" time="0.002" /><testcase classname="tests.release.test_github_releases.TestGitHubReleaseManagerAuth" name="test_verify_auth_failure" time="0.002" /><testcase classname="tests.release.test_github_releases.TestGitHubReleaseManagerCreateRelease" name="test_create_release_success" time="0.002" /><testcase classname="tests.release.test_github_releases.TestGitHubReleaseManagerCreateRelease" name="test_create_release_with_draft" time="0.002" /><testcase classname="tests.release.test_github_releases.TestGitHubReleaseManagerCreateRelease" name="test_create_release_with_prerelease" time="0.002" /><testcase classname="tests.release.test_github_releases.TestGitHubReleaseManagerAssets" name="test_upload_asset_success" time="0.002" /><testcase classname="tests.release.test_github_releases.TestGitHubReleaseManagerAssets" name="test_upload_asset_file_not_found" time="0.002" /><testcase classname="tests.release.test_github_releases.TestGitHubReleaseManagerAssets" name="test_upload_multiple_assets" time="0.003" /><testcase classname="tests.release.test_github_releases.TestGitHubReleaseManagerPublish" name="test_publish_release_success" time="0.002" /><testcase classname="tests.release.test_github_releases.TestGitHubReleaseManagerGetRelease" name="test_get_release_success" time="0.002" /><testcase classname="tests.release.test_github_releases.TestGitHubReleaseManagerDelete" name="test_delete_release_success" time="0.002" /><testcase classname="tests.release.test_metrics_tracker.TestMetric" name="test_create_metric" time="0.001" /><testcase classname="tests.release.test_metrics_tracker.TestMetric" name="test_metric_with_tags" time="0.001" /><testcase classname="tests.release.test_metrics_tracker.TestMetric" name="test_metric_to_dict" time="0.001" /><testcase classname="tests.release.test_metrics_tracker.TestMetricsTrackerRecord" name="test_record_metric" time="0.001" /><testcase classname="tests.release.test_metrics_tracker.TestMetricsTrackerRecord" name="test_record_multiple_metrics" time="0.001" /><testcase classname="tests.release.test_metrics_tracker.TestMetricsTrackerRecord" name="test_record_metric_with_tags" time="0.001" /><testcase classname="tests.release.test_metrics_tracker.TestMetricsTrackerRecord" name="test_record_metric_default_type" time="0.001" /><testcase classname="tests.release.test_metrics_tracker.TestMetricsTrackerRetrieval" name="test_get_all_metrics" time="0.001" /><testcase classname="tests.release.test_metrics_tracker.TestMetricsTrackerRetrieval" name="test_get_metrics_by_type" time="0.001" /><testcase classname="tests.release.test_metrics_tracker.TestMetricsTrackerRetrieval" name="test_get_metrics_by_tags" time="0.001" /><testcase classname="tests.release.test_metrics_tracker.TestMetricsTrackerRetrieval" name="test_get_empty_metrics" time="0.001" /><testcase classname="tests.release.test_metrics_tracker.TestMetricsTrackerStatistics" name="test_calculate_statistics" time="0.001" /><testcase classname="tests.release.test_metrics_tracker.TestMetricsTrackerStatistics" name="test_calculate_statistics_empty" time="0.001" /><testcase classname="tests.release.test_metrics_tracker.TestMetricsTrackerStatistics" name="test_calculate_statistics_all_types" time="0.001" /><testcase classname="tests.release.test_metrics_tracker.TestMetricsTrackerStatistics" name="test_get_metric_summary" time="0.001" /><testcase classname="tests.release.test_metrics_tracker.TestMetricsTrackerExport" name="test_export_metrics" time="0.001" /><testcase classname="tests.release.test_metrics_tracker.TestMetricsTrackerExport" name="test_export_empty_metrics" time="0.001" /><testcase classname="tests.release.test_metrics_tracker.TestMetricsTrackerManagement" name="test_clear_metrics" time="0.001" /><testcase classname="tests.release.test_pypi_publisher.TestPyPIPublisherInit" name="test_init_with_token_and_project_dir" time="0.002" /><testcase classname="tests.release.test_pypi_publisher.TestPyPIPublisherInit" name="test_init_with_env_token" time="0.002" /><testcase classname="tests.release.test_pypi_publisher.TestPyPIPublisherInit" name="test_init_missing_pyproject_raises_error" time="0.002" /><testcase classname="tests.release.test_pypi_publisher.TestPyPIPublisherInit" name="test_init_missing_token_raises_error" time="0.003" /><testcase classname="tests.release.test_pypi_publisher.TestPyPIPublisherVersions" name="test_get_package_version" time="0.002" /><testcase classname="tests.release.test_pypi_publisher.TestPyPIPublisherVersions" name="test_get_package_name" time="0.002" /><testcase classname="tests.release.test_pypi_publisher.TestPyPIPublisherVersions" name="test_get_version_missing_raises_error" time="0.002" /><testcase classname="tests.release.test_pypi_publisher.TestPyPIPublisherVersions" name="test_get_name_missing_raises_error" time="0.003" /><testcase classname="tests.release.test_pypi_publisher.TestPyPIPublisherDist" name="test_clean_dist" time="0.002" /><testcase classname="tests.release.test_pypi_publisher.TestPyPIPublisherDist" name="test_get_upload_status_no_distributions" time="0.001" /><testcase classname="tests.release.test_pypi_publisher.TestPyPIPublisherDist" name="test_get_upload_status_with_distributions" time="0.002" /><testcase classname="tests.release.test_pypi_publisher.TestPyPIPublisherBuild" name="test_build_distributions_success" time="0.002" /><testcase classname="tests.release.test_pypi_publisher.TestPyPIPublisherBuild" name="test_build_distributions_failure" time="0.002" /><testcase classname="tests.release.test_pypi_publisher.TestPyPIPublisherBuild" name="test_build_distributions_missing_build_module" time="0.002" /><testcase classname="tests.release.test_pypi_publisher.TestPyPIPublisherVerify" name="test_verify_package_success" time="0.002" /><testcase classname="tests.release.test_pypi_publisher.TestPyPIPublisherVerify" name="test_verify_package_failure" time="0.003" /><testcase classname="tests.release.test_pypi_publisher.TestPyPIPublisherVerify" name="test_verify_package_no_wheel_found" time="0.003" /><testcase classname="tests.release.test_pypi_publisher.TestPyPIPublisherUpload" name="test_upload_to_pypi_success" time="0.002" /><testcase classname="tests.release.test_pypi_publisher.TestPyPIPublisherUpload" name="test_upload_to_pypi_dry_run" time="0.002" /><testcase classname="tests.release.test_pypi_publisher.TestPyPIPublisherUpload" name="test_upload_to_pypi_failure" time="0.003" /><testcase classname="tests.release.test_release_notes_templates.TestTemplate" name="test_create_template" time="0.001" /><testcase classname="tests.release.test_release_notes_templates.TestTemplate" name="test_render_template" time="0.001" /><testcase classname="tests.release.test_release_notes_templates.TestTemplate" name="test_render_missing_variable" time="0.001" /><testcase classname="tests.release.test_release_notes_templates.TestTemplate" name="test_render_multiple_variables" time="0.001" /><testcase classname="tests.release.test_release_notes_templates.TestTemplate" name="test_add_custom_formatter" time="0.001" /><testcase classname="tests.release.test_release_notes_templates.TestTemplate" name="test_template_to_dict" time="0.001" /><testcase classname="tests.release.test_release_notes_templates.TestTemplateRegistry" name="test_registry_loads_built_in" time="0.001" /><testcase classname="tests.release.test_release_notes_templates.TestTemplateRegistry" name="test_get_template" time="0.001" /><testcase classname="tests.release.test_release_notes_templates.TestTemplateRegistry" name="test_get_nonexistent_template" time="0.001" /><testcase classname="tests.release.test_release_notes_templates.TestTemplateRegistry" name="test_register_template" time="0.001" /><testcase classname="tests.release.test_release_notes_templates.TestTemplateRegistry" name="test_register_empty_name_raises_error" time="0.001" /><testcase classname="tests.release.test_release_notes_templates.TestTemplateRegistry" name="test_list_available" time="0.001" /><testcase classname="tests.release.test_release_notes_templates.TestTemplateRegistry" name="test_create_custom" time="0.002" /><testcase classname="tests.release.test_release_notes_templates.TestTemplateRegistry" name="test_create_custom_duplicate_name_raises_error" time="0.001" /><testcase classname="tests.release.test_release_notes_templates.TestTemplateRegistry" name="test_delete_template" time="0.001" /><testcase classname="tests.release.test_release_notes_templates.TestTemplateRegistry" name="test_delete_nonexistent_template" time="0.001" /><testcase classname="tests.release.test_release_notes_templates.TestTemplateRegistry" name="test_delete_built_in_template_raises_error" time="0.001" /><testcase classname="tests.release.test_release_notes_templates.TestTemplateRegistry" name="test_render_template" time="0.001" /><testcase classname="tests.release.test_release_notes_templates.TestTemplateRegistry" name="test_render_nonexistent_template_raises_error" time="0.001" /><testcase classname="tests.release.test_release_notes_templates.TestTemplateRegistry" name="test_extract_variables" time="0.001" /><testcase classname="tests.release.test_release_notes_templates.TestTemplateRegistry" name="test_export_template" time="0.003" /><testcase classname="tests.release.test_release_notes_templates.TestTemplateRegistry" name="test_export_nonexistent_template_raises_error" time="0.003" /><testcase classname="tests.release.test_release_notes_templates.TestTemplateRegistry" name="test_import_template" time="0.003" /><testcase classname="tests.release.test_release_notes_templates.TestTemplateRegistry" name="test_import_nonexistent_file_raises_error" time="0.003" /><testcase classname="tests.release.test_release_notes_templates.TestReleaseNotesTemplate" name="test_load_template" time="0.001" /><testcase classname="tests.release.test_release_notes_templates.TestReleaseNotesTemplate" name="test_load_nonexistent_raises_error" time="0.001" /><testcase classname="tests.release.test_release_notes_templates.TestReleaseNotesTemplate" name="test_render_default_template" time="0.001" /><testcase classname="tests.release.test_release_notes_templates.TestReleaseNotesTemplate" name="test_render_minimal_template" time="0.001" /><testcase classname="tests.release.test_release_notes_templates.TestReleaseNotesTemplate" name="test_list_available" time="0.001" /><testcase classname="tests.release.test_release_notes_templates.TestReleaseNotesTemplate" name="test_create_custom" time="0.001" /><testcase classname="tests.release.test_release_notes_templates.TestReleaseNotesTemplate" name="test_get_default_context" time="0.001" /><testcase classname="tests.release.test_release_notes_templates.TestReleaseNotesTemplate" name="test_render_missing_context_variable_raises_error" time="0.001" /><testcase classname="tests.release.test_release_notes_templates.TestReleaseNotesTemplate" name="test_render_custom_template" time="0.001" /><testcase classname="tests.release.test_release_notes_templates.TestBuiltInTemplates" name="test_default_template_structure" time="0.001" /><testcase classname="tests.release.test_release_notes_templates.TestBuiltInTemplates" name="test_detailed_template_structure" time="0.001" /><testcase classname="tests.release.test_release_notes_templates.TestBuiltInTemplates" name="test_breaking_template_highlights_breaking" time="0.001" /><testcase classname="tests.release.test_release_notes_templates.TestBuiltInTemplates" name="test_minimal_template_is_simple" time="0.001" /><testcase classname="tests.release.test_rollback_manager.TestRollbackPoint" name="test_create_rollback_point" time="0.001" /><testcase classname="tests.release.test_rollback_manager.TestRollbackPoint" name="test_rollback_point_to_dict" time="0.001" /><testcase classname="tests.release.test_rollback_manager.TestHotfix" name="test_create_hotfix" time="0.001" /><testcase classname="tests.release.test_rollback_manager.TestHotfix" name="test_hotfix_to_dict" time="0.001" /><testcase classname="tests.release.test_rollback_manager.TestRollbackManagerInit" name="test_init_with_defaults" time="0.001" /><testcase classname="tests.release.test_rollback_manager.TestRollbackManagerInit" name="test_init_with_custom_project_dir" time="0.003" /><testcase classname="tests.release.test_rollback_manager.TestRollbackManagerRollbackPoints" name="test_add_rollback_point" time="0.001" /><testcase classname="tests.release.test_rollback_manager.TestRollbackManagerRollbackPoints" name="test_add_multiple_rollback_points" time="0.001" /><testcase classname="tests.release.test_rollback_manager.TestRollbackManagerRollbackPoints" name="test_list_rollback_points" time="0.002" /><testcase classname="tests.release.test_rollback_manager.TestRollbackManagerRollbackPoints" name="test_list_stable_rollback_points" time="0.001" /><testcase classname="tests.release.test_rollback_manager.TestRollbackManagerRollbackPoints" name="test_get_rollback_point" time="0.001" /><testcase classname="tests.release.test_rollback_manager.TestRollbackManagerRollbackPoints" name="test_get_nonexistent_rollback_point" time="0.001" /><testcase classname="tests.release.test_rollback_manager.TestRollbackManagerRollbackPoints" name="test_can_rollback_to_stable_version" time="0.001" /><testcase classname="tests.release.test_rollback_manager.TestRollbackManagerRollbackPoints" name="test_cannot_rollback_to_unstable_version" time="0.001" /><testcase classname="tests.release.test_rollback_manager.TestRollbackManagerRollbackPoints" name="test_get_latest_stable_version" time="0.001" /><testcase classname="tests.release.test_rollback_manager.TestRollbackManagerRollback" name="test_rollback_to_version" time="0.001" /><testcase classname="tests.release.test_rollback_manager.TestRollbackManagerRollback" name="test_rollback_to_nonexistent_version_raises_error" time="0.001" /><testcase classname="tests.release.test_rollback_manager.TestRollbackManagerRollback" name="test_rollback_adds_to_history" time="0.001" /><testcase classname="tests.release.test_rollback_manager.TestRollbackManagerRollback" name="test_multiple_rollbacks_recorded" time="0.001" /><testcase classname="tests.release.test_rollback_manager.TestRollbackManagerHotfix" name="test_create_hotfix" time="0.001" /><testcase classname="tests.release.test_rollback_manager.TestRollbackManagerHotfix" name="test_create_hotfix_for_nonexistent_version_raises_error" time="0.001" /><testcase classname="tests.release.test_rollback_manager.TestRollbackManagerHotfix" name="test_create_hotfix_calculates_version" time="0.001" /><testcase classname="tests.release.test_rollback_manager.TestRollbackManagerHotfix" name="test_create_hotfix_with_two_part_version" time="0.001" /><testcase classname="tests.release.test_rollback_manager.TestRollbackManagerHotfix" name="test_list_hotfixes" time="0.001" /><testcase classname="tests.release.test_rollback_manager.TestRollbackManagerHotfix" name="test_list_hotfixes_by_target_version" time="0.001" /><testcase classname="tests.release.test_rollback_manager.TestRollbackManagerHotfix" name="test_apply_hotfix" time="0.001" /><testcase classname="tests.release.test_rollback_manager.TestRollbackManagerHotfix" name="test_apply_nonexistent_hotfix_raises_error" time="0.001" /><testcase classname="tests.release.test_rollback_manager.TestRollbackManagerHistory" name="test_get_rollback_history" time="0.001" /><testcase classname="tests.release.test_rollback_manager.TestRollbackManagerHistory" name="test_clear_history" time="0.001" /><testcase classname="tests.release.test_secrets_manager.TestSecretDataclass" name="test_secret_creation" time="0.001" /><testcase classname="tests.release.test_secrets_manager.TestSecretDataclass" name="test_secret_string_representation_masks_value" time="0.001" /><testcase classname="tests.release.test_secrets_manager.TestSecretDataclass" name="test_secret_short_value_fully_masked" time="0.001" /><testcase classname="tests.release.test_secrets_manager.TestSecretDataclass" name="test_secret_is_not_expired_by_default" time="0.001" /><testcase classname="tests.release.test_secrets_manager.TestSecretDataclass" name="test_secret_is_expired_when_past_expiry_date" time="0.001" /><testcase classname="tests.release.test_secrets_manager.TestSecretDataclass" name="test_secret_is_not_expired_before_expiry_date" time="0.001" /><testcase classname="tests.release.test_secrets_manager.TestSecretDataclass" name="test_secret_days_until_expiry" time="0.001" /><testcase classname="tests.release.test_secrets_manager.TestSecretDataclass" name="test_secret_days_until_expiry_no_expiry" time="0.001" /><testcase classname="tests.release.test_secrets_manager.TestSecretsManagerInit" name="test_init_with_defaults" time="0.002" /><testcase classname="tests.release.test_secrets_manager.TestSecretsManagerInit" name="test_init_with_custom_project_dir" time="0.001" /><testcase classname="tests.release.test_secrets_manager.TestSecretsManagerInit" name="test_load_secrets_from_env" time="0.002" /><testcase classname="tests.release.test_secrets_manager.TestSecretsManagerInit" name="test_load_multiple_secrets_from_env" time="0.002" /><testcase classname="tests.release.test_secrets_manager.TestSecretsManagerValidation" name="test_validate_all_required_secrets_present" time="0.002" /><testcase classname="tests.release.test_secrets_manager.TestSecretsManagerValidation" name="test_validate_missing_required_secrets" time="0.002" /><testcase classname="tests.release.test_secrets_manager.TestSecretsManagerValidation" name="test_validate_optional_secrets_present" time="0.002" /><testcase classname="tests.release.test_secrets_manager.TestSecretsManagerValidation" name="test_validate_expired_secret" time="0.002" /><testcase classname="tests.release.test_secrets_manager.TestSecretsManagerValidation" name="test_validate_secrets_return_format" time="0.001" /><testcase classname="tests.release.test_secrets_manager.TestSecretsManagerGetSecret" name="test_get_existing_secret" time="0.001" /><testcase classname="tests.release.test_secrets_manager.TestSecretsManagerGetSecret" name="test_get_nonexistent_secret" time="0.001" /><testcase classname="tests.release.test_secrets_manager.TestSecretsManagerGetSecret" name="test_get_expired_secret_raises_error" time="0.002" /><testcase classname="tests.release.test_secrets_manager.TestSecretsManagerSetSecret" name="test_set_new_secret" time="0.001" /><testcase classname="tests.release.test_secrets_manager.TestSecretsManagerSetSecret" name="test_set_secret_with_expiry" time="0.001" /><testcase classname="tests.release.test_secrets_manager.TestSecretsManagerSetSecret" name="test_set_secret_empty_value_raises_error" time="0.002" /><testcase classname="tests.release.test_secrets_manager.TestSecretsManagerSetSecret" name="test_set_secret_overwrites_existing" time="0.001" /><testcase classname="tests.release.test_secrets_manager.TestSecretsManagerSetSecret" name="test_set_secret_with_custom_environment" time="0.001" /><testcase classname="tests.release.test_secrets_manager.TestSecretsManagerEnvHandling" name="test_add_secret_to_env" time="0.002" /><testcase classname="tests.release.test_secrets_manager.TestSecretsManagerEnvHandling" name="test_add_nonexistent_secret_to_env_raises_error" time="0.002" /><testcase classname="tests.release.test_secrets_manager.TestSecretsManagerEnvHandling" name="test_export_secrets" time="0.002" /><testcase classname="tests.release.test_secrets_manager.TestSecretsManagerEnvHandling" name="test_export_secrets_excludes_expired" time="0.001" /><testcase classname="tests.release.test_secrets_manager.TestSecretsManagerReporting" name="test_get_expiry_report_empty" time="0.001" /><testcase classname="tests.release.test_secrets_manager.TestSecretsManagerReporting" name="test_get_expiry_report_with_valid_secret" time="0.001" /><testcase classname="tests.release.test_secrets_manager.TestSecretsManagerReporting" name="test_get_expiry_report_expiring_soon" time="0.001" /><testcase classname="tests.release.test_secrets_manager.TestSecretsManagerReporting" name="test_get_expiry_report_expired" time="0.001" /><testcase classname="tests.release.test_secrets_manager.TestSecretsManagerReporting" name="test_get_status_all_required_present" time="0.002" /><testcase classname="tests.release.test_secrets_manager.TestSecretsManagerReporting" name="test_get_status_missing_secrets" time="0.001" /><testcase classname="tests.release.test_secrets_manager.TestSecretsManagerReporting" name="test_get_status_with_invalid_secrets" time="0.002" /><testcase classname="tests.release.test_status_dashboard.TestPublishEvent" name="test_create_event" time="0.001" /><testcase classname="tests.release.test_status_dashboard.TestStatusDashboard" name="test_update_status" time="0.001" /><testcase classname="tests.release.test_status_dashboard.TestStatusDashboard" name="test_multiple_updates" time="0.001" /><testcase classname="tests.release.test_status_dashboard.TestStatusDashboard" name="test_get_current_status" time="0.001" /><testcase classname="tests.release.test_status_dashboard.TestStatusDashboard" name="test_failure_updates_overall_status" time="0.001" /><testcase classname="tests.release.test_status_dashboard.TestStatusDashboard" name="test_render_dashboard" time="0.001" /><testcase classname="tests.release.test_status_dashboard.TestStatusDashboard" name="test_export_status" time="0.001" /><testcase classname="tests.release.test_status_dashboard.TestStatusDashboard" name="test_clear_events" time="0.001" /><testcase classname="tests.release.test_versioning.TestConventionalCommit" name="test_parse_feat_commit" time="0.003" /><testcase classname="tests.release.test_versioning.TestConventionalCommit" name="test_parse_fix_commit" time="0.001" /><testcase classname="tests.release.test_versioning.TestConventionalCommit" name="test_parse_commit_with_scope" time="0.001" /><testcase classname="tests.release.test_versioning.TestConventionalCommit" name="test_parse_breaking_change_with_exclamation" time="0.001" /><testcase classname="tests.release.test_versioning.TestConventionalCommit" name="test_parse_breaking_change_with_footer" time="0.001" /><testcase classname="tests.release.test_versioning.TestConventionalCommit" name="test_parse_docs_commit" time="0.001" /><testcase classname="tests.release.test_versioning.TestConventionalCommit" name="test_parse_style_commit" time="0.001" /><testcase classname="tests.release.test_versioning.TestConventionalCommit" name="test_parse_test_commit" time="0.001" /><testcase classname="tests.release.test_versioning.TestConventionalCommit" name="test_parse_chore_commit" time="0.001" /><testcase classname="tests.release.test_versioning.TestConventionalCommit" name="test_parse_ci_commit" time="0.001" /><testcase classname="tests.release.test_versioning.TestConventionalCommit" name="test_parse_invalid_format" time="0.001" /><testcase classname="tests.release.test_versioning.TestConventionalCommit" name="test_parse_missing_colon" time="0.001" /><testcase classname="tests.release.test_versioning.TestConventionalCommit" name="test_parse_invalid_type" time="0.001" /><testcase classname="tests.release.test_versioning.TestConventionalCommit" name="test_parse_scope_with_hyphens" time="0.001" /><testcase classname="tests.release.test_versioning.TestSemanticVersioner" name="test_initial_version" time="0.001" /><testcase classname="tests.release.test_versioning.TestSemanticVersioner" name="test_patch_bump_for_fix" time="0.001" /><testcase classname="tests.release.test_versioning.TestSemanticVersioner" name="test_minor_bump_for_feature" time="0.001" /><testcase classname="tests.release.test_versioning.TestSemanticVersioner" name="test_major_bump_for_breaking_change" time="0.001" /><testcase classname="tests.release.test_versioning.TestSemanticVersioner" name="test_major_bump_overrides_minor" time="0.001" /><testcase classname="tests.release.test_versioning.TestSemanticVersioner" name="test_minor_bump_overrides_patch" time="0.001" /><testcase classname="tests.release.test_versioning.TestSemanticVersioner" name="test_no_version_bump_for_docs" time="0.001" /><testcase classname="tests.release.test_versioning.TestSemanticVersioner" name="test_multiple_fixes_single_patch_bump" time="0.001" /><testcase classname="tests.release.test_versioning.TestSemanticVersioner" name="test_breaking_change_footer" time="0.001" /><testcase classname="tests.release.test_versioning.TestSemanticVersioner" name="test_classify_commits" time="0.001" /><testcase classname="tests.release.test_versioning.TestSemanticVersioner" name="test_version_with_two_digits" time="0.001" /><testcase classname="tests.release.test_versioning.TestSemanticVersioner" name="test_zero_version" time="0.001" /><testcase classname="tests.release.test_versioning.TestSemanticVersioner" name="test_invalid_commits_ignored" time="0.001" /><testcase classname="tests.release.test_versioning.TestVersionBump" name="test_bump_properties" time="0.001" /><testcase classname="tests.release.test_versioning.TestVersionBump" name="test_minor_bump_type" time="0.001" /><testcase classname="tests.release.test_versioning.TestVersionBump" name="test_patch_bump_type" time="0.001" /><testcase classname="tests.release.test_versioning.TestVersionBump" name="test_no_bump_type" time="0.001" /><testcase classname="tests.release.test_vscode_publisher.TestVSCodeExtensionPublisherInit" name="test_init_with_defaults" time="0.003" /><testcase classname="tests.release.test_vscode_publisher.TestVSCodeExtensionPublisherInit" name="test_init_with_custom_extension_dir" time="0.003" /><testcase classname="tests.release.test_vscode_publisher.TestVSCodeExtensionPublisherInit" name="test_init_missing_version_raises_error" time="0.003" /><testcase classname="tests.release.test_vscode_publisher.TestVSCodeExtensionPublisherInit" name="test_init_missing_extension_dir_raises_error" time="0.003" /><testcase classname="tests.release.test_vscode_publisher.TestVSCodeExtensionPublisherInit" name="test_init_missing_package_json_raises_error" time="0.004" /><testcase classname="tests.release.test_vscode_publisher.TestVSCodeExtensionPublisherVersioning" name="test_get_extension_version" time="0.003" /><testcase classname="tests.release.test_vscode_publisher.TestVSCodeExtensionPublisherVersioning" name="test_update_extension_version" time="0.004" /><testcase classname="tests.release.test_vscode_publisher.TestVSCodeExtensionPublisherVersioning" name="test_update_extension_version_invalid_format" time="0.004" /><testcase classname="tests.release.test_vscode_publisher.TestVSCodeExtensionPublisherVersioning" name="test_update_extension_version_dry_run" time="0.003" /><testcase classname="tests.release.test_vscode_publisher.TestVSCodeExtensionPublisherBuilding" name="test_build_extension_success" time="0.004" /><testcase classname="tests.release.test_vscode_publisher.TestVSCodeExtensionPublisherBuilding" name="test_build_extension_npm_failure" time="0.004" /><testcase classname="tests.release.test_vscode_publisher.TestVSCodeExtensionPublisherBuilding" name="test_build_extension_vsce_failure" time="0.004" /><testcase classname="tests.release.test_vscode_publisher.TestVSCodeExtensionPublisherBuilding" name="test_build_extension_dry_run" time="0.004" /><testcase classname="tests.release.test_vscode_publisher.TestVSCodeExtensionPublisherPublishing" name="test_publish_extension_success" time="0.003" /><testcase classname="tests.release.test_vscode_publisher.TestVSCodeExtensionPublisherPublishing" name="test_publish_extension_missing_token" time="0.003" /><testcase classname="tests.release.test_vscode_publisher.TestVSCodeExtensionPublisherPublishing" name="test_publish_extension_failure" time="0.004" /><testcase classname="tests.release.test_vscode_publisher.TestVSCodeExtensionPublisherPublishing" name="test_publish_extension_dry_run" time="0.004" /><testcase classname="tests.release.test_vscode_publisher.TestVSCodeExtensionPublisherStatus" name="test_get_publish_status" time="0.094" /><testcase classname="tests.release.test_vscode_publisher.TestVSCodeExtensionPublisherStatus" name="test_version_validation" time="0.001" /><testcase classname="tests.security.test_crypto_verify.TestPolicyManifest" name="test_manifest_creation" time="0.007" /><testcase classname="tests.security.test_crypto_verify.TestCryptographicPolicyVerifier" name="test_create_manifest" time="0.004" /><testcase classname="tests.security.test_crypto_verify.TestCryptographicPolicyVerifier" name="test_create_manifest_multiple_files" time="0.003" /><testcase classname="tests.security.test_crypto_verify.TestCryptographicPolicyVerifier" name="test_save_manifest" time="0.004" /><testcase classname="tests.security.test_crypto_verify.TestCryptographicPolicyVerifier" name="test_verify_manifest_signature_valid" time="0.005" /><testcase classname="tests.security.test_crypto_verify.TestCryptographicPolicyVerifier" name="test_verify_manifest_signature_invalid" time="0.005" /><testcase classname="tests.security.test_crypto_verify.TestCryptographicPolicyVerifier" name="test_detect_tampered_policy_file" time="0.004" /><testcase classname="tests.security.test_crypto_verify.TestCryptographicPolicyVerifier" name="test_detect_missing_policy_file" time="0.005" /><testcase classname="tests.security.test_crypto_verify.TestCryptographicPolicyVerifier" name="test_verify_single_file" time="0.004" /><testcase classname="tests.security.test_crypto_verify.TestCryptographicPolicyVerifier" name="test_verify_single_file_not_in_manifest" time="0.004" /><testcase classname="tests.security.test_crypto_verify.TestCryptographicPolicyVerifier" name="test_missing_secret_key_fails_closed" time="0.004" /><testcase classname="tests.security.test_crypto_verify.TestCryptographicPolicyVerifier" name="test_missing_manifest_fails_closed" time="0.004" /><testcase classname="tests.security.test_crypto_verify.TestCryptographicPolicyVerifier" name="test_load_from_env" time="0.005" /><testcase classname="tests.security.test_crypto_verify.TestCryptographicPolicyVerifier" name="test_wrong_secret_key_fails" time="0.004" /><testcase classname="tests.security.test_crypto_verify.TestHashConsistency" name="test_hash_is_deterministic" time="0.004" /><testcase classname="tests.security.test_crypto_verify.TestHashConsistency" name="test_hash_changes_with_content" time="0.003" /><testcase classname="tests.security.test_crypto_verify.TestVerifyPolicyIntegrityCrypto" name="test_verify_policy_integrity_crypto_success" time="0.005" /><testcase classname="tests.security.test_crypto_verify.TestTimingAttackPrevention" name="test_uses_constant_time_comparison" time="0.004" /><testcase classname="tests.security.test_symbolic_pruning.TestSymbolicPruning" name="test_prune_dead_code_literal" time="0.014" /><testcase classname="tests.security.test_symbolic_pruning.TestSymbolicPruning" name="test_prune_dead_code_constraint" time="0.015" /><testcase classname="tests.security.test_symbolic_pruning.TestSymbolicPruning" name="test_no_prune_reachable" time="0.012" /><testcase classname="tests.security.test_symbolic_pruning.TestSymbolicPruning" name="test_prune_by_type_safety" time="0.001" /><testcase classname="tests.security.test_tamper_resistance" name="test_policy_integrity_verification_success" time="0.004" /><testcase classname="tests.security.test_tamper_resistance" name="test_policy_integrity_verification_detects_tampering" time="0.004" /><testcase classname="tests.security.test_tamper_resistance" name="test_policy_file_locking_read_only" time="0.003" /><testcase classname="tests.security.test_tamper_resistance" name="test_policy_hash_calculation" time="0.004" /><testcase classname="tests.security.test_tamper_resistance" name="test_prevent_policy_modification_blocks_protected_files" time="0.004" /><testcase classname="tests.security.test_tamper_resistance" name="test_prevent_policy_modification_allows_normal_files" time="0.004" /><testcase classname="tests.security.test_tamper_resistance" name="test_policy_modification_attempt_logged" time="0.004" /><testcase classname="tests.security.test_tamper_resistance" name="test_override_system_generates_challenge" time="0.003" /><testcase classname="tests.security.test_tamper_resistance" name="test_override_totp_verification" time="0.004" /><testcase classname="tests.security.test_tamper_resistance" name="test_override_expires_after_time_limit" time="0.004" /><testcase classname="tests.security.test_tamper_resistance" name="test_override_cannot_be_reused" time="0.003" /><testcase classname="tests.security.test_tamper_resistance" name="test_override_logged_with_justification" time="0.005" /><testcase classname="tests.security.test_tamper_resistance" name="test_override_timeout" time="1.021" /><testcase classname="tests.security.test_tamper_resistance" name="test_audit_log_event_signing" time="0.004" /><testcase classname="tests.security.test_tamper_resistance" name="test_audit_log_integrity_verification_success" time="0.004" /><testcase classname="tests.security.test_tamper_resistance" name="test_audit_log_detects_tampering" time="0.004" /><testcase classname="tests.security.test_tamper_resistance" name="test_audit_log_append_only" time="0.004" /><testcase classname="tests.security.test_tamper_resistance" name="test_audit_log_get_events_filtering" time="0.004" /><testcase classname="tests.security.test_tamper_resistance" name="test_audit_log_handles_corrupted_json" time="0.004" /><testcase classname="tests.security.test_tamper_resistance" name="test_audit_log_get_events_nonexistent_log" time="0.003" /><testcase classname="tests.security.test_tamper_resistance" name="test_audit_log_get_events_with_corrupted_lines" time="0.004" /><testcase classname="tests.security.test_tamper_resistance" name="test_audit_log_verify_integrity_empty_log" time="0.003" /><testcase classname="tests.security.test_tamper_resistance" name="test_audit_log_missing_signature" time="0.004" /><testcase classname="tests.security.test_tamper_resistance" name="test_full_tamper_resistance_workflow" time="0.004" /><testcase classname="tests.security.test_tamper_resistance" name="test_policy_engine_error_hierarchy" time="0.001" /><testcase classname="tests.security.test_tamper_resistance" name="test_operation_dataclass" time="0.001" /><testcase classname="tests.security.test_tamper_resistance" name="test_policy_decision_dataclass" time="0.001" /><testcase classname="tests.security.test_tamper_resistance" name="test_override_decision_dataclass" time="0.001" /><testcase classname="tests.symbolic.test_constraint_solver.TestBasicSatisfiability" name="test_simple_int_constraint" time="0.008" /><testcase classname="tests.symbolic.test_constraint_solver.TestBasicSatisfiability" name="test_simple_bool_constraint" time="0.003" /><testcase classname="tests.symbolic.test_constraint_solver.TestBasicSatisfiability" name="test_multiple_constraints" time="0.008" /><testcase classname="tests.symbolic.test_constraint_solver.TestBasicSatisfiability" name="test_multiple_variables" time="0.003" /><testcase classname="tests.symbolic.test_constraint_solver.TestBasicSatisfiability" name="test_mixed_int_bool" time="0.008" /><testcase classname="tests.symbolic.test_constraint_solver.TestUnsatisfiability" name="test_simple_contradiction" time="0.004" /><testcase classname="tests.symbolic.test_constraint_solver.TestUnsatisfiability" name="test_boolean_contradiction" time="0.002" /><testcase classname="tests.symbolic.test_constraint_solver.TestUnsatisfiability" name="test_equality_contradiction" time="0.003" /><testcase classname="tests.symbolic.test_constraint_solver.TestUnsatisfiability" name="test_complex_unsat" time="0.003" /><testcase classname="tests.symbolic.test_constraint_solver.TestTypeMarshaling" name="test_int_is_python_int" time="0.003" /><testcase classname="tests.symbolic.test_constraint_solver.TestTypeMarshaling" name="test_bool_is_python_bool" time="0.002" /><testcase classname="tests.symbolic.test_constraint_solver.TestTypeMarshaling" name="test_false_is_python_false" time="0.002" /><testcase classname="tests.symbolic.test_constraint_solver.TestTypeMarshaling" name="test_negative_int_is_python_int" time="0.003" /><testcase classname="tests.symbolic.test_constraint_solver.TestTypeMarshaling" name="test_large_int_is_python_int" time="0.003" /><testcase classname="tests.symbolic.test_constraint_solver.TestTypeMarshaling" name="test_model_is_dict" time="0.003" /><testcase classname="tests.symbolic.test_constraint_solver.TestTypeMarshaling" name="test_json_serializable" time="0.003" /><testcase classname="tests.symbolic.test_constraint_solver.TestTypeMarshaling" name="test_string_value_is_python_str" time="0.002" /><testcase classname="tests.symbolic.test_constraint_solver.TestTypeMarshaling" name="test_real_value_is_python_float" time="0.003" /><testcase classname="tests.symbolic.test_constraint_solver.TestTypeMarshaling" name="test_bitvector_value_is_python_int" time="0.003" /><testcase classname="tests.symbolic.test_constraint_solver.TestProofMode" name="test_valid_assertion" time="0.003" /><testcase classname="tests.symbolic.test_constraint_solver.TestProofMode" name="test_invalid_assertion_with_counterexample" time="0.004" /><testcase classname="tests.symbolic.test_constraint_solver.TestProofMode" name="test_trivially_valid" time="0.002" /><testcase classname="tests.symbolic.test_constraint_solver.TestProofMode" name="test_boolean_validity" time="0.002" /><testcase classname="tests.symbolic.test_constraint_solver.TestTimeoutHandling" name="test_default_timeout_exists" time="0.001" /><testcase classname="tests.symbolic.test_constraint_solver.TestTimeoutHandling" name="test_custom_timeout" time="0.001" /><testcase classname="tests.symbolic.test_constraint_solver.TestTimeoutHandling" name="test_simple_problem_completes" time="0.004" /><testcase classname="tests.symbolic.test_constraint_solver.TestTimeoutHandling" name="test_timeout_status_returned" time="0.003" /><testcase classname="tests.symbolic.test_constraint_solver.TestEdgeCases" name="test_empty_constraints" time="0.002" /><testcase classname="tests.symbolic.test_constraint_solver.TestEdgeCases" name="test_no_variables" time="0.002" /><testcase classname="tests.symbolic.test_constraint_solver.TestEdgeCases" name="test_variable_not_in_constraints" time="0.003" /><testcase classname="tests.symbolic.test_constraint_solver.TestEdgeCases" name="test_zero_value" time="0.003" /><testcase classname="tests.symbolic.test_constraint_solver.TestSolverResult" name="test_result_has_status" time="0.003" /><testcase classname="tests.symbolic.test_constraint_solver.TestSolverResult" name="test_result_has_model" time="0.003" /><testcase classname="tests.symbolic.test_constraint_solver.TestSolverResult" name="test_sat_result_is_truthy" time="0.003" /><testcase classname="tests.symbolic.test_constraint_solver.TestSolverResult" name="test_unsat_result_is_falsy" time="0.004" /><testcase classname="tests.symbolic.test_constraint_solver.TestSolverResult" name="test_result_repr" time="0.003" /><testcase classname="tests.symbolic.test_constraint_solver.TestStateIntegration" name="test_solve_from_state_constraints" time="0.005" /><testcase classname="tests.symbolic.test_constraint_solver.TestStateIntegration" name="test_check_state_feasibility" time="0.005" /><testcase classname="tests.symbolic.test_constraint_solver.TestCoverageCompleteness" name="test_is_valid_method" time="0.003" /><testcase classname="tests.symbolic.test_constraint_solver.TestCoverageCompleteness" name="test_is_valid_false_for_sat" time="0.003" /><testcase classname="tests.symbolic.test_constraint_solver.TestCoverageCompleteness" name="test_bool_truthy_for_valid" time="0.003" /><testcase classname="tests.symbolic.test_constraint_solver.TestCoverageCompleteness" name="test_prove_invalid_with_counterexample" time="0.004" /><testcase classname="tests.symbolic.test_constraint_solver.TestCoverageCompleteness" name="test_marshal_string_value" time="0.002" /><testcase classname="tests.symbolic.test_constraint_solver.TestCoverageCompleteness" name="test_marshal_symbolic_bool_true" time="0.002" /><testcase classname="tests.symbolic.test_constraint_solver.TestCoverageCompleteness" name="test_marshal_symbolic_bool_false" time="0.002" /><testcase classname="tests.symbolic.test_constraint_solver.TestCoverageCompleteness" name="test_marshal_real_value" time="0.002" /><testcase classname="tests.symbolic.test_constraint_solver.TestCoverageCompleteness" name="test_marshal_bitvector_value" time="0.003" /><testcase classname="tests.symbolic.test_constraint_solver.TestCoverageCompleteness" name="test_convenience_create_solver" time="0.001" /><testcase classname="tests.symbolic.test_constraint_solver.TestCoverageCompleteness" name="test_convenience_solve_constraints_sat" time="0.005" /><testcase classname="tests.symbolic.test_constraint_solver.TestCoverageCompleteness" name="test_convenience_solve_constraints_unsat" time="0.003" /><testcase classname="tests.symbolic.test_constraint_solver.TestCoverageCompleteness" name="test_convenience_is_satisfiable_true" time="0.004" /><testcase classname="tests.symbolic.test_constraint_solver.TestCoverageCompleteness" name="test_convenience_is_satisfiable_false" time="0.003" /><testcase classname="tests.symbolic.test_constraint_solver.TestCoverageCompleteness" name="test_marshal_algebraic_value" time="0.005" /><testcase classname="tests.symbolic.test_constraint_solver.TestCoverageCompleteness" name="test_marshal_fallback_to_string" time="0.003" /><testcase classname="tests.symbolic.test_constraint_solver.TestCoverageCompleteness" name="test_solver_type_enum_exists" time="0.001" /><testcase classname="tests.symbolic.test_constraint_solver.TestCoverageCompleteness" name="test_real_with_fraction" time="0.002" /><testcase classname="tests.symbolic.test_constraint_solver.TestCoverageCompleteness" name="test_legacy_constraint_type_enum" time="0.001" /><testcase classname="tests.symbolic.test_constraint_solver.TestCoverageCompleteness" name="test_legacy_solver_config" time="0.001" /><testcase classname="tests.symbolic.test_constraint_solver.TestCoverageCompleteness" name="test_solve_unknown_timeout" time="0.003" /><testcase classname="tests.symbolic.test_constraint_solver.TestCoverageCompleteness" name="test_prove_returns_unknown_on_indeterminate" time="0.002" /><testcase classname="tests.symbolic.test_constraint_solver.TestCoverageCompleteness" name="test_marshal_real_exception_fallback" time="0.003" /><testcase classname="tests.symbolic.test_constraint_solver.TestCoverageCompleteness" name="test_solve_unknown_status" time="0.003" /><testcase classname="tests.symbolic.test_constraint_solver.TestCoverageCompleteness" name="test_marshal_fallback_str" time="0.004" /><testcase classname="tests.symbolic.test_constraint_solver.TestCoverageCompleteness" name="test_solve_with_empty_constraints" time="0.003" /><testcase classname="tests.symbolic.test_constraint_solver.TestCoverageCompleteness" name="test_solve_with_no_variables" time="0.003" /><testcase classname="tests.symbolic.test_constraint_solver.TestCoverageCompleteness" name="test_z3_to_python_symbolic_bool" time="0.001" /><testcase classname="tests.symbolic.test_constraint_solver.TestCoverageCompleteness" name="test_z3_to_python_real_exception_path" time="0.002" /><testcase classname="tests.symbolic.test_constraint_solver.TestCoverageCompleteness" name="test_z3_to_python_algebraic_via_real" time="0.004" /><testcase classname="tests.symbolic.test_constraint_solver.TestCoverageCompleteness" name="test_z3_to_python_unknown_type_fallback" time="0.002" /><testcase classname="tests.symbolic.test_constraint_solver.TestCoverageCompleteness" name="test_solve_returns_unknown_on_z3_unknown" time="0.002" /><testcase classname="tests.symbolic.test_constraint_solver.TestCoverageCompleteness" name="test_prove_returns_unknown_on_z3_unknown" time="0.003" /><testcase classname="tests.symbolic.test_loops.TestConcreteWhileLoops" name="test_simple_counter_loop" time="0.007" /><testcase classname="tests.symbolic.test_loops.TestConcreteWhileLoops" name="test_zero_iteration_loop" time="0.003" /><testcase classname="tests.symbolic.test_loops.TestConcreteWhileLoops" name="test_single_iteration_loop" time="0.004" /><testcase classname="tests.symbolic.test_loops.TestConcreteWhileLoops" name="test_loop_with_multiple_statements" time="0.006" /><testcase classname="tests.symbolic.test_loops.TestConcreteWhileLoops" name="test_nested_concrete_loops" time="0.013" /><testcase classname="tests.symbolic.test_loops.TestInfiniteLoopPrevention" name="test_while_true_terminates" time="0.007" /><testcase classname="tests.symbolic.test_loops.TestInfiniteLoopPrevention" name="test_trivially_true_condition" time="0.005" /><testcase classname="tests.symbolic.test_loops.TestInfiniteLoopPrevention" name="test_symbolic_always_true_terminates" time="0.008" /><testcase classname="tests.symbolic.test_loops.TestInfiniteLoopPrevention" name="test_max_iterations_configurable" time="0.001" /><testcase classname="tests.symbolic.test_loops.TestInfiniteLoopPrevention" name="test_default_max_iterations" time="0.001" /><testcase classname="tests.symbolic.test_loops.TestSymbolicWhileLoops" name="test_symbolic_loop_forks_at_boundary" time="0.011" /><testcase classname="tests.symbolic.test_loops.TestSymbolicWhileLoops" name="test_symbolic_loop_constrained" time="0.017" /><testcase classname="tests.symbolic.test_loops.TestSymbolicWhileLoops" name="test_loop_with_break_like_condition" time="0.034" /><testcase classname="tests.symbolic.test_loops.TestForLoops" name="test_simple_range_loop" time="0.002" /><testcase classname="tests.symbolic.test_loops.TestForLoops" name="test_range_with_start_stop" time="0.002" /><testcase classname="tests.symbolic.test_loops.TestForLoops" name="test_range_with_step" time="0.002" /><testcase classname="tests.symbolic.test_loops.TestForLoops" name="test_empty_range" time="0.002" /><testcase classname="tests.symbolic.test_loops.TestForLoops" name="test_range_negative_step" time="0.002" /><testcase classname="tests.symbolic.test_loops.TestForLoops" name="test_for_loop_variable_accessible" time="0.002" /><testcase classname="tests.symbolic.test_loops.TestForLoops" name="test_nested_for_loops" time="0.009" /><testcase classname="tests.symbolic.test_loops.TestLoopBoundsEnforcement" name="test_loop_stops_at_max_iterations" time="0.007" /><testcase classname="tests.symbolic.test_loops.TestLoopBoundsEnforcement" name="test_for_loop_exceeding_max_handled" time="0.002" /><testcase classname="tests.symbolic.test_loops.TestLoopBoundsEnforcement" name="test_bounds_reset_for_different_loops" time="0.011" /><testcase classname="tests.symbolic.test_loops.TestLoopEdgeCases" name="test_while_with_else" time="0.006" /><testcase classname="tests.symbolic.test_loops.TestLoopEdgeCases" name="test_for_with_else" time="0.002" /><testcase classname="tests.symbolic.test_loops.TestLoopEdgeCases" name="test_loop_with_if_inside" time="0.015" /><testcase classname="tests.symbolic.test_loops.TestLoopEdgeCases" name="test_if_inside_symbolic_loop" time="0.043" /><testcase classname="tests.symbolic.test_loops.TestUnsupportedLoopConstructs" name="test_for_over_list_unsupported" time="0.002" /><testcase classname="tests.symbolic.test_loops.TestUnsupportedLoopConstructs" name="test_for_over_string_unsupported" time="0.002" /><testcase classname="tests.symbolic.test_loops.TestUnsupportedLoopConstructs" name="test_for_over_variable_unsupported" time="0.002" /><testcase classname="tests.symbolic.test_semantics" name="test_python_binary_add_string_and_int_raises_type_error" time="0.001" /><testcase classname="tests.symbolic.test_semantics" name="test_python_bool_and_short_circuits_and_returns_operand" time="0.001" /><testcase classname="tests.symbolic.test_semantics" name="test_python_to_number_invalid_string_raises_value_error" time="0.001" /><testcase classname="tests.symbolic.test_semantics" name="test_python_binary_mod_and_pow_paths" time="0.001" /><testcase classname="tests.symbolic.test_semantics" name="test_python_bool_not_and_to_boolean" time="0.001" /><testcase classname="tests.symbolic.test_semantics" name="test_javascript_binary_add_prefers_string_concat" time="0.001" /><testcase classname="tests.symbolic.test_semantics" name="test_javascript_truthiness_and_not_behavior" time="0.001" /><testcase classname="tests.symbolic.test_semantics" name="test_javascript_modulo_sign_matches_dividend" time="0.001" /><testcase classname="tests.symbolic.test_semantics" name="test_javascript_to_number_and_truthiness" time="0.001" /><testcase classname="tests.symbolic.test_semantics" name="test_javascript_comparisons_and_bool_ops" time="0.001" /><testcase classname="tests.symbolic.test_semantics" name="test_python_semantics_symbolic_branches" time="0.003" /><testcase classname="tests.symbolic.test_semantics" name="test_javascript_semantics_error_and_coercion_branches" time="0.002" /><testcase classname="tests.symbolic.test_symbolic_execution_init" name="test_symbolic_execution_init_exports_and_warns" time="0.011" /><testcase classname="tests.symbolic.test_symbolic_execution_init" name="test_symbolic_execution_init_missing_cross_file" time="0.009" /><testcase classname="tests.symbolic.test_symbolic_smoke.TestSymbolicImports" name="test_import_emits_warning" time="0.001" /><testcase classname="tests.symbolic.test_symbolic_smoke.TestSymbolicImports" name="test_import_constraint_solver" time="0.001" /><testcase classname="tests.symbolic.test_symbolic_smoke.TestSymbolicImports" name="test_import_engine" time="0.001" /><testcase classname="tests.symbolic.test_symbolic_smoke.TestSymbolicInstantiation" name="test_instantiate_constraint_solver" time="0.001" /><testcase classname="tests.symbolic.test_symbolic_smoke.TestSymbolicInstantiation" name="test_instantiate_engine_no_args" time="0.001" /><testcase classname="tests.symbolic.test_symbolic_smoke.TestSymbolicInstantiation" name="test_instantiate_engine_with_solver" time="0.001" /><testcase classname="tests.symbolic.test_symbolic_smoke.TestSymbolicExecution" name="test_execute_simple_assignment" time="0.010" /><testcase classname="tests.symbolic.test_symbolic_smoke.TestSymbolicExecution" name="test_execute_conditional" time="0.013" /><testcase classname="tests.symbolic.test_symbolic_smoke.TestSymbolicExecution" name="test_execute_loop" time="0.012" /><testcase classname="tests.symbolic.test_symbolic_smoke.TestConstraintSolver" name="test_solver_has_solve" time="0.001" /><testcase classname="tests.symbolic.test_symbolic_smoke.TestConstraintSolver" name="test_solver_has_prove" time="0.001" /><testcase classname="tests.symbolic.test_symbolic_smoke.TestConstraintSolver" name="test_solver_solve_sat" time="0.005" /><testcase classname="tests.symbolic.test_symbolic_smoke.TestConstraintSolver" name="test_solver_solve_unsat" time="0.003" /><testcase classname="tests.symbolic.test_symbolic_smoke.TestConstraintSolver" name="test_solver_solve_returns_model" time="0.003" /><testcase classname="tests.symbolic.test_symbolic_smoke.TestConstraintSolver" name="test_solver_prove_valid" time="0.004" /><testcase classname="tests.symbolic.test_symbolic_smoke.TestConstraintSolver" name="test_solver_prove_invalid" time="0.004" /><testcase classname="tests.symbolic.test_symbolic_smoke.TestConstraintSolver" name="test_solver_result_bool" time="0.003" /><testcase classname="tests.symbolic.test_symbolic_smoke.TestConstraintSolver" name="test_solver_result_is_sat" time="0.004" /><testcase classname="tests.symbolic.test_symbolic_smoke.TestAnalyzerAdvanced" name="test_declare_symbolic_int" time="0.001" /><testcase classname="tests.symbolic.test_symbolic_smoke.TestAnalyzerAdvanced" name="test_declare_symbolic_bool" time="0.001" /><testcase classname="tests.symbolic.test_symbolic_smoke.TestAnalyzerAdvanced" name="test_declare_symbolic_unsupported_sort" time="0.001" /><testcase classname="tests.symbolic.test_symbolic_smoke.TestAnalyzerAdvanced" name="test_add_precondition" time="0.002" /><testcase classname="tests.symbolic.test_symbolic_smoke.TestAnalyzerAdvanced" name="test_get_solver" time="0.001" /><testcase classname="tests.symbolic.test_symbolic_smoke.TestAnalyzerAdvanced" name="test_custom_timeout" time="0.001" /><testcase classname="tests.symbolic.test_symbolic_smoke.TestEngineEdgeCases" name="test_analyze_empty_code" time="0.001" /><testcase classname="tests.symbolic.test_symbolic_smoke.TestEngineEdgeCases" name="test_analyze_syntax_error" time="0.006" /><testcase classname="tests.symbolic.test_symbolic_smoke.TestEngineEdgeCases" name="test_analyze_only_comments" time="0.009" /><testcase classname="tests.symbolic.test_symbolic_smoke.TestEngineEdgeCases" name="test_analyze_multiple_branches" time="0.014" /><testcase classname="tests.symbolic.test_symbolic_smoke.TestEngineEdgeCases" name="test_analyze_with_function_def" time="0.012" /><testcase classname="tests.symbolic.test_symbolic_smoke.TestEngineEdgeCases" name="test_path_result_properties" time="0.011" /><testcase classname="tests.symbolic.test_symbolic_smoke.TestEngineEdgeCases" name="test_get_feasible_paths" time="0.001" /><testcase classname="tests.symbolic.test_symbolic_smoke.TestInterpreterEdgeCases" name="test_unary_operations" time="0.002" /><testcase classname="tests.symbolic.test_symbolic_smoke.TestInterpreterEdgeCases" name="test_comparison_operators" time="0.002" /><testcase classname="tests.symbolic.test_symbolic_smoke.TestInterpreterEdgeCases" name="test_boolean_operations" time="0.002" /><testcase classname="tests.symbolic.test_symbolic_smoke.TestInterpreterEdgeCases" name="test_string_assignment" time="0.001" /><testcase classname="tests.symbolic.test_symbolic_smoke.TestInterpreterEdgeCases" name="test_augmented_assignment" time="0.001" /><testcase classname="tests.symbolic.test_symbolic_smoke.TestInterpreterEdgeCases" name="test_multiple_targets" time="0.001" /><testcase classname="tests.symbolic.test_symbolic_smoke.TestInterpreterEdgeCases" name="test_while_loop" time="0.009" /><testcase classname="tests.symbolic.test_symbolic_smoke.TestInterpreterEdgeCases" name="test_try_except" time="0.001" /><testcase classname="tests.symbolic.test_symbolic_smoke.TestEngineCoverage" name="test_path_result_to_dict" time="0.002" /><testcase classname="tests.symbolic.test_symbolic_smoke.TestEngineCoverage" name="test_path_result_from_dict" time="0.001" /><testcase classname="tests.symbolic.test_symbolic_smoke.TestEngineCoverage" name="test_analysis_result_to_dict" time="0.001" /><testcase classname="tests.symbolic.test_symbolic_smoke.TestEngineCoverage" name="test_analysis_result_from_dict" time="0.001" /><testcase classname="tests.symbolic.test_symbolic_smoke.TestEngineCoverage" name="test_get_all_models" time="0.010" /><testcase classname="tests.symbolic.test_symbolic_smoke.TestEngineCoverage" name="test_analyze_javascript" time="0.007" /><testcase classname="tests.symbolic.test_symbolic_smoke.TestEngineCoverage" name="test_analyze_java" time="0.008" /><testcase classname="tests.symbolic.test_symbolic_smoke.TestEngineCoverage" name="test_analyze_unsupported_language" time="0.002" /><testcase classname="tests.symbolic.test_symbolic_smoke.TestEngineCoverage" name="test_declare_symbolic_string" time="0.001" /><testcase classname="tests.symbolic.test_symbolic_smoke.TestEngineCoverage" name="test_find_inputs" time="0.006" /><testcase classname="tests.symbolic.test_symbolic_smoke.TestEngineCoverage" name="test_find_inputs_impossible" time="0.003" /><testcase classname="tests.symbolic.test_symbolic_smoke.TestEngineCoverage" name="test_reset" time="0.001" /><testcase classname="tests.symbolic.test_symbolic_smoke.TestEngineCoverage" name="test_create_analyzer_factory" time="0.001" /><testcase classname="tests.symbolic.test_symbolic_smoke.TestEngineCoverage" name="test_analyzer_with_cache_disabled" time="0.005" /><testcase classname="tests.symbolic.test_symbolic_smoke.TestEngineCoverage" name="test_infeasible_path_handling" time="0.013" /><testcase classname="tests.symbolic.test_symbolic_smoke.TestEngineCoverage" name="test_path_status_unknown" time="0.001" /><testcase classname="tests.symbolic.test_symbolic_smoke.TestEngineCoverage" name="test_analysis_result_from_dict_with_missing_fields" time="0.001" /><testcase classname="tests.symbolic.test_symbolic_smoke.TestEngineCoverage" name="test_engine_cache_hit_path" time="0.011" /><testcase classname="tests.symbolic.test_symbolic_smoke.TestEngineCoverage" name="test_engine_cache_stores_result" time="0.010" /><testcase classname="tests.symbolic.test_symbolic_smoke.TestEngineCoverage" name="test_engine_infeasible_path_count" time="0.011" /><testcase classname="tests.symbolic.test_symbolic_smoke.TestEngineCoverage" name="test_analyzer_find_inputs_with_no_solver" time="0.003" /><testcase classname="tests.symbolic.test_symbolic_smoke.TestEngineCoverage" name="test_analyzer_find_inputs_no_solution" time="0.003" /><testcase classname="tests.symbolic.test_symbolic_smoke.TestEngineCoverage" name="test_path_result_unknown_status" time="0.001" /><testcase classname="tests.symbolic.test_symbolic_smoke.TestEngineCoverage" name="test_engine_process_path_unsat" time="0.011" /><testcase classname="tests.symbolic.test_symbolic_smoke.TestEngineCoverage" name="test_engine_cache_miss_uncached_analysis" time="0.010" /><testcase classname="tests.symbolic.test_symbolic_smoke.TestEngineCoverage" name="test_engine_cache_disabled" time="0.005" /><testcase classname="tests.symbolic.test_symbolic_smoke.TestEngineCoverage" name="test_engine_multiple_path_processing" time="0.016" /><testcase classname="tests.symbolic.test_symbolic_smoke.TestEngineCoverage" name="test_engine_path_feasible_and_infeasible_counts" time="0.013" /><testcase classname="tests.symbolic.test_symbolic_smoke.TestEngineCoverage" name="test_engine_unknown_path_status" time="0.010" /><testcase classname="tests.symbolic.test_symbolic_smoke.TestEngineCoverage" name="test_engine_infeasible_path_increment" time="0.013" /><testcase classname="tests.symbolic.test_symbolic_smoke.TestEngineCoverage" name="test_engine_path_with_complex_constraint" time="0.024" /><testcase classname="tests.symbolic.test_symbolic_smoke.TestEngineCoverage" name="test_engine_analyze_javascript" time="0.003" /><testcase classname="tests.symbolic.test_symbolic_smoke.TestEngineCoverage" name="test_engine_analyze_java" time="0.002" /><testcase classname="tests.symbolic.test_symbolic_smoke.TestEngineCoverage" name="test_engine_analyze_unsupported_language" time="0.001" /><testcase classname="tests.symbolic.test_symbolic_smoke.TestEngineCoverage" name="test_engine_cache_import_error" time="0.003" /><testcase classname="tests.symbolic.test_symbolic_smoke.TestEngineMocking" name="test_cache_returns_dict" time="0.001" /><testcase classname="tests.symbolic.test_symbolic_smoke.TestEngineMocking" name="test_cache_set_exception" time="0.006" /><testcase classname="tests.symbolic.test_symbolic_smoke.TestEngineMocking" name="test_solver_returns_unknown" time="0.006" /><testcase classname="tests.symbolic.test_symbolic_smoke.TestSymbolicAnalyzerCoverage" name="test_find_inputs_with_solution" time="0.005" /><testcase classname="tests.symbolic.test_symbolic_smoke.TestSymbolicAnalyzerCoverage" name="test_find_inputs_no_solution" time="0.003" /><testcase classname="tests.symbolic.test_symbolic_smoke.TestSymbolicAnalyzerCoverage" name="test_find_inputs_with_preconditions" time="0.005" /><testcase classname="tests.symbolic.test_symbolic_smoke.TestSymbolicAnalyzerCoverage" name="test_get_solver_creates_solver" time="0.001" /><testcase classname="tests.symbolic.test_symbolic_smoke.TestSymbolicAnalyzerCoverage" name="test_analyzer_reset" time="0.003" /><testcase classname="tests.symbolic.test_symbolic_smoke.TestAnalyzerSolverBranches" name="test_get_solver_twice_uses_same_solver" time="0.001" /><testcase classname="tests.symbolic.test_symbolic_smoke.TestAnalyzerSolverBranches" name="test_find_inputs_twice_uses_same_solver" time="0.004" /><testcase classname="tests.symbolic.test_symbolic_smoke.TestEnginePathCoverage" name="test_engine_path_infeasible_increment" time="0.004" /><testcase classname="tests.symbolic.test_symbolic_smoke.TestEnginePathCoverage" name="test_engine_path_unknown_status" time="0.005" /><testcase classname="tests.symbolic.test_symbolic_smoke.TestEnginePathCoverage" name="test_engine_process_path_returns_unknown" time="0.002" /><testcase classname="tests.symbolic.test_symbolic_smoke.TestEnginePathCoverage" name="test_engine_process_path_unconstrained_variable" time="0.002" /><testcase classname="tests.symbolic.test_symbolic_smoke.TestEnginePathCoverage" name="test_engine_process_path_infeasible" time="0.002" /><testcase classname="tests.symbolic.test_symbolic_smoke.TestConstraintSolverCoverage" name="test_solve_returns_unknown_on_timeout" time="0.003" /><testcase classname="tests.symbolic.test_symbolic_smoke.TestConstraintSolverCoverage" name="test_prove_returns_unknown_on_timeout" time="0.003" /><testcase classname="tests.symbolic.test_symbolic_smoke.TestIRInterpreterCoverage" name="test_return_statement_coverage" time="0.001" /><testcase classname="tests.symbolic.test_symbolic_smoke.TestIRInterpreterCoverage" name="test_augmented_assign_undefined_var" time="0.001" /><testcase classname="tests.symbolic.test_symbolic_smoke.TestIRInterpreterCoverage" name="test_loop_exhausts_states" time="0.004" /><testcase classname="tests.symbolic.test_symbolic_smoke.TestIRInterpreterCoverage" name="test_division_operation" time="0.001" /><testcase classname="tests.symbolic.test_symbolic_smoke.TestIRInterpreterCoverage" name="test_none_expression_fallback" time="0.001" /><testcase classname="tests.symbolic.test_symbolic_smoke.TestIRInterpreterCoverage" name="test_symbolic_declaration_in_code" time="0.001" /><testcase classname="tests.symbolic.test_symbolic_smoke.TestIRInterpreterCoverage" name="test_default_semantics_path" time="0.001" /><testcase classname="tests.symbolic.test_symbolic_smoke.TestIRInterpreterCoverage" name="test_return_in_function_def" time="0.002" /><testcase classname="tests.symbolic.test_symbolic_smoke.TestIRInterpreterCoverage" name="test_generic_visit_fallback" time="0.001" /><testcase classname="tests.symbolic.test_symbolic_smoke.TestIRInterpreterCoverage" name="test_bool_operation_with_and" time="0.001" /><testcase classname="tests.symbolic.test_symbolic_smoke.TestIRInterpreterCoverage" name="test_bool_operation_with_or" time="0.001" /><testcase classname="tests.symbolic.test_symbolic_smoke.TestIRInterpreterCoverage" name="test_comparison_chain" time="0.002" /><testcase classname="tests.symbolic.test_symbolic_smoke.TestIRInterpreterCoverage" name="test_augmented_assign_no_semantics" time="0.001" /><testcase classname="tests.symbolic.test_symbolic_smoke.TestIRInterpreterCoverage" name="test_multi_target_assignment" time="0.001" /><testcase classname="tests.symbolic.test_symbolic_state.TestVariableStorage" name="test_create_int_variable" time="0.001" /><testcase classname="tests.symbolic.test_symbolic_state.TestVariableStorage" name="test_create_bool_variable" time="0.001" /><testcase classname="tests.symbolic.test_symbolic_state.TestVariableStorage" name="test_get_existing_variable" time="0.001" /><testcase classname="tests.symbolic.test_symbolic_state.TestVariableStorage" name="test_get_nonexistent_variable_returns_none" time="0.001" /><testcase classname="tests.symbolic.test_symbolic_state.TestVariableStorage" name="test_set_variable_concrete_value" time="0.002" /><testcase classname="tests.symbolic.test_symbolic_state.TestVariableStorage" name="test_has_variable" time="0.001" /><testcase classname="tests.symbolic.test_symbolic_state.TestVariableStorage" name="test_list_variables" time="0.001" /><testcase classname="tests.symbolic.test_symbolic_state.TestPathConditions" name="test_empty_path_condition" time="0.001" /><testcase classname="tests.symbolic.test_symbolic_state.TestPathConditions" name="test_add_single_constraint" time="0.001" /><testcase classname="tests.symbolic.test_symbolic_state.TestPathConditions" name="test_add_multiple_constraints" time="0.001" /><testcase classname="tests.symbolic.test_symbolic_state.TestPathConditions" name="test_feasible_path" time="0.004" /><testcase classname="tests.symbolic.test_symbolic_state.TestPathConditions" name="test_infeasible_path" time="0.003" /><testcase classname="tests.symbolic.test_symbolic_state.TestPathConditions" name="test_get_path_condition_as_conjunction" time="0.004" /><testcase classname="tests.symbolic.test_symbolic_state.TestForkIsolation" name="test_fork_creates_new_object" time="0.001" /><testcase classname="tests.symbolic.test_symbolic_state.TestForkIsolation" name="test_fork_preserves_variables" time="0.001" /><testcase classname="tests.symbolic.test_symbolic_state.TestForkIsolation" name="test_fork_preserves_constraints" time="0.002" /><testcase classname="tests.symbolic.test_symbolic_state.TestForkIsolation" name="test_fork_variable_isolation_add_new" time="0.001" /><testcase classname="tests.symbolic.test_symbolic_state.TestForkIsolation" name="test_fork_variable_isolation_modify_existing" time="0.001" /><testcase classname="tests.symbolic.test_symbolic_state.TestForkIsolation" name="test_fork_constraint_isolation_add_new" time="0.001" /><testcase classname="tests.symbolic.test_symbolic_state.TestForkIsolation" name="test_fork_deep_isolation_chained_forks" time="0.001" /><testcase classname="tests.symbolic.test_symbolic_state.TestForkIsolation" name="test_fork_isolation_real_world_if_else" time="0.002" /><testcase classname="tests.symbolic.test_symbolic_state.TestEdgeCases" name="test_empty_state_fork" time="0.001" /><testcase classname="tests.symbolic.test_symbolic_state.TestEdgeCases" name="test_fork_count_tracking" time="0.001" /><testcase classname="tests.symbolic.test_symbolic_state.TestEdgeCases" name="test_multiple_forks_from_same_parent" time="0.001" /><testcase classname="tests.symbolic.test_symbolic_state.TestEdgeCases" name="test_constraint_with_multiple_variables" time="0.004" /><testcase classname="tests.symbolic.test_symbolic_state.TestEdgeCases" name="test_boolean_variable_in_constraint" time="0.003" /><testcase classname="tests.symbolic.test_symbolic_state.TestSymbolicVariable" name="test_symbolic_variable_creation" time="0.001" /><testcase classname="tests.symbolic.test_symbolic_state.TestSymbolicVariable" name="test_symbolic_variable_expr_access" time="0.002" /><testcase classname="tests.symbolic.test_symbolic_state.TestSymbolicVariable" name="test_symbolic_variable_bool_sort" time="0.001" /><testcase classname="tests.symbolic.test_symbolic_state.TestSymbolicVariable" name="test_symbolic_variable_string_sort" time="0.001" /><testcase classname="tests.symbolic.test_symbolic_state.TestSymbolicVariable" name="test_symbolic_variable_unsupported_sort_raises" time="0.002" /><testcase classname="tests.symbolic.test_symbolic_state.TestCoverageCompleteness" name="test_create_string_variable" time="0.001" /><testcase classname="tests.symbolic.test_symbolic_state.TestCoverageCompleteness" name="test_create_variable_already_exists_same_sort" time="0.001" /><testcase classname="tests.symbolic.test_symbolic_state.TestCoverageCompleteness" name="test_create_variable_already_exists_different_sort_raises" time="0.002" /><testcase classname="tests.symbolic.test_symbolic_state.TestCoverageCompleteness" name="test_create_variable_unsupported_sort_raises" time="0.002" /><testcase classname="tests.symbolic.test_symbolic_state.TestCoverageCompleteness" name="test_variables_property_returns_copy" time="0.001" /><testcase classname="tests.symbolic.test_symbolic_state.TestCoverageCompleteness" name="test_path_condition_empty" time="0.002" /><testcase classname="tests.symbolic.test_symbolic_state.TestCoverageCompleteness" name="test_path_condition_single_constraint" time="0.004" /><testcase classname="tests.symbolic.test_symbolic_state.TestCoverageCompleteness" name="test_path_condition_multiple_constraints" time="0.003" /><testcase classname="tests.symbolic.test_symbolic_state.TestCoverageCompleteness" name="test_summary_method" time="0.003" /><testcase classname="tests.symbolic.test_symbolic_state.TestCoverageCompleteness" name="test_repr_method" time="0.001" /><testcase classname="tests.symbolic.test_test_generator.TestTestGenerator" name="test_generate_simple_function" time="0.007" /><testcase classname="tests.symbolic.test_test_generator.TestTestGenerator" name="test_generate_autodetect_function" time="0.005" /><testcase classname="tests.symbolic.test_test_generator.TestTestGenerator" name="test_generate_pytest_format" time="0.005" /><testcase classname="tests.symbolic.test_test_generator.TestTestGenerator" name="test_generate_unittest_format" time="0.005" /><testcase classname="tests.symbolic.test_test_generator.TestTestGenerator" name="test_generate_with_branches" time="0.014" /><testcase classname="tests.symbolic.test_test_generator.TestTestGenerator" name="test_test_case_has_inputs" time="0.007" /><testcase classname="tests.symbolic.test_test_generator.TestTestGenerator" name="test_invalid_framework_raises" time="0.002" /><testcase classname="tests.symbolic.test_test_generator.TestTestGenerator" name="test_generated_code_is_valid_python" time="0.006" /><testcase classname="tests.symbolic.test_test_generator.TestTestGenerator" name="test_test_case_structure" time="0.001" /><testcase classname="tests.symbolic.test_test_generator.TestTestGenerator" name="test_test_case_to_pytest" time="0.001" /><testcase classname="tests.symbolic.test_test_generator.TestTestGenerator" name="test_generated_suite_structure" time="0.001" /><testcase classname="tests.symbolic.test_test_generator.TestTestGenerator" name="test_generate_from_symbolic_result" time="0.001" /><testcase classname="tests.symbolic.test_test_generator.TestTestGeneratorEdgeCases" name="test_empty_function" time="0.006" /><testcase classname="tests.symbolic.test_test_generator.TestTestGeneratorEdgeCases" name="test_function_no_params" time="0.005" /><testcase classname="tests.symbolic.test_test_generator.TestTestGeneratorEdgeCases" name="test_multiple_functions_selects_first" time="0.006" /><testcase classname="tests.symbolic.test_test_generator.TestTestGeneratorEdgeCases" name="test_syntax_error_handling" time="0.004" /><testcase classname="tests.symbolic.test_test_generator" name="test_detect_main_function_supports_js_and_java" time="0.003" /><testcase classname="tests.symbolic.test_test_generator" name="test_generate_satisfying_value_handles_comparators" time="0.004" /><testcase classname="tests.symbolic.test_test_generator" name="test_to_python_value_coercions_and_defaults" time="0.001" /><testcase classname="tests.symbolic.test_test_generator" name="test_extract_test_cases_creates_default_when_no_paths" time="0.001" /><testcase classname="tests.symbolic.test_test_generator_additional" name="test_to_pytest_true_and_false_assertions" time="0.001" /><testcase classname="tests.symbolic.test_test_generator_additional" name="test_extract_function_code_fallback_on_parse_error" time="0.001" /><testcase classname="tests.symbolic.test_test_generator_additional" name="test_detect_main_function_variants" time="0.002" /><testcase classname="tests.symbolic.test_test_generator_additional" name="test_generate_satisfying_value_defaults" time="0.002" /><testcase classname="tests.symbolic.test_test_generator_additional" name="test_extract_test_cases_skips_infeasible_and_describes_conditions" time="0.002" /><testcase classname="tests.symbolic.test_test_generator_additional" name="test_extract_parameter_types_constant_annotation" time="0.001" /><testcase classname="tests.symbolic.test_test_generator_additional" name="test_to_python_value_conversions_and_coercions" time="0.001" /><testcase classname="tests.symbolic.test_test_generator_additional" name="test_analyze_return_paths_and_ast_value_helpers" time="0.001" /><testcase classname="tests.symbolic.test_test_generator_additional" name="test_condition_comparisons_and_negations" time="0.001" /><testcase classname="tests.symbolic.test_test_generator_branches" name="test_invalid_framework_raises" time="0.001" /><testcase classname="tests.symbolic.test_test_generator_branches" name="test_detect_main_function_non_python" time="0.001" /><testcase classname="tests.symbolic.test_test_generator_branches" name="test_basic_path_analysis_builds_paths_and_constraints" time="0.002" /><testcase classname="tests.symbolic.test_test_generator_branches" name="test_generate_from_symbolic_result_uses_given_paths" time="0.002" /><testcase classname="tests.symbolic.test_test_generator_branches" name="test_generate_unit_tests_infers_distinct_expected_returns_for_branches" time="0.022" /><testcase classname="tests.testing.test_adapters.TestTierAdapter" name="test_create_community_adapter" time="0.007" /><testcase classname="tests.testing.test_adapters.TestTierAdapter" name="test_create_pro_adapter" time="0.001" /><testcase classname="tests.testing.test_adapters.TestTierAdapter" name="test_create_enterprise_adapter" time="0.001" /><testcase classname="tests.testing.test_adapters.TestTierAdapter" name="test_invalid_tier_raises" time="0.002" /><testcase classname="tests.testing.test_adapters.TestTierAdapter" name="test_community_has_all_tools" time="0.144" /><testcase classname="tests.testing.test_adapters.TestTierAdapter" name="test_pro_has_all_tools" time="0.148" /><testcase classname="tests.testing.test_adapters.TestTierAdapter" name="test_enterprise_has_all_tools" time="0.144" /><testcase classname="tests.testing.test_adapters.TestTierAdapter" name="test_tool_available_true" time="0.148" /><testcase classname="tests.testing.test_adapters.TestTierAdapter" name="test_tool_available_all_tiers_method" time="0.419" /><testcase classname="tests.testing.test_adapters.TestTierAdapter" name="test_get_available_tools" time="0.145" /><testcase classname="tests.testing.test_adapters.TestTierAdapter" name="test_get_unavailable_tools" time="0.146" /><testcase classname="tests.testing.test_adapters.TestTierAdapter" name="test_get_tool_limits" time="0.142" /><testcase classname="tests.testing.test_adapters.TestTierAdapter" name="test_assert_tool_available_passes" time="0.143" /><testcase classname="tests.testing.test_adapters.TestTierAdapter" name="test_assert_tool_available_succeeds_all_tiers" time="0.429" /><testcase classname="tests.testing.test_adapters.TestTierAdapter" name="test_assert_tool_unavailable_fails_when_available" time="0.143" /><testcase classname="tests.testing.test_adapters.TestTierAdapter" name="test_assert_tool_unavailable_fails" time="0.162" /><testcase classname="tests.testing.test_adapters.TestAssertToolAvailable" name="test_tool_available_community" time="0.158" /><testcase classname="tests.testing.test_adapters.TestAssertToolAvailable" name="test_tool_available_pro" time="0.157" /><testcase classname="tests.testing.test_adapters.TestAssertToolAvailable" name="test_tool_available_all_tiers_function" time="0.441" /><testcase classname="tests.testing.test_adapters.TestAssertToolAvailable" name="test_default_tier_is_community" time="0.151" /><testcase classname="tests.testing.test_adapters.TestAssertToolUnavailable" name="test_tool_unavailable_raises_when_available" time="0.154" /><testcase classname="tests.testing.test_adapters.TestAssertToolUnavailable" name="test_tool_not_locked_raises" time="0.150" /><testcase classname="tests.testing.test_adapters.TestAssertLimitValue" name="test_limit_matches" time="0.013" /><testcase classname="tests.testing.test_adapters.TestAssertLimitValue" name="test_limit_mismatch_raises" time="0.014" /><testcase classname="tests.testing.test_adapters.TestAssertCapabilityPresent" name="test_capability_missing_raises" time="0.036" /><testcase classname="tests.testing.test_adapters.TestAssertToolCount" name="test_community_has_22_tools" time="0.147" /><testcase classname="tests.testing.test_adapters.TestAssertToolCount" name="test_pro_has_22_tools" time="0.145" /><testcase classname="tests.testing.test_adapters.TestAssertToolCount" name="test_enterprise_has_22_tools" time="0.152" /><testcase classname="tests.testing.test_adapters.TestAssertToolCount" name="test_wrong_count_raises" time="0.144" /><testcase classname="tests.testing.test_adapters.TestAdapterIntegration" name="test_run_test_for_all_tiers" time="0.001" /><testcase classname="tests.testing.test_adapters.TestAdapterIntegration" name="test_run_test_for_specific_tiers" time="0.001" /><testcase classname="tests.testing.test_adapters.TestAdapterIntegration" name="test_tool_available_different_limits_per_tier" time="0.278" /><testcase classname="tests.testing.test_adapters.TestAdapterIntegration" name="test_tool_available_all_tiers" time="0.411" /><testcase classname="tests.testing.test_fixtures.TestClearAllCaches" name="test_clear_all_caches_clears_resolver_cache" time="0.000"><skipped type="pytest.skip" message="Architectural change: All tiers have 22 tools (feature-gating not tool-gating). Tests need updating.">/mnt/k/backup/Develop/code-scalpel/tests/testing/test_fixtures.py:42: Architectural change: All tiers have 22 tools (feature-gating not tool-gating). Tests need updating.</skipped></testcase><testcase classname="tests.testing.test_fixtures.TestClearAllCaches" name="test_clear_all_caches_clears_jwt_validator_cache" time="0.000"><skipped type="pytest.skip" message="Architectural change: All tiers have 22 tools (feature-gating not tool-gating). Tests need updating.">/mnt/k/backup/Develop/code-scalpel/tests/testing/test_fixtures.py:53: Architectural change: All tiers have 22 tools (feature-gating not tool-gating). Tests need updating.</skipped></testcase><testcase classname="tests.testing.test_fixtures.TestTierAdapterFixture" name="test_tier_adapter_default_is_community" time="0.000"><skipped type="pytest.skip" message="Architectural change: All tiers have 22 tools (feature-gating not tool-gating). Tests need updating.">/mnt/k/backup/Develop/code-scalpel/tests/testing/test_fixtures.py:68: Architectural change: All tiers have 22 tools (feature-gating not tool-gating). Tests need updating.</skipped></testcase><testcase classname="tests.testing.test_fixtures.TestTierAdapterFixture" name="test_tier_adapter_has_all_community_tools" time="0.000"><skipped type="pytest.skip" message="Architectural change: All tiers have 22 tools (feature-gating not tool-gating). Tests need updating.">/mnt/k/backup/Develop/code-scalpel/tests/testing/test_fixtures.py:72: Architectural change: All tiers have 22 tools (feature-gating not tool-gating). Tests need updating.</skipped></testcase><testcase classname="tests.testing.test_fixtures.TestTierAdapterFixture" name="test_tier_adapter_no_locked_tools_community" time="0.000"><skipped type="pytest.skip" message="Architectural change: All tiers have 22 tools (feature-gating not tool-gating). Tests need updating.">/mnt/k/backup/Develop/code-scalpel/tests/testing/test_fixtures.py:78: Architectural change: All tiers have 22 tools (feature-gating not tool-gating). Tests need updating.</skipped></testcase><testcase classname="tests.testing.test_fixtures.TestSpecificAdapterFixtures" name="test_community_adapter" time="0.000"><skipped type="pytest.skip" message="Architectural change: All tiers have 22 tools (feature-gating not tool-gating). Tests need updating.">/mnt/k/backup/Develop/code-scalpel/tests/testing/test_fixtures.py:87: Architectural change: All tiers have 22 tools (feature-gating not tool-gating). Tests need updating.</skipped></testcase><testcase classname="tests.testing.test_fixtures.TestSpecificAdapterFixtures" name="test_pro_adapter" time="0.000"><skipped type="pytest.skip" message="Architectural change: All tiers have 22 tools (feature-gating not tool-gating). Tests need updating.">/mnt/k/backup/Develop/code-scalpel/tests/testing/test_fixtures.py:92: Architectural change: All tiers have 22 tools (feature-gating not tool-gating). Tests need updating.</skipped></testcase><testcase classname="tests.testing.test_fixtures.TestSpecificAdapterFixtures" name="test_enterprise_adapter" time="0.000"><skipped type="pytest.skip" message="Architectural change: All tiers have 22 tools (feature-gating not tool-gating). Tests need updating.">/mnt/k/backup/Develop/code-scalpel/tests/testing/test_fixtures.py:97: Architectural change: All tiers have 22 tools (feature-gating not tool-gating). Tests need updating.</skipped></testcase><testcase classname="tests.testing.test_fixtures.TestSpecificAdapterFixtures" name="test_each_adapter_is_independent" time="0.000"><skipped type="pytest.skip" message="Architectural change: All tiers have 22 tools (feature-gating not tool-gating). Tests need updating.">/mnt/k/backup/Develop/code-scalpel/tests/testing/test_fixtures.py:102: Architectural change: All tiers have 22 tools (feature-gating not tool-gating). Tests need updating.</skipped></testcase><testcase classname="tests.testing.test_fixtures.TestAllAdaptersFixture" name="test_all_adapters_provides_three" time="0.000"><skipped type="pytest.skip" message="Architectural change: All tiers have 22 tools (feature-gating not tool-gating). Tests need updating.">/mnt/k/backup/Develop/code-scalpel/tests/testing/test_fixtures.py:114: Architectural change: All tiers have 22 tools (feature-gating not tool-gating). Tests need updating.</skipped></testcase><testcase classname="tests.testing.test_fixtures.TestAllAdaptersFixture" name="test_all_adapters_are_different_tiers" time="0.000"><skipped type="pytest.skip" message="Architectural change: All tiers have 22 tools (feature-gating not tool-gating). Tests need updating.">/mnt/k/backup/Develop/code-scalpel/tests/testing/test_fixtures.py:118: Architectural change: All tiers have 22 tools (feature-gating not tool-gating). Tests need updating.</skipped></testcase><testcase classname="tests.testing.test_fixtures.TestAllAdaptersFixture" name="test_all_adapters_correct_tool_counts" time="0.000"><skipped type="pytest.skip" message="Architectural change: All tiers have 22 tools (feature-gating not tool-gating). Tests need updating.">/mnt/k/backup/Develop/code-scalpel/tests/testing/test_fixtures.py:123: Architectural change: All tiers have 22 tools (feature-gating not tool-gating). Tests need updating.</skipped></testcase><testcase classname="tests.testing.test_fixtures.TestLicensePathFixtures" name="test_pro_license_path_is_path_or_none" time="0.000"><skipped type="pytest.skip" message="Architectural change: All tiers have 22 tools (feature-gating not tool-gating). Tests need updating.">/mnt/k/backup/Develop/code-scalpel/tests/testing/test_fixtures.py:137: Architectural change: All tiers have 22 tools (feature-gating not tool-gating). Tests need updating.</skipped></testcase><testcase classname="tests.testing.test_fixtures.TestLicensePathFixtures" name="test_enterprise_license_path_is_path_or_none" time="0.000"><skipped type="pytest.skip" message="Architectural change: All tiers have 22 tools (feature-gating not tool-gating). Tests need updating.">/mnt/k/backup/Develop/code-scalpel/tests/testing/test_fixtures.py:141: Architectural change: All tiers have 22 tools (feature-gating not tool-gating). Tests need updating.</skipped></testcase><testcase classname="tests.testing.test_fixtures.TestLicensePathFixtures" name="test_pro_license_path_exists" time="0.000"><skipped type="pytest.skip" message="Licenses not available in this environment">/mnt/k/backup/Develop/code-scalpel/tests/testing/test_fixtures.py:147: Licenses not available in this environment</skipped></testcase><testcase classname="tests.testing.test_fixtures.TestLicensePathFixtures" name="test_enterprise_license_path_exists" time="0.000"><skipped type="pytest.skip" message="Licenses not available in this environment">/mnt/k/backup/Develop/code-scalpel/tests/testing/test_fixtures.py:156: Licenses not available in this environment</skipped></testcase><testcase classname="tests.testing.test_fixtures.TestWithCommunityTierFixture" name="test_with_community_tier_removes_license_path" time="0.000"><skipped type="pytest.skip" message="Architectural change: All tiers have 22 tools (feature-gating not tool-gating). Tests need updating.">/mnt/k/backup/Develop/code-scalpel/tests/testing/test_fixtures.py:169: Architectural change: All tiers have 22 tools (feature-gating not tool-gating). Tests need updating.</skipped></testcase><testcase classname="tests.testing.test_fixtures.TestWithCommunityTierFixture" name="test_with_community_tier_restores_original" time="0.000"><skipped type="pytest.skip" message="Architectural change: All tiers have 22 tools (feature-gating not tool-gating). Tests need updating.">/mnt/k/backup/Develop/code-scalpel/tests/testing/test_fixtures.py:174: Architectural change: All tiers have 22 tools (feature-gating not tool-gating). Tests need updating.</skipped></testcase><testcase classname="tests.testing.test_fixtures.TestWithProLicenseFixture" name="test_with_pro_license_sets_env_var" time="0.000"><skipped type="pytest.skip" message="Pro license not available">/mnt/k/backup/Develop/code-scalpel/tests/testing/test_fixtures.py:189: Pro license not available</skipped></testcase><testcase classname="tests.testing.test_fixtures.TestWithProLicenseFixture" name="test_with_pro_license_sets_correct_path" time="0.000"><skipped type="pytest.skip" message="Pro license not available">/mnt/k/backup/Develop/code-scalpel/tests/testing/test_fixtures.py:200: Pro license not available</skipped></testcase><testcase classname="tests.testing.test_fixtures.TestWithEnterpriseLicenseFixture" name="test_with_enterprise_license_sets_env_var" time="0.000"><skipped type="pytest.skip" message="Enterprise license not available">/mnt/k/backup/Develop/code-scalpel/tests/testing/test_fixtures.py:217: Enterprise license not available</skipped></testcase><testcase classname="tests.testing.test_fixtures.TestWithEnterpriseLicenseFixture" name="test_with_enterprise_license_sets_correct_path" time="0.000"><skipped type="pytest.skip" message="Enterprise license not available">/mnt/k/backup/Develop/code-scalpel/tests/testing/test_fixtures.py:228: Enterprise license not available</skipped></testcase><testcase classname="tests.testing.test_fixtures.TestTierAwareParametrization" name="test_tier_aware_runs_all_tiers[community]" time="0.000"><skipped type="pytest.skip" message="Architectural change: All tiers have 22 tools (feature-gating not tool-gating). Tests need updating.">/mnt/k/backup/Develop/code-scalpel/tests/testing/test_fixtures.py:245: Architectural change: All tiers have 22 tools (feature-gating not tool-gating). Tests need updating.</skipped></testcase><testcase classname="tests.testing.test_fixtures.TestTierAwareParametrization" name="test_tier_aware_runs_all_tiers[pro]" time="0.000"><skipped type="pytest.skip" message="Architectural change: All tiers have 22 tools (feature-gating not tool-gating). Tests need updating.">/mnt/k/backup/Develop/code-scalpel/tests/testing/test_fixtures.py:245: Architectural change: All tiers have 22 tools (feature-gating not tool-gating). Tests need updating.</skipped></testcase><testcase classname="tests.testing.test_fixtures.TestTierAwareParametrization" name="test_tier_aware_runs_all_tiers[enterprise]" time="0.000"><skipped type="pytest.skip" message="Architectural change: All tiers have 22 tools (feature-gating not tool-gating). Tests need updating.">/mnt/k/backup/Develop/code-scalpel/tests/testing/test_fixtures.py:245: Architectural change: All tiers have 22 tools (feature-gating not tool-gating). Tests need updating.</skipped></testcase><testcase classname="tests.testing.test_fixtures.TestTierAwareParametrization" name="test_tier_aware_receives_correct_tier[community]" time="0.000"><skipped type="pytest.skip" message="Architectural change: All tiers have 22 tools (feature-gating not tool-gating). Tests need updating.">/mnt/k/backup/Develop/code-scalpel/tests/testing/test_fixtures.py:252: Architectural change: All tiers have 22 tools (feature-gating not tool-gating). Tests need updating.</skipped></testcase><testcase classname="tests.testing.test_fixtures.TestTierAwareParametrization" name="test_tier_aware_receives_correct_tier[pro]" time="0.000"><skipped type="pytest.skip" message="Architectural change: All tiers have 22 tools (feature-gating not tool-gating). Tests need updating.">/mnt/k/backup/Develop/code-scalpel/tests/testing/test_fixtures.py:252: Architectural change: All tiers have 22 tools (feature-gating not tool-gating). Tests need updating.</skipped></testcase><testcase classname="tests.testing.test_fixtures.TestTierAwareParametrization" name="test_tier_aware_receives_correct_tier[enterprise]" time="0.000"><skipped type="pytest.skip" message="Architectural change: All tiers have 22 tools (feature-gating not tool-gating). Tests need updating.">/mnt/k/backup/Develop/code-scalpel/tests/testing/test_fixtures.py:252: Architectural change: All tiers have 22 tools (feature-gating not tool-gating). Tests need updating.</skipped></testcase><testcase classname="tests.testing.test_fixtures.TestTierAwareParametrization" name="test_tier_aware_with_tier_specific_assertions[community]" time="0.000"><skipped type="pytest.skip" message="Architectural change: All tiers have 22 tools (feature-gating not tool-gating). Tests need updating.">/mnt/k/backup/Develop/code-scalpel/tests/testing/test_fixtures.py:267: Architectural change: All tiers have 22 tools (feature-gating not tool-gating). Tests need updating.</skipped></testcase><testcase classname="tests.testing.test_fixtures.TestTierAwareParametrization" name="test_tier_aware_with_tier_specific_assertions[pro]" time="0.000"><skipped type="pytest.skip" message="Architectural change: All tiers have 22 tools (feature-gating not tool-gating). Tests need updating.">/mnt/k/backup/Develop/code-scalpel/tests/testing/test_fixtures.py:267: Architectural change: All tiers have 22 tools (feature-gating not tool-gating). Tests need updating.</skipped></testcase><testcase classname="tests.testing.test_fixtures.TestTierAwareParametrization" name="test_tier_aware_with_tier_specific_assertions[enterprise]" time="0.000"><skipped type="pytest.skip" message="Architectural change: All tiers have 22 tools (feature-gating not tool-gating). Tests need updating.">/mnt/k/backup/Develop/code-scalpel/tests/testing/test_fixtures.py:267: Architectural change: All tiers have 22 tools (feature-gating not tool-gating). Tests need updating.</skipped></testcase><testcase classname="tests.testing.test_fixtures.TestFixtureIntegration" name="test_multiple_adapters_independently_available" time="0.000"><skipped type="pytest.skip" message="Architectural change: All tiers have 22 tools (feature-gating not tool-gating). Tests need updating.">/mnt/k/backup/Develop/code-scalpel/tests/testing/test_fixtures.py:285: Architectural change: All tiers have 22 tools (feature-gating not tool-gating). Tests need updating.</skipped></testcase><testcase classname="tests.testing.test_fixtures.TestFixtureIntegration" name="test_clear_all_caches_with_adapters" time="0.000"><skipped type="pytest.skip" message="Architectural change: All tiers have 22 tools (feature-gating not tool-gating). Tests need updating.">/mnt/k/backup/Develop/code-scalpel/tests/testing/test_fixtures.py:299: Architectural change: All tiers have 22 tools (feature-gating not tool-gating). Tests need updating.</skipped></testcase><testcase classname="tests.testing.test_fixtures.TestFixtureIntegration" name="test_all_fixtures_together" time="0.000"><skipped type="pytest.skip" message="Architectural change: All tiers have 22 tools (feature-gating not tool-gating). Tests need updating.">/mnt/k/backup/Develop/code-scalpel/tests/testing/test_fixtures.py:307: Architectural change: All tiers have 22 tools (feature-gating not tool-gating). Tests need updating.</skipped></testcase><testcase classname="tests.tier_validation.test_tier_structure.TestMonotonicity" name="test_community_leq_pro" time="0.018" /><testcase classname="tests.tier_validation.test_tier_structure.TestMonotonicity" name="test_pro_leq_enterprise" time="0.001" /><testcase classname="tests.tier_validation.test_tier_structure.TestMonotonicity" name="test_full_ordering_all_numeric_limits" time="0.001" /><testcase classname="tests.tier_validation.test_tier_structure.TestProEnterpriseParity" name="test_pro_matches_enterprise_limits" time="0.001" /><testcase classname="tests.tier_validation.test_tier_structure.TestEnterpriseSupersetOfPro" name="test_enterprise_has_all_pro_capabilities" time="0.022" /><testcase classname="tests.tier_validation.test_tier_structure.TestEnterpriseSupersetOfPro" name="test_enterprise_has_additional_capabilities" time="0.001" /><testcase classname="tests.tier_validation.test_tier_structure.TestCommunityCoversPersona" name="test_scanner_covers_project[flask_app-stats0]" time="0.001" /><testcase classname="tests.tier_validation.test_tier_structure.TestCommunityCoversPersona" name="test_scanner_covers_project[fastapi_service-stats1]" time="0.001" /><testcase classname="tests.tier_validation.test_tier_structure.TestCommunityCoversPersona" name="test_scanner_covers_project[cli_tool-stats2]" time="0.001" /><testcase classname="tests.tier_validation.test_tier_structure.TestCommunityCoversPersona" name="test_scanner_covers_project[python_library-stats3]" time="0.001" /><testcase classname="tests.tier_validation.test_tier_structure.TestCommunityCoversPersona" name="test_scanner_covers_project[data_pipeline-stats4]" time="0.001" /><testcase classname="tests.tier_validation.test_tier_structure.TestCommunityCoversPersona" name="test_scanner_covers_project[personal_saas-stats5]" time="0.001" /><testcase classname="tests.tier_validation.test_tier_structure.TestCommunityCoversPersona" name="test_scanner_covers_project[medium_app-stats6]" time="0.001" /><testcase classname="tests.tier_validation.test_tier_structure.TestCommunityCoversPersona" name="test_community_call_graph_depth_practical" time="0.001" /><testcase classname="tests.tier_validation.test_tier_structure.TestCommunityCoversPersona" name="test_community_cross_file_deps_useful" time="0.001" /><testcase classname="tests.tier_validation.test_tier_structure.TestCommunityCoversPersona" name="test_community_context_lines_useful" time="0.001" /><testcase classname="tests.tier_validation.test_tier_structure.TestSpecificLimitValues" name="test_community_limit[scanner-max_files-500]" time="0.002" /><testcase classname="tests.tier_validation.test_tier_structure.TestSpecificLimitValues" name="test_community_limit[scanner-max_depth-10]" time="0.001" /><testcase classname="tests.tier_validation.test_tier_structure.TestSpecificLimitValues" name="test_community_limit[scanner-max_symbol_count-25000]" time="0.001" /><testcase classname="tests.tier_validation.test_tier_structure.TestSpecificLimitValues" name="test_community_limit[get_call_graph-max_depth-10]" time="0.001" /><testcase classname="tests.tier_validation.test_tier_structure.TestSpecificLimitValues" name="test_community_limit[get_call_graph-max_nodes-200]" time="0.002" /><testcase classname="tests.tier_validation.test_tier_structure.TestSpecificLimitValues" name="test_community_limit[get_file_context-max_context_lines-2000]" time="0.002" /><testcase classname="tests.tier_validation.test_tier_structure.TestSpecificLimitValues" name="test_community_limit[get_project_map-max_files-500]" time="0.001" /><testcase classname="tests.tier_validation.test_tier_structure.TestSpecificLimitValues" name="test_community_limit[get_project_map-max_modules-100]" time="0.001" /><testcase classname="tests.tier_validation.test_tier_structure.TestSpecificLimitValues" name="test_community_limit[get_symbol_references-max_files_searched-200]" time="0.001" /><testcase classname="tests.tier_validation.test_tier_structure.TestSpecificLimitValues" name="test_community_limit[get_symbol_references-max_references-200]" time="0.002" /><testcase classname="tests.tier_validation.test_tier_structure.TestSpecificLimitValues" name="test_community_limit[crawl_project-max_files-500]" time="0.002" /><testcase classname="tests.tier_validation.test_tier_structure.TestSpecificLimitValues" name="test_community_limit[get_cross_file_dependencies-max_depth-3]" time="0.001" /><testcase classname="tests.tier_validation.test_tier_structure.TestSpecificLimitValues" name="test_community_limit[get_cross_file_dependencies-max_files-200]" time="0.001" /><testcase classname="tests.tier_validation.test_tier_structure.TestSpecificLimitValues" name="test_community_limit[get_graph_neighborhood-max_k-2]" time="0.001" /><testcase classname="tests.tier_validation.test_tier_structure.TestSpecificLimitValues" name="test_community_limit[get_graph_neighborhood-max_nodes-100]" time="0.001" /><testcase classname="tests.tier_validation.test_tier_structure.TestSpecificLimitValues" name="test_community_limit[cross_file_security_scan-max_modules-50]" time="0.001" /><testcase classname="tests.tier_validation.test_tier_structure.TestSpecificLimitValues" name="test_community_limit[cross_file_security_scan-max_depth-5]" time="0.001" /><testcase classname="tests.tier_validation.test_tier_structure.TestSpecificLimitValues" name="test_community_limit[security_scan-max_findings-100]" time="0.001" /><testcase classname="tests.tier_validation.test_tier_structure.TestSpecificLimitValues" name="test_community_limit[extract_code-max_depth-1]" time="0.001" /><testcase classname="tests.tier_validation.test_tier_structure.TestSpecificLimitValues" name="test_community_limit[simulate_refactor-max_file_size_mb-5]" time="0.002" /><testcase classname="tests.tier_validation.test_tier_structure.TestSpecificLimitValues" name="test_community_limit[symbolic_execute-max_paths-100]" time="0.001" /><testcase classname="tests.tier_validation.test_tier_structure.TestSpecificLimitValues" name="test_community_limit[generate_unit_tests-max_test_cases-10]" time="0.001" /><testcase classname="tests.tier_validation.test_tier_structure.TestSpecificLimitValues" name="test_pro_limit[scanner-max_files-100000]" time="0.001" /><testcase classname="tests.tier_validation.test_tier_structure.TestSpecificLimitValues" name="test_pro_limit[scanner-max_depth-50]" time="0.002" /><testcase classname="tests.tier_validation.test_tier_structure.TestSpecificLimitValues" name="test_pro_limit[scanner-max_symbol_count-1000000]" time="0.001" /><testcase classname="tests.tier_validation.test_tier_structure.TestSpecificLimitValues" name="test_pro_limit[analyze_code-max_file_size_mb-100]" time="0.001" /><testcase classname="tests.tier_validation.test_tier_structure.TestSpecificLimitValues" name="test_pro_limit[get_file_context-max_context_lines--1]" time="0.001" /><testcase classname="tests.tier_validation.test_tier_structure.TestSpecificLimitValues" name="test_pro_limit[get_project_map-max_files--1]" time="0.001" /><testcase classname="tests.tier_validation.test_tier_structure.TestSpecificLimitValues" name="test_pro_limit[get_project_map-max_modules-1000]" time="0.001" /><testcase classname="tests.tier_validation.test_tier_structure.TestSpecificLimitValues" name="test_pro_limit[get_call_graph-max_depth--1]" time="0.002" /><testcase classname="tests.tier_validation.test_tier_structure.TestSpecificLimitValues" name="test_pro_limit[get_call_graph-max_nodes--1]" time="0.001" /><testcase classname="tests.tier_validation.test_tier_structure.TestSpecificLimitValues" name="test_pro_limit[get_cross_file_dependencies-max_depth--1]" time="0.001" /><testcase classname="tests.tier_validation.test_tier_structure.TestSpecificLimitValues" name="test_pro_limit[get_cross_file_dependencies-max_files--1]" time="0.002" /><testcase classname="tests.tier_validation.test_tier_structure.TestSpecificLimitValues" name="test_pro_limit[get_graph_neighborhood-max_k--1]" time="0.001" /><testcase classname="tests.tier_validation.test_tier_structure.TestSpecificLimitValues" name="test_pro_limit[get_graph_neighborhood-max_nodes--1]" time="0.001" /><testcase classname="tests.tier_validation.test_tier_structure.TestSpecificLimitValues" name="test_pro_limit[extract_code-max_depth--1]" time="0.001" /><testcase classname="tests.tier_validation.test_tier_structure.TestSpecificLimitValues" name="test_pro_limit[extract_code-max_extraction_size_mb-100]" time="0.001" /><testcase classname="tests.tier_validation.test_tier_structure.TestSpecificLimitValues" name="test_pro_limit[simulate_refactor-max_file_size_mb-100]" time="0.001" /><testcase classname="tests.tier_validation.test_tier_structure.TestSpecificLimitValues" name="test_pro_limit[symbolic_execute-max_depth--1]" time="0.002" /><testcase classname="tests.tier_validation.test_tier_structure.TestSpecificLimitValues" name="test_pro_limit[generate_unit_tests-max_test_cases--1]" time="0.001" /><testcase classname="tests.tier_validation.test_tier_structure.TestSpecificLimitValues" name="test_pro_limit[cross_file_security_scan-max_modules--1]" time="0.001" /><testcase classname="tests.tier_validation.test_tier_structure.TestSpecificLimitValues" name="test_pro_limit[cross_file_security_scan-max_depth--1]" time="0.001" /><testcase classname="tests.tier_validation.test_tier_structure.TestSpecificLimitValues" name="test_pro_limit[rename_symbol-max_files_searched--1]" time="0.001" /><testcase classname="tests.tier_validation.test_tier_structure.TestSpecificLimitValues" name="test_pro_limit[rename_symbol-max_files_updated--1]" time="0.002" /><testcase classname="tests.tier_validation.test_tier_structure.TestSpecificLimitValues" name="test_pro_limit[verify_policy_integrity-max_policy_files--1]" time="0.001" /><testcase classname="tests.tier_validation.test_tier_structure.TestSpecificLimitValues" name="test_pro_limit[code_policy_check-max_files--1]" time="0.001" /><testcase classname="tests.tier_validation.test_tier_structure.TestSpecificLimitValues" name="test_pro_limit[code_policy_check-max_rules--1]" time="0.001" /><testcase classname="tests.tier_validation.test_tier_structure.TestSpecificLimitValues" name="test_pro_limit[type_evaporation_scan-max_files--1]" time="0.002" /><testcase classname="tests.tier_validation.test_tier_structure.TestSpecificLimitValues" name="test_pro_limit[unified_sink_detect-max_sinks--1]" time="0.002" /><testcase classname="tests.tier_validation.test_tier_structure.TestStructuralCompleteness" name="test_all_tools_have_limits[community]" time="0.001" /><testcase classname="tests.tier_validation.test_tier_structure.TestStructuralCompleteness" name="test_all_tools_have_limits[pro]" time="0.001" /><testcase classname="tests.tier_validation.test_tier_structure.TestStructuralCompleteness" name="test_all_tools_have_limits[enterprise]" time="0.001" /><testcase classname="tests.tier_validation.test_tier_structure.TestStructuralCompleteness" name="test_all_tools_have_features[community]" time="0.001" /><testcase classname="tests.tier_validation.test_tier_structure.TestStructuralCompleteness" name="test_all_tools_have_features[pro]" time="0.001" /><testcase classname="tests.tier_validation.test_tier_structure.TestStructuralCompleteness" name="test_all_tools_have_features[enterprise]" time="0.001" /><testcase classname="tests.tools.analyze_code.test_core_functionality.TestNominal" name="test_analyze_python_single_function" time="0.016" /><testcase classname="tests.tools.analyze_code.test_core_functionality.TestNominal" name="test_analyze_python_with_class" time="0.003" /><testcase classname="tests.tools.analyze_code.test_core_functionality.TestNominal" name="test_analyze_python_with_imports" time="0.002" /><testcase classname="tests.tools.analyze_code.test_core_functionality.TestNominal" name="test_analyze_javascript_function" time="0.002" /><testcase classname="tests.tools.analyze_code.test_core_functionality.TestNominal" name="test_analyze_javascript_class" time="0.002" /><testcase classname="tests.tools.analyze_code.test_core_functionality.TestNominal" name="test_analyze_typescript_with_types" time="0.001" /><testcase classname="tests.tools.analyze_code.test_core_functionality.TestNominal" name="test_analyze_java_class" time="0.002" /><testcase classname="tests.tools.analyze_code.test_core_functionality.TestNoHallucinations" name="test_no_hallucinated_functions" time="0.002" /><testcase classname="tests.tools.analyze_code.test_core_functionality.TestNoHallucinations" name="test_no_hallucinated_classes" time="0.001" /><testcase classname="tests.tools.analyze_code.test_core_functionality.TestNoHallucinations" name="test_no_extra_functions_in_complex_code" time="0.002" /><testcase classname="tests.tools.analyze_code.test_core_functionality.TestNoHallucinations" name="test_no_extra_classes_in_complex_code" time="0.002" /><testcase classname="tests.tools.analyze_code.test_core_functionality.TestCompleteness" name="test_extract_all_functions" time="0.003" /><testcase classname="tests.tools.analyze_code.test_core_functionality.TestCompleteness" name="test_extract_all_classes" time="0.002" /><testcase classname="tests.tools.analyze_code.test_core_functionality.TestCompleteness" name="test_extract_all_methods" time="0.002" /><testcase classname="tests.tools.analyze_code.test_core_functionality.TestInputValidation" name="test_non_string_input_rejected" time="0.005" /><testcase classname="tests.tools.analyze_code.test_core_functionality.TestInputValidation" name="test_non_list_input_rejected" time="0.001" /><testcase classname="tests.tools.analyze_code.test_core_functionality.TestInputValidation" name="test_empty_string_handled" time="0.001" /><testcase classname="tests.tools.analyze_code.test_core_functionality.TestInputValidation" name="test_syntax_error_handled" time="0.003" /><testcase classname="tests.tools.analyze_code.test_core_functionality.TestInputValidation" name="test_whitespace_only_handled" time="0.001" /><testcase classname="tests.tools.analyze_code.test_core_functionality.TestLanguageSupport" name="test_python_supported" time="0.002" /><testcase classname="tests.tools.analyze_code.test_core_functionality.TestLanguageSupport" name="test_javascript_supported" time="0.001" /><testcase classname="tests.tools.analyze_code.test_core_functionality.TestLanguageSupport" name="test_typescript_supported" time="0.001" /><testcase classname="tests.tools.analyze_code.test_core_functionality.TestLanguageSupport" name="test_java_supported" time="0.002" /><testcase classname="tests.tools.analyze_code.test_core_functionality.TestComplexityScoring" name="test_complexity_score_exists" time="0.002" /><testcase classname="tests.tools.analyze_code.test_core_functionality.TestComplexityScoring" name="test_simple_code_has_low_complexity" time="0.002" /><testcase classname="tests.tools.analyze_code.test_core_functionality.TestComplexityScoring" name="test_complex_code_has_higher_complexity" time="0.003" /><testcase classname="tests.tools.analyze_code.test_edge_cases.TestAsyncFunctions" name="test_async_function_extracted" time="0.278" /><testcase classname="tests.tools.analyze_code.test_edge_cases.TestAsyncFunctions" name="test_async_method_in_class" time="0.275" /><testcase classname="tests.tools.analyze_code.test_edge_cases.TestAsyncFunctions" name="test_mixed_async_and_sync" time="0.287" /><testcase classname="tests.tools.analyze_code.test_edge_cases.TestDecoratedFunctions" name="test_decorated_function_extracted" time="0.271" /><testcase classname="tests.tools.analyze_code.test_edge_cases.TestDecoratedFunctions" name="test_multiple_decorators" time="0.281" /><testcase classname="tests.tools.analyze_code.test_edge_cases.TestDecoratedFunctions" name="test_decorator_with_arguments" time="0.300" /><testcase classname="tests.tools.analyze_code.test_edge_cases.TestDecoratedFunctions" name="test_class_decorators" time="0.296" /><testcase classname="tests.tools.analyze_code.test_edge_cases.TestNestedFunctions" name="test_nested_function_extracted" time="0.300" /><testcase classname="tests.tools.analyze_code.test_edge_cases.TestNestedFunctions" name="test_deeply_nested_functions" time="0.286" /><testcase classname="tests.tools.analyze_code.test_edge_cases.TestNestedFunctions" name="test_nested_functions_in_class" time="0.313" /><testcase classname="tests.tools.analyze_code.test_edge_cases.TestNestedClasses" name="test_nested_class_extracted" time="0.297" /><testcase classname="tests.tools.analyze_code.test_edge_cases.TestNestedClasses" name="test_deeply_nested_classes" time="0.275" /><testcase classname="tests.tools.analyze_code.test_edge_cases.TestLambdas" name="test_lambda_not_counted_as_function" time="0.279" /><testcase classname="tests.tools.analyze_code.test_edge_cases.TestLambdas" name="test_lambda_in_class" time="0.273" /><testcase classname="tests.tools.analyze_code.test_edge_cases.TestSpecialMethods" name="test_magic_methods_extracted" time="0.273" /><testcase classname="tests.tools.analyze_code.test_edge_cases.TestSpecialMethods" name="test_property_decorators" time="0.286" /><testcase classname="tests.tools.analyze_code.test_edge_cases.TestSpecialMethods" name="test_staticmethod_and_classmethod" time="0.281" /><testcase classname="tests.tools.analyze_code.test_edge_cases.TestComprehensions" name="test_comprehension_complexity" time="0.274" /><testcase classname="tests.tools.analyze_code.test_edge_cases.TestTypeAnnotations" name="test_type_annotations_preserved" time="0.278" /><testcase classname="tests.tools.analyze_code.test_edge_cases.TestImportStatements" name="test_simple_imports" time="0.268" /><testcase classname="tests.tools.analyze_code.test_edge_cases.TestImportStatements" name="test_from_imports" time="0.285" /><testcase classname="tests.tools.analyze_code.test_edge_cases.TestImportStatements" name="test_aliased_imports" time="0.276" /><testcase classname="tests.tools.analyze_code.test_edge_cases.TestUnusualFormatting" name="test_inline_function_definitions" time="0.274" /><testcase classname="tests.tools.analyze_code.test_edge_cases.TestUnusualFormatting" name="test_function_with_complex_signature" time="0.277" /><testcase classname="tests.tools.analyze_code.test_edge_cases.TestUnusualFormatting" name="test_class_with_inheritance" time="0.289" /><testcase classname="tests.tools.analyze_code.test_edge_cases.TestJavaScriptEdgeCases" name="test_arrow_functions" time="0.012" /><testcase classname="tests.tools.analyze_code.test_edge_cases.TestJavaScriptEdgeCases" name="test_class_expressions" time="0.012" /><testcase classname="tests.tools.analyze_code.test_edge_cases.TestJavaEdgeCases" name="test_java_inner_classes" time="0.012" /><testcase classname="tests.tools.analyze_code.test_edge_cases.TestJavaEdgeCases" name="test_java_generics" time="0.012" /><testcase classname="tests.tools.analyze_code.test_license_and_limits.TestLicenseFallback" name="test_expired_license_fallback_to_community" time="0.258" /><testcase classname="tests.tools.analyze_code.test_license_and_limits.TestLicenseFallback" name="test_invalid_license_fallback_to_community" time="0.264" /><testcase classname="tests.tools.analyze_code.test_license_and_limits.TestLicenseFallback" name="test_missing_license_defaults_to_community" time="0.272" /><testcase classname="tests.tools.analyze_code.test_license_and_limits.TestFileSizeLimits" name="test_community_max_file_size_1mb" time="0.046" /><testcase classname="tests.tools.analyze_code.test_license_and_limits.TestFileSizeLimits" name="test_pro_max_file_size_10mb" time="0.046" /><testcase classname="tests.tools.analyze_code.test_license_and_limits.TestFileSizeLimits" name="test_enterprise_max_file_size_100mb" time="0.046" /><testcase classname="tests.tools.analyze_code.test_license_and_limits.TestFileSizeLimits" name="test_file_size_limit_escalation" time="0.065" /><testcase classname="tests.tools.analyze_code.test_license_and_limits.TestFileSizeEnforcement" name="test_large_file_generates_many_functions" time="0.478" /><testcase classname="tests.tools.analyze_code.test_license_and_limits.TestFileSizeEnforcement" name="test_moderate_file_with_classes" time="0.372" /><testcase classname="tests.tools.analyze_code.test_license_and_limits.TestFileSizeEnforcement" name="test_complexity_scales_with_file_size" time="0.282" /><testcase classname="tests.tools.analyze_code.test_license_and_limits.TestTierLimitDifferences" name="test_community_vs_pro_limits" time="0.001" /><testcase classname="tests.tools.analyze_code.test_license_and_limits.TestTierLimitDifferences" name="test_pro_vs_enterprise_limits" time="0.001" /><testcase classname="tests.tools.analyze_code.test_license_and_limits.TestTierLimitDifferences" name="test_all_tiers_limit_progression" time="0.001" /><testcase classname="tests.tools.analyze_code.test_tiers.TestCommunityTierRealLicense" name="test_community_basic_extraction_no_license" time="0.337" /><testcase classname="tests.tools.analyze_code.test_tiers.TestCommunityTierRealLicense" name="test_community_function_count_no_license" time="0.358" /><testcase classname="tests.tools.analyze_code.test_tiers.TestCommunityTierRealLicense" name="test_community_class_extraction_no_license" time="0.326" /><testcase classname="tests.tools.analyze_code.test_tiers.TestCommunityTierRealLicense" name="test_community_complexity_available_no_license" time="0.336" /><testcase classname="tests.tools.analyze_code.test_tiers.TestProTierRealLicense" name="test_pro_license_loads_successfully" time="0.291" /><testcase classname="tests.tools.analyze_code.test_tiers.TestProTierRealLicense" name="test_pro_cognitive_complexity_real_license" time="0.284" /><testcase classname="tests.tools.analyze_code.test_tiers.TestProTierRealLicense" name="test_pro_code_smells_real_license" time="0.286" /><testcase classname="tests.tools.analyze_code.test_tiers.TestProTierRealLicense" name="test_pro_halstead_metrics_real_license" time="0.275" /><testcase classname="tests.tools.analyze_code.test_tiers.TestProTierRealLicense" name="test_pro_duplicate_code_detection_real_license" time="0.303" /><testcase classname="tests.tools.analyze_code.test_tiers.TestProTierRealLicense" name="test_pro_multi_language_support_real_license" time="0.020" /><testcase classname="tests.tools.analyze_code.test_tiers.TestEnterpriseTierRealLicense" name="test_enterprise_license_loads_successfully" time="0.281" /><testcase classname="tests.tools.analyze_code.test_tiers.TestEnterpriseTierRealLicense" name="test_enterprise_has_all_pro_features_real_license" time="0.275" /><testcase classname="tests.tools.analyze_code.test_tiers.TestEnterpriseTierRealLicense" name="test_enterprise_custom_rules_capability_real_license" time="0.054" /><testcase classname="tests.tools.analyze_code.test_tiers.TestEnterpriseTierRealLicense" name="test_enterprise_compliance_checks_capability_real_license" time="0.053" /><testcase classname="tests.tools.analyze_code.test_tiers.TestEnterpriseTierRealLicense" name="test_enterprise_organization_patterns_capability_real_license" time="0.053" /><testcase classname="tests.tools.analyze_code.test_tiers.TestEnterpriseTierRealLicense" name="test_enterprise_multi_language_with_all_features_real_license" time="0.020" /><testcase classname="tests.tools.analyze_code.test_tiers.TestBrokenLicenseHandling" name="test_broken_pro_license_falls_back_to_community" time="0.297" /><testcase classname="tests.tools.analyze_code.test_tiers.TestBrokenLicenseHandling" name="test_broken_enterprise_license_falls_back_to_community" time="0.294" /><testcase classname="tests.tools.analyze_code.test_tiers.TestLicenseFileNotFound" name="test_invalid_license_path_falls_back_to_community" time="0.395" /><testcase classname="tests.tools.analyze_code.test_tiers.TestLicenseFileNotFound" name="test_empty_license_path_falls_back_to_community" time="0.316" /><testcase classname="tests.tools.analyze_code.test_tiers.TestLicenseEnvironmentHandling" name="test_license_env_restored_after_test" time="0.270" /><testcase classname="tests.tools.analyze_code.test_tiers.TestLicenseEnvironmentHandling" name="test_multiple_license_switches" time="0.855" /><testcase classname="tests.tools.analyze_code.test_tiers.TestLicenseFileIntegrity" name="test_pro_license_file_exists" time="0.004" /><testcase classname="tests.tools.analyze_code.test_tiers.TestLicenseFileIntegrity" name="test_enterprise_license_file_exists" time="0.004" /><testcase classname="tests.tools.analyze_code.test_tiers.TestLicenseFileIntegrity" name="test_broken_license_files_exist" time="0.003" /><testcase classname="tests.tools.analyze_code.test_tiers.TestLicenseFileIntegrity" name="test_license_files_are_jwt_format" time="0.005" /><testcase classname="tests.tools.analyze_code.test_v1_0_improvements.TestLanguageValidation" name="test_unsupported_language_rejected_go" time="0.001" /><testcase classname="tests.tools.analyze_code.test_v1_0_improvements.TestLanguageValidation" name="test_unsupported_language_rejected_rust" time="0.001" /><testcase classname="tests.tools.analyze_code.test_v1_0_improvements.TestLanguageValidation" name="test_unsupported_language_lists_supported" time="0.001" /><testcase classname="tests.tools.analyze_code.test_v1_0_improvements.TestLanguageValidation" name="test_supported_language_python_accepted" time="0.312" /><testcase classname="tests.tools.analyze_code.test_v1_0_improvements.TestLanguageValidation" name="test_supported_language_java_accepted" time="0.013" /><testcase classname="tests.tools.analyze_code.test_v1_0_improvements.TestOutputMetadata" name="test_python_analysis_populates_language_detected" time="0.279" /><testcase classname="tests.tools.analyze_code.test_v1_0_improvements.TestOutputMetadata" name="test_javascript_analysis_populates_language_detected" time="0.013" /><testcase classname="tests.tools.analyze_code.test_v1_0_improvements.TestOutputMetadata" name="test_typescript_analysis_populates_language_detected" time="0.011" /><testcase classname="tests.tools.analyze_code.test_v1_0_improvements.TestOutputMetadata" name="test_java_analysis_populates_language_detected" time="0.011" /><testcase classname="tests.tools.analyze_code.test_v1_0_improvements.TestOutputMetadata" name="test_analysis_populates_tier_applied" time="0.292" /><testcase classname="tests.tools.analyze_code.test_v1_0_improvements.TestOutputMetadata" name="test_auto_detection_populates_language_detected" time="0.271" /><testcase classname="tests.tools.analyze_code.test_v1_0_improvements.TestConfigurationAlignment" name="test_limits_toml_matches_implementation" time="0.005" /><testcase classname="tests.tools.analyze_code.test_v1_0_improvements.TestConfigurationAlignment" name="test_community_tier_languages_match_pro" time="0.004" /><testcase classname="tests.tools.code_policy_check.test_compliance_detection.TestComplianceDetection" name="test_detects_enterprise_compliance_findings" time="0.148" /><testcase classname="tests.tools.code_policy_check.test_compliance_detection.TestComplianceDetection" name="test_generate_pdf_report_and_score" time="0.097" /><testcase classname="tests.tools.code_policy_check.test_config_validation.TestConfigurationLoading" name="test_loads_limits_from_code_scalpel_dir" time="0.059" /><testcase classname="tests.tools.code_policy_check.test_config_validation.TestConfigurationLoading" name="test_community_max_files_100_from_config" time="0.034" /><testcase classname="tests.tools.code_policy_check.test_config_validation.TestConfigurationLoading" name="test_community_max_rules_50_from_config" time="0.035" /><testcase classname="tests.tools.code_policy_check.test_config_validation.TestConfigurationLoading" name="test_pro_max_files_unlimited_from_config" time="0.036" /><testcase classname="tests.tools.code_policy_check.test_config_validation.TestConfigurationLoading" name="test_pro_max_rules_unlimited_from_config" time="0.035" /><testcase classname="tests.tools.code_policy_check.test_config_validation.TestConfigurationLoading" name="test_pro_compliance_disabled_from_config" time="0.036" /><testcase classname="tests.tools.code_policy_check.test_config_validation.TestConfigurationLoading" name="test_enterprise_unlimited_files_from_config" time="0.036" /><testcase classname="tests.tools.code_policy_check.test_config_validation.TestConfigurationLoading" name="test_enterprise_compliance_enabled_from_config" time="0.037" /><testcase classname="tests.tools.code_policy_check.test_config_validation.TestConfigurationLoading" name="test_config_file_exists" time="0.002" /><testcase classname="tests.tools.code_policy_check.test_enterprise_compliance_comprehensive.TestHIPAACompliance" name="test_hipaa_phi_logging_violation" time="0.112" /><testcase classname="tests.tools.code_policy_check.test_enterprise_compliance_comprehensive.TestHIPAACompliance" name="test_hipaa_unencrypted_transmission" time="0.103" /><testcase classname="tests.tools.code_policy_check.test_enterprise_compliance_comprehensive.TestHIPAACompliance" name="test_hipaa_compliance_score" time="0.099" /><testcase classname="tests.tools.code_policy_check.test_enterprise_compliance_comprehensive.TestSOC2Compliance" name="test_soc2_hardcoded_secrets" time="0.095" /><testcase classname="tests.tools.code_policy_check.test_enterprise_compliance_comprehensive.TestSOC2Compliance" name="test_soc2_insufficient_logging" time="0.104" /><testcase classname="tests.tools.code_policy_check.test_enterprise_compliance_comprehensive.TestSOC2Compliance" name="test_soc2_no_exception_handling" time="0.100" /><testcase classname="tests.tools.code_policy_check.test_enterprise_compliance_comprehensive.TestGDPRCompliance" name="test_gdpr_pii_in_logs" time="0.100" /><testcase classname="tests.tools.code_policy_check.test_enterprise_compliance_comprehensive.TestGDPRCompliance" name="test_gdpr_missing_data_deletion" time="0.101" /><testcase classname="tests.tools.code_policy_check.test_enterprise_compliance_comprehensive.TestGDPRCompliance" name="test_gdpr_international_transfer" time="0.104" /><testcase classname="tests.tools.code_policy_check.test_enterprise_compliance_comprehensive.TestPCIDSSCompliance" name="test_pci_card_number_in_logs" time="0.104" /><testcase classname="tests.tools.code_policy_check.test_enterprise_compliance_comprehensive.TestPCIDSSCompliance" name="test_pci_unencrypted_card_storage" time="0.124" /><testcase classname="tests.tools.code_policy_check.test_enterprise_compliance_comprehensive.TestPCIDSSCompliance" name="test_pci_insecure_transmission" time="0.102" /><testcase classname="tests.tools.code_policy_check.test_enterprise_compliance_comprehensive.TestMultipleStandards" name="test_all_standards_together" time="0.105" /><testcase classname="tests.tools.code_policy_check.test_enterprise_compliance_comprehensive.TestMultipleStandards" name="test_compliance_score_with_multiple_standards" time="0.103" /><testcase classname="tests.tools.code_policy_check.test_enterprise_compliance_comprehensive.TestAuditTrail" name="test_audit_trail_created" time="0.100" /><testcase classname="tests.tools.code_policy_check.test_enterprise_compliance_comprehensive.TestAuditTrail" name="test_audit_trail_contains_metadata" time="0.099" /><testcase classname="tests.tools.code_policy_check.test_enterprise_compliance_comprehensive.TestCertifications" name="test_certifications_field_exists" time="0.111" /><testcase classname="tests.tools.code_policy_check.test_enterprise_compliance_comprehensive.TestPDFReportGeneration" name="test_pdf_report_generated_when_requested" time="0.101" /><testcase classname="tests.tools.code_policy_check.test_enterprise_compliance_comprehensive.TestPDFReportGeneration" name="test_pdf_report_not_generated_without_flag" time="0.107" /><testcase classname="tests.tools.code_policy_check.test_enterprise_compliance_comprehensive.TestPDFReportGeneration" name="test_pdf_report_is_base64_encoded" time="0.103" /><testcase classname="tests.tools.code_policy_check.test_enterprise_compliance_comprehensive.TestComplianceReportStructure" name="test_compliance_report_has_required_fields" time="0.106" /><testcase classname="tests.tools.code_policy_check.test_enterprise_compliance_comprehensive.TestComplianceReportStructure" name="test_compliance_report_score_range" time="0.102" /><testcase classname="tests.tools.code_policy_check.test_enterprise_compliance_integration.TestHIPAAPatternDetection" name="test_hipaa001_phi_in_logs_detected" time="0.196" /><testcase classname="tests.tools.code_policy_check.test_enterprise_compliance_integration.TestHIPAAPatternDetection" name="test_hipaa002_unencrypted_phi_storage" time="0.123" /><testcase classname="tests.tools.code_policy_check.test_enterprise_compliance_integration.TestHIPAAPatternDetection" name="test_hipaa_compliant_code_scores_high" time="0.106" /><testcase classname="tests.tools.code_policy_check.test_enterprise_compliance_integration.TestSOC2PatternDetection" name="test_soc2001_missing_authentication" time="0.104" /><testcase classname="tests.tools.code_policy_check.test_enterprise_compliance_integration.TestSOC2PatternDetection" name="test_soc2003_missing_input_validation" time="0.196" /><testcase classname="tests.tools.code_policy_check.test_enterprise_compliance_integration.TestGDPRPatternDetection" name="test_gdpr001_pii_without_consent" time="0.104" /><testcase classname="tests.tools.code_policy_check.test_enterprise_compliance_integration.TestGDPRPatternDetection" name="test_gdpr002_no_retention_policy" time="0.103" /><testcase classname="tests.tools.code_policy_check.test_enterprise_compliance_integration.TestPCIDSSPatternDetection" name="test_pci001_card_numbers_in_logs" time="0.104" /><testcase classname="tests.tools.code_policy_check.test_enterprise_compliance_integration.TestPCIDSSPatternDetection" name="test_pci002_unencrypted_card_storage" time="0.103" /><testcase classname="tests.tools.code_policy_check.test_enterprise_compliance_integration.TestPCIDSSPatternDetection" name="test_pci003_insecure_transmission" time="0.105" /><testcase classname="tests.tools.code_policy_check.test_enterprise_compliance_integration.TestMultiStandardCompliance" name="test_multi_standard_scan" time="0.106" /><testcase classname="tests.tools.code_policy_check.test_enterprise_compliance_integration.TestPDFReportGeneration" name="test_pdf_report_generated_with_findings" time="0.102" /><testcase classname="tests.tools.code_policy_check.test_enterprise_compliance_integration.TestPDFReportGeneration" name="test_pdf_contains_compliance_findings" time="0.104" /><testcase classname="tests.tools.code_policy_check.test_enterprise_compliance_integration.TestPDFReportGeneration" name="test_pdf_multi_standard_report" time="0.116" /><testcase classname="tests.tools.code_policy_check.test_enterprise_compliance_integration.TestComplianceScoring" name="test_compliance_score_decreases_with_violations" time="0.107" /><testcase classname="tests.tools.code_policy_check.test_enterprise_compliance_integration.TestComplianceScoring" name="test_compliant_code_scores_high" time="0.116" /><testcase classname="tests.tools.code_policy_check.test_license_validation.TestBrokenLicenseHandling" name="test_broken_license_falls_back_to_community" time="0.105" /><testcase classname="tests.tools.code_policy_check.test_license_validation.TestBrokenLicenseHandling" name="test_broken_enterprise_license_falls_back_to_community" time="0.104" /><testcase classname="tests.tools.code_policy_check.test_license_validation.TestMissingLicenseHandling" name="test_missing_license_file_defaults_to_community" time="0.146" /><testcase classname="tests.tools.code_policy_check.test_license_validation.TestMissingLicenseHandling" name="test_empty_license_directory_defaults_to_community" time="0.145" /><testcase classname="tests.tools.code_policy_check.test_license_validation.TestLicenseGracefulDegradation" name="test_tool_continues_with_community_tier_on_license_error" time="0.096" /><testcase classname="tests.tools.code_policy_check.test_license_validation.TestLicenseGracefulDegradation" name="test_tool_reports_license_tier_in_result" time="0.103" /><testcase classname="tests.tools.code_policy_check.test_mcp_integration.TestMCPAsyncExecution" name="test_code_policy_check_is_async" time="0.005" /><testcase classname="tests.tools.code_policy_check.test_mcp_integration.TestMCPAsyncExecution" name="test_async_execution_returns_result" time="0.113" /><testcase classname="tests.tools.code_policy_check.test_mcp_integration.TestParameterValidation" name="test_accepts_single_file_path" time="0.101" /><testcase classname="tests.tools.code_policy_check.test_mcp_integration.TestParameterValidation" name="test_accepts_directory_path" time="0.148" /><testcase classname="tests.tools.code_policy_check.test_mcp_integration.TestParameterValidation" name="test_accepts_multiple_paths" time="0.146" /><testcase classname="tests.tools.code_policy_check.test_mcp_integration.TestParameterValidation" name="test_handles_nonexistent_path_gracefully" time="0.056" /><testcase classname="tests.tools.code_policy_check.test_mcp_integration.TestResultFormatCompliance" name="test_result_has_required_attributes" time="0.108" /><testcase classname="tests.tools.code_policy_check.test_mcp_integration.TestResultFormatCompliance" name="test_result_violations_format" time="0.103" /><testcase classname="tests.tools.code_policy_check.test_mcp_integration.TestResultFormatCompliance" name="test_result_is_serializable" time="0.101" /><testcase classname="tests.tools.code_policy_check.test_mcp_integration.TestErrorHandling" name="test_empty_path_list_handled_gracefully" time="0.056" /><testcase classname="tests.tools.code_policy_check.test_mcp_integration.TestErrorHandling" name="test_tool_does_not_crash_on_syntax_errors" time="0.067" /><testcase classname="tests.tools.code_policy_check.test_mcp_integration.TestOutputMetadata" name="test_result_has_tier_applied_metadata" time="0.103" /><testcase classname="tests.tools.code_policy_check.test_mcp_integration.TestOutputMetadata" name="test_result_has_files_limit_metadata" time="0.104" /><testcase classname="tests.tools.code_policy_check.test_mcp_integration.TestOutputMetadata" name="test_result_has_rules_limit_metadata" time="0.100" /><testcase classname="tests.tools.code_policy_check.test_mcp_integration.TestOutputMetadata" name="test_tier_applied_matches_tier" time="0.103" /><testcase classname="tests.tools.code_policy_check.test_mcp_integration.TestOutputMetadata" name="test_metadata_included_in_serialization" time="0.103" /><testcase classname="tests.tools.code_policy_check.test_pro_features_comprehensive.TestProBestPractices" name="test_best_practices_violations_available_in_pro" time="0.105" /><testcase classname="tests.tools.code_policy_check.test_pro_features_comprehensive.TestProBestPractices" name="test_best_practices_not_in_community" time="0.151" /><testcase classname="tests.tools.code_policy_check.test_pro_features_comprehensive.TestProBestPractices" name="test_detect_mutable_default_argument" time="0.108" /><testcase classname="tests.tools.code_policy_check.test_pro_features_comprehensive.TestProBestPractices" name="test_detect_bare_except" time="0.105" /><testcase classname="tests.tools.code_policy_check.test_pro_features_comprehensive.TestProBestPractices" name="test_detect_star_imports" time="0.102" /><testcase classname="tests.tools.code_policy_check.test_pro_features_comprehensive.TestProSecurityPatterns" name="test_security_warnings_available_in_pro" time="0.101" /><testcase classname="tests.tools.code_policy_check.test_pro_features_comprehensive.TestProSecurityPatterns" name="test_detect_sql_injection_pattern" time="0.104" /><testcase classname="tests.tools.code_policy_check.test_pro_features_comprehensive.TestProSecurityPatterns" name="test_detect_hardcoded_secrets" time="0.106" /><testcase classname="tests.tools.code_policy_check.test_pro_features_comprehensive.TestProSecurityPatterns" name="test_detect_eval_usage" time="0.103" /><testcase classname="tests.tools.code_policy_check.test_pro_features_comprehensive.TestProCustomRules" name="test_custom_rule_results_available_in_pro" time="0.114" /><testcase classname="tests.tools.code_policy_check.test_pro_features_comprehensive.TestProCustomRules" name="test_custom_rules_not_in_community" time="0.162" /><testcase classname="tests.tools.code_policy_check.test_pro_features_comprehensive.TestProAsyncErrorPatterns" name="test_detect_missing_await" time="0.108" /><testcase classname="tests.tools.code_policy_check.test_pro_features_comprehensive.TestProAsyncErrorPatterns" name="test_detect_sync_in_async_context" time="0.106" /><testcase classname="tests.tools.code_policy_check.test_pro_features_comprehensive.TestProExtendedCompliance" name="test_extended_compliance_capability" time="0.057" /><testcase classname="tests.tools.code_policy_check.test_pro_features_comprehensive.TestProExtendedCompliance" name="test_pro_cannot_access_enterprise_compliance" time="0.101" /><testcase classname="tests.tools.code_policy_check.test_pro_features_comprehensive.TestProVsCommunityComparison" name="test_community_limited_analysis" time="0.181" /><testcase classname="tests.tools.code_policy_check.test_pro_features_comprehensive.TestProVsCommunityComparison" name="test_pro_enhanced_analysis" time="0.142" /><testcase classname="tests.tools.code_policy_check.test_pro_features_comprehensive.TestProUnlimitedLimits" name="test_pro_handles_many_files" time="7.010" /><testcase classname="tests.tools.code_policy_check.test_pro_features_comprehensive.TestProUnlimitedLimits" name="test_pro_has_no_rule_limit" time="0.043" /><testcase classname="tests.tools.code_policy_check.test_pro_features_comprehensive.TestProResponseStructure" name="test_pro_response_includes_tier_metadata" time="0.101" /><testcase classname="tests.tools.code_policy_check.test_pro_features_comprehensive.TestProResponseStructure" name="test_pro_does_not_include_enterprise_fields" time="0.185" /><testcase classname="tests.tools.code_policy_check.test_pro_features_comprehensive.TestProPerformance" name="test_pro_performance_with_large_codebase" time="2.684" /><testcase classname="tests.tools.code_policy_check.test_rule_detection.TestCommunityRuleDetection" name="test_detects_py001_bare_except" time="0.148" /><testcase classname="tests.tools.code_policy_check.test_rule_detection.TestCommunityRuleDetection" name="test_detects_py002_mutable_default" time="0.148" /><testcase classname="tests.tools.code_policy_check.test_rule_detection.TestCommunityRuleDetection" name="test_detects_py003_global_statement" time="0.154" /><testcase classname="tests.tools.code_policy_check.test_rule_detection.TestCommunityRuleDetection" name="test_detects_py004_star_import" time="0.131" /><testcase classname="tests.tools.code_policy_check.test_rule_detection.TestCommunityRuleDetection" name="test_detects_py005_assert_usage" time="0.138" /><testcase classname="tests.tools.code_policy_check.test_rule_detection.TestCommunityRuleDetection" name="test_detects_py006_exec_usage" time="0.135" /><testcase classname="tests.tools.code_policy_check.test_rule_detection.TestCommunityRuleDetection" name="test_detects_py007_eval_usage" time="0.143" /><testcase classname="tests.tools.code_policy_check.test_rule_detection.TestCommunityRuleDetection" name="test_detects_py008_type_comparison" time="0.141" /><testcase classname="tests.tools.code_policy_check.test_rule_detection.TestCommunityRuleDetection" name="test_detects_py009_empty_except_block" time="0.141" /><testcase classname="tests.tools.code_policy_check.test_rule_detection.TestCommunityRuleDetection" name="test_detects_py010_input_for_password" time="0.139" /><testcase classname="tests.tools.code_policy_check.test_rule_detection.TestProSecurityRuleDetection" name="test_detects_sec001_hardcoded_password" time="0.139" /><testcase classname="tests.tools.code_policy_check.test_rule_detection.TestProSecurityRuleDetection" name="test_detects_sec002_sql_concatenation" time="0.167" /><testcase classname="tests.tools.code_policy_check.test_rule_detection.TestProSecurityRuleDetection" name="test_detects_sec003_os_system_usage" time="0.118" /><testcase classname="tests.tools.code_policy_check.test_rule_detection.TestProSecurityRuleDetection" name="test_detects_sec004_subprocess_shell_true" time="0.089" /><testcase classname="tests.tools.code_policy_check.test_rule_detection.TestProSecurityRuleDetection" name="test_detects_sec005_pickle_usage" time="0.101" /><testcase classname="tests.tools.code_policy_check.test_rule_detection.TestProSecurityRuleDetection" name="test_detects_sec006_yaml_unsafe_load" time="0.103" /><testcase classname="tests.tools.code_policy_check.test_rule_detection.TestProSecurityRuleDetection" name="test_detects_sec007_hardcoded_ip" time="0.099" /><testcase classname="tests.tools.code_policy_check.test_rule_detection.TestProSecurityRuleDetection" name="test_detects_sec008_insecure_ssl" time="0.097" /><testcase classname="tests.tools.code_policy_check.test_rule_detection.TestProSecurityRuleDetection" name="test_detects_sec009_debug_mode" time="0.098" /><testcase classname="tests.tools.code_policy_check.test_rule_detection.TestProSecurityRuleDetection" name="test_detects_sec010_weak_hash" time="0.101" /><testcase classname="tests.tools.code_policy_check.test_rule_detection.TestProAsyncRuleDetection" name="test_detects_async001_missing_await" time="0.099" /><testcase classname="tests.tools.code_policy_check.test_rule_detection.TestProAsyncRuleDetection" name="test_detects_async002_blocking_call" time="0.097" /><testcase classname="tests.tools.code_policy_check.test_rule_detection.TestProAsyncRuleDetection" name="test_detects_async003_nested_asyncio_run" time="0.100" /><testcase classname="tests.tools.code_policy_check.test_rule_detection.TestProAsyncRuleDetection" name="test_detects_async004_unhandled_task" time="0.097" /><testcase classname="tests.tools.code_policy_check.test_rule_detection.TestProAsyncRuleDetection" name="test_detects_async005_async_gen_cleanup" time="0.099" /><testcase classname="tests.tools.code_policy_check.test_rule_detection.TestProBestPracticeRuleDetection" name="test_detects_bp001_missing_type_hints" time="0.095" /><testcase classname="tests.tools.code_policy_check.test_rule_detection.TestProBestPracticeRuleDetection" name="test_detects_bp002_missing_docstring" time="0.100" /><testcase classname="tests.tools.code_policy_check.test_rule_detection.TestProBestPracticeRuleDetection" name="test_detects_bp003_too_many_arguments" time="0.097" /><testcase classname="tests.tools.code_policy_check.test_rule_detection.TestProBestPracticeRuleDetection" name="test_detects_bp004_function_too_long" time="0.103" /><testcase classname="tests.tools.code_policy_check.test_rule_detection.TestProBestPracticeRuleDetection" name="test_detects_bp006_file_without_context" time="0.097" /><testcase classname="tests.tools.code_policy_check.test_rule_detection.TestProBestPracticeRuleDetection" name="test_detects_bp007_magic_number" time="0.098" /><testcase classname="tests.tools.code_policy_check.test_rule_detection.TestRuleIDFormatting" name="test_rule_ids_follow_format" time="0.133" /><testcase classname="tests.tools.code_policy_check.test_rule_detection.TestRuleIDFormatting" name="test_violations_include_required_fields" time="0.133" /><testcase classname="tests.tools.code_policy_check.test_tier_enforcement.TestCommunityTierLimits" name="test_community_enforces_100_file_limit" time="4.406" /><testcase classname="tests.tools.code_policy_check.test_tier_enforcement.TestCommunityTierLimits" name="test_community_enforces_50_rule_limit" time="0.141" /><testcase classname="tests.tools.code_policy_check.test_tier_enforcement.TestProTierLimits" name="test_pro_enforces_1000_file_limit" time="2.169" /><testcase classname="tests.tools.code_policy_check.test_tier_enforcement.TestProTierLimits" name="test_pro_enforces_200_rule_limit" time="0.099" /><testcase classname="tests.tools.code_policy_check.test_tier_enforcement.TestEnterpriseTierLimits" name="test_enterprise_has_unlimited_files" time="2.245" /><testcase classname="tests.tools.code_policy_check.test_tier_enforcement.TestEnterpriseTierLimits" name="test_enterprise_has_unlimited_rules" time="0.100" /><testcase classname="tests.tools.code_policy_check.test_tier_enforcement.TestTierFeatureGating" name="test_community_no_best_practices" time="0.159" /><testcase classname="tests.tools.code_policy_check.test_tier_enforcement.TestTierFeatureGating" name="test_pro_has_best_practices" time="0.096" /><testcase classname="tests.tools.code_policy_check.test_tier_enforcement.TestTierFeatureGating" name="test_enterprise_has_compliance_reports" time="0.096" /><testcase classname="tests.tools.code_policy_check.test_tier_enforcement.TestTierFeatureGating" name="test_community_custom_rules_not_exposed" time="0.100" /><testcase classname="tests.tools.code_policy_check.test_tier_enforcement.TestTierFeatureGating" name="test_pro_blocks_compliance_outputs" time="0.097" /><testcase classname="tests.tools.code_policy_check.test_tier_enforcement.TestTierFeatureGating" name="test_enterprise_includes_audit_trail_and_score" time="0.097" /><testcase classname="tests.tools.code_policy_check.test_tier_inheritance.TestEnterpriseInheritsAllProCapabilities" name="test_enterprise_has_all_pro_capabilities" time="0.052" /><testcase classname="tests.tools.code_policy_check.test_tier_inheritance.TestEnterpriseInheritsAllProCapabilities" name="test_enterprise_has_pro_best_practice_analysis" time="0.046" /><testcase classname="tests.tools.code_policy_check.test_tier_inheritance.TestEnterpriseInheritsAllProCapabilities" name="test_enterprise_has_pro_security_patterns" time="0.048" /><testcase classname="tests.tools.code_policy_check.test_tier_inheritance.TestEnterpriseInheritsAllProCapabilities" name="test_enterprise_has_pro_custom_rules" time="0.051" /><testcase classname="tests.tools.code_policy_check.test_tier_inheritance.TestEnterpriseInheritsAllProCapabilities" name="test_enterprise_has_pro_async_error_patterns" time="0.056" /><testcase classname="tests.tools.code_policy_check.test_tier_inheritance.TestEnterpriseInheritsAllProCapabilities" name="test_enterprise_has_pro_extended_compliance" time="0.046" /><testcase classname="tests.tools.code_policy_check.test_tier_inheritance.TestEnterpriseAdditionsOverPro" name="test_enterprise_has_hipaa_compliance" time="0.048" /><testcase classname="tests.tools.code_policy_check.test_tier_inheritance.TestEnterpriseAdditionsOverPro" name="test_enterprise_has_soc2_compliance" time="0.051" /><testcase classname="tests.tools.code_policy_check.test_tier_inheritance.TestEnterpriseAdditionsOverPro" name="test_enterprise_has_gdpr_compliance" time="0.046" /><testcase classname="tests.tools.code_policy_check.test_tier_inheritance.TestEnterpriseAdditionsOverPro" name="test_enterprise_has_pci_dss_compliance" time="0.049" /><testcase classname="tests.tools.code_policy_check.test_tier_inheritance.TestEnterpriseAdditionsOverPro" name="test_enterprise_has_audit_trail" time="0.046" /><testcase classname="tests.tools.code_policy_check.test_tier_inheritance.TestEnterpriseAdditionsOverPro" name="test_enterprise_has_pdf_certification" time="0.044" /><testcase classname="tests.tools.code_policy_check.test_tier_inheritance.TestEnterpriseAdditionsOverPro" name="test_enterprise_has_compliance_auditing" time="0.046" /><testcase classname="tests.tools.code_policy_check.test_tier_inheritance.TestEnterpriseUniqueCapabilityCount" name="test_enterprise_has_more_capabilities_than_pro" time="0.045" /><testcase classname="tests.tools.code_policy_check.test_tier_inheritance.TestEnterpriseUniqueCapabilityCount" name="test_enterprise_has_at_least_7_unique_capabilities" time="0.045" /><testcase classname="tests.tools.code_policy_check.test_tier_inheritance.TestProInheritsAllCommunityCapabilities" name="test_pro_has_all_community_capabilities" time="0.047" /><testcase classname="tests.tools.code_policy_check.test_tier_inheritance.TestProInheritsAllCommunityCapabilities" name="test_pro_has_community_basic_compliance" time="0.045" /><testcase classname="tests.tools.code_policy_check.test_tier_inheritance.TestProInheritsAllCommunityCapabilities" name="test_pro_has_community_pep8_validation" time="0.046" /><testcase classname="tests.tools.code_policy_check.test_tier_inheritance.TestProInheritsAllCommunityCapabilities" name="test_pro_has_community_style_guide_checking" time="0.048" /><testcase classname="tests.tools.code_policy_check.test_tier_inheritance.TestAdditiveTierModel" name="test_capability_counts_increase_by_tier" time="0.058" /><testcase classname="tests.tools.code_policy_check.test_tier_inheritance.TestAdditiveTierModel" name="test_limits_relax_by_tier" time="0.059" /><testcase classname="tests.tools.code_policy_check.test_tier_inheritance.TestAdditiveTierModel" name="test_no_capability_regression_pro_to_enterprise" time="0.050" /><testcase classname="tests.tools.code_policy_check.test_tier_inheritance.TestAdditiveTierModel" name="test_no_capability_regression_community_to_pro" time="0.048" /><testcase classname="tests.tools.code_policy_check.test_tier_inheritance.TestEnterpriseComprehensiveCapabilities" name="test_enterprise_has_all_24_code_policy_capabilities" time="0.035" /><testcase classname="tests.tools.crawl_project.test_basic_execution.TestBasicExecution" name="test_tool_invocation_with_minimal_params" time="0.014" /><testcase classname="tests.tools.crawl_project.test_basic_execution.TestBasicExecution" name="test_happy_path_crawl_small_project" time="0.007" /><testcase classname="tests.tools.crawl_project.test_basic_execution.TestBasicExecution" name="test_error_handling_nonexistent_path" time="0.001" /><testcase classname="tests.tools.crawl_project.test_basic_execution.TestBasicExecution" name="test_result_contains_required_fields" time="0.006" /><testcase classname="tests.tools.crawl_project.test_basic_execution.TestBasicExecution" name="test_file_analysis_contains_required_fields" time="0.006" /><testcase classname="tests.tools.crawl_project.test_cache_lifecycle.TestCacheLifecycle" name="test_crawl_with_cache_enabled_completes" time="0.007" /><testcase classname="tests.tools.crawl_project.test_cache_lifecycle.TestCacheLifecycle" name="test_crawl_without_cache_enabled_completes" time="0.007" /><testcase classname="tests.tools.crawl_project.test_cache_lifecycle.TestCacheLifecycle" name="test_cached_and_uncached_produce_same_file_count" time="0.011" /><testcase classname="tests.tools.crawl_project.test_cache_lifecycle.TestCacheLifecycle" name="test_cache_parameter_accepted_without_error" time="0.008" /><testcase classname="tests.tools.crawl_project.test_crawl_project_contracts" name="test_community_enforces_limit_and_discovery_mode" time="0.172" /><testcase classname="tests.tools.crawl_project.test_crawl_project_contracts" name="test_community_blocks_enterprise_pattern_feature" time="0.160" /><testcase classname="tests.tools.crawl_project.test_crawl_project_contracts" name="test_enterprise_creates_incremental_cache" time="0.122" /><testcase classname="tests.tools.crawl_project.test_crawl_project_contracts" name="test_invalid_tier_env_falls_back_to_community_limits" time="0.119" /><testcase classname="tests.tools.crawl_project.test_determinism.TestDeterminism" name="test_two_crawls_same_file_count" time="0.011" /><testcase classname="tests.tools.crawl_project.test_determinism.TestDeterminism" name="test_language_detection_consistent" time="0.008" /><testcase classname="tests.tools.crawl_project.test_determinism.TestDeterminism" name="test_file_ordering_consistent" time="0.010" /><testcase classname="tests.tools.crawl_project.test_determinism.TestDeterminism" name="test_complexity_scores_consistent" time="0.009" /><testcase classname="tests.tools.crawl_project.test_discovery_mode.TestDiscoveryMode" name="test_crawl_detects_main_files" time="0.007" /><testcase classname="tests.tools.crawl_project.test_discovery_mode.TestDiscoveryMode" name="test_crawl_detects_test_files" time="0.007" /><testcase classname="tests.tools.crawl_project.test_discovery_mode.TestDiscoveryMode" name="test_crawl_detects_framework_hints" time="0.006" /><testcase classname="tests.tools.crawl_project.test_discovery_mode.TestDiscoveryMode" name="test_crawl_complexity_available_without_deep_analysis" time="0.007" /><testcase classname="tests.tools.crawl_project.test_discovery_mode.TestDiscoveryMode" name="test_crawl_provides_summary_statistics" time="0.007" /><testcase classname="tests.tools.crawl_project.test_entrypoint_detection.TestEntrypointDetection" name="test_main_py_identified_as_entry_point" time="0.007" /><testcase classname="tests.tools.crawl_project.test_entrypoint_detection.TestEntrypointDetection" name="test_if_name_main_block_detected" time="0.007" /><testcase classname="tests.tools.crawl_project.test_entrypoint_detection.TestEntrypointDetection" name="test_flask_route_decorators_detected" time="0.005" /><testcase classname="tests.tools.crawl_project.test_entrypoint_detection.TestEntrypointDetection" name="test_django_url_patterns_detected" time="0.007" /><testcase classname="tests.tools.crawl_project.test_entrypoint_detection.TestEntrypointDetection" name="test_function_count_includes_entry_functions" time="0.006" /><testcase classname="tests.tools.crawl_project.test_error_handling.TestErrorHandling" name="test_permission_denied_handling" time="0.004" /><testcase classname="tests.tools.crawl_project.test_error_handling.TestErrorHandling" name="test_syntax_error_in_file" time="0.004" /><testcase classname="tests.tools.crawl_project.test_error_handling.TestErrorHandling" name="test_large_file_handling" time="0.045" /><testcase classname="tests.tools.crawl_project.test_error_handling.TestErrorHandling" name="test_symlink_handling" time="0.005" /><testcase classname="tests.tools.crawl_project.test_error_handling.TestErrorHandling" name="test_empty_directory_crawl" time="0.004" /><testcase classname="tests.tools.crawl_project.test_error_handling.TestErrorHandling" name="test_circular_symlink_detection" time="0.005" /><testcase classname="tests.tools.crawl_project.test_framework_detection.TestFrameworkDetection" name="test_flask_framework_detection" time="0.006" /><testcase classname="tests.tools.crawl_project.test_framework_detection.TestFrameworkDetection" name="test_django_framework_detection" time="0.007" /><testcase classname="tests.tools.crawl_project.test_framework_detection.TestFrameworkDetection" name="test_fastapi_framework_detection" time="0.005" /><testcase classname="tests.tools.crawl_project.test_framework_detection.TestFrameworkDetection" name="test_multilanguage_project_detects_multiple_frameworks" time="0.007" /><testcase classname="tests.tools.crawl_project.test_framework_detection.TestFrameworkDetection" name="test_framework_info_in_summary" time="0.005" /><testcase classname="tests.tools.crawl_project.test_framework_detection.TestFrameworkDetection" name="test_multiple_project_types_crawlable" time="0.005" /><testcase classname="tests.tools.crawl_project.test_gitignore_behavior.TestGitignoreBehavior" name="test_without_respect_gitignore_includes_all" time="0.006" /><testcase classname="tests.tools.crawl_project.test_gitignore_behavior.TestGitignoreBehavior" name="test_with_respect_gitignore_parameter_accepted" time="0.009" /><testcase classname="tests.tools.crawl_project.test_gitignore_behavior.TestGitignoreBehavior" name="test_respect_gitignore_produces_results" time="0.008" /><testcase classname="tests.tools.crawl_project.test_gitignore_behavior.TestGitignoreBehavior" name="test_python_files_detected_regardless_of_gitignore" time="0.006" /><testcase classname="tests.tools.crawl_project.test_gitignore_behavior.TestGitignoreBehavior" name="test_gitignore_consistency_across_runs" time="0.007" /><testcase classname="tests.tools.crawl_project.test_language_detection.TestLanguageDetection" name="test_python_detection" time="0.007" /><testcase classname="tests.tools.crawl_project.test_language_detection.TestLanguageDetection" name="test_multilanguage_detection" time="0.005" /><testcase classname="tests.tools.crawl_project.test_language_detection.TestLanguageDetection" name="test_language_count_consistency" time="0.006" /><testcase classname="tests.tools.crawl_project.test_language_detection.TestLanguageDetection" name="test_all_files_have_language" time="0.005" /><testcase classname="tests.tools.crawl_project.test_language_detection.TestLanguageDetection" name="test_files_grouped_by_language" time="0.005" /><testcase classname="tests.tools.crawl_project.test_result_schema.TestResultSchema" name="test_result_is_serializable" time="0.008" /><testcase classname="tests.tools.crawl_project.test_result_schema.TestResultSchema" name="test_file_analysis_result_types" time="0.007" /><testcase classname="tests.tools.crawl_project.test_result_schema.TestResultSchema" name="test_summary_dictionary_format" time="0.007" /><testcase classname="tests.tools.crawl_project.test_result_schema.TestResultSchema" name="test_lists_not_none" time="0.006" /><testcase classname="tests.tools.crawl_project.test_result_schema.TestResultSchema" name="test_numeric_fields_are_integers" time="0.007" /><testcase classname="tests.tools.crawl_project.test_result_schema.TestResultSchema" name="test_file_lists_consistency" time="0.007" /><testcase classname="tests.tools.crawl_project.test_result_schema.TestResultSchema" name="test_timestamp_format" time="0.007" /><testcase classname="tests.tools.crawl_project.test_tier_enforcement.TestTierEnforcement" name="test_community_tier_basic_crawl_works" time="0.007" /><testcase classname="tests.tools.crawl_project.test_tier_enforcement.TestTierEnforcement" name="test_community_tier_has_file_count_limit" time="0.071" /><testcase classname="tests.tools.crawl_project.test_tier_enforcement.TestTierEnforcement" name="test_pro_tier_advanced_features_available" time="0.011" /><testcase classname="tests.tools.crawl_project.test_tier_enforcement.TestTierEnforcement" name="test_enterprise_tier_custom_rules" time="0.008" /><testcase classname="tests.tools.crawl_project.test_v1_0_improvements.TestOutputMetadata" name="test_tier_applied_field_present" time="0.066" /><testcase classname="tests.tools.crawl_project.test_v1_0_improvements.TestOutputMetadata" name="test_crawl_mode_field_present" time="0.065" /><testcase classname="tests.tools.crawl_project.test_v1_0_improvements.TestOutputMetadata" name="test_files_limit_applied_field_present" time="0.065" /><testcase classname="tests.tools.crawl_project.test_v1_0_improvements.TestOutputMetadata" name="test_community_tier_discovery_mode" time="0.146" /><testcase classname="tests.tools.crawl_project.test_v1_0_improvements.TestOutputMetadata" name="test_pro_tier_deep_mode" time="0.066" /><testcase classname="tests.tools.crawl_project.test_v1_0_improvements.TestOutputMetadata" name="test_enterprise_tier_deep_mode" time="0.074" /><testcase classname="tests.tools.crawl_project.test_v1_0_improvements.TestConfigAlignment" name="test_pro_tier_unlimited_files_in_features" time="0.001" /><testcase classname="tests.tools.crawl_project.test_v1_0_improvements.TestConfigAlignment" name="test_enterprise_tier_unlimited_files_in_features" time="0.001" /><testcase classname="tests.tools.crawl_project.test_v1_0_improvements.TestConfigAlignment" name="test_community_tier_has_file_limit_in_features" time="0.001" /><testcase classname="tests.tools.crawl_project.test_v1_0_improvements.TestConfigAlignment" name="test_limits_toml_pro_tier_no_max_files" time="0.014" /><testcase classname="tests.tools.crawl_project.test_v1_0_improvements.TestCrawlModeCapabilities" name="test_discovery_mode_detects_entrypoints" time="0.156" /><testcase classname="tests.tools.crawl_project.test_v1_0_improvements.TestCrawlModeCapabilities" name="test_discovery_mode_provides_framework_hints" time="0.161" /><testcase classname="tests.tools.crawl_project.test_v1_0_improvements.TestCrawlModeCapabilities" name="test_deep_mode_provides_complexity" time="0.066" /><testcase classname="tests.tools.crawl_project.test_v1_0_improvements.TestModelSchema" name="test_model_has_metadata_fields" time="0.001" /><testcase classname="tests.tools.crawl_project.test_v1_0_improvements.TestModelSchema" name="test_metadata_fields_allow_none" time="0.001" /><testcase classname="tests.tools.crawl_project.test_v1_0_improvements.TestModelSchema" name="test_metadata_fields_serializable" time="0.001" /><testcase classname="tests.tools.cross_file_security_scan.test_core_functionality.TestBasicFunctionality" name="test_build_succeeds" time="0.121" /><testcase classname="tests.tools.cross_file_security_scan.test_core_functionality.TestBasicFunctionality" name="test_analyze_returns_result" time="0.123" /><testcase classname="tests.tools.cross_file_security_scan.test_core_functionality.TestBasicFunctionality" name="test_analyze_without_build" time="0.132" /><testcase classname="tests.tools.cross_file_security_scan.test_core_functionality.TestVulnerabilityDetection" name="test_detect_sql_injection" time="0.122" /><testcase classname="tests.tools.cross_file_security_scan.test_core_functionality.TestVulnerabilityDetection" name="test_detect_command_injection" time="0.126" /><testcase classname="tests.tools.cross_file_security_scan.test_core_functionality.TestVulnerabilityDetection" name="test_detect_path_traversal" time="0.139" /><testcase classname="tests.tools.cross_file_security_scan.test_core_functionality.TestCrossFileFlows" name="test_track_taint_across_modules" time="0.124" /><testcase classname="tests.tools.cross_file_security_scan.test_core_functionality.TestCrossFileFlows" name="test_multi_hop_taint_flow" time="0.122" /><testcase classname="tests.tools.cross_file_security_scan.test_core_functionality.TestCrossFileFlows" name="test_call_graph_built" time="0.120" /><testcase classname="tests.tools.cross_file_security_scan.test_core_functionality.TestTaintSourcesAndSinks" name="test_taint_sources_defined" time="0.001" /><testcase classname="tests.tools.cross_file_security_scan.test_core_functionality.TestTaintSourcesAndSinks" name="test_dangerous_sinks_defined" time="0.001" /><testcase classname="tests.tools.cross_file_security_scan.test_core_functionality.TestDataClasses" name="test_cross_file_vulnerability_to_dict" time="0.001" /><testcase classname="tests.tools.cross_file_security_scan.test_core_functionality.TestDataClasses" name="test_call_info_hashable" time="0.001" /><testcase classname="tests.tools.cross_file_security_scan.test_core_functionality.TestDataClasses" name="test_function_taint_info_creation" time="0.001" /><testcase classname="tests.tools.cross_file_security_scan.test_core_functionality.TestDataClasses" name="test_sink_info_creation" time="0.001" /><testcase classname="tests.tools.cross_file_security_scan.test_core_functionality.TestImportScenarios" name="test_circular_import_handling" time="0.116" /><testcase classname="tests.tools.cross_file_security_scan.test_core_functionality.TestImportScenarios" name="test_dynamic_import_handling" time="0.121" /><testcase classname="tests.tools.cross_file_security_scan.test_core_functionality.TestImportScenarios" name="test_conditional_import_handling" time="0.126" /><testcase classname="tests.tools.cross_file_security_scan.test_core_functionality.TestImportScenarios" name="test_relative_import_resolution" time="0.134" /><testcase classname="tests.tools.cross_file_security_scan.test_core_functionality.TestImportScenarios" name="test_aliased_import_handling" time="0.129" /><testcase classname="tests.tools.cross_file_security_scan.test_core_functionality.TestImportScenarios" name="test_reexport_chain" time="0.121" /><testcase classname="tests.tools.cross_file_security_scan.test_core_functionality.TestResultProperties" name="test_result_default_values" time="0.001" /><testcase classname="tests.tools.cross_file_security_scan.test_core_functionality.TestResultProperties" name="test_cross_file_taint_flow_hash" time="0.001" /><testcase classname="tests.tools.cross_file_security_scan.test_core_functionality.TestIntegration" name="test_flask_app_analysis" time="0.146" /><testcase classname="tests.tools.cross_file_security_scan.test_core_functionality.TestIntegration" name="test_complex_import_chain" time="0.124" /><testcase classname="tests.tools.cross_file_security_scan.test_edge_cases.TestEmptyProjects" name="test_empty_project" time="0.004" /><testcase classname="tests.tools.cross_file_security_scan.test_edge_cases.TestEmptyProjects" name="test_nonexistent_path" time="0.003" /><testcase classname="tests.tools.cross_file_security_scan.test_edge_cases.TestEmptyProjects" name="test_single_file_project" time="0.117" /><testcase classname="tests.tools.cross_file_security_scan.test_edge_cases.TestErrorHandling" name="test_syntax_error_file" time="0.125" /><testcase classname="tests.tools.cross_file_security_scan.test_edge_cases.TestErrorHandling" name="test_multiple_syntax_errors" time="0.127" /><testcase classname="tests.tools.cross_file_security_scan.test_edge_cases.TestErrorHandling" name="test_import_error_recovery" time="0.139" /><testcase classname="tests.tools.cross_file_security_scan.test_edge_cases.TestSafeCode" name="test_no_dangerous_code" time="0.138" /><testcase classname="tests.tools.cross_file_security_scan.test_edge_cases.TestSafeCode" name="test_parametrized_queries_safe" time="0.140" /><testcase classname="tests.tools.cross_file_security_scan.test_edge_cases.TestMermaidGeneration" name="test_generate_mermaid_diagram" time="0.142" /><testcase classname="tests.tools.cross_file_security_scan.test_edge_cases.TestMermaidGeneration" name="test_mermaid_empty_project" time="0.004" /><testcase classname="tests.tools.cross_file_security_scan.test_edge_cases.TestMermaidGeneration" name="test_mermaid_contains_module_info" time="0.133" /><testcase classname="tests.tools.cross_file_security_scan.test_edge_cases.TestTimeoutHandling" name="test_short_timeout_respected" time="0.210" /><testcase classname="tests.tools.cross_file_security_scan.test_edge_cases.TestTimeoutHandling" name="test_no_timeout_parameter" time="0.131" /><testcase classname="tests.tools.cross_file_security_scan.test_edge_cases.TestComplexDependencies" name="test_deep_module_chain" time="0.170" /><testcase classname="tests.tools.cross_file_security_scan.test_edge_cases.TestComplexDependencies" name="test_wide_dependency_tree" time="0.204" /><testcase classname="tests.tools.cross_file_security_scan.test_edge_cases.TestComplexDependencies" name="test_circular_import_graph" time="0.177" /><testcase classname="tests.tools.cross_file_security_scan.test_edge_cases.TestSpecialCases" name="test_unicode_identifiers" time="0.173" /><testcase classname="tests.tools.cross_file_security_scan.test_edge_cases.TestSpecialCases" name="test_mixed_line_endings" time="0.149" /><testcase classname="tests.tools.cross_file_security_scan.test_edge_cases.TestSpecialCases" name="test_bom_encoded_file" time="0.137" /><testcase classname="tests.tools.cross_file_security_scan.test_edge_cases.TestLargeProjects" name="test_many_small_modules" time="0.433" /><testcase classname="tests.tools.cross_file_security_scan.test_edge_cases.TestLargeProjects" name="test_module_count_limit_respected" time="0.258" /><testcase classname="tests.tools.cross_file_security_scan.test_mcp_interface.TestToolAvailability" name="test_cross_file_security_scan_registered" time="0.003" /><testcase classname="tests.tools.cross_file_security_scan.test_mcp_interface.TestToolAvailability" name="test_cross_file_security_scan_callable" time="0.002" /><testcase classname="tests.tools.cross_file_security_scan.test_mcp_interface.TestToolAvailability" name="test_tool_in_server_registry" time="0.002"><skipped type="pytest.skip" message="Tool registry not available in this version">/mnt/k/backup/Develop/code-scalpel/tests/tools/cross_file_security_scan/test_mcp_interface.py:78: Tool registry not available in this version</skipped></testcase><testcase classname="tests.tools.cross_file_security_scan.test_mcp_interface.TestParameterValidation" name="test_project_root_required" time="0.002" /><testcase classname="tests.tools.cross_file_security_scan.test_mcp_interface.TestParameterValidation" name="test_project_root_accepts_string" time="0.069" /><testcase classname="tests.tools.cross_file_security_scan.test_mcp_interface.TestParameterValidation" name="test_max_depth_parameter" time="0.058" /><testcase classname="tests.tools.cross_file_security_scan.test_mcp_interface.TestParameterValidation" name="test_max_modules_parameter" time="0.059" /><testcase classname="tests.tools.cross_file_security_scan.test_mcp_interface.TestParameterValidation" name="test_include_diagram_parameter" time="0.095" /><testcase classname="tests.tools.cross_file_security_scan.test_mcp_interface.TestParameterValidation" name="test_timeout_seconds_parameter" time="0.064" /><testcase classname="tests.tools.cross_file_security_scan.test_mcp_interface.TestResultFormat" name="test_result_is_serializable" time="0.060" /><testcase classname="tests.tools.cross_file_security_scan.test_mcp_interface.TestResultFormat" name="test_result_has_success_field" time="0.064" /><testcase classname="tests.tools.cross_file_security_scan.test_mcp_interface.TestResultFormat" name="test_result_has_vulnerability_fields" time="0.056" /><testcase classname="tests.tools.cross_file_security_scan.test_mcp_interface.TestResultFormat" name="test_result_has_taint_flow_info" time="0.059" /><testcase classname="tests.tools.cross_file_security_scan.test_mcp_interface.TestEndToEndWorkflow" name="test_simple_vulnerability_detection_workflow" time="0.074" /><testcase classname="tests.tools.cross_file_security_scan.test_mcp_interface.TestEndToEndWorkflow" name="test_safe_code_workflow" time="0.078" /><testcase classname="tests.tools.cross_file_security_scan.test_mcp_interface.TestEndToEndWorkflow" name="test_mermaid_diagram_workflow" time="0.073" /><testcase classname="tests.tools.cross_file_security_scan.test_mcp_interface.TestErrorHandling" name="test_invalid_project_root" time="0.058" /><testcase classname="tests.tools.cross_file_security_scan.test_mcp_interface.TestErrorHandling" name="test_negative_max_depth" time="0.059" /><testcase classname="tests.tools.cross_file_security_scan.test_mcp_interface.TestErrorHandling" name="test_zero_timeout" time="0.059" /><testcase classname="tests.tools.cross_file_security_scan.test_mcp_interface.TestRegressions" name="test_crossfile_hard_fixture" time="0.094" /><testcase classname="tests.tools.cross_file_security_scan.test_pro_enterprise_features" name="test_pro_tier_confidence_scoring_populated" time="0.086" /><testcase classname="tests.tools.cross_file_security_scan.test_pro_enterprise_features" name="test_pro_tier_framework_context_detection" time="0.086" /><testcase classname="tests.tools.cross_file_security_scan.test_pro_enterprise_features" name="test_pro_tier_dependency_chain_analysis" time="0.087" /><testcase classname="tests.tools.cross_file_security_scan.test_pro_enterprise_features" name="test_pro_tier_sanitizer_detection" time="0.089" /><testcase classname="tests.tools.cross_file_security_scan.test_pro_enterprise_features" name="test_pro_tier_advanced_taint_sources" time="0.075" /><testcase classname="tests.tools.cross_file_security_scan.test_pro_enterprise_features" name="test_enterprise_tier_microservice_boundary_detection" time="0.085" /><testcase classname="tests.tools.cross_file_security_scan.test_pro_enterprise_features" name="test_enterprise_tier_cross_service_vulnerability_tracking" time="0.082" /><testcase classname="tests.tools.cross_file_security_scan.test_pro_enterprise_features" name="test_enterprise_tier_distributed_trace_representation" time="0.078" /><testcase classname="tests.tools.cross_file_security_scan.test_pro_enterprise_features" name="test_enterprise_tier_global_flows_across_services" time="0.078" /><testcase classname="tests.tools.cross_file_security_scan.test_pro_enterprise_features" name="test_enterprise_tier_compliance_impact_mapping" time="0.078" /><testcase classname="tests.tools.cross_file_security_scan.test_pro_enterprise_features" name="test_enterprise_tier_unlimited_module_analysis" time="0.174" /><testcase classname="tests.tools.cross_file_security_scan.test_pro_enterprise_features" name="test_enterprise_tier_result_completeness" time="0.078" /><testcase classname="tests.tools.cross_file_security_scan.test_pro_enterprise_features" name="test_community_tier_gating_no_pro_features" time="0.095" /><testcase classname="tests.tools.cross_file_security_scan.test_pro_enterprise_features" name="test_pro_tier_gating_no_enterprise_features" time="0.079" /><testcase classname="tests.tools.cross_file_security_scan.test_pro_enterprise_features" name="test_enterprise_tier_all_features_available" time="0.085" /><testcase classname="tests.tools.cross_file_security_scan.test_tiers" name="test_cross_file_security_scan_community_enforces_depth_cap" time="0.114" /><testcase classname="tests.tools.cross_file_security_scan.test_tiers" name="test_community_tier_cannot_detect_deep_chain_vuln" time="0.106" /><testcase classname="tests.tools.cross_file_security_scan.test_tiers" name="test_community_tier_invalid_license_fallback" time="0.112" /><testcase classname="tests.tools.cross_file_security_scan.test_tiers" name="test_cross_file_security_scan_pro_finds_deep_chain_vuln" time="0.103" /><testcase classname="tests.tools.cross_file_security_scan.test_tiers" name="test_cross_file_security_scan_pro_clamps_limits" time="0.106" /><testcase classname="tests.tools.cross_file_security_scan.test_tiers" name="test_pro_tier_confidence_scoring_available" time="0.098" /><testcase classname="tests.tools.cross_file_security_scan.test_tiers" name="test_pro_tier_dependency_injection_hints" time="0.105" /><testcase classname="tests.tools.cross_file_security_scan.test_tiers" name="test_cross_file_security_scan_enterprise_unlimited_limits" time="0.100" /><testcase classname="tests.tools.cross_file_security_scan.test_tiers" name="test_cross_file_security_scan_enterprise_returns_extra_fields" time="0.108" /><testcase classname="tests.tools.cross_file_security_scan.test_tiers" name="test_enterprise_tier_microservice_detection" time="0.066" /><testcase classname="tests.tools.cross_file_security_scan.test_tiers" name="test_community_cannot_access_pro_features" time="0.116" /><testcase classname="tests.tools.cross_file_security_scan.test_tiers" name="test_pro_cannot_access_enterprise_features" time="0.099" /><testcase classname="tests.tools.extract_code.test_detect_service_boundaries.TestDetectServiceBoundariesBasic" name="test_single_file_project" time="0.014" /><testcase classname="tests.tools.extract_code.test_detect_service_boundaries.TestDetectServiceBoundariesBasic" name="test_simple_two_module_project" time="0.010" /><testcase classname="tests.tools.extract_code.test_detect_service_boundaries.TestDetectServiceBoundariesBasic" name="test_isolated_clusters" time="0.016" /><testcase classname="tests.tools.extract_code.test_detect_service_boundaries.TestDetectServiceBoundariesDependencyGraph" name="test_dependency_graph_structure" time="0.010" /><testcase classname="tests.tools.extract_code.test_detect_service_boundaries.TestDetectServiceBoundariesDependencyGraph" name="test_dependency_graph_imports" time="0.009" /><testcase classname="tests.tools.extract_code.test_detect_service_boundaries.TestDetectServiceBoundariesIsolationScore" name="test_isolation_level_critical" time="0.009" /><testcase classname="tests.tools.extract_code.test_detect_service_boundaries.TestDetectServiceBoundariesIsolationScore" name="test_isolation_score_threshold" time="0.018" /><testcase classname="tests.tools.extract_code.test_detect_service_boundaries.TestDetectServiceBoundariesServiceStructure" name="test_service_boundary_fields" time="0.009" /><testcase classname="tests.tools.extract_code.test_detect_service_boundaries.TestDetectServiceBoundariesServiceStructure" name="test_service_boundary_types" time="0.010" /><testcase classname="tests.tools.extract_code.test_detect_service_boundaries.TestDetectServiceBoundariesServiceStructure" name="test_isolation_level_valid_values" time="0.009" /><testcase classname="tests.tools.extract_code.test_detect_service_boundaries.TestDetectServiceBoundariesComplexProjects" name="test_microservices_architecture" time="0.029" /><testcase classname="tests.tools.extract_code.test_detect_service_boundaries.TestDetectServiceBoundariesComplexProjects" name="test_large_project_handling" time="0.059" /><testcase classname="tests.tools.extract_code.test_detect_service_boundaries.TestDetectServiceBoundariesComplexProjects" name="test_shared_dependencies" time="0.012" /><testcase classname="tests.tools.extract_code.test_detect_service_boundaries.TestDetectServiceBoundariesExclusions" name="test_test_directory_excluded" time="0.008" /><testcase classname="tests.tools.extract_code.test_detect_service_boundaries.TestDetectServiceBoundariesExclusions" name="test_venv_directory_excluded" time="0.007" /><testcase classname="tests.tools.extract_code.test_detect_service_boundaries.TestDetectServiceBoundariesExclusions" name="test_pycache_excluded" time="0.007" /><testcase classname="tests.tools.extract_code.test_detect_service_boundaries.TestDetectServiceBoundariesEdgeCases" name="test_empty_project" time="0.003" /><testcase classname="tests.tools.extract_code.test_detect_service_boundaries.TestDetectServiceBoundariesEdgeCases" name="test_no_python_files" time="0.004" /><testcase classname="tests.tools.extract_code.test_detect_service_boundaries.TestDetectServiceBoundariesEdgeCases" name="test_none_project_root" time="0.006" /><testcase classname="tests.tools.extract_code.test_detect_service_boundaries.TestDetectServiceBoundariesEdgeCases" name="test_unparseable_python_files" time="0.011" /><testcase classname="tests.tools.extract_code.test_detect_service_boundaries.TestDetectServiceBoundariesExplanation" name="test_explanation_present" time="0.006" /><testcase classname="tests.tools.extract_code.test_detect_service_boundaries.TestDetectServiceBoundariesExplanation" name="test_explanation_contains_stats" time="0.010" /><testcase classname="tests.tools.extract_code.test_detect_service_boundaries.TestDetectServiceBoundariesServiceNaming" name="test_service_name_generation" time="0.009" /><testcase classname="tests.tools.extract_code.test_edge_cases.TestDecoratorHandling" name="test_simple_decorator_preserved" time="0.004" /><testcase classname="tests.tools.extract_code.test_edge_cases.TestDecoratorHandling" name="test_multiple_decorators_preserved" time="0.006" /><testcase classname="tests.tools.extract_code.test_edge_cases.TestDecoratorHandling" name="test_class_decorator_preserved" time="0.004" /><testcase classname="tests.tools.extract_code.test_edge_cases.TestAsyncFunctions" name="test_async_function_extraction" time="0.005" /><testcase classname="tests.tools.extract_code.test_edge_cases.TestAsyncFunctions" name="test_async_method_extraction" time="0.005" /><testcase classname="tests.tools.extract_code.test_edge_cases.TestAsyncFunctions" name="test_async_context_manager" time="0.006" /><testcase classname="tests.tools.extract_code.test_edge_cases.TestNestedFunctions" name="test_outer_function_with_nested" time="0.004" /><testcase classname="tests.tools.extract_code.test_edge_cases.TestNestedFunctions" name="test_closure_variables" time="0.005" /><testcase classname="tests.tools.extract_code.test_edge_cases.TestInheritedMethods" name="test_method_from_child_class" time="0.004" /><testcase classname="tests.tools.extract_code.test_edge_cases.TestInheritedMethods" name="test_child_class_extraction" time="0.004" /><testcase classname="tests.tools.extract_code.test_edge_cases.TestLambdaAndSpecialAssignments" name="test_lambda_assignment" time="0.004" /><testcase classname="tests.tools.extract_code.test_edge_cases.TestLambdaAndSpecialAssignments" name="test_property_method" time="0.004" /><testcase classname="tests.tools.extract_code.test_edge_cases.TestLambdaAndSpecialAssignments" name="test_staticmethod_extraction" time="0.006" /><testcase classname="tests.tools.extract_code.test_edge_cases.TestLambdaAndSpecialAssignments" name="test_classmethod_extraction" time="0.004" /><testcase classname="tests.tools.extract_code.test_extract_with_custom_pattern.TestExtractWithCustomPatternRegex" name="test_regex_pattern_function_matching" time="0.008" /><testcase classname="tests.tools.extract_code.test_extract_with_custom_pattern.TestExtractWithCustomPatternRegex" name="test_regex_pattern_class_matching" time="0.007" /><testcase classname="tests.tools.extract_code.test_extract_with_custom_pattern.TestExtractWithCustomPatternRegex" name="test_regex_pattern_complex_pattern" time="0.007" /><testcase classname="tests.tools.extract_code.test_extract_with_custom_pattern.TestExtractWithCustomPatternRegex" name="test_regex_pattern_case_insensitive" time="0.006" /><testcase classname="tests.tools.extract_code.test_extract_with_custom_pattern.TestExtractWithCustomPatternFunctionCall" name="test_function_call_pattern_direct_call" time="0.006" /><testcase classname="tests.tools.extract_code.test_extract_with_custom_pattern.TestExtractWithCustomPatternFunctionCall" name="test_function_call_pattern_method_call" time="0.007" /><testcase classname="tests.tools.extract_code.test_extract_with_custom_pattern.TestExtractWithCustomPatternFunctionCall" name="test_function_call_pattern_multiple_calls" time="0.006" /><testcase classname="tests.tools.extract_code.test_extract_with_custom_pattern.TestExtractWithCustomPatternImport" name="test_import_pattern_from_import" time="0.007" /><testcase classname="tests.tools.extract_code.test_extract_with_custom_pattern.TestExtractWithCustomPatternImport" name="test_import_pattern_direct_import" time="0.006" /><testcase classname="tests.tools.extract_code.test_extract_with_custom_pattern.TestExtractWithCustomPatternImport" name="test_import_pattern_multiple_imports" time="0.007" /><testcase classname="tests.tools.extract_code.test_extract_with_custom_pattern.TestExtractWithCustomPatternMultipleFiles" name="test_pattern_matching_across_files" time="0.012" /><testcase classname="tests.tools.extract_code.test_extract_with_custom_pattern.TestExtractWithCustomPatternMultipleFiles" name="test_files_scanned_count" time="0.022" /><testcase classname="tests.tools.extract_code.test_extract_with_custom_pattern.TestExtractWithCustomPatternMatchProperties" name="test_pattern_match_contains_all_fields" time="0.008" /><testcase classname="tests.tools.extract_code.test_extract_with_custom_pattern.TestExtractWithCustomPatternMatchProperties" name="test_pattern_match_symbol_type" time="0.008" /><testcase classname="tests.tools.extract_code.test_extract_with_custom_pattern.TestExtractWithCustomPatternMatchProperties" name="test_pattern_match_reason_generated" time="0.007" /><testcase classname="tests.tools.extract_code.test_extract_with_custom_pattern.TestExtractWithCustomPatternEdgeCases" name="test_empty_project_root" time="0.003" /><testcase classname="tests.tools.extract_code.test_extract_with_custom_pattern.TestExtractWithCustomPatternEdgeCases" name="test_no_matching_patterns" time="0.005" /><testcase classname="tests.tools.extract_code.test_extract_with_custom_pattern.TestExtractWithCustomPatternEdgeCases" name="test_invalid_pattern_type" time="0.003" /><testcase classname="tests.tools.extract_code.test_extract_with_custom_pattern.TestExtractWithCustomPatternEdgeCases" name="test_unparseable_python_files" time="0.007" /><testcase classname="tests.tools.extract_code.test_extract_with_custom_pattern.TestExtractWithCustomPatternEdgeCases" name="test_none_project_root" time="0.006" /><testcase classname="tests.tools.extract_code.test_extract_with_custom_pattern.TestExtractWithCustomPatternMultipleFunctionsInFile" name="test_multiple_functions_in_single_file" time="0.008" /><testcase classname="tests.tools.extract_code.test_extract_with_custom_pattern.TestExtractWithCustomPatternMultipleFunctionsInFile" name="test_file_with_mixed_matches" time="0.007" /><testcase classname="tests.tools.extract_code.test_extract_with_custom_pattern.TestExtractWithCustomPatternExplanation" name="test_explanation_contains_stats" time="0.007" /><testcase classname="tests.tools.extract_code.test_language_support.TestPythonLanguageSupport" name="test_python_function_extraction" time="0.006" /><testcase classname="tests.tools.extract_code.test_language_support.TestPythonLanguageSupport" name="test_python_class_extraction" time="0.005" /><testcase classname="tests.tools.extract_code.test_language_support.TestPythonLanguageSupport" name="test_python_method_extraction" time="0.005" /><testcase classname="tests.tools.extract_code.test_language_support.TestJavaScriptLanguageSupport" name="test_javascript_function_extraction" time="0.002" /><testcase classname="tests.tools.extract_code.test_language_support.TestJavaScriptLanguageSupport" name="test_javascript_class_extraction" time="0.002" /><testcase classname="tests.tools.extract_code.test_language_support.TestJavaScriptLanguageSupport" name="test_javascript_method_extraction" time="0.002" /><testcase classname="tests.tools.extract_code.test_language_support.TestTypeScriptLanguageSupport" name="test_typescript_function_extraction" time="0.002" /><testcase classname="tests.tools.extract_code.test_language_support.TestTypeScriptLanguageSupport" name="test_typescript_class_extraction" time="0.002" /><testcase classname="tests.tools.extract_code.test_language_support.TestTypeScriptLanguageSupport" name="test_typescript_interface_extraction" time="0.002" /><testcase classname="tests.tools.extract_code.test_language_support.TestJavaLanguageSupport" name="test_java_method_extraction" time="0.002" /><testcase classname="tests.tools.extract_code.test_language_support.TestJavaLanguageSupport" name="test_java_class_extraction" time="0.002" /><testcase classname="tests.tools.extract_code.test_language_support.TestJavaLanguageSupport" name="test_java_annotation_preservation" time="0.002" /><testcase classname="tests.tools.extract_code.test_language_support.TestJavaLanguageSupport" name="test_java_static_method_extraction" time="0.002" /><testcase classname="tests.tools.extract_code.test_line_numbers.TestLineNumberAccuracy" name="test_function_line_numbers" time="0.004" /><testcase classname="tests.tools.extract_code.test_line_numbers.TestLineNumberAccuracy" name="test_class_line_numbers" time="0.004" /><testcase classname="tests.tools.extract_code.test_line_numbers.TestLineNumberAccuracy" name="test_decorated_function_line_numbers" time="0.005" /><testcase classname="tests.tools.extract_code.test_line_numbers.TestLineNumberAccuracy" name="test_method_line_numbers" time="0.004" /><testcase classname="tests.tools.extract_code.test_line_numbers.TestLineNumberAccuracy" name="test_multiline_function_line_numbers" time="0.006" /><testcase classname="tests.tools.extract_code.test_line_numbers.TestLineNumberAccuracy" name="test_line_number_consistency_across_extractions" time="0.011" /><testcase classname="tests.tools.extract_code.test_line_numbers.TestLineNumberAccuracy" name="test_nested_function_line_numbers" time="0.004" /><testcase classname="tests.tools.extract_code.test_line_numbers.TestLineNumberEdgeCases" name="test_first_line_function" time="0.004" /><testcase classname="tests.tools.extract_code.test_line_numbers.TestLineNumberEdgeCases" name="test_single_line_function" time="0.005" /><testcase classname="tests.tools.extract_code.test_line_numbers.TestLineNumberEdgeCases" name="test_function_with_blank_lines" time="0.005" /><testcase classname="tests.tools.extract_code.test_output_metadata.TestOutputMetadataFields" name="test_python_extraction_includes_metadata" time="0.043" /><testcase classname="tests.tools.extract_code.test_output_metadata.TestOutputMetadataFields" name="test_javascript_extraction_includes_metadata" time="0.042" /><testcase classname="tests.tools.extract_code.test_output_metadata.TestOutputMetadataFields" name="test_typescript_extraction_includes_metadata" time="0.047" /><testcase classname="tests.tools.extract_code.test_output_metadata.TestOutputMetadataFields" name="test_metadata_in_error_responses" time="0.035" /><testcase classname="tests.tools.extract_code.test_output_metadata.TestMetadataFieldTypes" name="test_contextual_extraction_result_has_metadata_fields" time="0.001" /><testcase classname="tests.tools.extract_code.test_output_metadata.TestMetadataFieldTypes" name="test_metadata_fields_have_defaults" time="0.001" /><testcase classname="tests.tools.extract_code.test_output_metadata.TestMetadataFieldTypes" name="test_metadata_fields_can_be_set" time="0.001" /><testcase classname="tests.tools.extract_code.test_pro_enterprise_features.TestProTierFeatures" name="test_pro_tier_cross_file_deps_python" time="0.066" /><testcase classname="tests.tools.extract_code.test_pro_enterprise_features.TestProTierFeatures" name="test_pro_tier_react_component_metadata" time="0.064" /><testcase classname="tests.tools.extract_code.test_pro_enterprise_features.TestProTierFeatures" name="test_pro_tier_decorators_preserved" time="0.018" /><testcase classname="tests.tools.extract_code.test_pro_enterprise_features.TestProTierFeatures" name="test_pro_tier_type_hints_preserved" time="0.019" /><testcase classname="tests.tools.extract_code.test_pro_enterprise_features.TestProTierFeatures" name="test_pro_tier_depth_unlimited" time="0.068" /><testcase classname="tests.tools.extract_code.test_pro_enterprise_features.TestEnterpriseTierFeatures" name="test_enterprise_tier_org_wide_resolution" time="0.060" /><testcase classname="tests.tools.extract_code.test_pro_enterprise_features.TestEnterpriseTierFeatures" name="test_enterprise_tier_custom_extraction_patterns" time="0.053" /><testcase classname="tests.tools.extract_code.test_pro_enterprise_features.TestEnterpriseTierFeatures" name="test_enterprise_tier_service_boundary_detection" time="0.058" /><testcase classname="tests.tools.extract_code.test_pro_enterprise_features.TestEnterpriseTierFeatures" name="test_enterprise_tier_unlimited_depth" time="0.095" /><testcase classname="tests.tools.extract_code.test_pro_enterprise_features.TestEnterpriseTierFeatures" name="test_enterprise_tier_large_file_support" time="0.019" /><testcase classname="tests.tools.extract_code.test_pro_enterprise_features.TestFeatureGating" name="test_community_tier_blocks_cross_file_deps" time="0.060" /><testcase classname="tests.tools.extract_code.test_pro_enterprise_features.TestFeatureGating" name="test_pro_tier_blocks_enterprise_features" time="0.053" /><testcase classname="tests.tools.extract_code.test_pro_enterprise_features.TestFeatureGating" name="test_community_tier_file_size_limit" time="0.044" /><testcase classname="tests.tools.extract_code.test_pro_enterprise_features.TestFeatureGating" name="test_pro_tier_file_size_limit" time="0.105" /><testcase classname="tests.tools.extract_code.test_pro_enterprise_features.TestLicenseInvalidation" name="test_invalid_license_fallback_to_community" time="0.135" /><testcase classname="tests.tools.extract_code.test_pro_enterprise_features.TestLicenseInvalidation" name="test_missing_license_defaults_to_community" time="0.132" /><testcase classname="tests.tools.extract_code.test_resolve_organization_wide.TestResolveOrganizationWideBasic" name="test_single_repo_basic_function_extraction" time="0.015" /><testcase classname="tests.tools.extract_code.test_resolve_organization_wide.TestResolveOrganizationWideBasic" name="test_multiple_repos_detection" time="0.022" /><testcase classname="tests.tools.extract_code.test_resolve_organization_wide.TestResolveOrganizationWideBasic" name="test_cross_repo_import_detection" time="0.016" /><testcase classname="tests.tools.extract_code.test_resolve_organization_wide.TestResolveOrganizationWideBasic" name="test_symbol_extraction_from_files" time="0.018" /><testcase classname="tests.tools.extract_code.test_resolve_organization_wide.TestResolveOrganizationWideMultipleFiles" name="test_deep_import_chain" time="0.015" /><testcase classname="tests.tools.extract_code.test_resolve_organization_wide.TestResolveOrganizationWideMultipleFiles" name="test_multiple_repos_with_shared_lib" time="0.015" /><testcase classname="tests.tools.extract_code.test_resolve_organization_wide.TestResolveOrganizationWideEdgeCases" name="test_workspace_without_git_repos" time="0.010" /><testcase classname="tests.tools.extract_code.test_resolve_organization_wide.TestResolveOrganizationWideEdgeCases" name="test_nonexistent_function_name" time="0.007" /><testcase classname="tests.tools.extract_code.test_resolve_organization_wide.TestResolveOrganizationWideEdgeCases" name="test_invalid_python_code" time="0.007" /><testcase classname="tests.tools.extract_code.test_resolve_organization_wide.TestResolveOrganizationWideEdgeCases" name="test_empty_workspace" time="0.010" /><testcase classname="tests.tools.extract_code.test_resolve_organization_wide.TestResolveOrganizationWideEdgeCases" name="test_none_workspace_root_uses_cwd" time="0.009" /><testcase classname="tests.tools.extract_code.test_resolve_organization_wide.TestResolveOrganizationWideComplexStructures" name="test_yarn_workspace_structure" time="0.012" /><testcase classname="tests.tools.extract_code.test_resolve_organization_wide.TestResolveOrganizationWideComplexStructures" name="test_large_monorepo_file_limit" time="0.029" /><testcase classname="tests.tools.extract_code.test_resolve_organization_wide.TestResolveOrganizationWideComplexStructures" name="test_many_symbols_per_file_limit" time="0.014" /><testcase classname="tests.tools.extract_code.test_resolve_organization_wide.TestResolveOrganizationWideComplexStructures" name="test_circular_imports_handled" time="0.018" /><testcase classname="tests.tools.extract_code.test_resolve_organization_wide.TestResolveOrganizationWideExplanations" name="test_explanation_format" time="0.010" /><testcase classname="tests.tools.extract_code.test_resolve_organization_wide.TestResolveOrganizationWideUnparseable" name="test_unparseable_module_files_skipped" time="0.012" /><testcase classname="tests.tools.extract_code.test_resolve_organization_wide.TestResolveOrganizationWideResolvedSymbols" name="test_resolved_symbols_mapping" time="0.013" /><testcase classname="tests.tools.extract_code.test_resolve_organization_wide.TestResolveOrganizationWideCrossRepoImports" name="test_cross_repo_import_structure" time="0.014" /><testcase classname="tests.tools.generate_unit_tests.test_basic_integration.TestGenerateUnitTestsIntegration" name="test_basic_pytest_generation" time="0.013" /><testcase classname="tests.tools.generate_unit_tests.test_basic_integration.TestGenerateUnitTestsIntegration" name="test_basic_unittest_generation" time="0.006" /><testcase classname="tests.tools.generate_unit_tests.test_basic_integration.TestGenerateUnitTestsIntegration" name="test_invalid_framework_rejected" time="0.001" /><testcase classname="tests.tools.generate_unit_tests.test_basic_integration.TestGenerateUnitTestsIntegration" name="test_empty_code_rejected" time="0.001" /><testcase classname="tests.tools.generate_unit_tests.test_basic_integration.TestGenerateUnitTestsIntegration" name="test_result_is_json_serializable" time="0.005" /><testcase classname="tests.tools.generate_unit_tests.test_basic_integration.TestGenerateUnitTestsIntegration" name="test_complex_function_generation" time="0.006" /><testcase classname="tests.tools.generate_unit_tests.test_basic_integration.TestGenerateUnitTestsIntegration" name="test_error_handling_function" time="0.011" /><testcase classname="tests.tools.generate_unit_tests.test_basic_integration.TestGenerateUnitTestsIntegration" name="test_loop_function_handling" time="0.006" /><testcase classname="tests.tools.generate_unit_tests.test_basic_integration.TestGenerateUnitTestsIntegration" name="test_nested_conditions" time="0.007" /><testcase classname="tests.tools.generate_unit_tests.test_basic_integration.TestPytestOutputFormat" name="test_pytest_uses_assert_statements" time="0.005" /><testcase classname="tests.tools.generate_unit_tests.test_basic_integration.TestPytestOutputFormat" name="test_pytest_has_test_functions" time="0.005" /><testcase classname="tests.tools.generate_unit_tests.test_basic_integration.TestPytestOutputFormat" name="test_pytest_imports_pytest_if_needed" time="0.005" /><testcase classname="tests.tools.generate_unit_tests.test_basic_integration.TestUnittestOutputFormat" name="test_unittest_has_test_class" time="0.006" /><testcase classname="tests.tools.generate_unit_tests.test_basic_integration.TestUnittestOutputFormat" name="test_unittest_inherits_testcase" time="0.005" /><testcase classname="tests.tools.generate_unit_tests.test_basic_integration.TestUnittestOutputFormat" name="test_unittest_uses_assert_methods" time="0.006" /><testcase classname="tests.tools.generate_unit_tests.test_basic_integration.TestUnittestOutputFormat" name="test_unittest_imports_unittest" time="0.004" /><testcase classname="tests.tools.generate_unit_tests.test_basic_integration.TestCodeCompilability" name="test_generated_pytest_is_compilable" time="0.007" /><testcase classname="tests.tools.generate_unit_tests.test_basic_integration.TestCodeCompilability" name="test_generated_unittest_is_compilable" time="0.007" /><testcase classname="tests.tools.generate_unit_tests.test_basic_integration.TestMultipleFunctions" name="test_specific_function_selection" time="0.007" /><testcase classname="tests.tools.generate_unit_tests.test_generate_unit_tests_mcp_serialization" name="test_generate_unit_tests_result_is_json_serializable" time="0.005" /><testcase classname="tests.tools.generate_unit_tests.test_generate_unit_tests_tiers" name="test_generate_unit_tests_community_limits_and_framework" time="0.089" /><testcase classname="tests.tools.generate_unit_tests.test_generate_unit_tests_tiers" name="test_generate_unit_tests_pro_allows_data_driven_and_unittest" time="0.038" /><testcase classname="tests.tools.generate_unit_tests.test_generate_unit_tests_tiers" name="test_generate_unit_tests_enterprise_allows_bug_repro" time="0.038" /><testcase classname="tests.tools.generate_unit_tests.test_generate_unit_tests_tiers" name="test_generate_unit_tests_limits_toml_override" time="0.079" /><testcase classname="tests.tools.generate_unit_tests.test_output_metadata.TestOutputMetadataFields" name="test_basic_generation_includes_metadata" time="0.053" /><testcase classname="tests.tools.generate_unit_tests.test_output_metadata.TestOutputMetadataFields" name="test_unittest_framework_metadata" time="0.046" /><testcase classname="tests.tools.generate_unit_tests.test_output_metadata.TestOutputMetadataFields" name="test_data_driven_flag_in_metadata" time="0.054" /><testcase classname="tests.tools.generate_unit_tests.test_output_metadata.TestOutputMetadataFields" name="test_metadata_present_regardless_of_code_complexity" time="0.050" /><testcase classname="tests.tools.generate_unit_tests.test_output_metadata.TestMetadataFieldTypes" name="test_test_generation_result_has_metadata_fields" time="0.001" /><testcase classname="tests.tools.generate_unit_tests.test_output_metadata.TestMetadataFieldTypes" name="test_metadata_fields_have_defaults" time="0.001" /><testcase classname="tests.tools.generate_unit_tests.test_output_metadata.TestMetadataFieldTypes" name="test_metadata_fields_can_be_set" time="0.001" /><testcase classname="tests.tools.generate_unit_tests.test_output_metadata.TestFeatureGatingMetadata" name="test_unsupported_framework_error_has_metadata" time="0.048" /><testcase classname="tests.tools.generate_unit_tests.test_tier_and_features.TestCommunityTierFeatures" name="test_community_pytest_works" time="0.005" /><testcase classname="tests.tools.generate_unit_tests.test_tier_and_features.TestCommunityTierFeatures" name="test_community_limited_test_generation" time="0.010" /><testcase classname="tests.tools.generate_unit_tests.test_tier_and_features.TestProTierFeatures" name="test_pro_unittest_works" time="0.006" /><testcase classname="tests.tools.generate_unit_tests.test_tier_and_features.TestProTierFeatures" name="test_pro_can_generate_both_frameworks" time="0.009" /><testcase classname="tests.tools.generate_unit_tests.test_tier_and_features.TestLargeCodeHandling" name="test_large_function_handling" time="0.014" /><testcase classname="tests.tools.generate_unit_tests.test_tier_and_features.TestLargeCodeHandling" name="test_deeply_nested_logic" time="0.013" /><testcase classname="tests.tools.generate_unit_tests.test_tier_and_features.TestLargeCodeHandling" name="test_multiple_exception_types" time="0.020" /><testcase classname="tests.tools.generate_unit_tests.test_tier_and_features.TestEdgeCases" name="test_function_with_no_logic" time="0.006" /><testcase classname="tests.tools.generate_unit_tests.test_tier_and_features.TestEdgeCases" name="test_function_with_only_exceptions" time="0.006" /><testcase classname="tests.tools.generate_unit_tests.test_tier_and_features.TestEdgeCases" name="test_function_with_type_hints" time="0.005" /><testcase classname="tests.tools.generate_unit_tests.test_tier_and_features.TestEdgeCases" name="test_function_with_docstring" time="0.007" /><testcase classname="tests.tools.generate_unit_tests.test_tier_and_features.TestEdgeCases" name="test_function_with_default_arguments" time="0.005" /><testcase classname="tests.tools.generate_unit_tests.test_tier_and_features.TestOutputConsistency" name="test_same_code_generates_valid_tests" time="0.011" /><testcase classname="tests.tools.get_cross_file_dependencies.test_api_contract.TestAPISignature" name="test_target_file_and_symbol_required" time="0.074" /><testcase classname="tests.tools.get_cross_file_dependencies.test_api_contract.TestResultModelFields" name="test_success_field" time="0.065" /><testcase classname="tests.tools.get_cross_file_dependencies.test_api_contract.TestResultModelFields" name="test_extracted_symbols_field" time="0.068" /><testcase classname="tests.tools.get_cross_file_dependencies.test_api_contract.TestResultModelFields" name="test_import_graph_field" time="0.066" /><testcase classname="tests.tools.get_cross_file_dependencies.test_api_contract.TestResultModelFields" name="test_circular_imports_field" time="0.068" /><testcase classname="tests.tools.get_cross_file_dependencies.test_api_contract.TestResultModelFields" name="test_combined_code_field" time="0.065" /><testcase classname="tests.tools.get_cross_file_dependencies.test_api_contract.TestResultModelFields" name="test_mermaid_field" time="0.065" /><testcase classname="tests.tools.get_cross_file_dependencies.test_api_contract.TestErrorHandling" name="test_nonexistent_file_error" time="0.052" /><testcase classname="tests.tools.get_cross_file_dependencies.test_api_contract.TestErrorHandling" name="test_nonexistent_symbol_handling" time="0.066" /><testcase classname="tests.tools.get_cross_file_dependencies.test_api_contract.TestTokenEstimation" name="test_token_estimate_field" time="0.070" /><testcase classname="tests.tools.get_cross_file_dependencies.test_api_contract.TestConfidenceDecay" name="test_confidence_decay_factor" time="0.068" /><testcase classname="tests.tools.get_cross_file_dependencies.test_api_contract.TestConfidenceDecay" name="test_low_confidence_warning" time="0.088" /><testcase classname="tests.tools.get_cross_file_dependencies.test_architecture_integration.TestArchitectureConfigParsing" name="test_parse_valid_architecture_config" time="0.008" /><testcase classname="tests.tools.get_cross_file_dependencies.test_architecture_integration.TestArchitectureConfigParsing" name="test_missing_architecture_config_uses_defaults" time="0.004" /><testcase classname="tests.tools.get_cross_file_dependencies.test_architecture_integration.TestLayerMappingValidation" name="test_layer_assignment_from_config" time="0.090" /><testcase classname="tests.tools.get_cross_file_dependencies.test_architecture_integration.TestBoundaryViolationDetection" name="test_detects_upward_dependency_violation" time="0.068" /><testcase classname="tests.tools.get_cross_file_dependencies.test_architecture_integration.TestCouplingLimitValidation" name="test_detects_fan_in_violation" time="0.199" /><testcase classname="tests.tools.get_cross_file_dependencies.test_architecture_integration.TestCustomArchitecturalRules" name="test_custom_deny_rule_enforcement" time="0.067" /><testcase classname="tests.tools.get_cross_file_dependencies.test_architecture_integration.TestExemptionPatternMatching" name="test_exemptions_exclude_test_files" time="0.077" /><testcase classname="tests.tools.get_cross_file_dependencies.test_architecture_integration.TestRuleSeverityLevels" name="test_critical_severity_violation" time="0.072" /><testcase classname="tests.tools.get_cross_file_dependencies.test_architecture_integration.TestConfigWithoutFields" name="test_partial_config_uses_defaults" time="0.005" /><testcase classname="tests.tools.get_cross_file_dependencies.test_community_tier.TestCommunityTierBasics" name="test_community_simple_import" time="0.077" /><testcase classname="tests.tools.get_cross_file_dependencies.test_community_tier.TestCommunityTierBasics" name="test_community_max_depth_enforcement" time="0.108" /><testcase classname="tests.tools.get_cross_file_dependencies.test_community_tier.TestCommunityCircularDetection" name="test_circular_imports_detected" time="0.073" /><testcase classname="tests.tools.get_cross_file_dependencies.test_community_tier.TestCommunityImportGraph" name="test_import_graph_generated" time="0.067" /><testcase classname="tests.tools.get_cross_file_dependencies.test_community_tier.TestCommunityMermaidDiagram" name="test_mermaid_diagram_generated" time="0.067" /><testcase classname="tests.tools.get_cross_file_dependencies.test_community_tier.TestCommunityFeatureGating" name="test_no_transitive_chains" time="0.087" /><testcase classname="tests.tools.get_cross_file_dependencies.test_community_tier.TestCommunityFeatureGating" name="test_no_alias_resolutions" time="0.072" /><testcase classname="tests.tools.get_cross_file_dependencies.test_community_tier.TestCommunityFeatureGating" name="test_no_wildcard_expansions" time="0.068" /><testcase classname="tests.tools.get_cross_file_dependencies.test_community_tier.TestCommunityFeatureGating" name="test_no_architectural_violations" time="0.065" /><testcase classname="tests.tools.get_cross_file_dependencies.test_enterprise_tier.TestEnterpriseUnlimitedDepth" name="test_unlimited_depth_analysis" time="0.090" /><testcase classname="tests.tools.get_cross_file_dependencies.test_enterprise_tier.TestEnterpriseArchitecturalRuleEngine" name="test_rule_engine_initialization" time="0.066" /><testcase classname="tests.tools.get_cross_file_dependencies.test_enterprise_tier.TestEnterpriseLayerMapping" name="test_layer_mapping_available" time="0.071" /><testcase classname="tests.tools.get_cross_file_dependencies.test_enterprise_tier.TestEnterpriseCouplingLimits" name="test_coupling_violations_detected" time="0.083" /><testcase classname="tests.tools.get_cross_file_dependencies.test_enterprise_tier.TestEnterpriseExemptionPatterns" name="test_exempted_files_tracked" time="0.086" /><testcase classname="tests.tools.get_cross_file_dependencies.test_enterprise_tier.TestEnterpriseBoundaryViolations" name="test_boundary_violation_detection" time="0.149" /><testcase classname="tests.tools.get_cross_file_dependencies.test_enterprise_tier.TestEnterpriseLayerViolations" name="test_layer_violation_detection" time="0.092" /><testcase classname="tests.tools.get_cross_file_dependencies.test_enterprise_tier.TestEnterpriseArchitecturalAlerts" name="test_alerts_aggregation" time="0.090" /><testcase classname="tests.tools.get_cross_file_dependencies.test_field_content_validation.TestAliasResolutionContent" name="test_simple_import_alias_resolution" time="0.091" /><testcase classname="tests.tools.get_cross_file_dependencies.test_field_content_validation.TestAliasResolutionContent" name="test_from_import_as_alias_resolution" time="0.087" /><testcase classname="tests.tools.get_cross_file_dependencies.test_field_content_validation.TestWildcardExpansionContent" name="test_wildcard_all_expansion" time="0.084" /><testcase classname="tests.tools.get_cross_file_dependencies.test_field_content_validation.TestWildcardExpansionContent" name="test_no_private_symbols_in_expansion" time="0.068" /><testcase classname="tests.tools.get_cross_file_dependencies.test_field_content_validation.TestReexportChainContent" name="test_package_init_reexport_detection" time="0.077" /><testcase classname="tests.tools.get_cross_file_dependencies.test_field_content_validation.TestCouplingViolationContent" name="test_fan_in_violation_metric_content" time="0.069" /><testcase classname="tests.tools.get_cross_file_dependencies.test_field_content_validation.TestArchitecturalViolationContent" name="test_layer_violation_has_rule_and_recommendation" time="0.069" /><testcase classname="tests.tools.get_cross_file_dependencies.test_field_content_validation.TestArchitecturalViolationContent" name="test_boundary_alert_has_layer_info" time="0.069" /><testcase classname="tests.tools.get_cross_file_dependencies.test_field_content_validation.TestLayerMappingContent" name="test_layer_mapping_file_assignment" time="0.068" /><testcase classname="tests.tools.get_cross_file_dependencies.test_field_content_validation.TestRulesAppliedContent" name="test_rules_applied_is_list_of_rule_names" time="0.069" /><testcase classname="tests.tools.get_cross_file_dependencies.test_field_content_validation.TestExemptedFilesContent" name="test_exempted_files_match_patterns" time="0.071" /><testcase classname="tests.tools.get_cross_file_dependencies.test_field_content_validation.TestDependencyChainContent" name="test_dependency_chains_are_valid_paths" time="0.086" /><testcase classname="tests.tools.get_cross_file_dependencies.test_field_content_validation.TestCircularImportContent" name="test_circular_imports_identified_correctly" time="0.072" /><testcase classname="tests.tools.get_cross_file_dependencies.test_field_content_validation.TestFileAnalyzedCount" name="test_files_analyzed_count_accurate" time="0.071" /><testcase classname="tests.tools.get_cross_file_dependencies.test_field_content_validation.TestMaxDepthReachedAccuracy" name="test_max_depth_reached_matches_actual_depth" time="0.088" /><testcase classname="tests.tools.get_cross_file_dependencies.test_licensing_and_fallback.TestCommunityTierLimits" name="test_community_tier_depth_limit" time="0.089" /><testcase classname="tests.tools.get_cross_file_dependencies.test_licensing_and_fallback.TestCommunityTierLimits" name="test_community_tier_file_limit" time="0.067" /><testcase classname="tests.tools.get_cross_file_dependencies.test_licensing_and_fallback.TestProTierCapabilities" name="test_pro_tier_increased_depth" time="0.088" /><testcase classname="tests.tools.get_cross_file_dependencies.test_licensing_and_fallback.TestProTierCapabilities" name="test_pro_tier_alias_resolution" time="0.070" /><testcase classname="tests.tools.get_cross_file_dependencies.test_licensing_and_fallback.TestEnterpriseTierCapabilities" name="test_enterprise_tier_unlimited_depth" time="0.089" /><testcase classname="tests.tools.get_cross_file_dependencies.test_licensing_and_fallback.TestEnterpriseTierCapabilities" name="test_enterprise_tier_architectural_features" time="0.081" /><testcase classname="tests.tools.get_cross_file_dependencies.test_licensing_and_fallback.TestFeatureGatingByCommunityTier" name="test_pro_features_empty_on_community" time="0.077" /><testcase classname="tests.tools.get_cross_file_dependencies.test_licensing_and_fallback.TestFeatureGatingByCommunityTier" name="test_enterprise_features_empty_on_community" time="0.069" /><testcase classname="tests.tools.get_cross_file_dependencies.test_licensing_and_fallback.TestTierConsistency" name="test_repeated_community_calls_consistent" time="0.126" /><testcase classname="tests.tools.get_cross_file_dependencies.test_mcp_protocol_and_security.TestMCPProtocol" name="test_jsonrpc_envelope_includes_metadata_and_payload" time="0.064" /><testcase classname="tests.tools.get_cross_file_dependencies.test_mcp_protocol_and_security.TestMCPProtocol" name="test_missing_params_return_error_envelope" time="0.002" /><testcase classname="tests.tools.get_cross_file_dependencies.test_mcp_protocol_and_security.TestMCPProtocol" name="test_async_concurrency_handles_parallel_requests" time="0.131" /><testcase classname="tests.tools.get_cross_file_dependencies.test_mcp_protocol_and_security.TestEdgeAndSecurityCases" name="test_minimal_valid_input_succeeds" time="0.065" /><testcase classname="tests.tools.get_cross_file_dependencies.test_mcp_protocol_and_security.TestEdgeAndSecurityCases" name="test_empty_file_returns_error_envelope" time="0.076" /><testcase classname="tests.tools.get_cross_file_dependencies.test_mcp_protocol_and_security.TestEdgeAndSecurityCases" name="test_syntax_error_returns_structured_error" time="0.059" /><testcase classname="tests.tools.get_cross_file_dependencies.test_mcp_protocol_and_security.TestEdgeAndSecurityCases" name="test_invalid_encoding_returns_error_envelope" time="0.056" /><testcase classname="tests.tools.get_cross_file_dependencies.test_mcp_protocol_and_security.TestEdgeAndSecurityCases" name="test_secret_strings_not_leaked_on_error" time="0.074" /><testcase classname="tests.tools.get_cross_file_dependencies.test_mcp_protocol_and_security.TestMultiLanguageSupport" name="test_javascript_returns_unsupported_language_error" time="0.055" /><testcase classname="tests.tools.get_cross_file_dependencies.test_mcp_protocol_and_security.TestMultiLanguageSupport" name="test_typescript_returns_unsupported_language_error" time="0.054" /><testcase classname="tests.tools.get_cross_file_dependencies.test_mcp_protocol_and_security.TestMultiLanguageSupport" name="test_java_returns_unsupported_language_error" time="0.061" /><testcase classname="tests.tools.get_cross_file_dependencies.test_mcp_protocol_and_security.TestProtocolStrictness" name="test_tool_is_registered_in_mcp_manager" time="0.002" /><testcase classname="tests.tools.get_cross_file_dependencies.test_mcp_protocol_and_security.TestProtocolStrictness" name="test_tool_name_follows_convention" time="0.002" /><testcase classname="tests.tools.get_cross_file_dependencies.test_mcp_protocol_and_security.TestProtocolStrictness" name="test_error_envelope_includes_error_code" time="0.058" /><testcase classname="tests.tools.get_cross_file_dependencies.test_mcp_protocol_and_security.TestEdgeConstructs" name="test_decorated_function_extraction" time="0.063" /><testcase classname="tests.tools.get_cross_file_dependencies.test_mcp_protocol_and_security.TestEdgeConstructs" name="test_async_function_extraction" time="0.063" /><testcase classname="tests.tools.get_cross_file_dependencies.test_mcp_protocol_and_security.TestEdgeConstructs" name="test_nested_class_extraction" time="0.064" /><testcase classname="tests.tools.get_cross_file_dependencies.test_mcp_protocol_and_security.TestEdgeConstructs" name="test_lambda_function_handling" time="0.062" /><testcase classname="tests.tools.get_cross_file_dependencies.test_mcp_protocol_and_security.TestEdgeConstructs" name="test_function_with_docstring_extraction" time="0.061" /><testcase classname="tests.tools.get_cross_file_dependencies.test_mcp_protocol_and_security.TestEdgeConstructs" name="test_multiline_statement_handling" time="0.063" /><testcase classname="tests.tools.get_cross_file_dependencies.test_mcp_protocol_and_security.TestEdgeConstructs" name="test_unusual_indentation_handling" time="0.062" /><testcase classname="tests.tools.get_cross_file_dependencies.test_mcp_protocol_and_security.TestLimitsAndExhaustion" name="test_community_timeout_enforced" time="0.055" /><testcase classname="tests.tools.get_cross_file_dependencies.test_mcp_protocol_and_security.TestLimitsAndExhaustion" name="test_repeated_calls_deterministic" time="0.184" /><testcase classname="tests.tools.get_cross_file_dependencies.test_mcp_protocol_and_security.TestLimitsAndExhaustion" name="test_repeated_calls_no_memory_growth" time="0.691" /><testcase classname="tests.tools.get_cross_file_dependencies.test_mcp_protocol_and_security.TestLimitsAndExhaustion" name="test_large_file_size_handling" time="0.072" /><testcase classname="tests.tools.get_cross_file_dependencies.test_mcp_protocol_and_security.TestSecurityAndPrivacy" name="test_truncated_file_handling" time="0.061" /><testcase classname="tests.tools.get_cross_file_dependencies.test_mcp_protocol_and_security.TestSecurityAndPrivacy" name="test_bom_encoded_file_handling" time="0.056" /><testcase classname="tests.tools.get_cross_file_dependencies.test_mcp_protocol_and_security.TestSecurityAndPrivacy" name="test_utf16_encoded_file_handling" time="0.058" /><testcase classname="tests.tools.get_cross_file_dependencies.test_mcp_protocol_and_security.TestSecurityAndPrivacy" name="test_latin1_encoded_file_handling" time="0.063" /><testcase classname="tests.tools.get_cross_file_dependencies.test_mcp_protocol_and_security.TestSecurityAndPrivacy" name="test_secrets_redacted_with_include_code_on_error" time="0.070" /><testcase classname="tests.tools.get_cross_file_dependencies.test_mcp_protocol_and_security.TestSecurityAndPrivacy" name="test_partial_file_with_valid_syntax" time="0.061" /><testcase classname="tests.tools.get_cross_file_dependencies.test_performance_stress.TestLargeProjectAnalysis" name="test_community_tier_handles_large_project_within_limits" time="0.941" /><testcase classname="tests.tools.get_cross_file_dependencies.test_performance_stress.TestLargeProjectAnalysis" name="test_pro_tier_handles_large_project_within_limits" time="3.649" /><testcase classname="tests.tools.get_cross_file_dependencies.test_performance_stress.TestLargeProjectAnalysis" name="test_enterprise_tier_handles_large_project_no_file_limit" time="3.985" /><testcase classname="tests.tools.get_cross_file_dependencies.test_performance_stress.TestDepthLimitEnforcement" name="test_community_depth_clamped_to_3" time="0.146" /><testcase classname="tests.tools.get_cross_file_dependencies.test_performance_stress.TestDepthLimitEnforcement" name="test_pro_depth_unlimited" time="0.136" /><testcase classname="tests.tools.get_cross_file_dependencies.test_performance_stress.TestDepthLimitEnforcement" name="test_enterprise_respects_requested_depth" time="0.137" /><testcase classname="tests.tools.get_cross_file_dependencies.test_performance_stress.TestTruncationBehavior" name="test_community_truncates_at_200_files" time="0.682" /><testcase classname="tests.tools.get_cross_file_dependencies.test_performance_stress.TestTruncationBehavior" name="test_pro_truncates_at_500_files" time="0.645" /><testcase classname="tests.tools.get_cross_file_dependencies.test_performance_stress.TestTimeoutProtection" name="test_analysis_respects_timeout" time="0.068" /><testcase classname="tests.tools.get_cross_file_dependencies.test_performance_stress.TestMemoryEfficiency" name="test_no_memory_explosion_on_large_project" time="0.059"><skipped type="pytest.skip" message="psutil not installed">/mnt/k/backup/Develop/code-scalpel/tests/tools/get_cross_file_dependencies/test_performance_stress.py:319: psutil not installed</skipped></testcase><testcase classname="tests.tools.get_cross_file_dependencies.test_performance_stress.TestConcurrentAnalysis" name="test_multiple_concurrent_analyses" time="0.141" /><testcase classname="tests.tools.get_cross_file_dependencies.test_performance_stress.TestPerformanceRegression" name="test_large_project_baseline_performance" time="0.485" /><testcase classname="tests.tools.get_cross_file_dependencies.test_pro_tier.TestProTierDepth" name="test_pro_transitive_chains" time="0.099" /><testcase classname="tests.tools.get_cross_file_dependencies.test_pro_tier.TestProWildcardExpansion" name="test_wildcard_all_expansion" time="0.079" /><testcase classname="tests.tools.get_cross_file_dependencies.test_pro_tier.TestProAliasResolution" name="test_import_alias_tracking" time="0.082" /><testcase classname="tests.tools.get_cross_file_dependencies.test_pro_tier.TestProReexportResolution" name="test_reexport_chain_detection" time="0.087" /><testcase classname="tests.tools.get_cross_file_dependencies.test_pro_tier.TestProChainedAliasResolution" name="test_chained_alias_multi_hop" time="0.073" /><testcase classname="tests.tools.get_cross_file_dependencies.test_pro_tier.TestProCouplingAnalysis" name="test_coupling_score_calculation" time="0.083" /><testcase classname="tests.tools.get_cross_file_dependencies.test_pro_tier.TestProNoArchitecturalRules" name="test_no_boundary_violations" time="0.068" /><testcase classname="tests.tools.get_cross_file_dependencies.test_tier_enforcement.TestTierTransitions" name="test_community_to_pro_increased_depth" time="0.146" /><testcase classname="tests.tools.get_cross_file_dependencies.test_tier_enforcement.TestTierTransitions" name="test_pro_to_enterprise_feature_availability" time="0.139" /><testcase classname="tests.tools.get_cross_file_dependencies.test_tier_enforcement.TestFeatureDegradation" name="test_community_respects_depth_limit" time="0.090" /><testcase classname="tests.tools.get_cross_file_dependencies.test_tier_enforcement.TestFeatureDegradation" name="test_pro_no_architectural_rules" time="0.076" /><testcase classname="tests.tools.get_cross_file_dependencies.test_tier_enforcement.TestResultFieldAvailability" name="test_community_core_fields" time="0.071" /><testcase classname="tests.tools.get_cross_file_dependencies.test_tier_enforcement.TestResultFieldAvailability" name="test_pro_additional_fields" time="0.068" /><testcase classname="tests.tools.get_cross_file_dependencies.test_tier_enforcement.TestResultFieldAvailability" name="test_enterprise_governance_fields" time="0.072" /><testcase classname="tests.tools.get_cross_file_dependencies.test_tier_enforcement.TestConsistentBehavior" name="test_community_consistent_results" time="0.131" /><testcase classname="tests.tools.get_file_context.test_community_tier.TestCommunityTierBasicExtraction" name="test_extracts_functions_from_python_file" time="0.027" /><testcase classname="tests.tools.get_file_context.test_community_tier.TestCommunityTierBasicExtraction" name="test_extracts_classes_from_python_file" time="0.019" /><testcase classname="tests.tools.get_file_context.test_community_tier.TestCommunityTierBasicExtraction" name="test_extracts_imports_from_python_file" time="0.028" /><testcase classname="tests.tools.get_file_context.test_community_tier.TestCommunityTierLineLimits" name="test_enforces_500_line_limit_community" time="0.018" /><testcase classname="tests.tools.get_file_context.test_community_tier.TestCommunityTierSecurityIssues" name="test_detects_bare_except_clause" time="0.022" /><testcase classname="tests.tools.get_file_context.test_community_tier.TestCommunityTierSecurityIssues" name="test_returns_security_issue_flag" time="0.019" /><testcase classname="tests.tools.get_file_context.test_community_tier.TestCommunityTierNoProFeatures" name="test_code_smells_empty_for_community" time="0.024" /><testcase classname="tests.tools.get_file_context.test_community_tier.TestCommunityTierNoProFeatures" name="test_doc_coverage_empty_for_community" time="0.020" /><testcase classname="tests.tools.get_file_context.test_community_tier.TestCommunityTierNoProFeatures" name="test_maintainability_index_empty_for_community" time="0.022" /><testcase classname="tests.tools.get_file_context.test_community_tier.TestCommunityTierNoEnterpriseFeatures" name="test_custom_metadata_empty_for_community" time="0.021" /><testcase classname="tests.tools.get_file_context.test_community_tier.TestCommunityTierNoEnterpriseFeatures" name="test_compliance_flags_empty_for_community" time="0.021" /><testcase classname="tests.tools.get_file_context.test_community_tier.TestCommunityTierNoEnterpriseFeatures" name="test_owners_empty_for_community" time="0.021" /><testcase classname="tests.tools.get_file_context.test_community_tier.TestCommunityTierNoEnterpriseFeatures" name="test_technical_debt_score_empty_for_community" time="0.020" /><testcase classname="tests.tools.get_file_context.test_community_tier.TestCommunityTierErrorHandling" name="test_handles_file_not_found" time="0.015" /><testcase classname="tests.tools.get_file_context.test_community_tier.TestCommunityTierErrorHandling" name="test_handles_syntax_errors" time="0.024" /><testcase classname="tests.tools.get_file_context.test_enterprise_tier.TestEnterpriseCustomMetadata" name="test_loads_custom_metadata_when_available" time="0.023" /><testcase classname="tests.tools.get_file_context.test_enterprise_tier.TestEnterpriseCustomMetadata" name="test_custom_metadata_empty_when_not_available" time="0.021" /><testcase classname="tests.tools.get_file_context.test_enterprise_tier.TestEnterpriseComplianceDetection" name="test_detects_hipaa_compliance_issues" time="0.016" /><testcase classname="tests.tools.get_file_context.test_enterprise_tier.TestEnterpriseComplianceDetection" name="test_detects_pci_compliance_issues" time="0.018" /><testcase classname="tests.tools.get_file_context.test_enterprise_tier.TestEnterpriseComplianceDetection" name="test_compliance_flags_empty_when_no_issues" time="0.021" /><testcase classname="tests.tools.get_file_context.test_enterprise_tier.TestEnterpriseCodeOwners" name="test_parses_codeowners_file" time="0.020" /><testcase classname="tests.tools.get_file_context.test_enterprise_tier.TestEnterpriseCodeOwners" name="test_owners_empty_when_no_codeowners" time="0.024" /><testcase classname="tests.tools.get_file_context.test_enterprise_tier.TestEnterpriseDebtScore" name="test_calculates_technical_debt_score" time="0.021" /><testcase classname="tests.tools.get_file_context.test_enterprise_tier.TestEnterpriseDebtScore" name="test_debt_score_correlates_with_smells" time="0.020" /><testcase classname="tests.tools.get_file_context.test_enterprise_tier.TestEnterpriseHistoricalMetrics" name="test_returns_historical_metrics_field" time="0.019" /><testcase classname="tests.tools.get_file_context.test_enterprise_tier.TestEnterprisePIIRedaction" name="test_redacts_email_addresses" time="0.022" /><testcase classname="tests.tools.get_file_context.test_enterprise_tier.TestEnterprisePIIRedaction" name="test_redacts_phone_numbers" time="0.021" /><testcase classname="tests.tools.get_file_context.test_enterprise_tier.TestEnterpriseSecretMasking" name="test_masks_aws_credentials" time="0.018" /><testcase classname="tests.tools.get_file_context.test_enterprise_tier.TestEnterpriseSecretMasking" name="test_masks_api_keys" time="0.019" /><testcase classname="tests.tools.get_file_context.test_enterprise_tier.TestEnterpriseSecretMasking" name="test_masks_hardcoded_passwords" time="0.018" /><testcase classname="tests.tools.get_file_context.test_enterprise_tier.TestEnterpriseIncludesProFeatures" name="test_enterprise_includes_code_smells" time="0.021" /><testcase classname="tests.tools.get_file_context.test_enterprise_tier.TestEnterpriseIncludesProFeatures" name="test_enterprise_includes_doc_coverage" time="0.019" /><testcase classname="tests.tools.get_file_context.test_enterprise_tier.TestEnterpriseIncludesProFeatures" name="test_enterprise_includes_maintainability" time="0.023" /><testcase classname="tests.tools.get_file_context.test_enterprise_tier.TestEnterpriseUnlimitedContext" name="test_enterprise_has_no_line_limit" time="0.136" /><testcase classname="tests.tools.get_file_context.test_licensing.TestCommunityTierLimits" name="test_community_tier_500_line_limit" time="0.044" /><testcase classname="tests.tools.get_file_context.test_licensing.TestCommunityTierLimits" name="test_community_tier_respects_limit" time="0.219" /><testcase classname="tests.tools.get_file_context.test_licensing.TestProTierLimits" name="test_pro_tier_2000_line_limit" time="0.670" /><testcase classname="tests.tools.get_file_context.test_licensing.TestProTierLimits" name="test_pro_tier_higher_limit_than_community" time="0.058" /><testcase classname="tests.tools.get_file_context.test_licensing.TestEnterpriseTierLimits" name="test_enterprise_tier_unlimited" time="2.723" /><testcase classname="tests.tools.get_file_context.test_licensing.TestTierFeatureGating" name="test_community_cannot_access_pro_features" time="0.042" /><testcase classname="tests.tools.get_file_context.test_licensing.TestTierFeatureGating" name="test_pro_cannot_access_enterprise_features" time="0.041" /><testcase classname="tests.tools.get_file_context.test_licensing.TestTierFeatureGating" name="test_feature_availability_per_tier" time="0.079" /><testcase classname="tests.tools.get_file_context.test_licensing.TestInvalidLicenseFallback" name="test_missing_license_defaults_to_community" time="0.056" /><testcase classname="tests.tools.get_file_context.test_licensing.TestCapabilityKeyEnforcement" name="test_capability_key_enables_feature" time="0.060" /><testcase classname="tests.tools.get_file_context.test_licensing.TestCapabilityKeyEnforcement" name="test_wrong_capability_key_does_not_enable_feature" time="0.007" /><testcase classname="tests.tools.get_file_context.test_licensing.TestMultipleCapabilities" name="test_multiple_pro_capabilities" time="0.044" /><testcase classname="tests.tools.get_file_context.test_licensing.TestMultipleCapabilities" name="test_mixed_tier_capabilities" time="0.045" /><testcase classname="tests.tools.get_file_context.test_multi_language.TestPythonExtraction" name="test_python_function_extraction" time="0.017" /><testcase classname="tests.tools.get_file_context.test_multi_language.TestPythonExtraction" name="test_python_class_extraction" time="0.017" /><testcase classname="tests.tools.get_file_context.test_multi_language.TestPythonExtraction" name="test_python_import_extraction" time="0.018" /><testcase classname="tests.tools.get_file_context.test_multi_language.TestPythonExtraction" name="test_python_complexity_calculation" time="0.018" /><testcase classname="tests.tools.get_file_context.test_multi_language.TestJavaScriptExtraction" name="test_javascript_function_extraction" time="0.115" /><testcase classname="tests.tools.get_file_context.test_multi_language.TestJavaScriptExtraction" name="test_javascript_class_extraction" time="0.056" /><testcase classname="tests.tools.get_file_context.test_multi_language.TestJavaScriptExtraction" name="test_javascript_import_export_detection" time="0.059" /><testcase classname="tests.tools.get_file_context.test_multi_language.TestTypeScriptExtraction" name="test_typescript_function_extraction" time="0.118" /><testcase classname="tests.tools.get_file_context.test_multi_language.TestTypeScriptExtraction" name="test_typescript_interface_detection" time="0.059" /><testcase classname="tests.tools.get_file_context.test_multi_language.TestTypeScriptExtraction" name="test_typescript_type_annotations" time="0.061" /><testcase classname="tests.tools.get_file_context.test_multi_language.TestJavaExtraction" name="test_java_class_extraction" time="0.119" /><testcase classname="tests.tools.get_file_context.test_multi_language.TestJavaExtraction" name="test_java_method_extraction" time="0.058" /><testcase classname="tests.tools.get_file_context.test_multi_language.TestJavaExtraction" name="test_java_import_detection" time="0.058" /><testcase classname="tests.tools.get_file_context.test_multi_language.TestJavaExtraction" name="test_java_package_detection" time="0.058" /><testcase classname="tests.tools.get_file_context.test_multi_language.TestLanguageFeatureParity" name="test_all_languages_extract_functions" time="0.146" /><testcase classname="tests.tools.get_file_context.test_multi_language.TestLanguageFeatureParity" name="test_all_languages_extract_classes" time="0.139" /><testcase classname="tests.tools.get_file_context.test_multi_language.TestLanguageFeatureParity" name="test_all_languages_detect_imports" time="0.147" /><testcase classname="tests.tools.get_file_context.test_multi_language.TestLanguageFeatureParity" name="test_all_languages_calculate_complexity" time="0.137" /><testcase classname="tests.tools.get_file_context.test_multi_language.TestLanguageSyntaxHandling" name="test_python_type_hints" time="0.024" /><testcase classname="tests.tools.get_file_context.test_multi_language.TestLanguageSyntaxHandling" name="test_javascript_arrow_functions" time="0.128" /><testcase classname="tests.tools.get_file_context.test_multi_language.TestLanguageSyntaxHandling" name="test_typescript_generic_types" time="0.115" /><testcase classname="tests.tools.get_file_context.test_multi_language.TestLanguageSyntaxHandling" name="test_java_annotations" time="0.115" /><testcase classname="tests.tools.get_file_context.test_performance.TestResponseTime" name="test_small_file_under_100ms" time="0.033" /><testcase classname="tests.tools.get_file_context.test_performance.TestResponseTime" name="test_medium_file_under_1s" time="0.235" /><testcase classname="tests.tools.get_file_context.test_performance.TestResponseTime" name="test_large_file_4k_loc_under_5s" time="0.498" /><testcase classname="tests.tools.get_file_context.test_performance.TestResponseTime" name="test_xlarge_file_20k_loc_under_10s" time="0.622" /><testcase classname="tests.tools.get_file_context.test_performance.TestResponseTime" name="test_performance_scales_linearly" time="0.700" /><testcase classname="tests.tools.get_file_context.test_performance.TestMemoryUsage" name="test_small_file_under_10mb" time="0.054" /><testcase classname="tests.tools.get_file_context.test_performance.TestMemoryUsage" name="test_medium_file_under_50mb" time="1.091" /><testcase classname="tests.tools.get_file_context.test_performance.TestMemoryUsage" name="test_large_file_under_500mb" time="3.173" /><testcase classname="tests.tools.get_file_context.test_performance.TestMemoryUsage" name="test_no_memory_leaks_repeated_calls" time="24.820" /><testcase classname="tests.tools.get_file_context.test_performance.TestStressTests" name="test_100_sequential_requests" time="1.970" /><testcase classname="tests.tools.get_file_context.test_performance.TestStressTests" name="test_10_concurrent_requests" time="0.015" /><testcase classname="tests.tools.get_file_context.test_performance.TestStressTests" name="test_recovery_after_limit" time="0.624" /><testcase classname="tests.tools.get_file_context.test_performance.TestCrossPlatformStability" name="test_deterministic_output_repeated_calls" time="0.627" /><testcase classname="tests.tools.get_file_context.test_pro_tier.TestProTierCodeSmellDetection" name="test_detects_code_smells_with_pro_capability" time="0.023" /><testcase classname="tests.tools.get_file_context.test_pro_tier.TestProTierCodeSmellDetection" name="test_detects_long_functions" time="0.025" /><testcase classname="tests.tools.get_file_context.test_pro_tier.TestProTierCodeSmellDetection" name="test_detects_god_class" time="0.024" /><testcase classname="tests.tools.get_file_context.test_pro_tier.TestProTierCodeSmellDetection" name="test_no_code_smells_in_good_code" time="0.017" /><testcase classname="tests.tools.get_file_context.test_pro_tier.TestProTierDocumentationCoverage" name="test_calculates_doc_coverage" time="0.019" /><testcase classname="tests.tools.get_file_context.test_pro_tier.TestProTierDocumentationCoverage" name="test_doc_coverage_in_valid_range" time="0.018" /><testcase classname="tests.tools.get_file_context.test_pro_tier.TestProTierDocumentationCoverage" name="test_good_code_has_high_doc_coverage" time="0.017" /><testcase classname="tests.tools.get_file_context.test_pro_tier.TestProTierDocumentationCoverage" name="test_undocumented_code_has_low_coverage" time="0.016" /><testcase classname="tests.tools.get_file_context.test_pro_tier.TestProTierMaintainabilityIndex" name="test_calculates_maintainability_index" time="0.017" /><testcase classname="tests.tools.get_file_context.test_pro_tier.TestProTierMaintainabilityIndex" name="test_maintainability_in_valid_range" time="0.018" /><testcase classname="tests.tools.get_file_context.test_pro_tier.TestProTierMaintainabilityIndex" name="test_good_code_has_high_maintainability" time="0.019" /><testcase classname="tests.tools.get_file_context.test_pro_tier.TestProTierMaintainabilityIndex" name="test_smelly_code_has_lower_maintainability" time="0.020" /><testcase classname="tests.tools.get_file_context.test_pro_tier.TestProTierLineLimits" name="test_pro_tier_has_2000_line_limit" time="0.019" /><testcase classname="tests.tools.get_file_context.test_pro_tier.TestProTierNoEnterpriseFeatures" name="test_custom_metadata_empty_for_pro" time="0.018" /><testcase classname="tests.tools.get_file_context.test_pro_tier.TestProTierNoEnterpriseFeatures" name="test_compliance_flags_empty_for_pro" time="0.018" /><testcase classname="tests.tools.get_file_context.test_pro_tier.TestProTierNoEnterpriseFeatures" name="test_owners_empty_for_pro" time="0.019" /><testcase classname="tests.tools.get_file_context.test_pro_tier.TestProTierNoEnterpriseFeatures" name="test_technical_debt_empty_for_pro" time="0.018" /><testcase classname="tests.tools.get_file_context.test_pro_tier.TestProTierIncludesAllCommunityFeatures" name="test_pro_includes_function_extraction" time="0.017" /><testcase classname="tests.tools.get_file_context.test_pro_tier.TestProTierIncludesAllCommunityFeatures" name="test_pro_includes_class_extraction" time="0.018" /><testcase classname="tests.tools.get_graph_neighborhood.licensing.test_license_validation.TestValidLicenseDetection" name="test_no_license_defaults_to_community" time="0.104" /><testcase classname="tests.tools.get_graph_neighborhood.licensing.test_license_validation.TestValidLicenseDetection" name="test_valid_pro_license_detected" time="0.054" /><testcase classname="tests.tools.get_graph_neighborhood.licensing.test_license_validation.TestValidLicenseDetection" name="test_valid_enterprise_license_detected" time="0.050" /><testcase classname="tests.tools.get_graph_neighborhood.licensing.test_license_validation.TestValidLicenseDetection" name="test_missing_license_file_falls_back_to_community" time="0.056" /><testcase classname="tests.tools.get_graph_neighborhood.licensing.test_license_validation.TestValidLicenseDetection" name="test_malformed_jwt_falls_back_to_community" time="0.012" /><testcase classname="tests.tools.get_graph_neighborhood.licensing.test_license_validation.TestLicenseEnvironmentVariables" name="test_license_path_env_var_used" time="0.015" /><testcase classname="tests.tools.get_graph_neighborhood.licensing.test_license_validation.TestLicenseEnvironmentVariables" name="test_empty_license_path_falls_back_to_community" time="0.053" /><testcase classname="tests.tools.get_graph_neighborhood.licensing.test_license_validation.TestTierLimitEnforcement" name="test_community_k_clamped_to_1" time="0.006" /><testcase classname="tests.tools.get_graph_neighborhood.licensing.test_license_validation.TestTierLimitEnforcement" name="test_community_limits_defined" time="0.092" /><testcase classname="tests.tools.get_graph_neighborhood.licensing.test_license_validation.TestTierLimitEnforcement" name="test_pro_limits_defined" time="0.046" /><testcase classname="tests.tools.get_graph_neighborhood.licensing.test_license_validation.TestTierLimitEnforcement" name="test_enterprise_unlimited" time="0.047" /><testcase classname="tests.tools.get_graph_neighborhood.licensing.test_tier_detection.TestTierDetectionFromLicense" name="test_pro_tier_detected_from_license" time="0.015" /><testcase classname="tests.tools.get_graph_neighborhood.licensing.test_tier_detection.TestTierDetectionFromLicense" name="test_enterprise_tier_detected_from_license" time="0.015" /><testcase classname="tests.tools.get_graph_neighborhood.licensing.test_tier_detection.TestTierDetectionFromLicense" name="test_community_tier_when_no_license" time="0.054" /><testcase classname="tests.tools.get_graph_neighborhood.licensing.test_tier_detection.TestTierNormalization" name="test_tier_names_normalized_to_lowercase" time="0.013" /><testcase classname="tests.tools.get_graph_neighborhood.licensing.test_tier_detection.TestEnvironmentVariablePrecedence" name="test_license_path_takes_precedence_over_discovery" time="0.014" /><testcase classname="tests.tools.get_graph_neighborhood.licensing.test_tier_detection.TestEnvironmentVariablePrecedence" name="test_disable_discovery_with_no_path_uses_community" time="0.055" /><testcase classname="tests.tools.get_graph_neighborhood.licensing.test_tier_detection.TestLicenseClaimValidation" name="test_license_with_missing_tier_claim_rejected" time="0.017" /><testcase classname="tests.tools.get_graph_neighborhood.licensing.test_tier_detection.TestLicenseClaimValidation" name="test_license_must_have_valid_signature" time="0.013" /><testcase classname="tests.tools.get_graph_neighborhood.licensing.test_tier_detection.TestCrossToolConsistency" name="test_tier_consistent_across_multiple_calls" time="0.032" /><testcase classname="tests.tools.get_graph_neighborhood.licensing.test_tier_detection.TestCrossToolConsistency" name="test_tier_changes_when_license_changed" time="0.064" /><testcase classname="tests.tools.get_graph_neighborhood.mcp_metadata.test_mcp_license_metadata.TestMCPResponseTierMetadata" name="test_mcp_response_includes_tier_field" time="0.166" /><testcase classname="tests.tools.get_graph_neighborhood.mcp_metadata.test_mcp_license_metadata.TestMCPResponseTierMetadata" name="test_community_tier_metadata_correct" time="0.163" /><testcase classname="tests.tools.get_graph_neighborhood.mcp_metadata.test_mcp_license_metadata.TestMCPResponseTierMetadata" name="test_pro_tier_metadata_correct" time="0.146" /><testcase classname="tests.tools.get_graph_neighborhood.mcp_metadata.test_mcp_license_metadata.TestMCPResponseTierMetadata" name="test_enterprise_tier_metadata_correct" time="0.076" /><testcase classname="tests.tools.get_graph_neighborhood.mcp_metadata.test_mcp_license_metadata.TestMCPUpgradeHints" name="test_community_limit_hit_includes_upgrade_hint" time="0.005" /><testcase classname="tests.tools.get_graph_neighborhood.mcp_metadata.test_mcp_license_metadata.TestMCPUpgradeHints" name="test_pro_limit_hit_includes_upgrade_hint" time="0.004" /><testcase classname="tests.tools.get_graph_neighborhood.mcp_metadata.test_mcp_license_metadata.TestMCPLicenseExpirationWarnings" name="test_valid_license_no_expiration_warning" time="0.075" /><testcase classname="tests.tools.get_graph_neighborhood.test_confidence_filtering.TestConfidenceParameterBasic" name="test_min_confidence_zero_includes_all_edges" time="0.002" /><testcase classname="tests.tools.get_graph_neighborhood.test_confidence_filtering.TestConfidenceParameterBasic" name="test_min_confidence_one_only_strongest_edges" time="0.002" /><testcase classname="tests.tools.get_graph_neighborhood.test_confidence_filtering.TestConfidenceParameterBasic" name="test_min_confidence_filters_out_weak_edges" time="0.002" /><testcase classname="tests.tools.get_graph_neighborhood.test_confidence_filtering.TestConfidenceParameterBasic" name="test_min_confidence_defaults_to_zero" time="0.002" /><testcase classname="tests.tools.get_graph_neighborhood.test_confidence_filtering.TestConfidenceEdgeFilteringBehavior" name="test_edges_below_threshold_excluded" time="0.002" /><testcase classname="tests.tools.get_graph_neighborhood.test_confidence_filtering.TestConfidenceEdgeFilteringBehavior" name="test_edges_at_threshold_included" time="0.002" /><testcase classname="tests.tools.get_graph_neighborhood.test_confidence_filtering.TestConfidenceEdgeFilteringBehavior" name="test_edge_filtering_affects_node_reachability" time="0.002" /><testcase classname="tests.tools.get_graph_neighborhood.test_confidence_filtering.TestConfidenceEdgeFilteringBehavior" name="test_confidence_filtering_with_direction" time="0.002" /><testcase classname="tests.tools.get_graph_neighborhood.test_confidence_filtering.TestConfidenceBoundaryConditions" name="test_confidence_negative_invalid" time="0.002" /><testcase classname="tests.tools.get_graph_neighborhood.test_confidence_filtering.TestConfidenceBoundaryConditions" name="test_confidence_above_one_invalid" time="0.001" /><testcase classname="tests.tools.get_graph_neighborhood.test_confidence_filtering.TestConfidenceBoundaryConditions" name="test_confidence_zero_point_five" time="0.002" /><testcase classname="tests.tools.get_graph_neighborhood.test_confidence_filtering.TestConfidenceBoundaryConditions" name="test_confidence_precision" time="0.002" /><testcase classname="tests.tools.get_graph_neighborhood.test_confidence_filtering.TestConfidenceWithK" name="test_confidence_filtering_k1" time="0.002" /><testcase classname="tests.tools.get_graph_neighborhood.test_confidence_filtering.TestConfidenceWithK" name="test_confidence_filtering_k2" time="0.002" /><testcase classname="tests.tools.get_graph_neighborhood.test_confidence_filtering.TestConfidenceWithK" name="test_confidence_may_reduce_depth_reachability" time="0.002" /><testcase classname="tests.tools.get_graph_neighborhood.test_confidence_filtering.TestConfidenceMetadata" name="test_confidence_values_reported" time="0.002" /><testcase classname="tests.tools.get_graph_neighborhood.test_confidence_filtering.TestConfidenceMetadata" name="test_confidence_values_accessible" time="0.002" /><testcase classname="tests.tools.get_graph_neighborhood.test_confidence_filtering.TestConfidenceFilteringSemantics" name="test_high_confidence_means_strong_relationships" time="0.002" /><testcase classname="tests.tools.get_graph_neighborhood.test_confidence_filtering.TestConfidenceFilteringSemantics" name="test_low_confidence_includes_weak_relationships" time="0.002" /><testcase classname="tests.tools.get_graph_neighborhood.test_confidence_filtering.TestConfidenceFilteringSemantics" name="test_confidence_filtering_improves_relevance" time="0.002" /><testcase classname="tests.tools.get_graph_neighborhood.test_core_algorithm.TestCoreAlgorithmBasic" name="test_k1_includes_center_and_direct_neighbors" time="0.002" /><testcase classname="tests.tools.get_graph_neighborhood.test_core_algorithm.TestCoreAlgorithmBasic" name="test_k1_depth_tracking" time="0.002" /><testcase classname="tests.tools.get_graph_neighborhood.test_core_algorithm.TestCoreAlgorithmBasic" name="test_k2_includes_second_level_nodes" time="0.002" /><testcase classname="tests.tools.get_graph_neighborhood.test_core_algorithm.TestCoreAlgorithmBasic" name="test_k2_depth_tracking" time="0.002" /><testcase classname="tests.tools.get_graph_neighborhood.test_core_algorithm.TestCoreAlgorithmBasic" name="test_k3_extends_neighborhood" time="0.002" /><testcase classname="tests.tools.get_graph_neighborhood.test_core_algorithm.TestDepthTracking" name="test_shortest_path_distances" time="0.002" /><testcase classname="tests.tools.get_graph_neighborhood.test_core_algorithm.TestDepthTracking" name="test_k_limiting_respects_depth" time="0.002" /><testcase classname="tests.tools.get_graph_neighborhood.test_core_algorithm.TestNodeReachability" name="test_all_depth_1_nodes_reachable_from_center" time="0.002" /><testcase classname="tests.tools.get_graph_neighborhood.test_core_algorithm.TestNodeReachability" name="test_nonexistent_center_node_fails" time="0.002" /><testcase classname="tests.tools.get_graph_neighborhood.test_core_algorithm.TestNodeReachability" name="test_k_zero_invalid" time="0.001" /><testcase classname="tests.tools.get_graph_neighborhood.test_core_algorithm.TestEdgeInclusion" name="test_k1_edges_connect_center_to_neighbors" time="0.002" /><testcase classname="tests.tools.get_graph_neighborhood.test_core_algorithm.TestEdgeInclusion" name="test_k2_edges_form_valid_paths" time="0.002" /><testcase classname="tests.tools.get_graph_neighborhood.test_core_algorithm.TestAlgorithmEdgeCases" name="test_k_exceeds_graph_depth" time="0.001" /><testcase classname="tests.tools.get_graph_neighborhood.test_core_algorithm.TestAlgorithmEdgeCases" name="test_isolated_node" time="0.001" /><testcase classname="tests.tools.get_graph_neighborhood.test_core_algorithm.TestAlgorithmEdgeCases" name="test_circular_dependencies" time="0.001" /><testcase classname="tests.tools.get_graph_neighborhood.test_core_algorithm.TestPerformanceCharacteristics" name="test_k1_faster_than_k2" time="0.002" /><testcase classname="tests.tools.get_graph_neighborhood.test_core_algorithm.TestPerformanceCharacteristics" name="test_large_k_with_max_nodes_limit" time="0.002" /><testcase classname="tests.tools.get_graph_neighborhood.test_direction_filtering.TestDirectionOutgoing" name="test_outgoing_only_includes_called_functions" time="0.002" /><testcase classname="tests.tools.get_graph_neighborhood.test_direction_filtering.TestDirectionOutgoing" name="test_outgoing_k2_extends_call_chain" time="0.002" /><testcase classname="tests.tools.get_graph_neighborhood.test_direction_filtering.TestDirectionOutgoing" name="test_outgoing_excludes_callers" time="0.001" /><testcase classname="tests.tools.get_graph_neighborhood.test_direction_filtering.TestDirectionOutgoing" name="test_outgoing_edges_point_away_from_center" time="0.002" /><testcase classname="tests.tools.get_graph_neighborhood.test_direction_filtering.TestDirectionIncoming" name="test_incoming_only_includes_calling_functions" time="0.002" /><testcase classname="tests.tools.get_graph_neighborhood.test_direction_filtering.TestDirectionIncoming" name="test_incoming_k2_traces_back_callers" time="0.002" /><testcase classname="tests.tools.get_graph_neighborhood.test_direction_filtering.TestDirectionIncoming" name="test_incoming_excludes_callees" time="0.002" /><testcase classname="tests.tools.get_graph_neighborhood.test_direction_filtering.TestDirectionIncoming" name="test_incoming_edges_point_toward_center" time="0.002" /><testcase classname="tests.tools.get_graph_neighborhood.test_direction_filtering.TestDirectionBoth" name="test_both_includes_callers_and_callees" time="0.002" /><testcase classname="tests.tools.get_graph_neighborhood.test_direction_filtering.TestDirectionBoth" name="test_both_k1_larger_than_outgoing_k1" time="0.002" /><testcase classname="tests.tools.get_graph_neighborhood.test_direction_filtering.TestDirectionBoth" name="test_both_k1_larger_than_incoming_k1" time="0.002" /><testcase classname="tests.tools.get_graph_neighborhood.test_direction_filtering.TestDirectionBoth" name="test_both_is_default" time="0.002" /><testcase classname="tests.tools.get_graph_neighborhood.test_direction_filtering.TestDirectionBoth" name="test_both_includes_all_edge_types" time="0.002" /><testcase classname="tests.tools.get_graph_neighborhood.test_direction_filtering.TestDirectionWithDepth" name="test_outgoing_k2_vs_outgoing_k1" time="0.002" /><testcase classname="tests.tools.get_graph_neighborhood.test_direction_filtering.TestDirectionWithDepth" name="test_incoming_k2_vs_incoming_k1" time="0.002" /><testcase classname="tests.tools.get_graph_neighborhood.test_direction_filtering.TestDirectionWithDepth" name="test_direction_respected_at_all_depths" time="0.002" /><testcase classname="tests.tools.get_graph_neighborhood.test_direction_filtering.TestDirectionValidation" name="test_valid_directions" time="0.002" /><testcase classname="tests.tools.get_graph_neighborhood.test_direction_filtering.TestDirectionValidation" name="test_invalid_direction_rejected" time="0.001" /><testcase classname="tests.tools.get_graph_neighborhood.test_direction_filtering.TestDirectionValidation" name="test_case_sensitive_direction" time="0.001" /><testcase classname="tests.tools.get_graph_neighborhood.test_enterprise_features.TestGraphQueryLanguageBasic" name="test_query_language_capability_exists" time="0.036" /><testcase classname="tests.tools.get_graph_neighborhood.test_enterprise_features.TestGraphQueryLanguageBasic" name="test_query_language_disabled_for_community" time="0.036" /><testcase classname="tests.tools.get_graph_neighborhood.test_enterprise_features.TestGraphQueryLanguageBasic" name="test_query_language_disabled_for_pro" time="0.038" /><testcase classname="tests.tools.get_graph_neighborhood.test_enterprise_features.TestGraphQueryLanguageBasic" name="test_graph_query_engine_initialization" time="0.001" /><testcase classname="tests.tools.get_graph_neighborhood.test_enterprise_features.TestGraphQueryLanguageBasic" name="test_query_engine_load_graph_data" time="0.001" /><testcase classname="tests.tools.get_graph_neighborhood.test_enterprise_features.TestQueryNodeFiltering" name="test_query_where_greater_than" time="0.006" /><testcase classname="tests.tools.get_graph_neighborhood.test_enterprise_features.TestQueryNodeFiltering" name="test_query_where_less_than" time="0.001" /><testcase classname="tests.tools.get_graph_neighborhood.test_enterprise_features.TestQueryNodeFiltering" name="test_query_where_equals" time="0.001" /><testcase classname="tests.tools.get_graph_neighborhood.test_enterprise_features.TestQueryNodeFiltering" name="test_query_where_contains" time="0.001" /><testcase classname="tests.tools.get_graph_neighborhood.test_enterprise_features.TestQueryEdgeFiltering" name="test_query_all_edges_returned" time="0.001" /><testcase classname="tests.tools.get_graph_neighborhood.test_enterprise_features.TestQueryPathMatching" name="test_query_engine_supports_path_patterns" time="0.001" /><testcase classname="tests.tools.get_graph_neighborhood.test_enterprise_features.TestQueryOrdering" name="test_query_order_by_ascending" time="0.001" /><testcase classname="tests.tools.get_graph_neighborhood.test_enterprise_features.TestQueryOrdering" name="test_query_order_by_descending" time="0.001" /><testcase classname="tests.tools.get_graph_neighborhood.test_enterprise_features.TestQueryOrdering" name="test_query_limit_clause" time="0.001" /><testcase classname="tests.tools.get_graph_neighborhood.test_enterprise_features.TestQueryOrdering" name="test_query_order_and_limit_combined" time="0.001" /><testcase classname="tests.tools.get_graph_neighborhood.test_enterprise_features.TestAdvancedGraphMetrics" name="test_hot_nodes_capability_exists" time="0.036" /><testcase classname="tests.tools.get_graph_neighborhood.test_enterprise_features.TestAdvancedGraphMetrics" name="test_hot_nodes_disabled_for_community" time="0.035" /><testcase classname="tests.tools.get_graph_neighborhood.test_enterprise_features.TestAdvancedGraphMetrics" name="test_degree_calculation_in_result_nodes" time="0.001" /><testcase classname="tests.tools.get_graph_neighborhood.test_enterprise_features.TestQueryComplexCombinations" name="test_where_and_order_and_limit" time="0.001" /><testcase classname="tests.tools.get_graph_neighborhood.test_enterprise_features.TestEnterpriseTierCapabilityGating" name="test_community_tier_no_enterprise_features" time="0.035" /><testcase classname="tests.tools.get_graph_neighborhood.test_enterprise_features.TestEnterpriseTierCapabilityGating" name="test_pro_tier_no_enterprise_features" time="0.035" /><testcase classname="tests.tools.get_graph_neighborhood.test_enterprise_features.TestEnterpriseTierCapabilityGating" name="test_enterprise_tier_has_all_features" time="0.035" /><testcase classname="tests.tools.get_graph_neighborhood.test_enterprise_features.TestQueryPerformance" name="test_query_result_includes_execution_time" time="0.001" /><testcase classname="tests.tools.get_graph_neighborhood.test_enterprise_features.TestQueryErrorHandling" name="test_empty_query_succeeds" time="0.001" /><testcase classname="tests.tools.get_graph_neighborhood.test_enterprise_features.TestQueryErrorHandling" name="test_malformed_query_fails_gracefully" time="0.001" /><testcase classname="tests.tools.get_graph_neighborhood.test_logging_and_debugging.TestErrorLogging" name="test_error_logged_on_missing_node" time="0.013" /><testcase classname="tests.tools.get_graph_neighborhood.test_logging_and_debugging.TestErrorLogging" name="test_error_logged_on_invalid_parameters" time="0.012" /><testcase classname="tests.tools.get_graph_neighborhood.test_logging_and_debugging.TestErrorLogging" name="test_error_logging_includes_function_context" time="0.014" /><testcase classname="tests.tools.get_graph_neighborhood.test_logging_and_debugging.TestWarningLogging" name="test_warning_logged_on_truncation" time="0.014" /><testcase classname="tests.tools.get_graph_neighborhood.test_logging_and_debugging.TestWarningLogging" name="test_warning_logged_on_confidence_filtering" time="0.016" /><testcase classname="tests.tools.get_graph_neighborhood.test_logging_and_debugging.TestDebugLogging" name="test_debug_logs_available" time="0.018" /><testcase classname="tests.tools.get_graph_neighborhood.test_logging_and_debugging.TestDebugLogging" name="test_debug_logs_not_excessive" time="0.066" /><testcase classname="tests.tools.get_graph_neighborhood.test_logging_and_debugging.TestDebugLogging" name="test_debug_info_includes_parameters" time="0.017" /><testcase classname="tests.tools.get_graph_neighborhood.test_logging_and_debugging.TestErrorMessageClarity" name="test_missing_required_param_error_is_clear" time="0.013" /><testcase classname="tests.tools.get_graph_neighborhood.test_logging_and_debugging.TestErrorMessageClarity" name="test_invalid_direction_error_is_clear" time="0.013" /><testcase classname="tests.tools.get_graph_neighborhood.test_logging_and_debugging.TestErrorMessageClarity" name="test_invalid_confidence_error_is_clear" time="0.013" /><testcase classname="tests.tools.get_graph_neighborhood.test_logging_and_debugging.TestErrorMessageClarity" name="test_invalid_k_value_error_is_clear" time="0.012" /><testcase classname="tests.tools.get_graph_neighborhood.test_logging_and_debugging.TestContextualErrorMessages" name="test_node_not_found_error_includes_attempted_id" time="0.015" /><testcase classname="tests.tools.get_graph_neighborhood.test_logging_and_debugging.TestContextualErrorMessages" name="test_parameter_validation_error_includes_value" time="0.011" /><testcase classname="tests.tools.get_graph_neighborhood.test_logging_and_debugging.TestContextualErrorMessages" name="test_tier_limit_error_includes_limit_info" time="0.013" /><testcase classname="tests.tools.get_graph_neighborhood.test_logging_and_debugging.TestSuccessLogging" name="test_successful_operation_logged" time="0.013" /><testcase classname="tests.tools.get_graph_neighborhood.test_logging_and_debugging.TestSuccessLogging" name="test_operation_timing_logged" time="0.017" /><testcase classname="tests.tools.get_graph_neighborhood.test_logging_and_debugging.TestLoggingLevelControl" name="test_info_level_logs" time="0.012" /><testcase classname="tests.tools.get_graph_neighborhood.test_logging_and_debugging.TestLoggingLevelControl" name="test_warning_level_excludes_debug" time="0.027" /><testcase classname="tests.tools.get_graph_neighborhood.test_logging_and_debugging.TestLoggingLevelControl" name="test_error_level_captures_errors" time="0.013" /><testcase classname="tests.tools.get_graph_neighborhood.test_logging_and_debugging.TestLoggingDoesNotCrash" name="test_logging_with_special_characters" time="0.018" /><testcase classname="tests.tools.get_graph_neighborhood.test_logging_and_debugging.TestLoggingDoesNotCrash" name="test_logging_with_unicode" time="0.019" /><testcase classname="tests.tools.get_graph_neighborhood.test_logging_and_debugging.TestLoggingDoesNotCrash" name="test_logging_with_very_long_strings" time="0.017" /><testcase classname="tests.tools.get_graph_neighborhood.test_logging_and_debugging.TestLoggingConsistency" name="test_repeated_calls_log_consistently" time="0.032" /><testcase classname="tests.tools.get_graph_neighborhood.test_logging_and_debugging.TestLoggingConsistency" name="test_different_inputs_produce_different_logs" time="0.021" /><testcase classname="tests.tools.get_graph_neighborhood.test_logging_and_debugging.TestLoggingForDebugScenarios" name="test_debug_logs_help_diagnose_missing_node" time="0.018" /><testcase classname="tests.tools.get_graph_neighborhood.test_logging_and_debugging.TestLoggingForDebugScenarios" name="test_debug_logs_show_parameter_values" time="0.018" /><testcase classname="tests.tools.get_graph_neighborhood.test_logging_and_debugging.TestLoggingForDebugScenarios" name="test_debug_logs_show_tier_limits" time="0.017" /><testcase classname="tests.tools.get_graph_neighborhood.test_mcp_jsonrpc_negative_paths.TestJSONRPCInvalidMethod" name="test_invalid_method_name_rejected" time="0.013" /><testcase classname="tests.tools.get_graph_neighborhood.test_mcp_jsonrpc_negative_paths.TestJSONRPCInvalidMethod" name="test_method_name_case_sensitivity" time="0.012" /><testcase classname="tests.tools.get_graph_neighborhood.test_mcp_jsonrpc_negative_paths.TestJSONRPCMissingParameters" name="test_missing_center_node_id" time="0.013" /><testcase classname="tests.tools.get_graph_neighborhood.test_mcp_jsonrpc_negative_paths.TestJSONRPCMissingParameters" name="test_missing_optional_params_use_defaults" time="0.015" /><testcase classname="tests.tools.get_graph_neighborhood.test_mcp_jsonrpc_negative_paths.TestJSONRPCMissingParameters" name="test_null_optional_params_rejected" time="0.018" /><testcase classname="tests.tools.get_graph_neighborhood.test_mcp_jsonrpc_negative_paths.TestJSONRPCRequestIDEcho" name="test_request_id_integer_echo" time="0.015" /><testcase classname="tests.tools.get_graph_neighborhood.test_mcp_jsonrpc_negative_paths.TestJSONRPCRequestIDEcho" name="test_request_id_string_echo" time="0.013" /><testcase classname="tests.tools.get_graph_neighborhood.test_mcp_jsonrpc_negative_paths.TestJSONRPCRequestIDEcho" name="test_request_id_null_handled" time="0.014" /><testcase classname="tests.tools.get_graph_neighborhood.test_mcp_jsonrpc_negative_paths.TestJSONRPCVersionField" name="test_jsonrpc_field_required" time="0.014" /><testcase classname="tests.tools.get_graph_neighborhood.test_mcp_jsonrpc_negative_paths.TestJSONRPCVersionField" name="test_jsonrpc_version_must_be_2_0" time="0.014" /><testcase classname="tests.tools.get_graph_neighborhood.test_mcp_jsonrpc_negative_paths.TestJSONRPCErrorCodes" name="test_invalid_params_error_code" time="0.018" /><testcase classname="tests.tools.get_graph_neighborhood.test_mcp_jsonrpc_negative_paths.TestJSONRPCErrorCodes" name="test_internal_error_code" time="0.015" /><testcase classname="tests.tools.get_graph_neighborhood.test_mcp_jsonrpc_negative_paths.TestJSONRPCErrorCodes" name="test_method_not_found_error_code" time="0.016" /><testcase classname="tests.tools.get_graph_neighborhood.test_mcp_jsonrpc_negative_paths.TestJSONRPCErrorCodes" name="test_parse_error_code" time="0.015" /><testcase classname="tests.tools.get_graph_neighborhood.test_mcp_jsonrpc_negative_paths.TestJSONRPCBatchRequests" name="test_batch_request_processing" time="0.000"><skipped type="pytest.skip" message="Batch requests not yet implemented">/mnt/k/backup/Develop/code-scalpel/tests/tools/get_graph_neighborhood/test_mcp_jsonrpc_negative_paths.py:232: Batch requests not yet implemented</skipped></testcase><testcase classname="tests.tools.get_graph_neighborhood.test_mcp_jsonrpc_negative_paths.TestJSONRPCBatchRequests" name="test_batch_request_partial_failure" time="0.000"><skipped type="pytest.skip" message="Batch requests not yet implemented">/mnt/k/backup/Develop/code-scalpel/tests/tools/get_graph_neighborhood/test_mcp_jsonrpc_negative_paths.py:237: Batch requests not yet implemented</skipped></testcase><testcase classname="tests.tools.get_graph_neighborhood.test_mcp_jsonrpc_negative_paths.TestJSONRPCProtocolViolations" name="test_extra_unknown_params_ignored" time="0.013" /><testcase classname="tests.tools.get_graph_neighborhood.test_mcp_jsonrpc_negative_paths.TestJSONRPCProtocolViolations" name="test_wrong_param_type_coercion" time="0.013" /><testcase classname="tests.tools.get_graph_neighborhood.test_mcp_server_integration.TestToolRegistration" name="test_tool_is_callable" time="0.002" /><testcase classname="tests.tools.get_graph_neighborhood.test_mcp_server_integration.TestToolRegistration" name="test_tool_has_docstring" time="0.001" /><testcase classname="tests.tools.get_graph_neighborhood.test_mcp_server_integration.TestToolRegistration" name="test_tool_signature_has_center_node_id" time="0.001" /><testcase classname="tests.tools.get_graph_neighborhood.test_mcp_server_integration.TestToolRegistration" name="test_tool_signature_has_k_parameter" time="0.001" /><testcase classname="tests.tools.get_graph_neighborhood.test_mcp_server_integration.TestToolRegistration" name="test_tool_signature_has_max_nodes_parameter" time="0.001" /><testcase classname="tests.tools.get_graph_neighborhood.test_mcp_server_integration.TestToolRegistration" name="test_tool_signature_has_direction_parameter" time="0.001" /><testcase classname="tests.tools.get_graph_neighborhood.test_mcp_server_integration.TestToolRegistration" name="test_tool_signature_has_min_confidence_parameter" time="0.001" /><testcase classname="tests.tools.get_graph_neighborhood.test_mcp_server_integration.TestAsyncConcurrentHandling" name="test_concurrent_requests_same_node" time="0.050" /><testcase classname="tests.tools.get_graph_neighborhood.test_mcp_server_integration.TestAsyncConcurrentHandling" name="test_concurrent_requests_different_nodes" time="0.032" /><testcase classname="tests.tools.get_graph_neighborhood.test_mcp_server_integration.TestAsyncConcurrentHandling" name="test_concurrent_requests_mixed_tiers" time="0.031" /><testcase classname="tests.tools.get_graph_neighborhood.test_mcp_server_integration.TestAsyncConcurrentHandling" name="test_sequential_requests_after_error" time="0.023" /><testcase classname="tests.tools.get_graph_neighborhood.test_mcp_server_integration.TestInputValidation" name="test_invalid_input_type_k_negative" time="0.013" /><testcase classname="tests.tools.get_graph_neighborhood.test_mcp_server_integration.TestInputValidation" name="test_invalid_input_type_k_zero" time="0.013" /><testcase classname="tests.tools.get_graph_neighborhood.test_mcp_server_integration.TestInputValidation" name="test_invalid_direction_value" time="0.014" /><testcase classname="tests.tools.get_graph_neighborhood.test_mcp_server_integration.TestInputValidation" name="test_invalid_confidence_out_of_range" time="0.015" /><testcase classname="tests.tools.get_graph_neighborhood.test_mcp_server_integration.TestInputValidation" name="test_missing_required_parameter_center_node_id" time="0.017" /><testcase classname="tests.tools.get_graph_neighborhood.test_mcp_server_integration.TestResponseStructure" name="test_response_has_success_field_bool" time="0.015" /><testcase classname="tests.tools.get_graph_neighborhood.test_mcp_server_integration.TestResponseStructure" name="test_response_error_field_when_failed" time="0.014" /><testcase classname="tests.tools.get_graph_neighborhood.test_mcp_server_integration.TestResponseStructure" name="test_response_nodes_field_is_list" time="0.014" /><testcase classname="tests.tools.get_graph_neighborhood.test_mcp_server_integration.TestResponseStructure" name="test_response_edges_field_is_list" time="0.015" /><testcase classname="tests.tools.get_graph_neighborhood.test_mcp_server_integration.TestResponseStructure" name="test_response_truncated_field_is_bool" time="0.014" /><testcase classname="tests.tools.get_graph_neighborhood.test_mcp_server_integration.TestResponseStructure" name="test_response_mermaid_field_is_string" time="0.014" /><testcase classname="tests.tools.get_graph_neighborhood.test_mcp_server_integration.TestErrorMessages" name="test_error_message_includes_parameter_name" time="0.014" /><testcase classname="tests.tools.get_graph_neighborhood.test_mcp_server_integration.TestErrorMessages" name="test_error_message_suggests_fix" time="0.015" /><testcase classname="tests.tools.get_graph_neighborhood.test_mcp_server_integration.TestErrorMessages" name="test_error_message_not_empty" time="0.026" /><testcase classname="tests.tools.get_graph_neighborhood.test_mcp_server_integration.TestToolCapabilityGating" name="test_pro_features_absent_in_community" time="0.016" /><testcase classname="tests.tools.get_graph_neighborhood.test_mcp_server_integration.TestToolCapabilityGating" name="test_enterprise_features_absent_in_pro" time="0.013" /><testcase classname="tests.tools.get_graph_neighborhood.test_mcp_server_integration.TestToolCapabilityGating" name="test_tier_limits_enforced_in_validation" time="0.009" /><testcase classname="tests.tools.get_graph_neighborhood.test_mermaid_validation.TestMermaidBasicStructure" name="test_mermaid_starts_with_graph_declaration" time="0.003" /><testcase classname="tests.tools.get_graph_neighborhood.test_mermaid_validation.TestMermaidBasicStructure" name="test_mermaid_contains_nodes" time="0.002" /><testcase classname="tests.tools.get_graph_neighborhood.test_mermaid_validation.TestMermaidBasicStructure" name="test_mermaid_contains_edges" time="0.002" /><testcase classname="tests.tools.get_graph_neighborhood.test_mermaid_validation.TestMermaidBasicStructure" name="test_mermaid_is_non_empty_string" time="0.002" /><testcase classname="tests.tools.get_graph_neighborhood.test_mermaid_validation.TestMermaidNodeRepresentation" name="test_mermaid_node_format" time="0.002" /><testcase classname="tests.tools.get_graph_neighborhood.test_mermaid_validation.TestMermaidNodeRepresentation" name="test_mermaid_nodes_have_labels" time="0.002" /><testcase classname="tests.tools.get_graph_neighborhood.test_mermaid_validation.TestMermaidNodeRepresentation" name="test_mermaid_handles_special_characters" time="0.002" /><testcase classname="tests.tools.get_graph_neighborhood.test_mermaid_validation.TestMermaidEdgeRepresentation" name="test_mermaid_edge_format" time="0.002" /><testcase classname="tests.tools.get_graph_neighborhood.test_mermaid_validation.TestMermaidEdgeRepresentation" name="test_mermaid_edges_connect_nodes" time="0.003" /><testcase classname="tests.tools.get_graph_neighborhood.test_mermaid_validation.TestMermaidEdgeRepresentation" name="test_mermaid_edge_labels" time="0.002" /><testcase classname="tests.tools.get_graph_neighborhood.test_mermaid_validation.TestMermaidTruncationIndicators" name="test_truncated_diagram_includes_warning_comment" time="0.002" /><testcase classname="tests.tools.get_graph_neighborhood.test_mermaid_validation.TestMermaidTruncationIndicators" name="test_truncated_diagram_shows_partial_graph" time="0.002" /><testcase classname="tests.tools.get_graph_neighborhood.test_mermaid_validation.TestMermaidDepthInformation" name="test_mermaid_may_include_depth_info" time="0.003" /><testcase classname="tests.tools.get_graph_neighborhood.test_mermaid_validation.TestMermaidSyntaxCorrectness" name="test_mermaid_no_syntax_errors" time="0.002" /><testcase classname="tests.tools.get_graph_neighborhood.test_mermaid_validation.TestMermaidSyntaxCorrectness" name="test_mermaid_valid_direction" time="0.003" /><testcase classname="tests.tools.get_graph_neighborhood.test_mermaid_validation.TestMermaidSyntaxCorrectness" name="test_mermaid_renders_without_crash" time="0.002" /><testcase classname="tests.tools.get_graph_neighborhood.test_mermaid_validation.TestMermaidEmptyGraph" name="test_mermaid_empty_graph" time="0.002" /><testcase classname="tests.tools.get_graph_neighborhood.test_mermaid_validation.TestMermaidEmptyGraph" name="test_mermaid_single_node" time="0.002" /><testcase classname="tests.tools.get_graph_neighborhood.test_mermaid_validation.TestMermaidIntegrationWithFeatures" name="test_mermaid_with_direction_filter" time="0.002" /><testcase classname="tests.tools.get_graph_neighborhood.test_mermaid_validation.TestMermaidIntegrationWithFeatures" name="test_mermaid_with_confidence_filter" time="0.002" /><testcase classname="tests.tools.get_graph_neighborhood.test_mermaid_validation.TestMermaidIntegrationWithFeatures" name="test_mermaid_with_truncation" time="0.002" /><testcase classname="tests.tools.get_graph_neighborhood.test_mermaid_validation.TestMermaidTierExpectations" name="test_community_mermaid_expected" time="0.002" /><testcase classname="tests.tools.get_graph_neighborhood.test_mermaid_validation.TestMermaidTierExpectations" name="test_pro_mermaid_expected" time="0.002" /><testcase classname="tests.tools.get_graph_neighborhood.test_mermaid_validation.TestMermaidTierExpectations" name="test_enterprise_mermaid_expected_matches_pro" time="0.002" /><testcase classname="tests.tools.get_graph_neighborhood.test_performance_memory_stress.TestPerformanceTimings" name="test_simple_graph_response_time" time="0.077" /><testcase classname="tests.tools.get_graph_neighborhood.test_performance_memory_stress.TestPerformanceTimings" name="test_large_graph_with_truncation_timing" time="0.151" /><testcase classname="tests.tools.get_graph_neighborhood.test_performance_memory_stress.TestPerformanceTimings" name="test_confidence_filtering_performance" time="0.118" /><testcase classname="tests.tools.get_graph_neighborhood.test_performance_memory_stress.TestMemoryUsage" name="test_baseline_memory_footprint" time="0.000"><skipped type="pytest.skip" message="psutil not available for memory measurements">/mnt/k/backup/Develop/code-scalpel/tests/tools/get_graph_neighborhood/test_performance_memory_stress.py:165: psutil not available for memory measurements</skipped></testcase><testcase classname="tests.tools.get_graph_neighborhood.test_performance_memory_stress.TestMemoryUsage" name="test_large_graph_memory_bounded" time="0.000"><skipped type="pytest.skip" message="psutil not available for memory measurements">/mnt/k/backup/Develop/code-scalpel/tests/tools/get_graph_neighborhood/test_performance_memory_stress.py:199: psutil not available for memory measurements</skipped></testcase><testcase classname="tests.tools.get_graph_neighborhood.test_performance_memory_stress.TestMemoryUsage" name="test_truncation_prevents_memory_explosion" time="0.000"><skipped type="pytest.skip" message="psutil not available for memory measurements">/mnt/k/backup/Develop/code-scalpel/tests/tools/get_graph_neighborhood/test_performance_memory_stress.py:250: psutil not available for memory measurements</skipped></testcase><testcase classname="tests.tools.get_graph_neighborhood.test_performance_memory_stress.TestMemoryLeaks" name="test_repeated_calls_no_leak" time="0.000"><skipped type="pytest.skip" message="psutil not available for memory measurements">/mnt/k/backup/Develop/code-scalpel/tests/tools/get_graph_neighborhood/test_performance_memory_stress.py:313: psutil not available for memory measurements</skipped></testcase><testcase classname="tests.tools.get_graph_neighborhood.test_performance_memory_stress.TestSequentialLoad" name="test_sequential_varying_k" time="0.225" /><testcase classname="tests.tools.get_graph_neighborhood.test_performance_memory_stress.TestSequentialLoad" name="test_sequential_different_nodes" time="0.152" /><testcase classname="tests.tools.get_graph_neighborhood.test_performance_memory_stress.TestConcurrentLoad" name="test_concurrent_same_node" time="0.148" /><testcase classname="tests.tools.get_graph_neighborhood.test_performance_memory_stress.TestConcurrentLoad" name="test_concurrent_different_nodes" time="0.190" /><testcase classname="tests.tools.get_graph_neighborhood.test_performance_memory_stress.TestConcurrentLoad" name="test_concurrent_mixed_tiers" time="0.146" /><testcase classname="tests.tools.get_graph_neighborhood.test_pro_features.TestSemanticNeighborDetection" name="test_semantic_neighbors_capability_key_exists" time="0.037" /><testcase classname="tests.tools.get_graph_neighborhood.test_pro_features.TestSemanticNeighborDetection" name="test_semantic_neighbors_disabled_for_community" time="0.036" /><testcase classname="tests.tools.get_graph_neighborhood.test_pro_features.TestSemanticNeighborDetection" name="test_semantic_neighbor_finder_initialization" time="0.005" /><testcase classname="tests.tools.get_graph_neighborhood.test_pro_features.TestSemanticNeighborDetection" name="test_semantic_neighbors_empty_project" time="0.005" /><testcase classname="tests.tools.get_graph_neighborhood.test_pro_features.TestSemanticNameSimilarity" name="test_name_similarity_finds_related_functions" time="0.008" /><testcase classname="tests.tools.get_graph_neighborhood.test_pro_features.TestSemanticNameSimilarity" name="test_name_similarity_ordered_by_score" time="0.007" /><testcase classname="tests.tools.get_graph_neighborhood.test_pro_features.TestSemanticParameterSimilarity" name="test_shared_parameters_increase_similarity" time="0.008" /><testcase classname="tests.tools.get_graph_neighborhood.test_pro_features.TestLogicalRelationshipDetection" name="test_logical_relationship_capability_key_exists" time="0.039" /><testcase classname="tests.tools.get_graph_neighborhood.test_pro_features.TestLogicalRelationshipDetection" name="test_logical_relationships_disabled_for_community" time="0.040" /><testcase classname="tests.tools.get_graph_neighborhood.test_pro_features.TestLogicalRelationshipDetection" name="test_logical_relationship_detector_initialization" time="0.005" /><testcase classname="tests.tools.get_graph_neighborhood.test_pro_features.TestLogicalRelationshipDetection" name="test_logical_relationships_empty_project" time="0.005" /><testcase classname="tests.tools.get_graph_neighborhood.test_pro_features.TestLogicalSiblingRelationships" name="test_sibling_functions_detected" time="0.005" /><testcase classname="tests.tools.get_graph_neighborhood.test_pro_features.TestLogicalTestImplementationPairs" name="test_test_for_relationship_detected" time="0.005" /><testcase classname="tests.tools.get_graph_neighborhood.test_pro_features.TestLogicalTestImplementationPairs" name="test_tested_by_relationship_detected" time="0.006" /><testcase classname="tests.tools.get_graph_neighborhood.test_pro_features.TestLogicalHelperRelationships" name="test_helper_relationships_detected" time="0.005" /><testcase classname="tests.tools.get_graph_neighborhood.test_pro_features.TestLogicalSameClassMethods" name="test_same_class_methods_detected" time="0.005" /><testcase classname="tests.tools.get_graph_neighborhood.test_pro_features.TestProTierIntegrationWithKHop" name="test_pro_tier_adds_semantic_neighbors_to_graph" time="0.041" /><testcase classname="tests.tools.get_graph_neighborhood.test_pro_features.TestProTierCapabilityGating" name="test_community_tier_no_pro_features" time="0.053" /><testcase classname="tests.tools.get_graph_neighborhood.test_pro_features.TestProTierCapabilityGating" name="test_pro_tier_has_all_community_plus_pro" time="0.095" /><testcase classname="tests.tools.get_graph_neighborhood.test_pro_features.TestProTierCapabilityGating" name="test_enterprise_tier_has_all_features" time="0.038" /><testcase classname="tests.tools.get_graph_neighborhood.test_pro_features.TestLicenseFallback" name="test_invalid_license_falls_back_to_community" time="0.038" /><testcase classname="tests.tools.get_graph_neighborhood.test_pro_features.TestLicenseFallback" name="test_missing_license_defaults_to_community" time="0.037" /><testcase classname="tests.tools.get_graph_neighborhood.test_security_logging_guards.TestSecretRedaction" name="test_api_key_in_node_id_redacted" time="0.069" /><testcase classname="tests.tools.get_graph_neighborhood.test_security_logging_guards.TestSecretRedaction" name="test_token_in_path_redacted" time="0.028" /><testcase classname="tests.tools.get_graph_neighborhood.test_security_logging_guards.TestSecretRedaction" name="test_password_in_node_name_redacted" time="0.016" /><testcase classname="tests.tools.get_graph_neighborhood.test_security_logging_guards.TestPathSanitization" name="test_dot_dot_traversal_rejected" time="0.018" /><testcase classname="tests.tools.get_graph_neighborhood.test_security_logging_guards.TestPathSanitization" name="test_absolute_path_outside_root_rejected" time="0.071" /><testcase classname="tests.tools.get_graph_neighborhood.test_security_logging_guards.TestPathSanitization" name="test_symlink_traversal_prevented" time="0.103" /><testcase classname="tests.tools.get_graph_neighborhood.test_security_logging_guards.TestNetworkCallPrevention" name="test_no_http_requests_during_analysis" time="0.079" /><testcase classname="tests.tools.get_graph_neighborhood.test_security_logging_guards.TestNetworkCallPrevention" name="test_no_socket_connections" time="0.083" /><testcase classname="tests.tools.get_graph_neighborhood.test_security_logging_guards.TestNetworkCallPrevention" name="test_dns_resolution_not_triggered" time="0.081" /><testcase classname="tests.tools.get_graph_neighborhood.test_security_logging_guards.TestFileWritePrevention" name="test_no_file_writes_during_extraction" time="0.064" /><testcase classname="tests.tools.get_graph_neighborhood.test_security_logging_guards.TestFileWritePrevention" name="test_no_file_deletion" time="0.080" /><testcase classname="tests.tools.get_graph_neighborhood.test_security_logging_guards.TestFileWritePrevention" name="test_no_directory_modification" time="0.080" /><testcase classname="tests.tools.get_graph_neighborhood.test_security_logging_guards.TestLoggingSecurity" name="test_api_keys_not_logged" time="0.078" /><testcase classname="tests.tools.get_graph_neighborhood.test_security_logging_guards.TestLoggingSecurity" name="test_file_paths_sanitized_in_logs" time="0.018" /><testcase classname="tests.tools.get_graph_neighborhood.test_security_logging_guards.TestLoggingSecurity" name="test_error_stack_traces_sanitized" time="0.018" /><testcase classname="tests.tools.get_graph_neighborhood.test_tier_enforcement.TestCommunityTierLimits" name="test_community_k_limited_to_one" time="0.002" /><testcase classname="tests.tools.get_graph_neighborhood.test_tier_enforcement.TestCommunityTierLimits" name="test_community_max_nodes_limited_to_20" time="0.002" /><testcase classname="tests.tools.get_graph_neighborhood.test_tier_enforcement.TestCommunityTierLimits" name="test_community_k1_allowed" time="0.003" /><testcase classname="tests.tools.get_graph_neighborhood.test_tier_enforcement.TestCommunityTierLimits" name="test_community_lower_max_nodes_allowed" time="0.002" /><testcase classname="tests.tools.get_graph_neighborhood.test_tier_enforcement.TestProTierLimits" name="test_pro_k_limited_to_five" time="0.002" /><testcase classname="tests.tools.get_graph_neighborhood.test_tier_enforcement.TestProTierLimits" name="test_pro_max_nodes_limited_to_200" time="0.002" /><testcase classname="tests.tools.get_graph_neighborhood.test_tier_enforcement.TestProTierLimits" name="test_pro_k5_allowed" time="0.002" /><testcase classname="tests.tools.get_graph_neighborhood.test_tier_enforcement.TestProTierLimits" name="test_pro_max_nodes_200_allowed" time="0.003" /><testcase classname="tests.tools.get_graph_neighborhood.test_tier_enforcement.TestProTierLimits" name="test_pro_k_greater_than_community" time="0.003" /><testcase classname="tests.tools.get_graph_neighborhood.test_tier_enforcement.TestEnterpriseTierLimits" name="test_enterprise_unlimited_k" time="0.003" /><testcase classname="tests.tools.get_graph_neighborhood.test_tier_enforcement.TestEnterpriseTierLimits" name="test_enterprise_unlimited_max_nodes" time="0.002" /><testcase classname="tests.tools.get_graph_neighborhood.test_tier_enforcement.TestEnterpriseTierLimits" name="test_enterprise_large_k_allowed" time="0.002" /><testcase classname="tests.tools.get_graph_neighborhood.test_tier_enforcement.TestTierTransitions" name="test_community_to_pro_k_limit_increases" time="0.003" /><testcase classname="tests.tools.get_graph_neighborhood.test_tier_enforcement.TestTierTransitions" name="test_pro_to_enterprise_k_limit_increases" time="0.003" /><testcase classname="tests.tools.get_graph_neighborhood.test_tier_enforcement.TestInvalidLicenseFallback" name="test_invalid_license_falls_back_to_community" time="0.002" /><testcase classname="tests.tools.get_graph_neighborhood.test_tier_enforcement.TestInvalidLicenseFallback" name="test_fallback_enforces_community_limits" time="0.002" /><testcase classname="tests.tools.get_graph_neighborhood.test_tier_enforcement.TestParameterClamping" name="test_k_clamped_to_community_limit" time="0.003" /><testcase classname="tests.tools.get_graph_neighborhood.test_tier_enforcement.TestParameterClamping" name="test_k_clamped_to_pro_limit" time="0.003" /><testcase classname="tests.tools.get_graph_neighborhood.test_tier_enforcement.TestParameterClamping" name="test_k_not_clamped_below_limit" time="0.003" /><testcase classname="tests.tools.get_graph_neighborhood.test_tier_enforcement.TestParameterClamping" name="test_max_nodes_clamped_to_community_limit" time="0.003" /><testcase classname="tests.tools.get_graph_neighborhood.test_tier_enforcement.TestParameterClamping" name="test_max_nodes_clamped_to_pro_limit" time="0.002" /><testcase classname="tests.tools.get_graph_neighborhood.test_tier_enforcement.TestTierCapabilities" name="test_community_has_basic_neighborhood" time="0.002" /><testcase classname="tests.tools.get_graph_neighborhood.test_tier_enforcement.TestTierCapabilities" name="test_pro_has_semantic_neighbor_capability" time="0.002" /><testcase classname="tests.tools.get_graph_neighborhood.test_tier_enforcement.TestTierCapabilities" name="test_enterprise_has_all_capabilities" time="0.002" /><testcase classname="tests.tools.get_graph_neighborhood.test_tier_enforcement.TestTierEnforcementMechanism" name="test_tier_checked_on_every_call" time="0.003" /><testcase classname="tests.tools.get_graph_neighborhood.test_tier_enforcement.TestTierEnforcementMechanism" name="test_tier_enforcement_consistent" time="0.003" /><testcase classname="tests.tools.get_graph_neighborhood.test_truncation_protection.TestTruncationBasic" name="test_no_truncation_when_nodes_less_than_max" time="0.002" /><testcase classname="tests.tools.get_graph_neighborhood.test_truncation_protection.TestTruncationBasic" name="test_truncation_when_nodes_exceed_max" time="0.002" /><testcase classname="tests.tools.get_graph_neighborhood.test_truncation_protection.TestTruncationBasic" name="test_truncation_preserves_center_node" time="0.002" /><testcase classname="tests.tools.get_graph_neighborhood.test_truncation_protection.TestTruncationBasic" name="test_truncation_with_very_small_limit" time="0.002" /><testcase classname="tests.tools.get_graph_neighborhood.test_truncation_protection.TestTruncationWarnings" name="test_truncation_warning_generated" time="0.002" /><testcase classname="tests.tools.get_graph_neighborhood.test_truncation_protection.TestTruncationWarnings" name="test_truncation_warning_contains_useful_info" time="0.002" /><testcase classname="tests.tools.get_graph_neighborhood.test_truncation_protection.TestTruncationWarnings" name="test_no_warning_without_truncation" time="0.002" /><testcase classname="tests.tools.get_graph_neighborhood.test_truncation_protection.TestPartialGraphValidity" name="test_truncated_graph_has_valid_structure" time="0.002" /><testcase classname="tests.tools.get_graph_neighborhood.test_truncation_protection.TestPartialGraphValidity" name="test_edges_in_truncated_graph_reference_nodes" time="0.002" /><testcase classname="tests.tools.get_graph_neighborhood.test_truncation_protection.TestPartialGraphValidity" name="test_truncated_graph_depth_consistent" time="0.002" /><testcase classname="tests.tools.get_graph_neighborhood.test_truncation_protection.TestTruncationDataStructures" name="test_node_depths_only_includes_included_nodes" time="0.002" /><testcase classname="tests.tools.get_graph_neighborhood.test_truncation_protection.TestTruncationDataStructures" name="test_mermaid_includes_truncated_nodes" time="0.002" /><testcase classname="tests.tools.get_graph_neighborhood.test_truncation_protection.TestTruncationWithDifferentK" name="test_truncation_k1" time="0.002" /><testcase classname="tests.tools.get_graph_neighborhood.test_truncation_protection.TestTruncationWithDifferentK" name="test_truncation_k2" time="0.002" /><testcase classname="tests.tools.get_graph_neighborhood.test_truncation_protection.TestTruncationWithDifferentK" name="test_truncation_large_k" time="0.002" /><testcase classname="tests.tools.get_graph_neighborhood.test_truncation_protection.TestTruncationWithFilters" name="test_truncation_with_direction_filter" time="0.002" /><testcase classname="tests.tools.get_graph_neighborhood.test_truncation_protection.TestTruncationWithFilters" name="test_truncation_with_confidence_filter" time="0.002" /><testcase classname="tests.tools.get_graph_neighborhood.test_truncation_protection.TestTruncationWithFilters" name="test_truncation_limits_apply_after_filtering" time="0.002" /><testcase classname="tests.tools.get_graph_neighborhood.test_truncation_protection.TestMaxNodesLimits" name="test_max_nodes_zero_invalid" time="0.001" /><testcase classname="tests.tools.get_graph_neighborhood.test_truncation_protection.TestMaxNodesLimits" name="test_max_nodes_one_returns_center" time="0.002" /><testcase classname="tests.tools.get_graph_neighborhood.test_truncation_protection.TestMaxNodesLimits" name="test_max_nodes_very_large" time="0.002" /><testcase classname="tests.tools.get_graph_neighborhood.test_truncation_protection.TestMaxNodesLimits" name="test_max_nodes_parameter_required" time="0.002" /><testcase classname="tests.tools.get_graph_neighborhood.test_truncation_protection.TestTruncationEdgePreservation" name="test_truncated_graph_preserves_shortest_paths" time="0.002" /><testcase classname="tests.tools.get_graph_neighborhood.test_truncation_protection.TestTruncationEdgePreservation" name="test_truncated_graph_edges_meaningful" time="0.002" /><testcase classname="tests.tools.get_project_map.test_community_tier.TestCommunityTierLimits" name="test_community_max_files_500" time="0.420" /><testcase classname="tests.tools.get_project_map.test_community_tier.TestCommunityTierLimits" name="test_community_max_modules_50" time="0.315" /><testcase classname="tests.tools.get_project_map.test_community_tier.TestCommunityTierLimits" name="test_community_basic_detail_level" time="0.079" /><testcase classname="tests.tools.get_project_map.test_community_tier.TestCommunityTierLimits" name="test_community_no_pro_features" time="0.077" /><testcase classname="tests.tools.get_project_map.test_enterprise_features.TestEnterpriseFeatureVisualization" name="test_city_map_data_accessible" time="0.084" /><testcase classname="tests.tools.get_project_map.test_enterprise_features.TestEnterpriseFeatureVisualization" name="test_force_graph_accessible" time="0.093" /><testcase classname="tests.tools.get_project_map.test_enterprise_features.TestEnterpriseFeatureVisualization" name="test_pro_no_city_map" time="0.073" /><testcase classname="tests.tools.get_project_map.test_enterprise_features.TestEnterpriseFeatureHotspots" name="test_bug_hotspots_accessible" time="0.076" /><testcase classname="tests.tools.get_project_map.test_enterprise_features.TestEnterpriseFeatureHotspots" name="test_churn_heatmap_accessible" time="0.086" /><testcase classname="tests.tools.get_project_map.test_enterprise_features.TestEnterpriseFeatureMultiRepo" name="test_multi_repo_summary_accessible" time="0.078" /><testcase classname="tests.tools.get_project_map.test_enterprise_features.TestEnterpriseFeatureMultiRepo" name="test_pro_no_multi_repo" time="0.074" /><testcase classname="tests.tools.get_project_map.test_enterprise_features.TestEnterpriseFeatureCompliance" name="test_compliance_overlay_accessible" time="0.083" /><testcase classname="tests.tools.get_project_map.test_enterprise_features.TestEnterpriseFeatureCompliance" name="test_pro_no_compliance" time="0.078" /><testcase classname="tests.tools.get_project_map.test_enterprise_features.TestEnterpriseFeatureCustomMetrics" name="test_historical_trends_accessible" time="0.082" /><testcase classname="tests.tools.get_project_map.test_enterprise_features.TestEnterpriseFeatureCustomMetrics" name="test_custom_metrics_accessible" time="0.082" /><testcase classname="tests.tools.get_project_map.test_enterprise_tier.TestEnterpriseTierLimits" name="test_enterprise_unlimited_files" time="21.073" /><testcase classname="tests.tools.get_project_map.test_enterprise_tier.TestEnterpriseTierLimits" name="test_enterprise_max_modules_1000" time="9.124" /><testcase classname="tests.tools.get_project_map.test_enterprise_tier.TestEnterpriseTierLimits" name="test_enterprise_comprehensive_detail" time="0.080" /><testcase classname="tests.tools.get_project_map.test_enterprise_tier.TestEnterpriseTierLimits" name="test_enterprise_all_tier_features" time="0.088" /><testcase classname="tests.tools.get_project_map.test_enterprise_tier.TestEnterpriseTierFeatures" name="test_enterprise_city_map_field_exists" time="0.082" /><testcase classname="tests.tools.get_project_map.test_enterprise_tier.TestEnterpriseTierFeatures" name="test_enterprise_compliance_field_exists" time="0.080" /><testcase classname="tests.tools.get_project_map.test_enterprise_tier.TestEnterpriseTierFeatures" name="test_enterprise_multi_repo_field_exists" time="0.076" /><testcase classname="tests.tools.get_project_map.test_enterprise_tier.TestEnterpriseTierFeatures" name="test_enterprise_force_graph_field_exists" time="0.082" /><testcase classname="tests.tools.get_project_map.test_enterprise_tier.TestEnterpriseTierFeatures" name="test_enterprise_churn_heatmap_field_exists" time="0.077" /><testcase classname="tests.tools.get_project_map.test_enterprise_tier.TestEnterpriseTierFeatures" name="test_enterprise_bug_hotspots_field_exists" time="0.077" /><testcase classname="tests.tools.get_project_map.test_feature_gating.TestFeatureGatingCommunityToPro" name="test_community_coupling_gated" time="0.070" /><testcase classname="tests.tools.get_project_map.test_feature_gating.TestFeatureGatingCommunityToPro" name="test_community_ownership_gated" time="0.067" /><testcase classname="tests.tools.get_project_map.test_feature_gating.TestFeatureGatingCommunityToPro" name="test_community_layers_gated" time="0.071" /><testcase classname="tests.tools.get_project_map.test_feature_gating.TestFeatureGatingProToEnterprise" name="test_pro_city_map_gated" time="0.075" /><testcase classname="tests.tools.get_project_map.test_feature_gating.TestFeatureGatingProToEnterprise" name="test_pro_compliance_gated" time="0.076" /><testcase classname="tests.tools.get_project_map.test_feature_gating.TestFeatureGatingProToEnterprise" name="test_pro_multi_repo_gated" time="0.077" /><testcase classname="tests.tools.get_project_map.test_licensing.TestLicenseFallback" name="test_expired_license_fallback" time="0.406" /><testcase classname="tests.tools.get_project_map.test_licensing.TestLicenseFallback" name="test_invalid_license_fallback" time="0.432" /><testcase classname="tests.tools.get_project_map.test_licensing.TestLicenseFallback" name="test_missing_license_default_community" time="0.451" /><testcase classname="tests.tools.get_project_map.test_licensing.TestLicenseFallback" name="test_valid_pro_license_unlocks_features" time="0.112" /><testcase classname="tests.tools.get_project_map.test_pro_features.TestProFeatureCoupling" name="test_coupling_metrics_accessible" time="0.073" /><testcase classname="tests.tools.get_project_map.test_pro_features.TestProFeatureCoupling" name="test_community_no_coupling_metrics" time="0.071" /><testcase classname="tests.tools.get_project_map.test_pro_features.TestProFeatureOwnership" name="test_git_ownership_accessible" time="0.072" /><testcase classname="tests.tools.get_project_map.test_pro_features.TestProFeatureOwnership" name="test_community_no_git_ownership" time="0.070" /><testcase classname="tests.tools.get_project_map.test_pro_features.TestProFeatureArchitecturalLayers" name="test_architectural_layers_accessible" time="0.073" /><testcase classname="tests.tools.get_project_map.test_pro_features.TestProFeatureArchitecturalLayers" name="test_flask_layer_detection" time="0.075" /><testcase classname="tests.tools.get_project_map.test_pro_features.TestProFeatureArchitecturalLayers" name="test_community_no_architectural_layers" time="0.074" /><testcase classname="tests.tools.get_project_map.test_pro_features.TestProFeatureModuleRelationships" name="test_module_relationships_accessible" time="0.072" /><testcase classname="tests.tools.get_project_map.test_pro_features.TestProFeatureModuleRelationships" name="test_dependency_diagram_accessible" time="0.079" /><testcase classname="tests.tools.get_project_map.test_pro_features.TestProFeatureModuleRelationships" name="test_community_no_module_relationships" time="0.081" /><testcase classname="tests.tools.get_project_map.test_pro_tier.TestProTierLimits" name="test_pro_max_files_unlimited" time="4.635" /><testcase classname="tests.tools.get_project_map.test_pro_tier.TestProTierLimits" name="test_pro_max_modules_200" time="1.633" /><testcase classname="tests.tools.get_project_map.test_pro_tier.TestProTierLimits" name="test_pro_detailed_level" time="0.085" /><testcase classname="tests.tools.get_project_map.test_pro_tier.TestProTierLimits" name="test_pro_no_enterprise_features" time="0.109" /><testcase classname="tests.tools.get_project_map.test_pro_tier.TestProTierFeatures" name="test_pro_coupling_metrics_field_exists" time="0.085" /><testcase classname="tests.tools.get_project_map.test_pro_tier.TestProTierFeatures" name="test_pro_git_ownership_field_exists" time="0.086" /><testcase classname="tests.tools.get_project_map.test_pro_tier.TestProTierFeatures" name="test_pro_architectural_layers_field_exists" time="0.109" /><testcase classname="tests.tools.get_project_map.test_pro_tier.TestProTierFeatures" name="test_pro_module_relationships_field_exists" time="0.081" /><testcase classname="tests.tools.get_project_map.test_tier_enforcement.TestTierTransitions" name="test_community_to_pro_upgrade" time="1.047" /><testcase classname="tests.tools.get_project_map.test_tier_enforcement.TestTierTransitions" name="test_pro_to_enterprise_features" time="0.160" /><testcase classname="tests.tools.get_project_map.test_tier_enforcement.TestTierTransitions" name="test_tier_detail_level_progression" time="0.211" /><testcase classname="tests.tools.get_project_map.test_tier_enforcement.TestTierTransitions" name="test_tier_limits_from_license" time="0.548" /><testcase classname="tests.tools.get_symbol_references.test_edge_cases" name="test_decorator_and_annotation_references" time="0.050" /><testcase classname="tests.tools.get_symbol_references.test_edge_cases" name="test_import_alias_references" time="0.058" /><testcase classname="tests.tools.get_symbol_references.test_edge_cases" name="test_from_import_alias_references" time="0.038" /><testcase classname="tests.tools.get_symbol_references.test_edge_cases" name="test_star_import_references" time="0.039" /><testcase classname="tests.tools.get_symbol_references.test_edge_cases" name="test_multiple_star_imports" time="0.047" /><testcase classname="tests.tools.get_symbol_references.test_enterprise_tier" name="test_enterprise_codeowners_and_ownership" time="0.062" /><testcase classname="tests.tools.get_symbol_references.test_enterprise_tier" name="test_enterprise_impact_analysis" time="0.045" /><testcase classname="tests.tools.get_symbol_references.test_licensing_and_limits" name="test_invalid_license_falls_back_to_community" time="0.038" /><testcase classname="tests.tools.get_symbol_references.test_licensing_and_limits" name="test_expired_license_falls_back_to_community" time="0.036" /><testcase classname="tests.tools.get_symbol_references.test_licensing_and_limits" name="test_invalid_signature_falls_back_to_community" time="0.035" /><testcase classname="tests.tools.get_symbol_references.test_licensing_and_limits" name="test_malformed_jwt_falls_back_to_community" time="0.056" /><testcase classname="tests.tools.get_symbol_references.test_output_metadata" name="test_community_tier_output_metadata" time="0.147" /><testcase classname="tests.tools.get_symbol_references.test_output_metadata" name="test_pro_tier_output_metadata" time="0.052" /><testcase classname="tests.tools.get_symbol_references.test_output_metadata" name="test_enterprise_tier_output_metadata" time="0.041" /><testcase classname="tests.tools.get_symbol_references.test_pro_tier" name="test_pro_reference_categorization_and_counts" time="0.040" /><testcase classname="tests.tools.get_symbol_references.test_pro_tier" name="test_pro_scope_filtering_and_test_exclusion" time="0.035" /><testcase classname="tests.tools.individual.test_call_graph.TestCallGraphBuilderInit" name="test_init_with_path" time="0.010" /><testcase classname="tests.tools.individual.test_call_graph.TestCallGraphBuilderInit" name="test_init_with_string_path" time="0.002" /><testcase classname="tests.tools.individual.test_call_graph.TestIterPythonFiles" name="test_finds_python_files" time="0.002" /><testcase classname="tests.tools.individual.test_call_graph.TestIterPythonFiles" name="test_finds_nested_python_files" time="0.002" /><testcase classname="tests.tools.individual.test_call_graph.TestIterPythonFiles" name="test_skips_git_directory" time="0.002" /><testcase classname="tests.tools.individual.test_call_graph.TestIterPythonFiles" name="test_skips_venv_directory" time="0.002" /><testcase classname="tests.tools.individual.test_call_graph.TestIterPythonFiles" name="test_skips_pycache_directory" time="0.002" /><testcase classname="tests.tools.individual.test_call_graph.TestIterPythonFiles" name="test_skips_node_modules" time="0.002" /><testcase classname="tests.tools.individual.test_call_graph.TestIterPythonFiles" name="test_skips_hidden_directories" time="0.002" /><testcase classname="tests.tools.individual.test_call_graph.TestIterPythonFiles" name="test_empty_directory" time="0.002" /><testcase classname="tests.tools.individual.test_call_graph.TestAnalyzeDefinitions" name="test_extracts_function_definitions" time="0.002" /><testcase classname="tests.tools.individual.test_call_graph.TestAnalyzeDefinitions" name="test_extracts_async_function_definitions" time="0.002" /><testcase classname="tests.tools.individual.test_call_graph.TestAnalyzeDefinitions" name="test_extracts_class_definitions" time="0.002" /><testcase classname="tests.tools.individual.test_call_graph.TestAnalyzeDefinitions" name="test_extracts_method_definitions" time="0.004" /><testcase classname="tests.tools.individual.test_call_graph.TestAnalyzeDefinitions" name="test_extracts_imports" time="0.002" /><testcase classname="tests.tools.individual.test_call_graph.TestAnalyzeDefinitions" name="test_extracts_imports_with_aliases" time="0.002" /><testcase classname="tests.tools.individual.test_call_graph.TestAnalyzeDefinitions" name="test_extracts_relative_imports" time="0.001" /><testcase classname="tests.tools.individual.test_call_graph.TestAnalyzeCalls" name="test_extracts_simple_function_calls" time="0.002" /><testcase classname="tests.tools.individual.test_call_graph.TestAnalyzeCalls" name="test_extracts_method_calls" time="0.002" /><testcase classname="tests.tools.individual.test_call_graph.TestAnalyzeCalls" name="test_extracts_chained_method_calls" time="0.001" /><testcase classname="tests.tools.individual.test_call_graph.TestAnalyzeCalls" name="test_resolves_imported_calls" time="0.001" /><testcase classname="tests.tools.individual.test_call_graph.TestAnalyzeCalls" name="test_resolves_aliased_imports" time="0.002" /><testcase classname="tests.tools.individual.test_call_graph.TestAnalyzeCalls" name="test_resolves_local_function_calls" time="0.002" /><testcase classname="tests.tools.individual.test_call_graph.TestAnalyzeCalls" name="test_async_function_calls" time="0.002" /><testcase classname="tests.tools.individual.test_call_graph.TestAnalyzeCalls" name="test_no_calls_outside_functions" time="0.002" /><testcase classname="tests.tools.individual.test_call_graph.TestBuild" name="test_build_simple_project" time="0.002" /><testcase classname="tests.tools.individual.test_call_graph.TestBuild" name="test_build_multi_file_project" time="0.002" /><testcase classname="tests.tools.individual.test_call_graph.TestBuild" name="test_build_handles_syntax_errors" time="0.003" /><testcase classname="tests.tools.individual.test_call_graph.TestBuild" name="test_build_handles_empty_files" time="0.002" /><testcase classname="tests.tools.individual.test_call_graph.TestBuild" name="test_build_with_nested_functions" time="0.005" /><testcase classname="tests.tools.individual.test_call_graph.TestBuild" name="test_build_with_classes" time="0.002" /><testcase classname="tests.tools.individual.test_call_graph.TestEdgeCases" name="test_lambda_calls" time="0.002" /><testcase classname="tests.tools.individual.test_call_graph.TestEdgeCases" name="test_builtin_calls" time="0.002" /><testcase classname="tests.tools.individual.test_call_graph.TestEdgeCases" name="test_complex_call_expressions" time="0.002" /><testcase classname="tests.tools.individual.test_call_graph.TestEdgeCases" name="test_decorator_calls" time="0.001" /><testcase classname="tests.tools.individual.test_call_graph.TestIntegration" name="test_realistic_project_structure" time="0.004" /><testcase classname="tests.tools.individual.test_call_graph.TestCallGraphCoverageGaps" name="test_get_attribute_value_with_non_name_non_attribute" time="0.002" /><testcase classname="tests.tools.individual.test_call_graph.TestCallGraphCoverageGaps" name="test_subscript_method_call" time="0.002" /><testcase classname="tests.tools.individual.test_call_graph.TestCallGraphCoverageGaps" name="test_call_result_method_call" time="0.002" /><testcase classname="tests.tools.individual.test_call_graph_enhanced.TestCallNode" name="test_call_node_creation" time="0.001" /><testcase classname="tests.tools.individual.test_call_graph_enhanced.TestCallNode" name="test_call_node_with_all_fields" time="0.001" /><testcase classname="tests.tools.individual.test_call_graph_enhanced.TestCallNode" name="test_call_node_defaults" time="0.001" /><testcase classname="tests.tools.individual.test_call_graph_enhanced.TestCallEdge" name="test_call_edge_creation" time="0.001" /><testcase classname="tests.tools.individual.test_call_graph_enhanced.TestCallEdge" name="test_call_edge_external_callee" time="0.001" /><testcase classname="tests.tools.individual.test_call_graph_enhanced.TestCallGraphResult" name="test_result_creation" time="0.001" /><testcase classname="tests.tools.individual.test_call_graph_enhanced.TestCallGraphResult" name="test_result_with_filtering" time="0.001" /><testcase classname="tests.tools.individual.test_call_graph_enhanced.TestBuildWithDetails" name="test_build_with_details_returns_result" time="0.019" /><testcase classname="tests.tools.individual.test_call_graph_enhanced.TestBuildWithDetails" name="test_nodes_have_line_numbers" time="0.034" /><testcase classname="tests.tools.individual.test_call_graph_enhanced.TestBuildWithDetails" name="test_entry_point_detected" time="0.019" /><testcase classname="tests.tools.individual.test_call_graph_enhanced.TestBuildWithDetails" name="test_edges_capture_calls" time="0.018" /><testcase classname="tests.tools.individual.test_call_graph_enhanced.TestBuildWithDetails" name="test_entry_point_filtering" time="0.034" /><testcase classname="tests.tools.individual.test_call_graph_enhanced.TestBuildWithDetails" name="test_depth_limiting" time="0.048" /><testcase classname="tests.tools.individual.test_call_graph_enhanced.TestBuildWithDetails" name="test_multi_file_traversal" time="0.021" /><testcase classname="tests.tools.individual.test_call_graph_enhanced.TestMermaidGeneration" name="test_mermaid_starts_with_graph" time="0.019" /><testcase classname="tests.tools.individual.test_call_graph_enhanced.TestMermaidGeneration" name="test_mermaid_contains_nodes" time="0.021" /><testcase classname="tests.tools.individual.test_call_graph_enhanced.TestMermaidGeneration" name="test_mermaid_contains_edges" time="0.026" /><testcase classname="tests.tools.individual.test_call_graph_enhanced.TestMermaidGeneration" name="test_mermaid_entry_point_styling" time="0.019" /><testcase classname="tests.tools.individual.test_call_graph_enhanced.TestMermaidGeneration" name="test_mermaid_line_numbers" time="0.020" /><testcase classname="tests.tools.individual.test_call_graph_enhanced.TestEntryPointDetection" name="test_main_is_entry_point" time="0.020" /><testcase classname="tests.tools.individual.test_call_graph_enhanced.TestEntryPointDetection" name="test_click_command_is_entry_point" time="0.019" /><testcase classname="tests.tools.individual.test_call_graph_enhanced.TestEntryPointDetection" name="test_flask_route_is_entry_point" time="0.019" /><testcase classname="tests.tools.individual.test_call_graph_enhanced.TestEntryPointDetection" name="test_regular_function_not_entry_point" time="0.019" /><testcase classname="tests.tools.individual.test_call_graph_enhanced.TestReachableNodes" name="test_reachable_from_start" time="0.019" /><testcase classname="tests.tools.individual.test_call_graph_enhanced.TestReachableNodes" name="test_depth_limit_respected" time="0.050" /><testcase classname="tests.tools.individual.test_call_graph_enhanced.TestReachableNodes" name="test_isolated_not_reached" time="0.019" /><testcase classname="tests.tools.individual.test_call_graph_enhanced.TestCircularImportDetection" name="test_no_cycles_returns_empty" time="0.004" /><testcase classname="tests.tools.individual.test_call_graph_enhanced.TestCircularImportDetection" name="test_simple_cycle_detected" time="0.004" /><testcase classname="tests.tools.individual.test_call_graph_enhanced.TestCircularImportDetection" name="test_three_node_cycle_detected" time="0.004" /><testcase classname="tests.tools.individual.test_call_graph_enhanced.TestCircularImportDetection" name="test_from_import_creates_cycle" time="0.004" /><testcase classname="tests.tools.individual.test_call_graph_enhanced.TestCircularImportDetection" name="test_multiple_cycles_detected" time="0.005" /><testcase classname="tests.tools.individual.test_call_graph_enhanced.TestCircularImportDetection" name="test_external_imports_ignored" time="0.004" /><testcase classname="tests.tools.individual.test_call_graph_enhanced.TestCircularImportDetection" name="test_self_import_handled" time="0.004" /><testcase classname="tests.tools.individual.test_call_graph_enhanced.TestEdgeCases" name="test_empty_directory" time="0.018" /><testcase classname="tests.tools.individual.test_call_graph_enhanced.TestEdgeCases" name="test_syntax_error_in_file" time="0.020" /><testcase classname="tests.tools.individual.test_call_graph_enhanced.TestEdgeCases" name="test_nonexistent_entry_point" time="0.019" /><testcase classname="tests.tools.individual.test_call_graph_enhanced.TestEdgeCases" name="test_recursive_calls" time="0.019" /><testcase classname="tests.tools.individual.test_call_graph_enhanced.TestEdgeCases" name="test_nested_functions" time="0.019" /><testcase classname="tests.tools.individual.test_call_graph_enhanced.TestEdgeCases" name="test_async_functions" time="0.033" /><testcase classname="tests.tools.individual.test_call_graph_enhanced.TestEdgeCases" name="test_class_methods" time="0.019" /><testcase classname="tests.tools.individual.test_call_graph_enhanced.TestIntegration" name="test_flask_app_structure" time="0.022" /><testcase classname="tests.tools.individual.test_call_graph_enhanced.TestIntegration" name="test_cli_tool_structure" time="0.021" /><testcase classname="tests.tools.individual.test_cross_file_dependencies_mermaid_regression" name="test_cross_file_dependencies_include_diagram_does_not_crash" time="0.023" /><testcase classname="tests.tools.individual.test_cross_file_extractor.TestBasicExtraction" name="test_extract_function" time="0.188" /><testcase classname="tests.tools.individual.test_cross_file_extractor.TestBasicExtraction" name="test_extract_class" time="0.187" /><testcase classname="tests.tools.individual.test_cross_file_extractor.TestBasicExtraction" name="test_extract_method" time="0.197" /><testcase classname="tests.tools.individual.test_cross_file_extractor.TestBasicExtraction" name="test_extract_nonexistent_symbol" time="0.156" /><testcase classname="tests.tools.individual.test_cross_file_extractor.TestBasicExtraction" name="test_extract_from_nonexistent_file" time="0.146" /><testcase classname="tests.tools.individual.test_cross_file_extractor.TestCrossFileExtraction" name="test_extract_with_imports" time="0.163" /><testcase classname="tests.tools.individual.test_cross_file_extractor.TestCrossFileExtraction" name="test_depth_limits_extraction" time="0.174" /><testcase classname="tests.tools.individual.test_cross_file_extractor.TestCrossFileExtraction" name="test_depth_zero_no_dependencies" time="0.185" /><testcase classname="tests.tools.individual.test_cross_file_extractor.TestCrossFileExtraction" name="test_transitive_dependencies" time="0.179" /><testcase classname="tests.tools.individual.test_cross_file_extractor.TestCombinedCode" name="test_combined_code_includes_target" time="0.160" /><testcase classname="tests.tools.individual.test_cross_file_extractor.TestCombinedCode" name="test_combined_code_includes_header" time="0.177" /><testcase classname="tests.tools.individual.test_cross_file_extractor.TestCombinedCode" name="test_combined_code_dependencies_first" time="0.193" /><testcase classname="tests.tools.individual.test_cross_file_extractor.TestMultipleExtraction" name="test_extract_multiple_symbols" time="0.167" /><testcase classname="tests.tools.individual.test_cross_file_extractor.TestMultipleExtraction" name="test_extract_multiple_deduplicates" time="0.191" /><testcase classname="tests.tools.individual.test_cross_file_extractor.TestMultipleExtraction" name="test_extract_multiple_from_different_files" time="0.194" /><testcase classname="tests.tools.individual.test_cross_file_extractor.TestPackageHandling" name="test_extract_from_package" time="0.174" /><testcase classname="tests.tools.individual.test_cross_file_extractor.TestPackageHandling" name="test_cross_package_extraction" time="0.160" /><testcase classname="tests.tools.individual.test_cross_file_extractor.TestDependencyAnalysis" name="test_get_symbol_dependencies" time="0.165" /><testcase classname="tests.tools.individual.test_cross_file_extractor.TestDependencyAnalysis" name="test_get_dependents" time="0.185" /><testcase classname="tests.tools.individual.test_cross_file_extractor.TestEdgeCases" name="test_empty_file" time="0.175" /><testcase classname="tests.tools.individual.test_cross_file_extractor.TestEdgeCases" name="test_syntax_error_file" time="0.166" /><testcase classname="tests.tools.individual.test_cross_file_extractor.TestEdgeCases" name="test_circular_imports" time="0.150" /><testcase classname="tests.tools.individual.test_cross_file_extractor.TestEdgeCases" name="test_builtin_dependencies_filtered" time="0.161" /><testcase classname="tests.tools.individual.test_cross_file_extractor.TestEdgeCases" name="test_absolute_file_path" time="0.177" /><testcase classname="tests.tools.individual.test_cross_file_extractor.TestEdgeCases" name="test_max_depth_limit" time="0.173" /><testcase classname="tests.tools.individual.test_cross_file_extractor.TestResultProperties" name="test_total_symbols_count" time="0.192" /><testcase classname="tests.tools.individual.test_cross_file_extractor.TestResultProperties" name="test_total_lines_count" time="0.189" /><testcase classname="tests.tools.individual.test_cross_file_extractor.TestResultProperties" name="test_files_touched_tracking" time="0.192" /><testcase classname="tests.tools.individual.test_cross_file_extractor.TestExtractedSymbol" name="test_hash_equality" time="0.001" /><testcase classname="tests.tools.individual.test_cross_file_extractor.TestExtractedSymbol" name="test_inequality" time="0.001" /><testcase classname="tests.tools.individual.test_cross_file_extractor.TestIntegration" name="test_service_layer_extraction" time="0.156" /><testcase classname="tests.tools.individual.test_cross_file_extractor.TestIntegration" name="test_rebuild_after_changes" time="0.358" /><testcase classname="tests.tools.individual.test_cross_file_extractor_additional" name="test_extract_with_dependencies" time="0.179" /><testcase classname="tests.tools.individual.test_cross_file_extractor_additional" name="test_extract_missing_symbol_returns_error" time="0.187" /><testcase classname="tests.tools.individual.test_cross_file_resolution.TestCrossFileResolution" name="test_resolve_function_with_class_import" time="0.014" /><testcase classname="tests.tools.individual.test_cross_file_resolution.TestCrossFileResolution" name="test_resolve_function_with_function_import" time="0.012" /><testcase classname="tests.tools.individual.test_cross_file_resolution.TestCrossFileResolution" name="test_resolve_function_with_variable_import" time="0.013" /><testcase classname="tests.tools.individual.test_cross_file_resolution.TestCrossFileResolution" name="test_resolve_class_dependencies" time="0.014" /><testcase classname="tests.tools.individual.test_cross_file_resolution.TestCrossFileResolution" name="test_full_code_property" time="0.013" /><testcase classname="tests.tools.individual.test_cross_file_resolution.TestCrossFileResolution" name="test_token_estimate" time="0.013" /><testcase classname="tests.tools.individual.test_cross_file_resolution.TestCrossFileEdgeCases" name="test_unresolved_import" time="0.009" /><testcase classname="tests.tools.individual.test_cross_file_resolution.TestCrossFileEdgeCases" name="test_no_file_path" time="0.005" /><testcase classname="tests.tools.individual.test_cross_file_resolution.TestCrossFileEdgeCases" name="test_function_not_found" time="0.010" /><testcase classname="tests.tools.individual.test_cross_file_resolution.TestCrossFileEdgeCases" name="test_no_external_deps" time="0.008" /><testcase classname="tests.tools.individual.test_cross_file_resolution.TestCrossFileEdgeCases" name="test_relative_import" time="0.012" /><testcase classname="tests.tools.individual.test_cross_file_resolution.TestCrossFileDepthLimits" name="test_depth_1_resolution" time="0.011" /><testcase classname="tests.tools.individual.test_cross_file_resolution.TestCrossFileDepthLimits" name="test_depth_2_resolution" time="0.015" /><testcase classname="tests.tools.individual.test_cross_file_resolution.TestImportMapBuilding" name="test_from_import" time="0.009" /><testcase classname="tests.tools.individual.test_cross_file_resolution.TestImportMapBuilding" name="test_import_module" time="0.007" /><testcase classname="tests.tools.individual.test_cross_file_resolution.TestCrossFileSymbol" name="test_symbol_creation" time="0.001" /><testcase classname="tests.tools.individual.test_cross_file_resolution.TestCrossFileResolutionDataclass" name="test_empty_resolution" time="0.001" /><testcase classname="tests.tools.individual.test_cross_file_resolution.TestCrossFileResolutionDataclass" name="test_resolution_with_symbols" time="0.001" /><testcase classname="tests.tools.individual.test_cross_file_resolution.TestTransitiveDependencies" name="test_resolve_depth_0_only_target" time="0.009" /><testcase classname="tests.tools.individual.test_cross_file_resolution.TestTransitiveDependencies" name="test_resolve_depth_1_direct_imports" time="0.019" /><testcase classname="tests.tools.individual.test_cross_file_resolution.TestTransitiveDependencies" name="test_resolve_depth_2_transitive" time="0.016" /><testcase classname="tests.tools.individual.test_cross_file_resolution.TestTransitiveDependencies" name="test_resolve_function_with_transitive_class" time="0.019" /><testcase classname="tests.tools.individual.test_cross_file_resolution.TestModuleReexports" name="test_resolve_with_alias_reexport" time="0.015" /><testcase classname="tests.tools.individual.test_cross_file_resolution.TestModuleReexports" name="test_resolve_respects_all_exports" time="0.006" /><testcase classname="tests.tools.individual.test_cross_file_resolution.TestModuleReexports" name="test_resolve_circular_imports_prevented" time="0.014" /><testcase classname="tests.tools.individual.test_cross_file_taint.TestBasicFunctionality" name="test_build_succeeds" time="0.201" /><testcase classname="tests.tools.individual.test_cross_file_taint.TestBasicFunctionality" name="test_analyze_returns_result" time="0.230" /><testcase classname="tests.tools.individual.test_cross_file_taint.TestBasicFunctionality" name="test_analyze_without_build" time="0.231" /><testcase classname="tests.tools.individual.test_cross_file_taint.TestVulnerabilityDetection" name="test_detect_sql_injection" time="0.195" /><testcase classname="tests.tools.individual.test_cross_file_taint.TestVulnerabilityDetection" name="test_detect_command_injection" time="0.196" /><testcase classname="tests.tools.individual.test_cross_file_taint.TestVulnerabilityDetection" name="test_detect_path_traversal" time="0.217" /><testcase classname="tests.tools.individual.test_cross_file_taint.TestCrossFileFlows" name="test_track_taint_across_modules" time="0.201" /><testcase classname="tests.tools.individual.test_cross_file_taint.TestCrossFileFlows" name="test_multi_hop_taint_flow" time="0.195" /><testcase classname="tests.tools.individual.test_cross_file_taint.TestCrossFileFlows" name="test_call_graph_built" time="0.178" /><testcase classname="tests.tools.individual.test_cross_file_taint.TestTaintSources" name="test_taint_sources_defined" time="0.001" /><testcase classname="tests.tools.individual.test_cross_file_taint.TestTaintSources" name="test_dangerous_sinks_defined" time="0.001" /><testcase classname="tests.tools.individual.test_cross_file_taint.TestDataClasses" name="test_cross_file_vulnerability_to_dict" time="0.001" /><testcase classname="tests.tools.individual.test_cross_file_taint.TestDataClasses" name="test_call_info_hashable" time="0.001" /><testcase classname="tests.tools.individual.test_cross_file_taint.TestDataClasses" name="test_function_taint_info_creation" time="0.001" /><testcase classname="tests.tools.individual.test_cross_file_taint.TestDataClasses" name="test_sink_info_creation" time="0.001" /><testcase classname="tests.tools.individual.test_cross_file_taint.TestEdgeCases" name="test_empty_project" time="0.004" /><testcase classname="tests.tools.individual.test_cross_file_taint.TestEdgeCases" name="test_syntax_error_file" time="0.178" /><testcase classname="tests.tools.individual.test_cross_file_taint.TestEdgeCases" name="test_no_dangerous_code" time="0.177" /><testcase classname="tests.tools.individual.test_cross_file_taint.TestEdgeCases" name="test_nonexistent_path" time="0.003" /><testcase classname="tests.tools.individual.test_cross_file_taint.TestMermaidGeneration" name="test_generate_mermaid_diagram" time="0.156" /><testcase classname="tests.tools.individual.test_cross_file_taint.TestMermaidGeneration" name="test_mermaid_contains_modules" time="0.157" /><testcase classname="tests.tools.individual.test_cross_file_taint.TestResultProperties" name="test_result_default_values" time="0.002" /><testcase classname="tests.tools.individual.test_cross_file_taint.TestResultProperties" name="test_cross_file_taint_flow_hash" time="0.001" /><testcase classname="tests.tools.individual.test_cross_file_taint.TestIntegration" name="test_flask_app_analysis" time="0.193" /><testcase classname="tests.tools.individual.test_cross_file_taint.TestIntegration" name="test_complex_import_chain" time="0.176" /><testcase classname="tests.tools.individual.test_generate_unit_tests_mcp_serialization" name="test_generate_unit_tests_result_is_json_serializable" time="0.008" /><testcase classname="tests.tools.individual.test_get_call_graph.TestCallNodeModel" name="test_node_creation" time="0.001" /><testcase classname="tests.tools.individual.test_get_call_graph.TestCallNodeModel" name="test_node_with_all_fields" time="0.001" /><testcase classname="tests.tools.individual.test_get_call_graph.TestCallNodeModel" name="test_node_serialization" time="0.001" /><testcase classname="tests.tools.individual.test_get_call_graph.TestCallEdgeModel" name="test_edge_creation" time="0.001" /><testcase classname="tests.tools.individual.test_get_call_graph.TestCallEdgeModel" name="test_edge_external_callee" time="0.001" /><testcase classname="tests.tools.individual.test_get_call_graph.TestCallEdgeModel" name="test_edge_serialization" time="0.001" /><testcase classname="tests.tools.individual.test_get_call_graph.TestCallGraphResultModel" name="test_result_creation" time="0.001" /><testcase classname="tests.tools.individual.test_get_call_graph.TestCallGraphResultModel" name="test_result_with_filtering" time="0.001" /><testcase classname="tests.tools.individual.test_get_call_graph.TestCallGraphResultModel" name="test_result_with_circular_imports" time="0.001" /><testcase classname="tests.tools.individual.test_get_call_graph.TestCallGraphResultModel" name="test_result_with_error" time="0.001" /><testcase classname="tests.tools.individual.test_get_call_graph.TestGetCallGraphSync" name="test_sync_returns_result" time="0.018" /><testcase classname="tests.tools.individual.test_get_call_graph.TestGetCallGraphSync" name="test_sync_finds_functions" time="0.039" /><testcase classname="tests.tools.individual.test_get_call_graph.TestGetCallGraphSync" name="test_sync_with_entry_point" time="0.020" /><testcase classname="tests.tools.individual.test_get_call_graph.TestGetCallGraphSync" name="test_sync_with_depth_limit" time="0.020" /><testcase classname="tests.tools.individual.test_get_call_graph.TestGetCallGraphSync" name="test_sync_detects_main_block_entry_point" time="0.019" /><testcase classname="tests.tools.individual.test_get_call_graph.TestGetCallGraphSync" name="test_sync_generates_mermaid" time="0.018" /><testcase classname="tests.tools.individual.test_get_call_graph.TestGetCallGraphSync" name="test_sync_with_circular_import_check" time="0.019" /><testcase classname="tests.tools.individual.test_get_call_graph.TestGetCallGraphSync" name="test_sync_without_circular_import_check" time="0.018" /><testcase classname="tests.tools.individual.test_get_call_graph.TestGetCallGraphSync" name="test_sync_nonexistent_path" time="0.001" /><testcase classname="tests.tools.individual.test_get_call_graph.TestGetCallGraphSync" name="test_sync_empty_directory" time="0.017" /><testcase classname="tests.tools.individual.test_get_call_graph.TestGetCallGraphAsync" name="test_async_returns_result" time="0.094" /><testcase classname="tests.tools.individual.test_get_call_graph.TestGetCallGraphAsync" name="test_async_finds_functions" time="0.070" /><testcase classname="tests.tools.individual.test_get_call_graph.TestGetCallGraphAsync" name="test_async_with_entry_point" time="0.096" /><testcase classname="tests.tools.individual.test_get_call_graph.TestGetCallGraphAsync" name="test_async_default_depth" time="0.074" /><testcase classname="tests.tools.individual.test_get_call_graph.TestGetCallGraphAsync" name="test_async_circular_import_check" time="0.074" /><testcase classname="tests.tools.individual.test_get_call_graph.TestEdgeCases" name="test_syntax_error_in_file" time="0.091" /><testcase classname="tests.tools.individual.test_get_call_graph.TestEdgeCases" name="test_large_depth_value" time="0.069" /><testcase classname="tests.tools.individual.test_get_call_graph.TestEdgeCases" name="test_zero_depth" time="0.069" /><testcase classname="tests.tools.individual.test_get_call_graph.TestEdgeCases" name="test_nonexistent_entry_point" time="0.094" /><testcase classname="tests.tools.individual.test_get_call_graph.TestEdgeCases" name="test_nested_directories" time="0.070" /><testcase classname="tests.tools.individual.test_get_call_graph.TestMermaidOutput" name="test_mermaid_valid_syntax" time="0.090" /><testcase classname="tests.tools.individual.test_get_call_graph.TestMermaidOutput" name="test_mermaid_contains_all_nodes" time="0.072" /><testcase classname="tests.tools.individual.test_get_call_graph.TestMermaidOutput" name="test_mermaid_line_numbers" time="0.072" /><testcase classname="tests.tools.individual.test_get_call_graph.TestJavaScriptSupport" name="test_js_project_generates_nodes_and_edges" time="0.157" /><testcase classname="tests.tools.individual.test_get_call_graph.TestTypeScriptSupport" name="test_ts_project_generates_nodes_and_edges" time="0.153" /><testcase classname="tests.tools.individual.test_get_call_graph.TestIntegrationScenarios" name="test_flask_app" time="0.073" /><testcase classname="tests.tools.individual.test_get_call_graph.TestIntegrationScenarios" name="test_cli_tool" time="0.106" /><testcase classname="tests.tools.individual.test_get_call_graph.TestIntegrationScenarios" name="test_recursive_function" time="0.072" /><testcase classname="tests.tools.individual.test_get_file_context_tiers_clean" name="test_async_get_file_context_pro" time="0.049" /><testcase classname="tests.tools.individual.test_get_file_context_tiers_clean" name="test_async_get_file_context_enterprise_redaction" time="0.050" /><testcase classname="tests.tools.individual.test_get_project_map.TestModuleInfo" name="test_module_creation" time="0.002" /><testcase classname="tests.tools.individual.test_get_project_map.TestModuleInfo" name="test_module_with_content" time="0.002" /><testcase classname="tests.tools.individual.test_get_project_map.TestModuleInfo" name="test_module_serialization" time="0.001" /><testcase classname="tests.tools.individual.test_get_project_map.TestPackageInfo" name="test_package_creation" time="0.001" /><testcase classname="tests.tools.individual.test_get_project_map.TestPackageInfo" name="test_package_with_modules" time="0.001" /><testcase classname="tests.tools.individual.test_get_project_map.TestPackageInfo" name="test_package_serialization" time="0.001" /><testcase classname="tests.tools.individual.test_get_project_map.TestProjectMapResult" name="test_result_creation" time="0.001" /><testcase classname="tests.tools.individual.test_get_project_map.TestProjectMapResult" name="test_result_with_content" time="0.001" /><testcase classname="tests.tools.individual.test_get_project_map.TestProjectMapResult" name="test_result_with_error" time="0.001" /><testcase classname="tests.tools.individual.test_get_project_map.TestGetProjectMapSync" name="test_sync_returns_result" time="0.006" /><testcase classname="tests.tools.individual.test_get_project_map.TestGetProjectMapSync" name="test_sync_counts_files" time="0.005" /><testcase classname="tests.tools.individual.test_get_project_map.TestGetProjectMapSync" name="test_sync_counts_lines" time="0.007" /><testcase classname="tests.tools.individual.test_get_project_map.TestGetProjectMapSync" name="test_sync_finds_functions" time="0.007" /><testcase classname="tests.tools.individual.test_get_project_map.TestGetProjectMapSync" name="test_sync_detects_entry_points" time="0.006" /><testcase classname="tests.tools.individual.test_get_project_map.TestGetProjectMapSync" name="test_sync_detects_packages" time="0.009" /><testcase classname="tests.tools.individual.test_get_project_map.TestGetProjectMapSync" name="test_sync_calculates_complexity" time="0.005" /><testcase classname="tests.tools.individual.test_get_project_map.TestGetProjectMapSync" name="test_sync_flags_complexity_hotspots" time="0.006" /><testcase classname="tests.tools.individual.test_get_project_map.TestGetProjectMapSync" name="test_sync_generates_mermaid" time="0.006" /><testcase classname="tests.tools.individual.test_get_project_map.TestGetProjectMapSync" name="test_sync_nonexistent_path" time="0.001" /><testcase classname="tests.tools.individual.test_get_project_map.TestGetProjectMapSync" name="test_sync_empty_directory" time="0.005" /><testcase classname="tests.tools.individual.test_get_project_map.TestGetProjectMapAsync" name="test_async_returns_result" time="0.091" /><testcase classname="tests.tools.individual.test_get_project_map.TestGetProjectMapAsync" name="test_async_finds_modules" time="0.064" /><testcase classname="tests.tools.individual.test_get_project_map.TestGetProjectMapAsync" name="test_async_default_parameters" time="0.064" /><testcase classname="tests.tools.individual.test_get_project_map.TestGetProjectMapAsync" name="test_async_with_complexity_disabled" time="0.087" /><testcase classname="tests.tools.individual.test_get_project_map.TestGetProjectMapAsync" name="test_async_with_circular_check" time="0.066" /><testcase classname="tests.tools.individual.test_get_project_map.TestEntryPointDetection" name="test_main_function_detected" time="0.062" /><testcase classname="tests.tools.individual.test_get_project_map.TestEntryPointDetection" name="test_click_command_detected" time="0.081" /><testcase classname="tests.tools.individual.test_get_project_map.TestEntryPointDetection" name="test_flask_route_detected" time="0.061" /><testcase classname="tests.tools.individual.test_get_project_map.TestEdgeCases" name="test_syntax_error_in_file" time="0.069" /><testcase classname="tests.tools.individual.test_get_project_map.TestEdgeCases" name="test_binary_file_handling" time="0.079" /><testcase classname="tests.tools.individual.test_get_project_map.TestEdgeCases" name="test_excluded_directories" time="0.061" /><testcase classname="tests.tools.individual.test_get_project_map.TestEdgeCases" name="test_deeply_nested_project" time="0.122" /><testcase classname="tests.tools.individual.test_get_project_map.TestEdgeCases" name="test_empty_python_files" time="0.097" /><testcase classname="tests.tools.individual.test_get_project_map.TestIntegrationScenarios" name="test_flask_application" time="0.079" /><testcase classname="tests.tools.individual.test_get_project_map.TestIntegrationScenarios" name="test_cli_application" time="0.092" /><testcase classname="tests.tools.individual.test_get_project_map.TestIntegrationScenarios" name="test_data_science_project" time="0.073" /><testcase classname="tests.tools.individual.test_get_project_map.TestLanguageBreakdown" name="test_python_only_project" time="0.069" /><testcase classname="tests.tools.individual.test_get_project_map.TestLanguageBreakdown" name="test_multi_language_project" time="0.116" /><testcase classname="tests.tools.individual.test_get_project_map.TestLanguageBreakdown" name="test_java_project" time="0.064" /><testcase classname="tests.tools.individual.test_get_project_map.TestLanguageBreakdown" name="test_markdown_documentation" time="0.059" /><testcase classname="tests.tools.individual.test_get_project_map.TestLanguageBreakdown" name="test_yaml_variants" time="0.069" /><testcase classname="tests.tools.individual.test_get_project_map.TestLanguageBreakdown" name="test_empty_project_no_languages" time="0.057" /><testcase classname="tests.tools.individual.test_get_project_map.TestLanguageBreakdown" name="test_nested_language_files" time="0.082" /><testcase classname="tests.tools.individual.test_graph_engine_confidence.TestConfidenceRules" name="test_definite_relationships_have_score_1_0" time="0.002" /><testcase classname="tests.tools.individual.test_graph_engine_confidence.TestConfidenceRules" name="test_high_confidence_relationships" time="0.001" /><testcase classname="tests.tools.individual.test_graph_engine_confidence.TestConfidenceRules" name="test_medium_confidence_relationships" time="0.001" /><testcase classname="tests.tools.individual.test_graph_engine_confidence.TestConfidenceRules" name="test_low_confidence_relationships" time="0.001" /><testcase classname="tests.tools.individual.test_graph_engine_confidence.TestConfidenceLevel" name="test_all_levels_defined" time="0.001" /><testcase classname="tests.tools.individual.test_graph_engine_confidence.TestConfidenceEngine" name="test_init_default_threshold" time="0.001" /><testcase classname="tests.tools.individual.test_graph_engine_confidence.TestConfidenceEngine" name="test_init_custom_threshold" time="0.001" /><testcase classname="tests.tools.individual.test_graph_engine_confidence.TestConfidenceEngine" name="test_score_import_statement" time="0.001" /><testcase classname="tests.tools.individual.test_graph_engine_confidence.TestConfidenceEngine" name="test_score_type_annotation" time="0.001" /><testcase classname="tests.tools.individual.test_graph_engine_confidence.TestConfidenceEngine" name="test_score_route_exact_match" time="0.001" /><testcase classname="tests.tools.individual.test_graph_engine_confidence.TestConfidenceEngine" name="test_score_route_pattern_match" time="0.001" /><testcase classname="tests.tools.individual.test_graph_engine_confidence.TestConfidenceEngine" name="test_score_dynamic_route" time="0.001" /><testcase classname="tests.tools.individual.test_graph_engine_confidence.TestConfidenceEngine" name="test_score_with_typed_client" time="0.001" /><testcase classname="tests.tools.individual.test_graph_engine_confidence.TestConfidenceEngine" name="test_score_string_match_with_long_string" time="0.001" /><testcase classname="tests.tools.individual.test_graph_engine_confidence.TestConfidenceEngine" name="test_score_string_match_with_url_pattern" time="0.001" /><testcase classname="tests.tools.individual.test_graph_engine_confidence.TestConfidenceEngine" name="test_score_clamped_to_valid_range" time="0.001" /><testcase classname="tests.tools.individual.test_graph_engine_confidence.TestConfidenceEngine" name="test_get_confidence_level_definite" time="0.001" /><testcase classname="tests.tools.individual.test_graph_engine_confidence.TestConfidenceEngine" name="test_get_confidence_level_high" time="0.001" /><testcase classname="tests.tools.individual.test_graph_engine_confidence.TestConfidenceEngine" name="test_get_confidence_level_medium" time="0.001" /><testcase classname="tests.tools.individual.test_graph_engine_confidence.TestConfidenceEngine" name="test_get_confidence_level_low" time="0.001" /><testcase classname="tests.tools.individual.test_graph_engine_confidence.TestConfidenceEngine" name="test_get_confidence_level_uncertain" time="0.001" /><testcase classname="tests.tools.individual.test_graph_engine_confidence.TestConfidenceEngine" name="test_requires_human_approval_below_threshold" time="0.001" /><testcase classname="tests.tools.individual.test_graph_engine_confidence.TestConfidenceEngine" name="test_requires_human_approval_above_threshold" time="0.001" /><testcase classname="tests.tools.individual.test_graph_engine_confidence.TestConfidenceEngine" name="test_requires_human_approval_at_threshold" time="0.001" /><testcase classname="tests.tools.individual.test_graph_engine_confidence.TestConfidenceEvidence" name="test_to_dict" time="0.001" /><testcase classname="tests.tools.individual.test_graph_engine_confidence.TestRouteMatchScoring" name="test_exact_route_match_increases_confidence" time="0.001" /><testcase classname="tests.tools.individual.test_graph_engine_confidence.TestRouteMatchScoring" name="test_multiple_matches_decrease_confidence" time="0.001" /><testcase classname="tests.tools.individual.test_graph_engine_confidence.TestRouteMatchScoring" name="test_single_match_no_penalty" time="0.002" /><testcase classname="tests.tools.individual.test_graph_engine_confidence.TestExplanationBuilding" name="test_explanation_includes_edge_type" time="0.001" /><testcase classname="tests.tools.individual.test_graph_engine_confidence.TestExplanationBuilding" name="test_explanation_includes_level" time="0.001" /><testcase classname="tests.tools.individual.test_graph_engine_confidence.TestExplanationBuilding" name="test_explanation_includes_adjustments" time="0.001" /><testcase classname="tests.tools.individual.test_graph_engine_graph.TestGraphNode" name="test_create_node" time="0.001" /><testcase classname="tests.tools.individual.test_graph_engine_graph.TestGraphNode" name="test_create_node_with_metadata" time="0.001" /><testcase classname="tests.tools.individual.test_graph_engine_graph.TestGraphNode" name="test_node_to_dict" time="0.001" /><testcase classname="tests.tools.individual.test_graph_engine_graph.TestGraphNode" name="test_node_from_dict" time="0.001" /><testcase classname="tests.tools.individual.test_graph_engine_graph.TestGraphEdge" name="test_create_edge" time="0.001" /><testcase classname="tests.tools.individual.test_graph_engine_graph.TestGraphEdge" name="test_edge_to_dict" time="0.001" /><testcase classname="tests.tools.individual.test_graph_engine_graph.TestGraphEdge" name="test_edge_from_dict" time="0.001" /><testcase classname="tests.tools.individual.test_graph_engine_graph.TestUniversalGraph" name="test_create_empty_graph" time="0.001" /><testcase classname="tests.tools.individual.test_graph_engine_graph.TestUniversalGraph" name="test_add_node" time="0.001" /><testcase classname="tests.tools.individual.test_graph_engine_graph.TestUniversalGraph" name="test_add_duplicate_node" time="0.001" /><testcase classname="tests.tools.individual.test_graph_engine_graph.TestUniversalGraph" name="test_add_edge" time="0.001" /><testcase classname="tests.tools.individual.test_graph_engine_graph.TestUniversalGraph" name="test_get_node" time="0.001" /><testcase classname="tests.tools.individual.test_graph_engine_graph.TestUniversalGraph" name="test_get_node_not_found" time="0.001" /><testcase classname="tests.tools.individual.test_graph_engine_graph.TestUniversalGraph" name="test_get_edges_from" time="0.001" /><testcase classname="tests.tools.individual.test_graph_engine_graph.TestUniversalGraph" name="test_get_edges_to" time="0.001" /><testcase classname="tests.tools.individual.test_graph_engine_graph.TestUniversalGraph" name="test_get_dependencies" time="0.001" /><testcase classname="tests.tools.individual.test_graph_engine_graph.TestUniversalGraph" name="test_to_dict" time="0.001" /><testcase classname="tests.tools.individual.test_graph_engine_graph.TestUniversalGraph" name="test_to_json" time="0.002" /><testcase classname="tests.tools.individual.test_graph_engine_graph.TestUniversalGraph" name="test_from_dict" time="0.002" /><testcase classname="tests.tools.individual.test_graph_engine_graph.TestUniversalGraph" name="test_from_json" time="0.002" /><testcase classname="tests.tools.individual.test_graph_engine_graph.TestGraphBuilder" name="test_create_builder" time="0.001" /><testcase classname="tests.tools.individual.test_graph_engine_graph.TestGraphBuilder" name="test_add_node" time="0.001" /><testcase classname="tests.tools.individual.test_graph_engine_graph.TestGraphBuilder" name="test_add_duplicate_node_via_builder" time="0.001" /><testcase classname="tests.tools.individual.test_graph_engine_graph.TestGraphBuilder" name="test_add_edge" time="0.001" /><testcase classname="tests.tools.individual.test_graph_engine_graph.TestGraphBuilder" name="test_add_edge_with_context" time="0.001" /><testcase classname="tests.tools.individual.test_graph_engine_graph.TestGraphBuilder" name="test_build" time="0.001" /><testcase classname="tests.tools.individual.test_graph_engine_graph.TestGraphBuilder" name="test_reset" time="0.001" /><testcase classname="tests.tools.individual.test_graph_engine_http_detector.TestHTTPMethod" name="test_all_methods_defined" time="0.001" /><testcase classname="tests.tools.individual.test_graph_engine_http_detector.TestHTTPPatterns" name="test_client_patterns_defined" time="0.001" /><testcase classname="tests.tools.individual.test_graph_engine_http_detector.TestHTTPPatterns" name="test_endpoint_patterns_defined" time="0.001" /><testcase classname="tests.tools.individual.test_graph_engine_http_detector.TestRoutePatternMatcher" name="test_exact_match" time="0.001" /><testcase classname="tests.tools.individual.test_graph_engine_http_detector.TestRoutePatternMatcher" name="test_pattern_match_with_path_parameter" time="0.002" /><testcase classname="tests.tools.individual.test_graph_engine_http_detector.TestRoutePatternMatcher" name="test_pattern_match_multiple_parameters" time="0.002" /><testcase classname="tests.tools.individual.test_graph_engine_http_detector.TestRoutePatternMatcher" name="test_dynamic_route_match" time="0.003" /><testcase classname="tests.tools.individual.test_graph_engine_http_detector.TestRoutePatternMatcher" name="test_no_match_different_routes" time="0.002" /><testcase classname="tests.tools.individual.test_graph_engine_http_detector.TestRoutePatternMatcher" name="test_is_dynamic_route_with_concatenation" time="0.001" /><testcase classname="tests.tools.individual.test_graph_engine_http_detector.TestRoutePatternMatcher" name="test_is_dynamic_route_with_template_literal" time="0.001" /><testcase classname="tests.tools.individual.test_graph_engine_http_detector.TestHTTPLink" name="test_create_http_link" time="0.001" /><testcase classname="tests.tools.individual.test_graph_engine_http_detector.TestHTTPLink" name="test_http_link_to_dict" time="0.001" /><testcase classname="tests.tools.individual.test_graph_engine_http_detector.TestHTTPLinkDetector" name="test_create_detector" time="0.001" /><testcase classname="tests.tools.individual.test_graph_engine_http_detector.TestHTTPLinkDetector" name="test_add_client_call" time="0.001" /><testcase classname="tests.tools.individual.test_graph_engine_http_detector.TestHTTPLinkDetector" name="test_add_client_call_with_http_method_enum" time="0.001" /><testcase classname="tests.tools.individual.test_graph_engine_http_detector.TestHTTPLinkDetector" name="test_add_endpoint" time="0.001" /><testcase classname="tests.tools.individual.test_graph_engine_http_detector.TestHTTPLinkDetector" name="test_detect_links_exact_match" time="0.001" /><testcase classname="tests.tools.individual.test_graph_engine_http_detector.TestHTTPLinkDetector" name="test_detect_links_pattern_match" time="0.001" /><testcase classname="tests.tools.individual.test_graph_engine_http_detector.TestHTTPLinkDetector" name="test_detect_links_no_match_different_methods" time="0.001" /><testcase classname="tests.tools.individual.test_graph_engine_http_detector.TestHTTPLinkDetector" name="test_detect_links_no_match_different_routes" time="0.001" /><testcase classname="tests.tools.individual.test_graph_engine_http_detector.TestHTTPLinkDetector" name="test_detect_links_multiple_clients_same_endpoint" time="0.001" /><testcase classname="tests.tools.individual.test_graph_engine_http_detector.TestHTTPLinkDetector" name="test_get_unmatched_clients" time="0.002" /><testcase classname="tests.tools.individual.test_graph_engine_http_detector.TestHTTPLinkDetector" name="test_get_unmatched_endpoints" time="0.001" /><testcase classname="tests.tools.individual.test_graph_engine_http_detector.TestHTTPLinkDetector" name="test_build_evidence" time="0.001" /><testcase classname="tests.tools.individual.test_graph_engine_http_detector.TestIntegrationScenarios" name="test_frontend_backend_connection" time="0.001" /><testcase classname="tests.tools.individual.test_graph_engine_http_detector.TestIntegrationScenarios" name="test_pattern_based_rest_api" time="0.001" /><testcase classname="tests.tools.individual.test_graph_engine_node_id.TestUniversalNodeID" name="test_create_python_function" time="0.001" /><testcase classname="tests.tools.individual.test_graph_engine_node_id.TestUniversalNodeID" name="test_create_java_method" time="0.001" /><testcase classname="tests.tools.individual.test_graph_engine_node_id.TestUniversalNodeID" name="test_create_typescript_function" time="0.001" /><testcase classname="tests.tools.individual.test_graph_engine_node_id.TestUniversalNodeID" name="test_to_short_id" time="0.001" /><testcase classname="tests.tools.individual.test_graph_engine_node_id.TestUniversalNodeID" name="test_to_short_id_with_method" time="0.001" /><testcase classname="tests.tools.individual.test_graph_engine_node_id.TestUniversalNodeID" name="test_to_dict" time="0.001" /><testcase classname="tests.tools.individual.test_graph_engine_node_id.TestUniversalNodeID" name="test_from_dict" time="0.001" /><testcase classname="tests.tools.individual.test_graph_engine_node_id.TestParseNodeID" name="test_parse_python_class" time="0.001" /><testcase classname="tests.tools.individual.test_graph_engine_node_id.TestParseNodeID" name="test_parse_java_method" time="0.001" /><testcase classname="tests.tools.individual.test_graph_engine_node_id.TestParseNodeID" name="test_parse_typescript_function" time="0.001" /><testcase classname="tests.tools.individual.test_graph_engine_node_id.TestParseNodeID" name="test_parse_invalid_format_too_few_parts" time="0.002" /><testcase classname="tests.tools.individual.test_graph_engine_node_id.TestParseNodeID" name="test_parse_invalid_format_too_many_colons" time="0.001" /><testcase classname="tests.tools.individual.test_graph_engine_node_id.TestParseNodeID" name="test_parse_invalid_node_type" time="0.002" /><testcase classname="tests.tools.individual.test_graph_engine_node_id.TestCreateNodeID" name="test_create_with_string_type" time="0.002" /><testcase classname="tests.tools.individual.test_graph_engine_node_id.TestCreateNodeID" name="test_create_with_enum_type" time="0.002" /><testcase classname="tests.tools.individual.test_graph_engine_node_id.TestCreateNodeID" name="test_create_with_method" time="0.001" /><testcase classname="tests.tools.individual.test_graph_engine_node_id.TestCreateNodeID" name="test_create_with_line_and_file" time="0.001" /><testcase classname="tests.tools.individual.test_graph_engine_node_id.TestNodeTypeEnum" name="test_all_types_available" time="0.001" /><testcase classname="tests.tools.individual.test_graph_engine_node_id.TestNodeTypeEnum" name="test_endpoint_and_client_types" time="0.001" /><testcase classname="tests.tools.individual.test_scan_dependencies.TestDependencyScanResult" name="test_model_creation" time="0.001" /><testcase classname="tests.tools.individual.test_scan_dependencies.TestDependencyScanResult" name="test_default_values" time="0.001" /><testcase classname="tests.tools.individual.test_scan_dependencies.TestDependencyInfo" name="test_model_creation" time="0.001" /><testcase classname="tests.tools.individual.test_scan_dependencies.TestDependencyVulnerability" name="test_model_creation" time="0.001" /><testcase classname="tests.tools.individual.test_scan_dependencies.TestScanDependenciesSync" name="test_scan_requirements_txt" time="0.002" /><testcase classname="tests.tools.individual.test_scan_dependencies.TestScanDependenciesSync" name="test_scan_pyproject_toml" time="0.003" /><testcase classname="tests.tools.individual.test_scan_dependencies.TestScanDependenciesSync" name="test_scan_nonexistent_root" time="0.001" /><testcase classname="tests.tools.individual.test_scan_dependencies.TestScanDependenciesSync" name="test_scan_empty_project" time="0.002" /><testcase classname="tests.tools.individual.test_scan_dependencies.TestScanDependenciesSync" name="test_scan_with_vulnerabilities" time="0.663" /><testcase classname="tests.tools.individual.test_scan_dependencies.TestScanDependenciesSync" name="test_scan_osv_error_continues" time="0.883" /><testcase classname="tests.tools.individual.test_scan_dependencies.TestScanDependenciesSync" name="test_skip_wildcard_versions" time="0.634" /><testcase classname="tests.tools.individual.test_scan_dependencies.TestScanDependenciesSync" name="test_include_dev_dependencies" time="0.003" /><testcase classname="tests.tools.individual.test_scan_dependencies.TestScanDependenciesAsync" name="test_async_scan" time="0.319" /><testcase classname="tests.tools.individual.test_scan_dependencies.TestScanDependenciesAsync" name="test_async_default_root" time="60.064" /><testcase classname="tests.tools.individual.test_scan_dependencies.TestSeveritySummary" name="test_severity_counts" time="0.620" /><testcase classname="tests.tools.individual.test_scan_dependencies.TestVersionCleaning" name="test_version_prefix_stripped" time="0.001" /><testcase classname="tests.tools.individual.test_scan_dependencies.TestEcosystemMapping" name="test_python_ecosystem" time="0.002" /><testcase classname="tests.tools.individual.test_scan_dependencies.TestEcosystemMapping" name="test_javascript_ecosystem" time="0.002" /><testcase classname="tests.tools.individual.test_scan_dependencies.TestEdgeCases" name="test_malformed_requirements" time="0.002" /><testcase classname="tests.tools.individual.test_scan_dependencies.TestEdgeCases" name="test_empty_requirements" time="0.001" /><testcase classname="tests.tools.individual.test_scan_dependencies.TestEdgeCases" name="test_comments_ignored" time="0.002" /><testcase classname="tests.tools.individual.test_scan_dependencies.TestEdgeCases" name="test_poetry_dependencies" time="0.005" /><testcase classname="tests.tools.individual.test_scan_dependencies.TestEdgeCases" name="test_pep621_dependencies" time="0.002" /><testcase classname="tests.tools.individual.test_scan_dependencies.TestEdgeCases" name="test_malformed_pyproject_toml" time="0.002" /><testcase classname="tests.tools.individual.test_scan_dependencies.TestEdgeCases" name="test_malformed_requirements_txt" time="0.002" /><testcase classname="tests.tools.individual.test_scan_dependencies.TestEdgeCases" name="test_malformed_package_json" time="0.002" /><testcase classname="tests.tools.individual.test_scan_dependencies.TestEdgeCases" name="test_package_json_dev_dependencies" time="0.002" /><testcase classname="tests.tools.individual.test_scan_dependencies.TestPriorityValidationAndReliability" name="test_compliance_report_content" time="0.002"><skipped type="pytest.skip" message="compliance_report not populated (requires Enterprise tier)">/mnt/k/backup/Develop/code-scalpel/tests/tools/individual/test_scan_dependencies.py:569: compliance_report not populated (requires Enterprise tier)</skipped></testcase><testcase classname="tests.tools.individual.test_scan_dependencies.TestPriorityValidationAndReliability" name="test_invalid_path_type_returns_error" time="0.001" /><testcase classname="tests.tools.individual.test_scan_dependencies.TestPriorityValidationAndReliability" name="test_missing_path_returns_error" time="0.001" /><testcase classname="tests.tools.individual.test_scan_dependencies.TestPriorityValidationAndReliability" name="test_truncated_manifest_graceful" time="0.002" /><testcase classname="tests.tools.individual.test_scan_dependencies.TestPriorityValidationAndReliability" name="test_invalid_encoding_manifest" time="0.002" /><testcase classname="tests.tools.individual.test_scan_dependencies.TestPriorityValidationAndReliability" name="test_large_manifest_truncates_with_warning" time="0.005" /><testcase classname="tests.tools.individual.test_scan_dependencies.TestPriorityValidationAndReliability" name="test_no_hallucinations_exact_dependencies" time="0.002" /><testcase classname="tests.tools.individual.test_scan_dependencies.TestPriorityValidationAndReliability" name="test_unsupported_manifest_ignored" time="0.002" /><testcase classname="tests.tools.individual.test_scan_dependencies.TestPriorityValidationAndReliability" name="test_optional_fields_absent_for_community" time="0.002" /><testcase classname="tests.tools.individual.test_scan_dependencies.TestPriorityValidationAndReliability" name="test_sequential_scans_stable" time="0.008" /><testcase classname="tests.tools.individual.test_scan_dependencies.TestPriorityValidationAndReliability" name="test_concurrent_scans_stable" time="0.005" /><testcase classname="tests.tools.individual.test_scan_dependencies.TestPriorityValidationAndReliability" name="test_osv_timeout_returns_error" time="0.686" /><testcase classname="tests.tools.individual.test_type_evaporation_cross_file_matching" name="test_type_evaporation_cross_file_matches_axios_and_router_decorators" time="0.005" /><testcase classname="tests.tools.individual.test_type_evaporation_cross_file_matching" name="test_endpoint_normalization[http://x:1234/api/x?y=1-/api/x]" time="0.001" /><testcase classname="tests.tools.individual.test_type_evaporation_cross_file_matching" name="test_endpoint_normalization[`${BASE}/api/x`-/api/x]" time="0.001" /><testcase classname="tests.tools.individual.test_type_evaporation_cross_file_matching" name="test_endpoint_normalization[/api/x/-/api/x]" time="0.001" /><testcase classname="tests.tools.oracle.test_constraint_analyzer.TestConstraintAnalyzer" name="test_analyze_file_no_graph" time="0.013" /><testcase classname="tests.tools.oracle.test_constraint_analyzer.TestConstraintAnalyzer" name="test_analyze_file_with_graph" time="0.006" /><testcase classname="tests.tools.oracle.test_constraint_analyzer.TestConstraintAnalyzer" name="test_analyze_file_with_circular_dependencies" time="0.006" /><testcase classname="tests.tools.oracle.test_constraint_analyzer.TestConstraintAnalyzer" name="test_analyze_file_custom_depth" time="0.005" /><testcase classname="tests.tools.oracle.test_constraint_analyzer.TestConstraintAnalyzer" name="test_get_callers" time="0.006" /><testcase classname="tests.tools.oracle.test_constraint_analyzer.TestConstraintAnalyzer" name="test_get_callers_no_predecessors" time="0.005" /><testcase classname="tests.tools.oracle.test_constraint_analyzer.TestConstraintAnalyzer" name="test_get_callers_no_graph_method" time="0.006" /><testcase classname="tests.tools.oracle.test_constraint_analyzer.TestConstraintAnalyzer" name="test_get_callees" time="0.005" /><testcase classname="tests.tools.oracle.test_constraint_analyzer.TestConstraintAnalyzer" name="test_get_callees_no_successors" time="0.006" /><testcase classname="tests.tools.oracle.test_constraint_analyzer.TestConstraintAnalyzer" name="test_detect_circular_dependencies" time="0.005" /><testcase classname="tests.tools.oracle.test_constraint_analyzer.TestConstraintAnalyzer" name="test_detect_circular_dependencies_file_not_in_cycle" time="0.006" /><testcase classname="tests.tools.oracle.test_constraint_analyzer.TestConstraintAnalyzer" name="test_detect_circular_dependencies_no_find_cycles_method" time="0.005" /><testcase classname="tests.tools.oracle.test_constraint_analyzer.TestConstraintAnalyzer" name="test_add_topology_rule" time="0.006" /><testcase classname="tests.tools.oracle.test_constraint_analyzer.TestConstraintAnalyzer" name="test_check_topology_violations_no_violations" time="0.008" /><testcase classname="tests.tools.oracle.test_constraint_analyzer.TestConstraintAnalyzer" name="test_check_topology_violations_with_violations" time="0.006" /><testcase classname="tests.tools.oracle.test_constraint_analyzer.TestConstraintAnalyzer" name="test_check_topology_violations_multiple_violations" time="0.006" /><testcase classname="tests.tools.oracle.test_constraint_analyzer.TestConstraintAnalyzer" name="test_check_topology_violations_allow_action" time="0.008" /><testcase classname="tests.tools.oracle.test_constraint_analyzer.TestConstraintAnalyzer" name="test_check_topology_violations_no_rules" time="0.005" /><testcase classname="tests.tools.oracle.test_constraint_analyzer.TestConstraintAnalyzer" name="test_matches_pattern_direct_prefix" time="0.007" /><testcase classname="tests.tools.oracle.test_constraint_analyzer.TestConstraintAnalyzer" name="test_matches_pattern_glob" time="0.006" /><testcase classname="tests.tools.oracle.test_constraint_analyzer.TestConstraintAnalyzer" name="test_load_governance_rules_no_config" time="0.006" /><testcase classname="tests.tools.oracle.test_constraint_analyzer.TestConstraintAnalyzer" name="test_load_governance_rules_empty_config" time="0.005" /><testcase classname="tests.tools.oracle.test_constraint_analyzer.TestConstraintAnalyzer" name="test_load_governance_rules_from_config" time="0.006" /><testcase classname="tests.tools.oracle.test_constraint_analyzer.TestConstraintAnalyzer" name="test_load_governance_rules_with_defaults" time="0.005" /><testcase classname="tests.tools.oracle.test_constraint_analyzer.TestConstraintAnalyzer" name="test_constraint_analyzer_error_handling" time="0.007" /><testcase classname="tests.tools.oracle.test_constraint_analyzer.TestConstraintAnalyzer" name="test_analyze_file_with_governance_config" time="0.005" /><testcase classname="tests.tools.oracle.test_oracle.TestWritePerfectCodeSync" name="test_sync_implementation_valid_file" time="0.030" /><testcase classname="tests.tools.oracle.test_oracle.TestWritePerfectCodeSync" name="test_sync_implementation_missing_file" time="0.006" /><testcase classname="tests.tools.oracle.test_oracle.TestWritePerfectCodeSync" name="test_sync_implementation_empty_file_path" time="0.008" /><testcase classname="tests.tools.oracle.test_oracle.TestWritePerfectCodeSync" name="test_sync_implementation_empty_instruction" time="0.008" /><testcase classname="tests.tools.oracle.test_oracle.TestWritePerfectCodeSync" name="test_sync_implementation_invalid_python" time="0.031" /><testcase classname="tests.tools.oracle.test_oracle.TestWritePerfectCodeSync" name="test_sync_implementation_respects_tier" time="0.032" /><testcase classname="tests.tools.oracle.test_oracle.TestWritePerfectCodeAsync" name="test_async_implementation_valid_file" time="0.033" /><testcase classname="tests.tools.oracle.test_oracle.TestWritePerfectCodeAsync" name="test_async_implementation_propagates_file_not_found" time="0.007" /><testcase classname="tests.tools.oracle.test_oracle.TestWritePerfectCodeAsync" name="test_async_implementation_propagates_value_error" time="0.011" /><testcase classname="tests.tools.oracle.test_oracle.TestWritePerfectCodeMCPTool" name="test_tool_success_response" time="0.010" /><testcase classname="tests.tools.oracle.test_oracle.TestWritePerfectCodeMCPTool" name="test_tool_includes_version" time="0.019" /><testcase classname="tests.tools.oracle.test_oracle.TestWritePerfectCodeMCPTool" name="test_tool_includes_tier" time="0.011" /><testcase classname="tests.tools.oracle.test_oracle.TestWritePerfectCodeIntegration" name="test_sync_with_real_file_content" time="0.032" /><testcase classname="tests.tools.oracle.test_oracle.TestWritePerfectCodeIntegration" name="test_async_integration_with_mcp_tool" time="0.045" /><testcase classname="tests.tools.oracle.test_oracle_ai_feedback.TestOracleWritePerfectCodeWithWrongInputs" name="test_wrong_file_path_returns_error" time="0.018" /><testcase classname="tests.tools.oracle.test_oracle_ai_feedback.TestOracleWritePerfectCodeWithWrongInputs" name="test_empty_instruction_returns_error" time="0.018" /><testcase classname="tests.tools.oracle.test_oracle_ai_feedback.TestOracleWritePerfectCodeWithWrongInputs" name="test_valid_inputs_returns_spec" time="0.041" /><testcase classname="tests.tools.oracle.test_oracle_ai_feedback.TestOracleAnalyzeCodeWithWrongInputs" name="test_analyze_invalid_code_provides_feedback" time="0.067" /><testcase classname="tests.tools.oracle.test_oracle_ai_feedback.TestOracleAnalyzeCodeWithWrongInputs" name="test_analyze_valid_python_succeeds" time="0.299" /><testcase classname="tests.tools.oracle.test_oracle_ai_feedback.TestOracleAnalyzeCodeWithWrongInputs" name="test_analyze_with_explicit_language_works" time="0.118" /><testcase classname="tests.tools.oracle.test_oracle_ai_feedback.TestOracleExtractCodeWithWrongInputs" name="test_extract_nonexistent_function_returns_error" time="0.033" /><testcase classname="tests.tools.oracle.test_oracle_ai_feedback.TestOracleExtractCodeWithWrongInputs" name="test_extract_existing_function_succeeds" time="0.041" /><testcase classname="tests.tools.oracle.test_oracle_ai_feedback.TestOracleExtractCodeWithWrongInputs" name="test_extract_class_method_succeeds" time="0.045" /><testcase classname="tests.tools.oracle.test_oracle_ai_feedback.TestOracleRenameSymbolWithWrongInputs" name="test_rename_nonexistent_function_returns_error" time="0.030" /><testcase classname="tests.tools.oracle.test_oracle_ai_feedback.TestOracleRenameSymbolWithWrongInputs" name="test_rename_existing_function_succeeds" time="0.019" /><testcase classname="tests.tools.oracle.test_oracle_ai_feedback.TestOracleFeedbackMessages" name="test_error_includes_helpful_context" time="0.017" /><testcase classname="tests.tools.oracle.test_oracle_ai_feedback.TestOracleFeedbackMessages" name="test_success_includes_metadata" time="0.039" /><testcase classname="tests.tools.oracle.test_oracle_ai_feedback.TestOracleConsistencyAcrossTools" name="test_all_tools_return_envelope" time="0.346" /><testcase classname="tests.tools.oracle.test_oracle_ai_feedback.TestOracleConsistencyAcrossTools" name="test_all_tools_include_tier" time="0.094" /><testcase classname="tests.tools.oracle.test_oracle_pipeline.TestOraclePipelineTierLimits" name="test_community_tier_limits" time="0.007" /><testcase classname="tests.tools.oracle.test_oracle_pipeline.TestOraclePipelineTierLimits" name="test_pro_tier_limits" time="0.005" /><testcase classname="tests.tools.oracle.test_oracle_pipeline.TestOraclePipelineTierLimits" name="test_enterprise_tier_limits" time="0.006" /><testcase classname="tests.tools.oracle.test_oracle_pipeline.TestOraclePipelineTierLimits" name="test_default_tier_is_community" time="0.005" /><testcase classname="tests.tools.oracle.test_oracle_pipeline.TestOraclePipelineTierLimits" name="test_invalid_tier_defaults_to_community" time="0.006" /><testcase classname="tests.tools.oracle.test_oracle_pipeline.TestOraclePipelineContextLines" name="test_community_context_lines" time="0.005" /><testcase classname="tests.tools.oracle.test_oracle_pipeline.TestOraclePipelineContextLines" name="test_pro_context_lines" time="0.006" /><testcase classname="tests.tools.oracle.test_oracle_pipeline.TestOraclePipelineContextLines" name="test_enterprise_context_lines" time="0.005" /><testcase classname="tests.tools.oracle.test_oracle_pipeline.TestOraclePipelineContextLines" name="test_invalid_tier_defaults_to_100_lines" time="0.006" /><testcase classname="tests.tools.oracle.test_oracle_pipeline.TestOraclePipelineBasicExecution" name="test_pipeline_initialization" time="0.006" /><testcase classname="tests.tools.oracle.test_oracle_pipeline.TestOraclePipelineBasicExecution" name="test_generate_constraint_spec_basic" time="0.011" /><testcase classname="tests.tools.oracle.test_oracle_pipeline.TestOraclePipelineBasicExecution" name="test_generate_constraint_spec_file_not_found" time="0.007" /><testcase classname="tests.tools.oracle.test_oracle_pipeline.TestOraclePipelineBasicExecution" name="test_generate_constraint_spec_empty_instruction" time="0.006" /><testcase classname="tests.tools.oracle.test_oracle_pipeline.TestOraclePipelineBasicExecution" name="test_generate_constraint_spec_syntax_error" time="0.012" /><testcase classname="tests.tools.oracle.test_oracle_pipeline.TestOraclePipelinePerformance" name="test_pipeline_executes_in_time_budget" time="0.011" /><testcase classname="tests.tools.oracle.test_oracle_pipeline.TestOraclePipelinePerformance" name="test_community_tier_faster_than_enterprise" time="0.277"><failure message="assert 260 &lt; 200">self = &lt;tests.tools.oracle.test_oracle_pipeline.TestOraclePipelinePerformance object at 0x7796e43fc650&gt;

    def test_community_tier_faster_than_enterprise(self):
        """Community tier should be faster (smaller crawl)."""
        with tempfile.TemporaryDirectory() as tmpdir:
            test_file = Path(tmpdir) / "test.py"
            test_file.write_text("def foo(): pass")
    
            # Time community tier
            pipeline_community = OraclePipeline(tmpdir, tier="community")
            started = time.perf_counter()
            _ = pipeline_community.generate_constraint_spec(
                file_path=str(test_file),
                instruction="Add feature",
            )
            community_ms = int((time.perf_counter() - started) * 1000)
    
            # Time enterprise tier
            pipeline_enterprise = OraclePipeline(tmpdir, tier="enterprise")
            started = time.perf_counter()
            _ = pipeline_enterprise.generate_constraint_spec(
                file_path=str(test_file),
                instruction="Add feature",
            )
            enterprise_ms = int((time.perf_counter() - started) * 1000)
    
            # Enterprise should not be significantly faster (both should be fast)
            # but community should have access to smaller limits
            assert community_ms &lt; 200
&gt;           assert enterprise_ms &lt; 200
E           assert 260 &lt; 200

tests/tools/oracle/test_oracle_pipeline.py:213: AssertionError</failure></testcase><testcase classname="tests.tools.oracle.test_oracle_pipeline.TestOraclePipelineEntryPoints" name="test_generate_constraint_spec_sync" time="0.012" /><testcase classname="tests.tools.oracle.test_oracle_pipeline.TestOraclePipelineEntryPoints" name="test_generate_constraint_spec_async" time="0.014" /><testcase classname="tests.tools.oracle.test_oracle_pipeline.TestOraclePipelineEntryPoints" name="test_sync_entry_point_file_not_found" time="0.007" /><testcase classname="tests.tools.oracle.test_oracle_pipeline.TestOraclePipelineEntryPoints" name="test_sync_entry_point_respects_tier" time="0.020" /><testcase classname="tests.tools.oracle.test_oracle_pipeline.TestOraclePipelineMultiFile" name="test_pipeline_scans_multiple_files" time="0.012" /><testcase classname="tests.tools.oracle.test_oracle_pipeline.TestOraclePipelineMultiFile" name="test_community_tier_limits_file_crawl" time="0.037" /><testcase classname="tests.tools.oracle.test_oracle_pipeline.TestOraclePipelineClassInit" name="test_repo_root_resolution" time="0.007" /><testcase classname="tests.tools.oracle.test_oracle_pipeline.TestOraclePipelineClassInit" name="test_repo_root_string_or_path" time="0.006" /><testcase classname="tests.tools.oracle.test_oracle_pipeline.TestOraclePipelineGovernanceConfig" name="test_governance_config_optional" time="0.012" /><testcase classname="tests.tools.oracle.test_oracle_pipeline.TestOraclePipelineGovernanceConfig" name="test_governance_config_passthrough" time="0.011" /><testcase classname="tests.tools.oracle.test_spec_generator.TestSpecGenerator" name="test_generate_constraint_spec_basic" time="0.006" /><testcase classname="tests.tools.oracle.test_spec_generator.TestSpecGenerator" name="test_generate_constraint_spec_file_not_found" time="0.005" /><testcase classname="tests.tools.oracle.test_spec_generator.TestSpecGenerator" name="test_generate_constraint_spec_with_graph" time="0.007" /><testcase classname="tests.tools.oracle.test_spec_generator.TestSpecGenerator" name="test_generate_constraint_spec_tier_limits" time="0.007" /><testcase classname="tests.tools.oracle.test_spec_generator.TestSpecGenerator" name="test_generate_constraint_spec_custom_limits" time="0.007" /><testcase classname="tests.tools.oracle.test_spec_generator.TestSpecGenerator" name="test_generate_markdown_with_symbols" time="0.006" /><testcase classname="tests.tools.oracle.test_spec_generator.TestSpecGenerator" name="test_generate_markdown_with_graph_constraints" time="0.009" /><testcase classname="tests.tools.oracle.test_spec_generator.TestSpecGenerator" name="test_generate_markdown_with_circular_dependencies" time="0.009" /><testcase classname="tests.tools.oracle.test_spec_generator.TestSpecGenerator" name="test_generate_markdown_with_topology_rules" time="0.009" /><testcase classname="tests.tools.oracle.test_spec_generator.TestSpecGenerator" name="test_generate_markdown_includes_code_context" time="0.008" /><testcase classname="tests.tools.oracle.test_spec_generator.TestSpecGenerator" name="test_generate_markdown_includes_implementation_notes" time="0.009" /><testcase classname="tests.tools.oracle.test_spec_generator.TestSpecGenerator" name="test_get_tier_graph_depth" time="0.005" /><testcase classname="tests.tools.oracle.test_spec_generator.TestSpecGenerator" name="test_get_tier_context_lines" time="0.006" /><testcase classname="tests.tools.oracle.test_spec_generator.TestSpecGenerator" name="test_generate_constraint_spec_with_governance" time="0.007" /><testcase classname="tests.tools.oracle.test_spec_generator.TestSpecGenerator" name="test_markdown_spec_has_metadata" time="0.007" /><testcase classname="tests.tools.oracle.test_spec_generator.TestSpecGenerator" name="test_generate_spec_with_large_context_limit" time="0.007" /><testcase classname="tests.tools.oracle.test_spec_generator.TestSpecGenerator" name="test_generate_spec_with_zero_context_limit" time="0.007" /><testcase classname="tests.tools.oracle.test_spec_generator.TestSpecGenerator" name="test_markdown_limits_symbols_display" time="0.008" /><testcase classname="tests.tools.oracle.test_spec_generator.TestSpecGenerator" name="test_markdown_limits_callers_display" time="0.008" /><testcase classname="tests.tools.oracle.test_spec_generator.TestSpecGenerator" name="test_markdown_includes_tier_label" time="0.008" /><testcase classname="tests.tools.oracle.test_symbol_extractor.TestSymbolExtractor" name="test_extract_from_source_functions" time="0.005" /><testcase classname="tests.tools.oracle.test_symbol_extractor.TestSymbolExtractor" name="test_extract_from_source_classes" time="0.007" /><testcase classname="tests.tools.oracle.test_symbol_extractor.TestSymbolExtractor" name="test_extract_from_source_imports" time="0.006" /><testcase classname="tests.tools.oracle.test_symbol_extractor.TestSymbolExtractor" name="test_extract_from_file" time="0.009" /><testcase classname="tests.tools.oracle.test_symbol_extractor.TestSymbolExtractor" name="test_extract_with_decorators" time="0.006" /><testcase classname="tests.tools.oracle.test_symbol_extractor.TestSymbolExtractor" name="test_extract_nonexistent_file" time="0.005" /><testcase classname="tests.tools.oracle.test_symbol_extractor.TestSymbolExtractor" name="test_extract_syntax_error" time="0.005" /><testcase classname="tests.tools.oracle.test_symbol_extractor.TestSymbolExtractor" name="test_unsupported_language" time="0.005" /><testcase classname="tests.tools.oracle.test_symbol_extractor.TestSymbolExtractor" name="test_get_symbol_by_name" time="0.005" /><testcase classname="tests.tools.rename_symbol.test_approval_workflow.TestApprovalBasics" name="test_approval_request_creation" time="0.008" /><testcase classname="tests.tools.rename_symbol.test_approval_workflow.TestApprovalBasics" name="test_approval_request_with_reviewers" time="0.001" /><testcase classname="tests.tools.rename_symbol.test_approval_workflow.TestApprovalBasics" name="test_approval_response_creation" time="0.001" /><testcase classname="tests.tools.rename_symbol.test_approval_workflow.TestApprovalBasics" name="test_approval_workflow_init" time="0.001" /><testcase classname="tests.tools.rename_symbol.test_approval_workflow.TestApprovalRequests" name="test_request_approval_generates_id" time="0.001" /><testcase classname="tests.tools.rename_symbol.test_approval_workflow.TestApprovalRequests" name="test_request_approval_tracks_internally" time="0.001" /><testcase classname="tests.tools.rename_symbol.test_approval_workflow.TestApprovalRequests" name="test_auto_approve_mode" time="0.001" /><testcase classname="tests.tools.rename_symbol.test_approval_workflow.TestApprovalRequests" name="test_approval_with_timeout" time="1.502" /><testcase classname="tests.tools.rename_symbol.test_approval_workflow.TestApprovalActions" name="test_manual_approval" time="0.001" /><testcase classname="tests.tools.rename_symbol.test_approval_workflow.TestApprovalActions" name="test_manual_rejection" time="0.001" /><testcase classname="tests.tools.rename_symbol.test_approval_workflow.TestApprovalActions" name="test_cannot_approve_after_rejection" time="0.001" /><testcase classname="tests.tools.rename_symbol.test_approval_workflow.TestApprovalActions" name="test_cancel_approval" time="0.001" /><testcase classname="tests.tools.rename_symbol.test_approval_workflow.TestApprovalCallbacks" name="test_approval_callback_invoked" time="0.002" /><testcase classname="tests.tools.rename_symbol.test_approval_workflow.TestApprovalCallbacks" name="test_status_callback_invoked" time="0.001" /><testcase classname="tests.tools.rename_symbol.test_approval_workflow.TestApprovalCallbacks" name="test_callback_failure_graceful" time="0.001" /><testcase classname="tests.tools.rename_symbol.test_approval_workflow.TestApprovalDetails" name="test_get_approval_details" time="0.001" /><testcase classname="tests.tools.rename_symbol.test_approval_workflow.TestApprovalDetails" name="test_get_nonexistent_approval" time="0.001" /><testcase classname="tests.tools.rename_symbol.test_approval_workflow.TestSynchronousWait" name="test_wait_for_approval_immediate" time="0.001" /><testcase classname="tests.tools.rename_symbol.test_approval_workflow.TestSynchronousWait" name="test_wait_for_approval_with_timeout" time="0.302" /><testcase classname="tests.tools.rename_symbol.test_audit_trail.TestAuditTrailBasics" name="test_audit_entry_creation" time="0.001" /><testcase classname="tests.tools.rename_symbol.test_audit_trail.TestAuditTrailBasics" name="test_audit_trail_disabled" time="0.002" /><testcase classname="tests.tools.rename_symbol.test_audit_trail.TestAuditTrailBasics" name="test_audit_trail_enabled" time="0.003" /><testcase classname="tests.tools.rename_symbol.test_audit_trail.TestAuditTrailBasics" name="test_audit_entry_serialization" time="0.002" /><testcase classname="tests.tools.rename_symbol.test_audit_trail.TestAuditTrailQuery" name="test_query_by_operation" time="0.003" /><testcase classname="tests.tools.rename_symbol.test_audit_trail.TestAuditTrailQuery" name="test_query_by_target_file" time="0.002" /><testcase classname="tests.tools.rename_symbol.test_audit_trail.TestAuditTrailQuery" name="test_query_by_success_status" time="0.002" /><testcase classname="tests.tools.rename_symbol.test_audit_trail.TestAuditTrailIntegration" name="test_rename_with_audit_enabled" time="0.013" /><testcase classname="tests.tools.rename_symbol.test_audit_trail.TestAuditTrailIntegration" name="test_rename_without_audit" time="0.012" /><testcase classname="tests.tools.rename_symbol.test_audit_trail.TestAuditTrailIntegration" name="test_failed_rename_logged" time="0.005" /><testcase classname="tests.tools.rename_symbol.test_audit_trail.TestAuditTrailIntegration" name="test_audit_includes_performance_metrics" time="0.012" /><testcase classname="tests.tools.rename_symbol.test_compliance.TestComplianceBasics" name="test_compliance_result_creation" time="0.001" /><testcase classname="tests.tools.rename_symbol.test_compliance.TestComplianceBasics" name="test_compliance_result_with_violations" time="0.001" /><testcase classname="tests.tools.rename_symbol.test_compliance.TestComplianceBasics" name="test_format_compliance_error" time="0.001" /><testcase classname="tests.tools.rename_symbol.test_compliance.TestComplianceBasics" name="test_format_compliance_success" time="0.001" /><testcase classname="tests.tools.rename_symbol.test_compliance.TestComplianceChecking" name="test_compliance_check_graceful_degradation" time="0.107" /><testcase classname="tests.tools.rename_symbol.test_compliance.TestComplianceChecking" name="test_compliance_check_with_valid_rename" time="0.002" /><testcase classname="tests.tools.rename_symbol.test_compliance.TestComplianceIntegration" name="test_rename_with_compliance_enabled" time="0.013" /><testcase classname="tests.tools.rename_symbol.test_compliance.TestComplianceIntegration" name="test_rename_without_compliance" time="0.014" /><testcase classname="tests.tools.rename_symbol.test_compliance.TestComplianceIntegration" name="test_compliance_failure_logged_in_audit" time="0.013" /><testcase classname="tests.tools.rename_symbol.test_compliance.TestComplianceErrorMessages" name="test_single_violation_message" time="0.001" /><testcase classname="tests.tools.rename_symbol.test_compliance.TestComplianceErrorMessages" name="test_multiple_violations_message" time="0.001" /><testcase classname="tests.tools.rename_symbol.test_compliance.TestComplianceErrorMessages" name="test_error_message_without_violations" time="0.001" /><testcase classname="tests.tools.rename_symbol.test_multi_repo.TestMultiRepoBasics" name="test_repo_change_creation" time="0.001" /><testcase classname="tests.tools.rename_symbol.test_multi_repo.TestMultiRepoBasics" name="test_coordinator_init" time="0.002" /><testcase classname="tests.tools.rename_symbol.test_multi_repo.TestMultiRepoBasics" name="test_begin_session" time="0.001" /><testcase classname="tests.tools.rename_symbol.test_multi_repo.TestSessionManagement" name="test_add_change_to_session" time="0.002" /><testcase classname="tests.tools.rename_symbol.test_multi_repo.TestSessionManagement" name="test_add_multiple_changes_same_repo" time="0.002" /><testcase classname="tests.tools.rename_symbol.test_multi_repo.TestSessionManagement" name="test_add_changes_multiple_repos" time="0.002" /><testcase classname="tests.tools.rename_symbol.test_multi_repo.TestSessionManagement" name="test_cannot_add_to_nonexistent_session" time="0.002" /><testcase classname="tests.tools.rename_symbol.test_multi_repo.TestDependencyOrdering" name="test_set_dependencies" time="0.002" /><testcase classname="tests.tools.rename_symbol.test_multi_repo.TestDependencyOrdering" name="test_set_dependencies_invalid_session" time="0.001" /><testcase classname="tests.tools.rename_symbol.test_multi_repo.TestAtomicCommit" name="test_commit_empty_session" time="0.001" /><testcase classname="tests.tools.rename_symbol.test_multi_repo.TestAtomicCommit" name="test_commit_single_repo" time="0.003" /><testcase classname="tests.tools.rename_symbol.test_multi_repo.TestAtomicCommit" name="test_commit_multiple_repos" time="0.003" /><testcase classname="tests.tools.rename_symbol.test_multi_repo.TestAtomicCommit" name="test_dry_run_mode" time="0.002" /><testcase classname="tests.tools.rename_symbol.test_multi_repo.TestAtomicCommit" name="test_cannot_commit_twice" time="0.001" /><testcase classname="tests.tools.rename_symbol.test_multi_repo.TestRollback" name="test_manual_rollback" time="0.003" /><testcase classname="tests.tools.rename_symbol.test_multi_repo.TestRollback" name="test_rollback_nonexistent_session" time="0.001" /><testcase classname="tests.tools.rename_symbol.test_multi_repo.TestSessionQueries" name="test_get_session_status" time="0.001" /><testcase classname="tests.tools.rename_symbol.test_multi_repo.TestSessionQueries" name="test_list_session_repos" time="0.002" /><testcase classname="tests.tools.rename_symbol.test_multi_repo.TestSessionQueries" name="test_list_repos_empty_session" time="0.001" /><testcase classname="tests.tools.rename_symbol.test_multi_repo.TestSessionQueries" name="test_list_repos_invalid_session" time="0.001" /><testcase classname="tests.tools.rename_symbol.test_python_breadth" name="test_async_function_rename_same_file" time="0.011" /><testcase classname="tests.tools.rename_symbol.test_python_breadth" name="test_staticmethod_and_classmethod_same_file" time="0.018" /><testcase classname="tests.tools.rename_symbol.test_python_breadth" name="test_decorated_function_same_file" time="0.011" /><testcase classname="tests.tools.rename_symbol.test_python_breadth" name="test_property_getter_setter_same_file" time="0.011" /><testcase classname="tests.tools.rename_symbol.test_python_breadth" name="test_dunder_rename_rejected" time="0.010" /><testcase classname="tests.tools.rename_symbol.test_python_breadth" name="test_cross_file_relative_and_alias_imports" time="0.012" /><testcase classname="tests.tools.rename_symbol.test_python_breadth" name="test_getattr_usage_not_rewritten" time="0.008" /><testcase classname="tests.tools.rename_symbol.test_python_breadth" name="test_nested_function_rename_same_file" time="0.011" /><testcase classname="tests.tools.rename_symbol.test_python_breadth" name="test_lambda_not_renamed_as_function" time="0.007" /><testcase classname="tests.tools.rename_symbol.test_python_breadth" name="test_comments_and_docstrings_not_rewritten" time="0.010" /><testcase classname="tests.tools.rename_symbol.test_python_breadth" name="test_multiline_definition_and_call_rename" time="0.010" /><testcase classname="tests.tools.rename_symbol.test_python_breadth" name="test_unusual_indentation_tabs_supported" time="0.010" /><testcase classname="tests.tools.rename_symbol.test_python_breadth" name="test_minimal_valid_input_one_line" time="0.012" /><testcase classname="tests.tools.rename_symbol.test_rename.TestRename" name="test_rename_async_function" time="0.009" /><testcase classname="tests.tools.rename_symbol.test_rename.TestRename" name="test_rename_class" time="0.009" /><testcase classname="tests.tools.rename_symbol.test_rename.TestRename" name="test_rename_function" time="0.007" /><testcase classname="tests.tools.rename_symbol.test_rename.TestRename" name="test_rename_method" time="0.009" /><testcase classname="tests.tools.rename_symbol.test_rename.TestRenameSameFileReferences" name="test_rename_class_with_type_hints" time="0.007" /><testcase classname="tests.tools.rename_symbol.test_rename.TestRenameSameFileReferences" name="test_rename_function_with_calls" time="0.007" /><testcase classname="tests.tools.rename_symbol.test_rename.TestRenameSameFileReferences" name="test_rename_function_with_decorator" time="0.009" /><testcase classname="tests.tools.rename_symbol.test_rename.TestRenameSameFileReferences" name="test_rename_method_with_self_calls" time="0.007" /><testcase classname="tests.tools.rename_symbol.test_rename.TestRenameSameFileReferences" name="test_rename_preserves_strings_and_comments" time="0.008" /><testcase classname="tests.tools.rename_symbol.test_rename.TestRenameSameFileReferences" name="test_rename_reports_references_updated" time="0.008" /><testcase classname="tests.tools.rename_symbol.test_rename_concurrency" name="test_parallel_renames_different_symbols_isolated" time="0.012" /><testcase classname="tests.tools.rename_symbol.test_rename_concurrency" name="test_parallel_renames_same_symbol_last_wins" time="0.012" /><testcase classname="tests.tools.rename_symbol.test_rename_concurrency" name="test_backup_integrity_under_concurrency" time="0.012" /><testcase classname="tests.tools.rename_symbol.test_rename_concurrency" name="test_lock_semantics_prevent_corruption" time="0.024" /><testcase classname="tests.tools.rename_symbol.test_rename_concurrency" name="test_concurrent_cross_file_renames_consistent" time="0.015" /><testcase classname="tests.tools.rename_symbol.test_rename_concurrency" name="test_race_condition_file_creation" time="0.016" /><testcase classname="tests.tools.rename_symbol.test_rename_concurrency" name="test_high_concurrency_stress_12_threads" time="0.017" /><testcase classname="tests.tools.rename_symbol.test_rename_conflicts" name="test_invalid_identifier_rejected[class]" time="0.004" /><testcase classname="tests.tools.rename_symbol.test_rename_conflicts" name="test_invalid_identifier_rejected[def]" time="0.004" /><testcase classname="tests.tools.rename_symbol.test_rename_conflicts" name="test_invalid_identifier_rejected[import]" time="0.004" /><testcase classname="tests.tools.rename_symbol.test_rename_conflicts" name="test_invalid_identifier_rejected[123name]" time="0.004" /><testcase classname="tests.tools.rename_symbol.test_rename_conflicts" name="test_invalid_identifier_rejected[my-name]" time="0.004" /><testcase classname="tests.tools.rename_symbol.test_rename_conflicts" name="test_invalid_identifier_rejected[my name]" time="0.004" /><testcase classname="tests.tools.rename_symbol.test_rename_conflicts" name="test_invalid_identifier_rejected[]" time="0.004" /><testcase classname="tests.tools.rename_symbol.test_rename_conflicts" name="test_existing_name_conflict_detected" time="0.004" /><testcase classname="tests.tools.rename_symbol.test_rename_conflicts" name="test_read_only_file_clear_error" time="0.009" /><testcase classname="tests.tools.rename_symbol.test_rename_conflicts" name="test_symlink_loop_detected" time="0.005" /><testcase classname="tests.tools.rename_symbol.test_rename_conflicts" name="test_path_outside_allowed_roots_rejected" time="0.004" /><testcase classname="tests.tools.rename_symbol.test_rename_conflicts" name="test_path_redaction_relative_paths" time="0.009" /><testcase classname="tests.tools.rename_symbol.test_rename_conflicts" name="test_missing_target_file_clear_error" time="0.004" /><testcase classname="tests.tools.rename_symbol.test_rename_conflicts" name="test_malformed_python_syntax_error" time="0.008" /><testcase classname="tests.tools.rename_symbol.test_rename_conflicts" name="test_unicode_identifier_handling" time="0.010" /><testcase classname="tests.tools.rename_symbol.test_rename_conflicts" name="test_empty_file_rename_graceful" time="0.006" /><testcase classname="tests.tools.rename_symbol.test_rename_conflicts" name="test_binary_file_rejected" time="0.004" /><testcase classname="tests.tools.rename_symbol.test_rename_conflicts" name="test_very_long_identifier_rejected" time="0.018" /><testcase classname="tests.tools.rename_symbol.test_rename_conflicts" name="test_conflict_with_builtin_name" time="0.009" /><testcase classname="tests.tools.rename_symbol.test_rename_cross_file.TestRenameCrossFile" name="test_function_from_import_updates_import_and_calls" time="0.007" /><testcase classname="tests.tools.rename_symbol.test_rename_cross_file.TestRenameCrossFile" name="test_function_from_import_with_alias_updates_import_only" time="0.006" /><testcase classname="tests.tools.rename_symbol.test_rename_cross_file.TestRenameCrossFile" name="test_function_module_import_updates_attribute" time="0.006" /><testcase classname="tests.tools.rename_symbol.test_rename_cross_file.TestRenameCrossFile" name="test_method_class_reference_updates" time="0.006" /><testcase classname="tests.tools.rename_symbol.test_rename_cross_file.TestRenameCrossFile" name="test_method_instance_call_updates" time="0.006" /><testcase classname="tests.tools.rename_symbol.test_rename_cross_file.TestRenameCrossFile" name="test_method_instance_call_with_module_alias_updates" time="0.006" /><testcase classname="tests.tools.rename_symbol.test_rename_cross_file.TestRenameCrossFile" name="test_method_module_reference_updates" time="0.006" /><testcase classname="tests.tools.rename_symbol.test_rename_documentation_release.TestDocumentationAccuracy" name="test_tool_accepts_advertised_parameters" time="0.010" /><testcase classname="tests.tools.rename_symbol.test_rename_documentation_release.TestDocumentationAccuracy" name="test_tool_returns_documented_fields" time="0.010" /><testcase classname="tests.tools.rename_symbol.test_rename_documentation_release.TestDocumentationAccuracy" name="test_documented_error_conditions_match" time="0.007" /><testcase classname="tests.tools.rename_symbol.test_rename_documentation_release.TestDocumentationAccuracy" name="test_tool_behavior_matches_roadmap_description" time="0.011" /><testcase classname="tests.tools.rename_symbol.test_rename_documentation_release.TestDocumentationAccuracy" name="test_api_documentation_matches_signature" time="0.011" /><testcase classname="tests.tools.rename_symbol.test_rename_documentation_release.TestErrorMessages" name="test_invalid_input_has_clear_message" time="0.008" /><testcase classname="tests.tools.rename_symbol.test_rename_documentation_release.TestErrorMessages" name="test_error_message_not_generic" time="0.008" /><testcase classname="tests.tools.rename_symbol.test_rename_documentation_release.TestErrorMessages" name="test_error_message_suggests_fix" time="0.004" /><testcase classname="tests.tools.rename_symbol.test_rename_documentation_release.TestErrorMessages" name="test_response_has_context_information" time="0.010" /><testcase classname="tests.tools.rename_symbol.test_rename_documentation_release.TestRoadmapAlignment" name="test_community_tier_features_implemented" time="0.010" /><testcase classname="tests.tools.rename_symbol.test_rename_documentation_release.TestRoadmapAlignment" name="test_pro_tier_features_advertised" time="0.009" /><testcase classname="tests.tools.rename_symbol.test_rename_documentation_release.TestRoadmapAlignment" name="test_enterprise_tier_features_advertised" time="0.009" /><testcase classname="tests.tools.rename_symbol.test_rename_documentation_release.TestLoggingAndDebug" name="test_no_excessive_output_on_success" time="0.009" /><testcase classname="tests.tools.rename_symbol.test_rename_documentation_release.TestLoggingAndDebug" name="test_errors_provide_debugging_info" time="0.006" /><testcase classname="tests.tools.rename_symbol.test_rename_documentation_release.TestAPIDocumentation" name="test_tool_class_exists" time="0.001" /><testcase classname="tests.tools.rename_symbol.test_rename_documentation_release.TestAPIDocumentation" name="test_rename_symbol_method_exists" time="0.002" /><testcase classname="tests.tools.rename_symbol.test_rename_documentation_release.TestAPIDocumentation" name="test_rename_symbol_has_docstring" time="0.001" /><testcase classname="tests.tools.rename_symbol.test_rename_documentation_release.TestAPIDocumentation" name="test_from_file_method_documented" time="0.001" /><testcase classname="tests.tools.rename_symbol.test_rename_documentation_release.TestReleaseReadiness" name="test_all_core_features_tested" time="0.009" /><testcase classname="tests.tools.rename_symbol.test_rename_documentation_release.TestReleaseReadiness" name="test_no_hardcoded_debug_output" time="0.010" /><testcase classname="tests.tools.rename_symbol.test_rename_documentation_release.TestReleaseReadiness" name="test_response_format_consistent" time="0.015" /><testcase classname="tests.tools.rename_symbol.test_rename_documentation_release.TestReleaseReadiness" name="test_no_external_dependencies_in_tests" time="0.001" /><testcase classname="tests.tools.rename_symbol.test_rename_documentation_release.TestReleaseReadiness" name="test_test_coverage_comprehensive" time="0.001" /><testcase classname="tests.tools.rename_symbol.test_rename_documentation_release.TestBreakingChanges" name="test_api_backward_compatible" time="0.010" /><testcase classname="tests.tools.rename_symbol.test_rename_documentation_release.TestBreakingChanges" name="test_response_fields_preserved" time="0.010" /><testcase classname="tests.tools.rename_symbol.test_rename_documentation_release.TestReleaseChecklist" name="test_tier_system_complete" time="0.001" /><testcase classname="tests.tools.rename_symbol.test_rename_documentation_release.TestReleaseChecklist" name="test_all_platforms_supported" time="0.001" /><testcase classname="tests.tools.rename_symbol.test_rename_documentation_release.TestReleaseChecklist" name="test_performance_acceptable" time="0.001" /><testcase classname="tests.tools.rename_symbol.test_rename_documentation_release.TestReleaseChecklist" name="test_security_validated" time="0.001" /><testcase classname="tests.tools.rename_symbol.test_rename_documentation_release.TestReleaseChecklist" name="test_documentation_complete" time="0.001" /><testcase classname="tests.tools.rename_symbol.test_rename_documentation_release.TestReleaseChecklist" name="test_error_handling_robust" time="0.001" /><testcase classname="tests.tools.rename_symbol.test_rename_documentation_release.TestReleaseChecklist" name="test_test_suite_comprehensive" time="0.001" /><testcase classname="tests.tools.rename_symbol.test_rename_governance_matrix" name="test_rename_within_budget_succeeds_all_profiles[governance_permissive]" time="0.010" /><testcase classname="tests.tools.rename_symbol.test_rename_governance_matrix" name="test_rename_within_budget_succeeds_all_profiles[governance_minimal]" time="0.009" /><testcase classname="tests.tools.rename_symbol.test_rename_governance_matrix" name="test_rename_within_budget_succeeds_all_profiles[governance_default]" time="0.009" /><testcase classname="tests.tools.rename_symbol.test_rename_governance_matrix" name="test_rename_within_budget_succeeds_all_profiles[governance_restrictive]" time="0.010" /><testcase classname="tests.tools.rename_symbol.test_rename_governance_matrix" name="test_rename_exceeding_budget_blocked_or_warned[governance_permissive-False]" time="0.025" /><testcase classname="tests.tools.rename_symbol.test_rename_governance_matrix" name="test_rename_exceeding_budget_blocked_or_warned[governance_minimal-False]" time="0.025" /><testcase classname="tests.tools.rename_symbol.test_rename_governance_matrix" name="test_rename_exceeding_budget_blocked_or_warned[governance_default-True]" time="0.025" /><testcase classname="tests.tools.rename_symbol.test_rename_governance_matrix" name="test_rename_exceeding_budget_blocked_or_warned[governance_restrictive-True]" time="0.026" /><testcase classname="tests.tools.rename_symbol.test_rename_governance_matrix" name="test_audit_trail_generated_per_profile[governance_permissive-False]" time="0.005" /><testcase classname="tests.tools.rename_symbol.test_rename_governance_matrix" name="test_audit_trail_generated_per_profile[governance_minimal-True]" time="0.027" /><testcase classname="tests.tools.rename_symbol.test_rename_governance_matrix" name="test_audit_trail_generated_per_profile[governance_default-True]" time="0.025" /><testcase classname="tests.tools.rename_symbol.test_rename_governance_matrix" name="test_audit_trail_generated_per_profile[governance_restrictive-True]" time="0.025" /><testcase classname="tests.tools.rename_symbol.test_rename_governance_matrix" name="test_warn_mode_with_break_glass_allows_rename[governance_minimal]" time="0.010" /><testcase classname="tests.tools.rename_symbol.test_rename_governance_matrix" name="test_budget_max_files_enforced_per_profile[governance_permissive-None]" time="0.005" /><testcase classname="tests.tools.rename_symbol.test_rename_governance_matrix" name="test_budget_max_files_enforced_per_profile[governance_minimal-50]" time="0.005" /><testcase classname="tests.tools.rename_symbol.test_rename_governance_matrix" name="test_budget_max_files_enforced_per_profile[governance_default-20]" time="0.005" /><testcase classname="tests.tools.rename_symbol.test_rename_governance_matrix" name="test_budget_max_files_enforced_per_profile[governance_restrictive-5]" time="0.008" /><testcase classname="tests.tools.rename_symbol.test_rename_js_ts.TestRenameJavaScript" name="test_rename_arrow_function" time="0.005" /><testcase classname="tests.tools.rename_symbol.test_rename_js_ts.TestRenameJavaScript" name="test_rename_async_function" time="0.002" /><testcase classname="tests.tools.rename_symbol.test_rename_js_ts.TestRenameJavaScript" name="test_rename_class" time="0.004" /><testcase classname="tests.tools.rename_symbol.test_rename_js_ts.TestRenameJavaScript" name="test_rename_function_declaration" time="0.001" /><testcase classname="tests.tools.rename_symbol.test_rename_js_ts.TestRenameJavaScript" name="test_rename_method" time="0.004" /><testcase classname="tests.tools.rename_symbol.test_rename_js_ts.TestRenameTypeScript" name="test_rename_class_with_generics" time="0.002" /><testcase classname="tests.tools.rename_symbol.test_rename_js_ts.TestRenameTypeScript" name="test_rename_interface" time="0.005" /><testcase classname="tests.tools.rename_symbol.test_rename_js_ts.TestRenameTypeScript" name="test_rename_preserves_imports" time="0.002" /><testcase classname="tests.tools.rename_symbol.test_rename_js_ts.TestRenameTypeScript" name="test_rename_typed_function" time="0.002" /><testcase classname="tests.tools.rename_symbol.test_rename_js_ts.TestRenameJSX" name="test_rename_react_component" time="0.003" /><testcase classname="tests.tools.rename_symbol.test_rename_js_ts.TestRenameErrorHandling" name="test_js_reserved_word_rejected" time="0.002" /><testcase classname="tests.tools.rename_symbol.test_rename_js_ts.TestRenameErrorHandling" name="test_rename_method_without_class" time="0.002" /><testcase classname="tests.tools.rename_symbol.test_rename_js_ts.TestRenameErrorHandling" name="test_rename_nonexistent_function" time="0.002" /><testcase classname="tests.tools.rename_symbol.test_rename_js_ts.TestRenameErrorHandling" name="test_ts_reserved_word_rejected" time="0.002" /><testcase classname="tests.tools.rename_symbol.test_rename_license_fallback.TestLicenseFallbackBehavior" name="test_community_tier_always_available" time="0.035" /><testcase classname="tests.tools.rename_symbol.test_rename_license_fallback.TestLicenseFallbackBehavior" name="test_missing_license_uses_community_tier" time="0.004" /><testcase classname="tests.tools.rename_symbol.test_rename_license_fallback.TestLicenseFallbackBehavior" name="test_expired_license_recognized" time="0.001" /><testcase classname="tests.tools.rename_symbol.test_rename_license_fallback.TestLicenseFallbackBehavior" name="test_invalid_license_status" time="0.001" /><testcase classname="tests.tools.rename_symbol.test_rename_license_fallback.TestLicenseFallbackBehavior" name="test_grace_period_still_valid" time="0.001" /><testcase classname="tests.tools.rename_symbol.test_rename_license_fallback.TestLicenseFallbackBehavior" name="test_past_grace_period_expired" time="0.001" /><testcase classname="tests.tools.rename_symbol.test_rename_license_fallback.TestRenameSymbolWithMissingLicense" name="test_rename_definition_works_without_license" time="0.012" /><testcase classname="tests.tools.rename_symbol.test_rename_license_fallback.TestRenameSymbolWithMissingLicense" name="test_rename_class_works_without_license" time="0.010" /><testcase classname="tests.tools.rename_symbol.test_rename_license_fallback.TestLicenseTierCapabilities" name="test_community_definition_rename_available" time="0.035" /><testcase classname="tests.tools.rename_symbol.test_rename_license_fallback.TestLicenseTierCapabilities" name="test_community_no_cross_file_rename" time="0.035" /><testcase classname="tests.tools.rename_symbol.test_rename_license_fallback.TestLicenseTierCapabilities" name="test_pro_has_cross_file_rename" time="0.037" /><testcase classname="tests.tools.rename_symbol.test_rename_license_fallback.TestLicenseTierCapabilities" name="test_enterprise_has_all_features" time="0.035" /><testcase classname="tests.tools.rename_symbol.test_rename_license_fallback.TestLicenseFallbackIntegration" name="test_rename_succeeds_with_missing_license" time="0.010" /><testcase classname="tests.tools.rename_symbol.test_rename_license_fallback.TestLicenseFallbackIntegration" name="test_cross_file_unavailable_without_pro_license" time="0.054" /><testcase classname="tests.tools.rename_symbol.test_rename_license_fallback.TestLicenseFallbackIntegration" name="test_feature_limits_enforced_by_tier" time="0.061" /><testcase classname="tests.tools.rename_symbol.test_rename_license_fallback.TestLicenseGracePeriodLogic" name="test_within_grace_period" time="0.001" /><testcase classname="tests.tools.rename_symbol.test_rename_license_fallback.TestLicenseGracePeriodLogic" name="test_at_grace_period_boundary" time="0.001" /><testcase classname="tests.tools.rename_symbol.test_rename_license_fallback.TestLicenseGracePeriodLogic" name="test_past_grace_period" time="0.001" /><testcase classname="tests.tools.rename_symbol.test_rename_license_fallback.TestLicenseFallbackErrorHandling" name="test_malformed_license_file_ignored" time="0.004" /><testcase classname="tests.tools.rename_symbol.test_rename_license_fallback.TestLicenseFallbackErrorHandling" name="test_validation_failure_doesnt_crash_tool" time="0.001" /><testcase classname="tests.tools.rename_symbol.test_rename_mcp_compatibility.TestToolMCPCompatibility" name="test_tool_accepts_mcp_like_parameters" time="0.010" /><testcase classname="tests.tools.rename_symbol.test_rename_mcp_compatibility.TestToolMCPCompatibility" name="test_tool_response_format_mcp_compatible" time="0.009" /><testcase classname="tests.tools.rename_symbol.test_rename_mcp_compatibility.TestToolMCPCompatibility" name="test_tool_missing_required_parameter_error" time="0.007" /><testcase classname="tests.tools.rename_symbol.test_rename_mcp_compatibility.TestToolMCPCompatibility" name="test_tool_invalid_parameter_type_error" time="0.007" /><testcase classname="tests.tools.rename_symbol.test_rename_mcp_compatibility.TestToolMCPCompatibility" name="test_tool_error_response_includes_context" time="0.004" /><testcase classname="tests.tools.rename_symbol.test_rename_mcp_compatibility.TestToolMCPCompatibility" name="test_cross_file_rename_mcp_response_format" time="0.008" /><testcase classname="tests.tools.rename_symbol.test_rename_mcp_compatibility.TestToolMCPCompatibility" name="test_tool_response_serializable_to_json" time="0.009" /><testcase classname="tests.tools.rename_symbol.test_rename_mcp_compatibility.TestToolMCPCompatibility" name="test_tool_handles_empty_result_gracefully" time="0.010" /><testcase classname="tests.tools.rename_symbol.test_rename_mcp_compatibility.TestToolAsyncCompatibility" name="test_tool_callable_from_async_context" time="0.012" /><testcase classname="tests.tools.rename_symbol.test_rename_mcp_compatibility.TestToolAsyncCompatibility" name="test_multiple_concurrent_tool_calls" time="0.027" /><testcase classname="tests.tools.rename_symbol.test_rename_mcp_compatibility.TestToolAsyncCompatibility" name="test_tool_timeout_handling" time="0.009" /><testcase classname="tests.tools.rename_symbol.test_rename_mcp_compatibility.TestToolAsyncCompatibility" name="test_tool_handles_concurrent_errors" time="0.010" /><testcase classname="tests.tools.rename_symbol.test_rename_mcp_compatibility.TestToolParameterValidation" name="test_parameter_names_match_mcp_spec" time="0.010" /><testcase classname="tests.tools.rename_symbol.test_rename_mcp_compatibility.TestToolParameterValidation" name="test_optional_parameters_have_defaults" time="0.009" /><testcase classname="tests.tools.rename_symbol.test_rename_mcp_compatibility.TestToolParameterValidation" name="test_boolean_parameters_interpreted_correctly" time="0.016" /><testcase classname="tests.tools.rename_symbol.test_rename_performance" name="test_rename_1k_references_under_10s_community" time="0.493" /><testcase classname="tests.tools.rename_symbol.test_rename_performance" name="test_rename_5k_references_under_30s_pro" time="1.015" /><testcase classname="tests.tools.rename_symbol.test_rename_performance" name="test_rename_10k_references_under_60s_enterprise" time="5.163" /><testcase classname="tests.tools.rename_symbol.test_rename_performance" name="test_file_visit_count_optimization" time="0.628" /><testcase classname="tests.tools.rename_symbol.test_rename_performance" name="test_budget_enforcement_at_scale" time="0.281" /><testcase classname="tests.tools.rename_symbol.test_rename_performance" name="test_performance_with_deep_nesting" time="0.358" /><testcase classname="tests.tools.rename_symbol.test_rename_performance" name="test_large_file_rename_memory_ceiling" time="0.097" /><testcase classname="tests.tools.rename_symbol.test_rename_performance" name="test_deep_nesting_guard_exhaustion" time="0.685" /><testcase classname="tests.tools.rename_symbol.test_rename_quality_attributes.TestPerformanceSmallInput" name="test_small_input_completes_under_100ms" time="0.010" /><testcase classname="tests.tools.rename_symbol.test_rename_quality_attributes.TestPerformanceMediumInput" name="test_medium_input_completes_under_1s" time="0.018" /><testcase classname="tests.tools.rename_symbol.test_rename_quality_attributes.TestPerformanceLargeInput" name="test_large_input_completes_under_10s" time="0.097" /><testcase classname="tests.tools.rename_symbol.test_rename_quality_attributes.TestMemoryUsage" name="test_small_input_memory_efficient" time="0.011" /><testcase classname="tests.tools.rename_symbol.test_rename_quality_attributes.TestMemoryUsage" name="test_multiple_renames_no_leak" time="0.058" /><testcase classname="tests.tools.rename_symbol.test_rename_quality_attributes.TestStressTesting" name="test_100_sequential_renames" time="0.631" /><testcase classname="tests.tools.rename_symbol.test_rename_quality_attributes.TestStressTesting" name="test_10_concurrent_renames" time="0.020" /><testcase classname="tests.tools.rename_symbol.test_rename_quality_attributes.TestFileSizeLimit" name="test_2mb_file_handled" time="3.951" /><testcase classname="tests.tools.rename_symbol.test_rename_quality_attributes.TestErrorRecovery" name="test_invalid_input_returns_error" time="0.007" /><testcase classname="tests.tools.rename_symbol.test_rename_quality_attributes.TestErrorRecovery" name="test_read_only_file_error" time="0.010" /><testcase classname="tests.tools.rename_symbol.test_rename_quality_attributes.TestErrorRecovery" name="test_invalid_utf8_error" time="0.004" /><testcase classname="tests.tools.rename_symbol.test_rename_quality_attributes.TestErrorRecovery" name="test_server_continues_after_error" time="0.013" /><testcase classname="tests.tools.rename_symbol.test_rename_quality_attributes.TestDeterminism" name="test_same_input_same_output" time="0.014" /><testcase classname="tests.tools.rename_symbol.test_rename_quality_attributes.TestDeterminism" name="test_deterministic_ordering" time="0.016" /><testcase classname="tests.tools.rename_symbol.test_rename_quality_attributes.TestSecurity" name="test_no_secret_leakage" time="0.009" /><testcase classname="tests.tools.rename_symbol.test_rename_quality_attributes.TestSecurity" name="test_no_code_execution" time="0.010" /><testcase classname="tests.tools.rename_symbol.test_rename_quality_attributes.TestSecurity" name="test_path_sanitization" time="0.009" /><testcase classname="tests.tools.rename_symbol.test_rename_quality_attributes.TestReliability" name="test_nonexistent_file_error" time="0.004" /><testcase classname="tests.tools.rename_symbol.test_rename_quality_attributes.TestReliability" name="test_syntax_error_in_file" time="0.007" /><testcase classname="tests.tools.rename_symbol.test_rename_quality_attributes.TestReliability" name="test_symlink_handling" time="0.009" /><testcase classname="tests.tools.rename_symbol.test_rename_quality_attributes.TestCompatibility" name="test_linux_compatible" time="0.001" /><testcase classname="tests.tools.rename_symbol.test_rename_quality_attributes.TestCompatibility" name="test_windows_compatible" time="0.001"><skipped type="pytest.skip" message="Windows-specific test">/mnt/k/backup/Develop/code-scalpel/tests/tools/rename_symbol/test_rename_quality_attributes.py:398: Windows-specific test</skipped></testcase><testcase classname="tests.tools.rename_symbol.test_rename_quality_attributes.TestCompatibility" name="test_macos_compatible" time="0.001"><skipped type="pytest.skip" message="macOS-specific test">/mnt/k/backup/Develop/code-scalpel/tests/tools/rename_symbol/test_rename_quality_attributes.py:405: macOS-specific test</skipped></testcase><testcase classname="tests.tools.rename_symbol.test_rename_quality_attributes.TestCompatibility" name="test_python38_compatible" time="0.001" /><testcase classname="tests.tools.rename_symbol.test_rename_quality_attributes.TestCompatibility" name="test_python39_compatible" time="0.001" /><testcase classname="tests.tools.rename_symbol.test_rename_quality_attributes.TestCompatibility" name="test_python310_compatible" time="0.001" /><testcase classname="tests.tools.rename_symbol.test_rename_quality_attributes.TestCompatibility" name="test_cross_platform_path_handling" time="0.009" /><testcase classname="tests.tools.rename_symbol.test_rename_quality_attributes.TestErrorMessages" name="test_error_messages_clear" time="0.007" /><testcase classname="tests.tools.rename_symbol.test_rename_quality_attributes.TestErrorMessages" name="test_response_includes_context" time="0.010" /><testcase classname="tests.tools.rename_symbol.test_rename_quality_attributes.TestWarningsAndNotifications" name="test_warnings_populated_on_rename" time="0.009" /><testcase classname="tests.tools.rename_symbol.test_rename_quality_attributes.TestWarningsAndNotifications" name="test_no_excessive_warnings" time="0.010" /><testcase classname="tests.tools.rename_symbol.test_rename_tiers.TestRenameSymbolTierEnforcement" name="test_community_tier_limits_defined" time="0.036" /><testcase classname="tests.tools.rename_symbol.test_rename_tiers.TestRenameSymbolTierEnforcement" name="test_pro_tier_limits_defined" time="0.037" /><testcase classname="tests.tools.rename_symbol.test_rename_tiers.TestRenameSymbolTierEnforcement" name="test_enterprise_tier_unlimited" time="0.036" /><testcase classname="tests.tools.rename_symbol.test_rename_tiers.TestRenameSymbolCrossFileCapabilities" name="test_cross_file_rename_updates_references" time="0.018" /><testcase classname="tests.tools.rename_symbol.test_rename_tiers.TestRenameSymbolCrossFileCapabilities" name="test_cross_file_rename_with_limit_enforcement" time="0.016" /><testcase classname="tests.tools.rename_symbol.test_rename_tiers.TestRenameSymbolCrossFileCapabilities" name="test_cross_file_rename_class_method" time="0.010" /><testcase classname="tests.tools.rename_symbol.test_rename_tiers.TestRenameSymbolCrossFileCapabilities" name="test_rename_with_module_import" time="0.011" /><testcase classname="tests.tools.rename_symbol.test_rename_tiers" name="test_changed_files_are_relative_paths" time="0.012" /><testcase classname="tests.tools.rename_symbol.test_rename_tiers.TestRenameSymbolBackupCapability" name="test_backup_created_when_requested" time="0.026" /><testcase classname="tests.tools.rename_symbol.test_rename_tiers.TestRenameSymbolBackupCapability" name="test_no_backup_when_disabled" time="0.005" /><testcase classname="tests.tools.rename_symbol.test_rename_tiers.TestRenameSymbolEdgeCases" name="test_rename_nonexistent_symbol_fails" time="0.011" /><testcase classname="tests.tools.rename_symbol.test_rename_tiers.TestRenameSymbolEdgeCases" name="test_rename_to_existing_name_collision" time="0.005" /><testcase classname="tests.tools.rename_symbol.test_rename_tiers.TestRenameSymbolEdgeCases" name="test_rename_invalid_target_name" time="0.005" /><testcase classname="tests.tools.rename_symbol.test_rename_tiers.TestRenameSymbolEdgeCases" name="test_invalid_encoding_handling" time="0.005" /><testcase classname="tests.tools.rename_symbol.test_rename_tiers.TestRenameSymbolExplicitDenials" name="test_community_cross_file_request_denied" time="0.005" /><testcase classname="tests.tools.rename_symbol.test_rename_tiers.TestRenameSymbolExplicitDenials" name="test_pro_not_unlimited_enterprise_scope" time="0.012" /><testcase classname="tests.tools.rename_symbol.test_rename_tiers.TestRenameSymbolAdvancedEdgeCases" name="test_shadowed_parameter_not_renamed" time="0.023" /><testcase classname="tests.tools.rename_symbol.test_rename_tiers.TestRenameSymbolAdvancedEdgeCases" name="test_global_scope_still_renamed" time="0.022" /><testcase classname="tests.tools.rename_symbol.test_rename_tiers.TestRenameSymbolAdvancedEdgeCases" name="test_circular_dependencies_updated" time="0.027" /><testcase classname="tests.tools.rename_symbol.test_rename_tiers.TestIdentifierValidation" name="test_same_file_invalid_identifier_rejected" time="0.005" /><testcase classname="tests.tools.rename_symbol.test_rename_tiers.TestIdentifierValidation" name="test_cross_file_invalid_identifier_rejected" time="0.004" /><testcase classname="tests.tools.rename_symbol.test_rename_tiers.TestEnterpriseWorkflowCoverage" name="test_enterprise_unbounded_updates" time="0.068" /><testcase classname="tests.tools.rename_symbol.test_repo_wide.TestRepoWideBasics" name="test_repo_wide_result_creation" time="0.001" /><testcase classname="tests.tools.rename_symbol.test_repo_wide.TestRepoWideBasics" name="test_repo_wide_rename_init" time="0.004" /><testcase classname="tests.tools.rename_symbol.test_repo_wide.TestRepoWideBasics" name="test_repo_wide_rename_default_workers" time="0.004" /><testcase classname="tests.tools.rename_symbol.test_repo_wide.TestFileFiltering" name="test_skip_binary_files" time="0.004" /><testcase classname="tests.tools.rename_symbol.test_repo_wide.TestFileFiltering" name="test_skip_directories" time="0.004" /><testcase classname="tests.tools.rename_symbol.test_repo_wide.TestFileFiltering" name="test_allow_python_files" time="0.004" /><testcase classname="tests.tools.rename_symbol.test_repo_wide.TestFileFiltering" name="test_is_text_file_detection" time="0.004" /><testcase classname="tests.tools.rename_symbol.test_repo_wide.TestCandidateFileFinding" name="test_find_python_files" time="0.004" /><testcase classname="tests.tools.rename_symbol.test_repo_wide.TestCandidateFileFinding" name="test_find_files_with_progress" time="0.018" /><testcase classname="tests.tools.rename_symbol.test_repo_wide.TestCandidateFileFinding" name="test_find_files_skips_pycache" time="0.005" /><testcase classname="tests.tools.rename_symbol.test_repo_wide.TestSymbolSearch" name="test_search_file_finds_symbol" time="0.005" /><testcase classname="tests.tools.rename_symbol.test_repo_wide.TestSymbolSearch" name="test_search_handles_unicode_errors" time="0.004" /><testcase classname="tests.tools.rename_symbol.test_repo_wide.TestBatchProcessing" name="test_process_file_batch" time="0.004" /><testcase classname="tests.tools.rename_symbol.test_repo_wide.TestBatchProcessing" name="test_batch_handles_errors" time="0.005" /><testcase classname="tests.tools.rename_symbol.test_repo_wide.TestRepositoryWideRename" name="test_rename_dry_run" time="0.005" /><testcase classname="tests.tools.rename_symbol.test_repo_wide.TestRepositoryWideRename" name="test_rename_with_progress_callback" time="0.007" /><testcase classname="tests.tools.rename_symbol.test_repo_wide.TestRepositoryWideRename" name="test_rename_no_candidates" time="0.005" /><testcase classname="tests.tools.rename_symbol.test_repo_wide.TestRepositoryWideRename" name="test_rename_custom_extensions" time="0.006" /><testcase classname="tests.tools.security_scan.test_advanced_vulnerabilities" name="test_csrf_detection_flask" time="0.000"><skipped type="pytest.skip" message="[v1.1 Enhancement] CSRF detection requires framework-specific pattern analysis">/mnt/k/backup/Develop/code-scalpel/tests/tools/security_scan/test_advanced_vulnerabilities.py:36: [v1.1 Enhancement] CSRF detection requires framework-specific pattern analysis</skipped></testcase><testcase classname="tests.tools.security_scan.test_advanced_vulnerabilities" name="test_ssrf_detection_requests" time="0.083" /><testcase classname="tests.tools.security_scan.test_advanced_vulnerabilities" name="test_jwt_insecure_decode" time="0.000"><skipped type="pytest.skip" message="[v1.1 Enhancement] JWT API misuse detection requires argument analysis">/mnt/k/backup/Develop/code-scalpel/tests/tools/security_scan/test_advanced_vulnerabilities.py:106: [v1.1 Enhancement] JWT API misuse detection requires argument analysis</skipped></testcase><testcase classname="tests.tools.security_scan.test_advanced_vulnerabilities" name="test_jwt_none_algorithm" time="0.000"><skipped type="pytest.skip" message="[v1.1 Enhancement] JWT 'none' algorithm detection requires argument analysis">/mnt/k/backup/Develop/code-scalpel/tests/tools/security_scan/test_advanced_vulnerabilities.py:148: [v1.1 Enhancement] JWT 'none' algorithm detection requires argument analysis</skipped></testcase><testcase classname="tests.tools.security_scan.test_enterprise_enrichments" name="test_priority_and_reachability" time="0.071" /><testcase classname="tests.tools.security_scan.test_enterprise_enrichments" name="test_policy_and_custom_rules" time="0.068" /><testcase classname="tests.tools.security_scan.test_enterprise_enrichments" name="test_false_positive_tuning" time="0.060" /><testcase classname="tests.tools.security_scan.test_eval_context_variants" name="test_eval_with_globals_locals_detected" time="0.058" /><testcase classname="tests.tools.security_scan.test_false_positives" name="test_no_fp_parameterized_sql" time="0.051" /><testcase classname="tests.tools.security_scan.test_false_positives" name="test_no_fp_html_escaped" time="0.068" /><testcase classname="tests.tools.security_scan.test_false_positives" name="test_no_fp_subprocess_safe_list" time="0.054" /><testcase classname="tests.tools.security_scan.test_false_positives" name="test_no_fp_sqlalchemy_orm" time="0.054" /><testcase classname="tests.tools.security_scan.test_multilanguage_support" name="test_javascript_dom_xss_via_file_path" time="0.060" /><testcase classname="tests.tools.security_scan.test_multilanguage_support" name="test_typescript_dom_xss" time="0.063" /><testcase classname="tests.tools.security_scan.test_multilanguage_support" name="test_typescript_sql_injection" time="0.000"><skipped type="pytest.skip" message="TypeScript SQL injection pattern not yet supported - requires TS-specific template literal parser">/mnt/k/backup/Develop/code-scalpel/tests/tools/security_scan/test_multilanguage_support.py:59: TypeScript SQL injection pattern not yet supported - requires TS-specific template literal parser</skipped></testcase><testcase classname="tests.tools.security_scan.test_multilanguage_support" name="test_typescript_command_injection" time="0.000"><skipped type="pytest.skip" message="TypeScript command injection via template literals not yet supported - requires TS parser enhancement">/mnt/k/backup/Develop/code-scalpel/tests/tools/security_scan/test_multilanguage_support.py:84: TypeScript command injection via template literals not yet supported - requires TS parser enhancement</skipped></testcase><testcase classname="tests.tools.security_scan.test_multilanguage_support" name="test_java_sql_injection_spring" time="0.057" /><testcase classname="tests.tools.security_scan.test_multilanguage_support" name="test_java_jndi_injection" time="0.000"><skipped type="pytest.skip" message="Java JNDI injection patterns not yet implemented - requires Java-specific semantic analysis">/mnt/k/backup/Develop/code-scalpel/tests/tools/security_scan/test_multilanguage_support.py:133: Java JNDI injection patterns not yet implemented - requires Java-specific semantic analysis</skipped></testcase><testcase classname="tests.tools.security_scan.test_multilanguage_support" name="test_java_xss_jsp" time="0.000"><skipped type="pytest.skip" message="JSP XSS patterns not yet supported - requires JSP/servlet parser">/mnt/k/backup/Develop/code-scalpel/tests/tools/security_scan/test_multilanguage_support.py:156: JSP XSS patterns not yet supported - requires JSP/servlet parser</skipped></testcase><testcase classname="tests.tools.security_scan.test_performance" name="test_large_file_5000_loc" time="1.969" /><testcase classname="tests.tools.security_scan.test_performance" name="test_speed_benchmark_1000_loc" time="0.124" /><testcase classname="tests.tools.security_scan.test_performance" name="test_100_findings_performance" time="0.108" /><testcase classname="tests.tools.security_scan.test_performance" name="test_memory_usage_large_file" time="0.000"><skipped type="pytest.skip" message="Code exceeds current 100K character limit - limit can be adjusted in future">/mnt/k/backup/Develop/code-scalpel/tests/tools/security_scan/test_performance.py:115: Code exceeds current 100K character limit - limit can be adjusted in future</skipped></testcase><testcase classname="tests.tools.security_scan.test_pro_and_enterprise_features" name="test_pro_sanitizer_recognition_reduces_findings" time="0.101" /><testcase classname="tests.tools.security_scan.test_pro_and_enterprise_features" name="test_pro_confidence_scores_present_and_bounded" time="0.071" /><testcase classname="tests.tools.security_scan.test_pro_and_enterprise_features" name="test_enterprise_compliance_mapping_present" time="0.069" /><testcase classname="tests.tools.security_scan.test_pro_features_extra" name="test_nosql_injection_detection" time="0.068" /><testcase classname="tests.tools.security_scan.test_pro_features_extra" name="test_ldap_injection_detection" time="0.071" /><testcase classname="tests.tools.security_scan.test_pro_features_extra" name="test_secret_detection" time="0.062" /><testcase classname="tests.tools.security_scan.test_pro_features_extra" name="test_remediation_suggestions_pro_tier" time="0.210" /><testcase classname="tests.tools.security_scan.test_pro_features_extra" name="test_remediation_suggestions_community_none" time="0.243" /><testcase classname="tests.tools.security_scan.test_vulnerability_types" name="test_xss_detection_python_template" time="0.051" /><testcase classname="tests.tools.security_scan.test_vulnerability_types" name="test_path_traversal_detection" time="0.054" /><testcase classname="tests.tools.security_scan.test_xxe_and_ssti" name="test_xxe_injection_detection" time="0.064" /><testcase classname="tests.tools.security_scan.test_xxe_and_ssti" name="test_ssti_detection" time="0.060" /><testcase classname="tests.tools.test_rename_symbol_keyword_validation" name="test_keyword_validation_before_file_modification" time="0.005" /><testcase classname="tests.tools.test_rename_symbol_keyword_validation" name="test_invalid_identifier_validation_before_file_modification" time="0.005" /><testcase classname="tests.tools.test_rename_symbol_keyword_validation" name="test_empty_name_validation_before_file_modification" time="0.005" /><testcase classname="tests.tools.test_rename_symbol_keyword_validation" name="test_all_python_keywords_rejected_early" time="0.008" /><testcase classname="tests.tools.test_rename_symbol_keyword_validation" name="test_valid_rename_still_works" time="36.528" /><testcase classname="tests.tools.test_scan_dependencies_fail_closed.TestScanDependenciesFailClosed" name="test_osv_timeout_returns_failure" time="0.227" /><testcase classname="tests.tools.test_scan_dependencies_fail_closed.TestScanDependenciesFailClosed" name="test_osv_network_error_returns_failure" time="0.201" /><testcase classname="tests.tools.test_scan_dependencies_fail_closed.TestScanDependenciesFailClosed" name="test_osv_rate_limit_returns_failure" time="0.286" /><testcase classname="tests.tools.test_scan_dependencies_fail_closed.TestScanDependenciesFailClosed" name="test_successful_scan_returns_success" time="0.466" /><testcase classname="tests.tools.test_scan_dependencies_fail_closed.TestScanDependenciesFailClosed" name="test_scan_with_vulnerabilities_returns_success" time="0.257" /><testcase classname="tests.tools.test_scan_dependencies_fail_closed.TestScanDependenciesFailClosed" name="test_scan_without_osv_query_returns_success" time="0.203" /><testcase classname="tests.tools.test_scan_dependencies_fail_closed.TestScanDependenciesFailClosed" name="test_error_message_contains_failure_reason" time="0.190" /><testcase classname="tests.tools.test_scan_dependencies_fail_closed.TestScanDependenciesFailClosed" name="test_multiple_errors_all_fail_closed" time="0.229" /><testcase classname="tests.tools.tiers.test_analyze_code_tiers.TestAnalyzeCodeCommunityTier" name="test_capabilities_present" time="0.043" /><testcase classname="tests.tools.tiers.test_analyze_code_tiers.TestAnalyzeCodeCommunityTier" name="test_python_parsing" time="0.277" /><testcase classname="tests.tools.tiers.test_analyze_code_tiers.TestAnalyzeCodeCommunityTier" name="test_js_parsing" time="0.109" /><testcase classname="tests.tools.tiers.test_analyze_code_tiers.TestAnalyzeCodeCommunityTier" name="test_ts_parsing" time="0.106" /><testcase classname="tests.tools.tiers.test_analyze_code_tiers.TestAnalyzeCodeCommunityTier" name="test_java_parsing" time="0.105" /><testcase classname="tests.tools.tiers.test_analyze_code_tiers.TestAnalyzeCodeCommunityTier" name="test_function_class_and_method_extraction" time="0.058" /><testcase classname="tests.tools.tiers.test_analyze_code_tiers.TestAnalyzeCodeCommunityTier" name="test_docstrings_not_included" time="0.291" /><testcase classname="tests.tools.tiers.test_analyze_code_tiers.TestAnalyzeCodeCommunityTier" name="test_path_limit_enforced" time="0.049" /><testcase classname="tests.tools.tiers.test_analyze_code_tiers.TestAnalyzeCodeCommunityTier" name="test_unsupported_language_error" time="0.049" /><testcase classname="tests.tools.tiers.test_analyze_code_tiers.TestAnalyzeCodeProTier" name="test_capabilities_present" time="0.035" /><testcase classname="tests.tools.tiers.test_analyze_code_tiers.TestAnalyzeCodeProTier" name="test_python_advanced_metrics" time="0.288" /><testcase classname="tests.tools.tiers.test_analyze_code_tiers.TestAnalyzeCodeProTier" name="test_framework_and_dead_code_detection" time="0.294" /><testcase classname="tests.tools.tiers.test_analyze_code_tiers.TestAnalyzeCodeProTier" name="test_limit_enforced" time="0.037" /><testcase classname="tests.tools.tiers.test_analyze_code_tiers.TestAnalyzeCodeEnterpriseTier" name="test_capabilities_present" time="0.036" /><testcase classname="tests.tools.tiers.test_analyze_code_tiers.TestAnalyzeCodeEnterpriseTier" name="test_enterprise_enrichments" time="0.285" /><testcase classname="tests.tools.tiers.test_analyze_code_tiers.TestAnalyzeCodeEnterpriseTier" name="test_enterprise_limit" time="0.035" /><testcase classname="tests.tools.tiers.test_analyze_code_tiers.TestAnalyzeCodeCrossTierGating" name="test_pro_features_absent_in_community" time="0.034" /><testcase classname="tests.tools.tiers.test_analyze_code_tiers.TestAnalyzeCodeCrossTierGating" name="test_enterprise_features_absent_in_pro" time="0.036" /><testcase classname="tests.tools.tiers.test_analyze_code_tiers.TestAnalyzeCodeLanguageConsistency" name="test_languages_all_tiers[python-\nimport math\n\ndef foo(x):\n    return x + 1\n\nclass Bar:\n    def method(self, y):\n        return y * 2\n]" time="0.551" /><testcase classname="tests.tools.tiers.test_analyze_code_tiers.TestAnalyzeCodeLanguageConsistency" name="test_languages_all_tiers[javascript-\nimport util from &quot;./util.js&quot;;\nfunction foo(x) { return x + 1; }\nclass Bar { method(y) { return y * 2; } }\n]" time="0.180" /><testcase classname="tests.tools.tiers.test_analyze_code_tiers.TestAnalyzeCodeLanguageConsistency" name="test_languages_all_tiers[typescript-\nimport { Util } from &quot;./util&quot;;\nexport function foo(x: number): number { return x + 1; }\nexport class Bar { method(y: number): number { return y * 2; } }\n]" time="0.173" /><testcase classname="tests.tools.tiers.test_analyze_code_tiers.TestAnalyzeCodeLanguageConsistency" name="test_languages_all_tiers[java-\nimport java.util.*;\npublic class Foo {\n    public int add(int x) { return x + 1; }\n}\n]" time="0.175" /><testcase classname="tests.tools.tiers.test_analyze_code_tiers.TestAnalyzeCodeErrorHandling" name="test_unsupported_languages_listed" time="0.035" /><testcase classname="tests.tools.tiers.test_analyze_code_tiers.TestAnalyzeCodeErrorHandling" name="test_graceful_rejection" time="0.035" /><testcase classname="tests.tools.tiers.test_analyze_code_tiers.TestAnalyzeCodeConfigurationAlignment" name="test_limits_match_config_community" time="0.035" /><testcase classname="tests.tools.tiers.test_analyze_code_tiers.TestAnalyzeCodeConfigurationAlignment" name="test_limits_match_config_pro" time="0.035" /><testcase classname="tests.tools.tiers.test_analyze_code_tiers.TestAnalyzeCodeConfigurationAlignment" name="test_limits_match_config_enterprise" time="0.035" /><testcase classname="tests.tools.tiers.test_code_policy_check_tiers" name="test_code_policy_check_community_file_limit" time="0.036" /><testcase classname="tests.tools.tiers.test_code_policy_check_tiers" name="test_code_policy_check_pro_file_limit" time="0.038" /><testcase classname="tests.tools.tiers.test_code_policy_check_tiers" name="test_code_policy_check_enterprise_unlimited" time="0.038" /><testcase classname="tests.tools.tiers.test_code_policy_check_tiers" name="test_code_policy_check_community_rule_limit" time="0.036" /><testcase classname="tests.tools.tiers.test_code_policy_check_tiers" name="test_code_policy_check_pro_rule_limit" time="0.037" /><testcase classname="tests.tools.tiers.test_code_policy_check_tiers" name="test_code_policy_check_enterprise_rule_unlimited" time="0.038" /><testcase classname="tests.tools.tiers.test_code_policy_check_tiers" name="test_code_policy_check_community_basic_compliance" time="0.064" /><testcase classname="tests.tools.tiers.test_code_policy_check_tiers" name="test_code_policy_check_pro_compliance_frameworks" time="0.052" /><testcase classname="tests.tools.tiers.test_code_policy_check_tiers" name="test_code_policy_check_enterprise_all_compliance" time="0.090" /><testcase classname="tests.tools.tiers.test_crawl_project_tiers" name="test_crawl_project_community_multilanguage_and_limits" time="0.000"><skipped type="pytest.skip" message="Multi-language crawl and language_breakdown not yet implemented">/mnt/k/backup/Develop/code-scalpel/tests/tools/tiers/test_crawl_project_tiers.py:14: Multi-language crawl and language_breakdown not yet implemented</skipped></testcase><testcase classname="tests.tools.tiers.test_crawl_project_tiers" name="test_crawl_project_pro_cache_hits" time="0.000"><skipped type="pytest.skip" message="cache_hits field not implemented in ProjectCrawlResult">/mnt/k/backup/Develop/code-scalpel/tests/tools/tiers/test_crawl_project_tiers.py:51: cache_hits field not implemented in ProjectCrawlResult</skipped></testcase><testcase classname="tests.tools.tiers.test_crawl_project_tiers" name="test_crawl_project_enterprise_compliance_best_effort" time="0.000"><skipped type="pytest.skip" message="compliance_summary field not implemented in ProjectCrawlResult">/mnt/k/backup/Develop/code-scalpel/tests/tools/tiers/test_crawl_project_tiers.py:70: compliance_summary field not implemented in ProjectCrawlResult</skipped></testcase><testcase classname="tests.tools.tiers.test_crawl_project_tiers" name="test_crawl_project_enterprise_custom_rules_config" time="0.071" /><testcase classname="tests.tools.tiers.test_cross_file_security_scan_tiers.TestCrossFileSecurityScanCommunityTier" name="test_max_depth_5_enforced" time="0.220" /><testcase classname="tests.tools.tiers.test_cross_file_security_scan_tiers.TestCrossFileSecurityScanCommunityTier" name="test_max_modules_50_enforced" time="0.200" /><testcase classname="tests.tools.tiers.test_cross_file_security_scan_tiers.TestCrossFileSecurityScanCommunityTier" name="test_python_taint_tracking_enabled" time="0.196" /><testcase classname="tests.tools.tiers.test_cross_file_security_scan_tiers.TestCrossFileSecurityScanCommunityTier" name="test_mermaid_diagram_included" time="0.200" /><testcase classname="tests.tools.tiers.test_cross_file_security_scan_tiers.TestCrossFileSecurityScanCommunityTier" name="test_source_to_sink_tracing_bounded" time="0.210" /><testcase classname="tests.tools.tiers.test_cross_file_security_scan_tiers.TestCrossFileSecurityScanProTier" name="test_max_depth_unlimited" time="0.202" /><testcase classname="tests.tools.tiers.test_cross_file_security_scan_tiers.TestCrossFileSecurityScanProTier" name="test_max_modules_unlimited" time="0.207" /><testcase classname="tests.tools.tiers.test_cross_file_security_scan_tiers.TestCrossFileSecurityScanProTier" name="test_enhanced_taint_tracking_with_di_hints" time="0.198" /><testcase classname="tests.tools.tiers.test_cross_file_security_scan_tiers.TestCrossFileSecurityScanProTier" name="test_confidence_scores_present_pro" time="0.202" /><testcase classname="tests.tools.tiers.test_cross_file_security_scan_tiers.TestCrossFileSecurityScanProTier" name="test_framework_contexts_included_pro" time="0.211" /><testcase classname="tests.tools.tiers.test_cross_file_security_scan_tiers.TestCrossFileSecurityScanEnterpriseTier" name="test_max_depth_unlimited" time="0.215" /><testcase classname="tests.tools.tiers.test_cross_file_security_scan_tiers.TestCrossFileSecurityScanEnterpriseTier" name="test_max_modules_unlimited" time="0.200" /><testcase classname="tests.tools.tiers.test_cross_file_security_scan_tiers.TestCrossFileSecurityScanEnterpriseTier" name="test_repository_wide_scan_enabled" time="0.268" /><testcase classname="tests.tools.tiers.test_cross_file_security_scan_tiers.TestCrossFileSecurityScanEnterpriseTier" name="test_global_flow_hints_present" time="0.251" /><testcase classname="tests.tools.tiers.test_cross_file_security_scan_tiers.TestCrossFileSecurityScanEnterpriseTier" name="test_microservice_boundary_hints_present" time="0.217" /><testcase classname="tests.tools.tiers.test_cross_file_security_scan_tiers.TestCrossFileSecurityScanEnterpriseTier" name="test_distributed_trace_view_present" time="0.266" /><testcase classname="tests.tools.tiers.test_cross_file_security_scan_tiers.TestCrossFileSecurityScanEnterpriseTier" name="test_enterprise_features_enabled_flag" time="0.211" /><testcase classname="tests.tools.tiers.test_cross_file_security_scan_tiers.TestCrossFileSecurityScanCrossTierComparison" name="test_community_vs_pro_depth_limit" time="0.243" /><testcase classname="tests.tools.tiers.test_cross_file_security_scan_tiers.TestCrossFileSecurityScanCrossTierComparison" name="test_community_no_confidence_scores_pro_has" time="0.229" /><testcase classname="tests.tools.tiers.test_cross_file_security_scan_tiers.TestCrossFileSecurityScanCrossTierComparison" name="test_enterprise_exceeds_pro_capabilities" time="0.234" /><testcase classname="tests.tools.tiers.test_cross_file_security_scan_tiers.TestCrossFileSecurityScanEdgeCases" name="test_empty_project" time="0.042" /><testcase classname="tests.tools.tiers.test_cross_file_security_scan_tiers.TestCrossFileSecurityScanEdgeCases" name="test_benign_project_no_false_positives" time="0.198" /><testcase classname="tests.tools.tiers.test_cross_file_security_scan_tiers.TestCrossFileSecurityScanEdgeCases" name="test_nonexistent_project_root" time="0.032" /><testcase classname="tests.tools.tiers.test_extract_code_tiers" name="test_extract_code_pro_clamps_depth_and_emits_confidence" time="0.000"><skipped type="pytest.skip" message="ContextualExtractionResult.warnings not implemented">/mnt/k/backup/Develop/code-scalpel/tests/tools/tiers/test_extract_code_tiers.py:18: ContextualExtractionResult.warnings not implemented</skipped></testcase><testcase classname="tests.tools.tiers.test_generate_unit_tests_determinism" name="test_deterministic_output_multiple_runs" time="0.173" /><testcase classname="tests.tools.tiers.test_generate_unit_tests_determinism" name="test_stable_test_naming_no_random_elements" time="0.100" /><testcase classname="tests.tools.tiers.test_generate_unit_tests_determinism" name="test_consistent_test_ordering" time="0.251" /><testcase classname="tests.tools.tiers.test_generate_unit_tests_determinism" name="test_framework_output_format_reproducible" time="0.161" /><testcase classname="tests.tools.tiers.test_generate_unit_tests_determinism" name="test_parametrized_test_stability_pro_tier" time="0.082" /><testcase classname="tests.tools.tiers.test_generate_unit_tests_determinism" name="test_determinism_with_complex_control_flow" time="0.243" /><testcase classname="tests.tools.tiers.test_generate_unit_tests_determinism" name="test_consistency_across_frameworks" time="0.129" /><testcase classname="tests.tools.tiers.test_generate_unit_tests_determinism" name="test_determinism_with_boundary_values" time="0.239" /><testcase classname="tests.tools.tiers.test_generate_unit_tests_license_fallback" name="test_invalid_license_falls_back_to_community" time="0.091" /><testcase classname="tests.tools.tiers.test_generate_unit_tests_license_fallback" name="test_expired_license_falls_back_to_community" time="0.092" /><testcase classname="tests.tools.tiers.test_generate_unit_tests_license_fallback" name="test_missing_license_defaults_to_community" time="0.089" /><testcase classname="tests.tools.tiers.test_generate_unit_tests_license_fallback" name="test_pro_feature_rejected_without_valid_license" time="0.150" /><testcase classname="tests.tools.tiers.test_generate_unit_tests_license_fallback" name="test_enterprise_feature_rejected_without_valid_license" time="0.089" /><testcase classname="tests.tools.tiers.test_generate_unit_tests_license_fallback" name="test_license_fallback_preserves_community_features" time="0.091" /><testcase classname="tests.tools.tiers.test_generate_unit_tests_license_fallback" name="test_license_fallback_warning_message_when_feature_gated" time="0.093" /><testcase classname="tests.tools.tiers.test_generate_unit_tests_tiers" name="test_generate_unit_tests_community_limits_and_framework" time="0.227" /><testcase classname="tests.tools.tiers.test_generate_unit_tests_tiers" name="test_generate_unit_tests_pro_allows_data_driven_and_unittest" time="0.052" /><testcase classname="tests.tools.tiers.test_generate_unit_tests_tiers" name="test_generate_unit_tests_enterprise_allows_bug_repro" time="0.050" /><testcase classname="tests.tools.tiers.test_generate_unit_tests_tiers" name="test_generate_unit_tests_limits_toml_override" time="0.081" /><testcase classname="tests.tools.tiers.test_get_call_graph_tiers.TestOutputMetadataFields" name="test_basic_call_graph_includes_metadata" time="0.154" /><testcase classname="tests.tools.tiers.test_get_call_graph_tiers.TestOutputMetadataFields" name="test_metadata_reflects_actual_limits" time="0.156" /><testcase classname="tests.tools.tiers.test_get_call_graph_tiers.TestMetadataFieldTypes" name="test_call_graph_result_model_has_metadata_fields" time="0.001" /><testcase classname="tests.tools.tiers.test_get_call_graph_tiers.TestMetadataFieldTypes" name="test_metadata_fields_have_defaults" time="0.001" /><testcase classname="tests.tools.tiers.test_get_call_graph_tiers.TestMetadataFieldTypes" name="test_metadata_fields_can_be_set" time="0.001" /><testcase classname="tests.tools.tiers.test_get_call_graph_tiers.TestTierEnforcement" name="test_community_tier_depth_limit" time="0.158" /><testcase classname="tests.tools.tiers.test_get_call_graph_tiers.TestTierEnforcement" name="test_pro_tier_higher_limits" time="0.076" /><testcase classname="tests.tools.tiers.test_get_call_graph_tiers.TestTierEnforcement" name="test_enterprise_tier_unlimited" time="0.074" /><testcase classname="tests.tools.tiers.test_get_call_graph_tiers.TestCapabilityFlags" name="test_community_no_advanced_resolution" time="0.160" /><testcase classname="tests.tools.tiers.test_get_call_graph_tiers.TestCapabilityFlags" name="test_pro_has_advanced_resolution" time="0.077" /><testcase classname="tests.tools.tiers.test_get_call_graph_tiers.TestCapabilityFlags" name="test_enterprise_has_all_features" time="0.077" /><testcase classname="tests.tools.tiers.test_get_call_graph_tiers.TestTruncationMetadata" name="test_no_truncation_when_within_limits" time="0.074" /><testcase classname="tests.tools.tiers.test_get_call_graph_tiers.TestTruncationMetadata" name="test_truncation_fields_present" time="0.072" /><testcase classname="tests.tools.tiers.test_get_call_graph_tiers.TestTruncationMetadata" name="test_truncation_flag_set_when_exceeding_limits" time="1.197" /><testcase classname="tests.tools.tiers.test_get_call_graph_tiers.TestTruncationMetadata" name="test_pro_truncation_when_exceeding_max_nodes" time="6.645" /><testcase classname="tests.tools.tiers.test_get_call_graph_tiers.TestEntryPointDetection" name="test_pytest_entry_point_marked" time="0.170" /><testcase classname="tests.tools.tiers.test_get_call_graph_tiers.TestEntryPointDetection" name="test_js_entry_point_consistent_pro" time="0.119" /><testcase classname="tests.tools.tiers.test_get_call_graph_tiers.TestEntryPointDetection" name="test_ts_entry_point_consistent_enterprise" time="0.118" /><testcase classname="tests.tools.tiers.test_get_call_graph_tiers.TestEnterpriseMetrics" name="test_hot_nodes_field_exists" time="0.080" /><testcase classname="tests.tools.tiers.test_get_call_graph_tiers.TestEnterpriseMetrics" name="test_dead_code_candidates_field_exists" time="0.078" /><testcase classname="tests.tools.tiers.test_get_call_graph_tiers.TestProConfidenceAndMetrics" name="test_pro_confidence_scores_present" time="0.083" /><testcase classname="tests.tools.tiers.test_get_call_graph_tiers.TestProConfidenceAndMetrics" name="test_pro_polymorphism_resolution" time="0.081" /><testcase classname="tests.tools.tiers.test_get_call_graph_tiers.TestEnterpriseHotPathsAndDeadCode" name="test_enterprise_hot_nodes_and_dead_code" time="0.082" /><testcase classname="tests.tools.tiers.test_get_call_graph_tiers.TestProCallbacksAndClosures" name="test_pro_nested_function_resolution" time="0.080" /><testcase classname="tests.tools.tiers.test_get_call_graph_tiers.TestProCallbacksAndClosures" name="test_pro_method_chaining" time="0.082" /><testcase classname="tests.tools.tiers.test_get_call_graph_tiers.TestProMermaidAndMetrics" name="test_pro_edge_metrics_completeness" time="0.088" /><testcase classname="tests.tools.tiers.test_get_call_graph_tiers.TestProMermaidAndMetrics" name="test_pro_multiple_call_site_tracking" time="0.079" /><testcase classname="tests.tools.tiers.test_get_call_graph_tiers.TestEnterpriseAdvancedGraphAnalysis" name="test_enterprise_deep_call_graph" time="0.163" /><testcase classname="tests.tools.tiers.test_get_call_graph_tiers.TestEnterpriseAdvancedGraphAnalysis" name="test_enterprise_unlimited_nodes" time="0.342" /><testcase classname="tests.tools.tiers.test_get_call_graph_tiers.TestEnterpriseComplexGraphPatterns" name="test_enterprise_circular_dependency_detection" time="0.079" /><testcase classname="tests.tools.tiers.test_get_call_graph_tiers.TestEnterpriseComplexGraphPatterns" name="test_enterprise_entry_point_expansion" time="0.082" /><testcase classname="tests.tools.tiers.test_get_call_graph_tiers.TestEnterpriseMermaidAndVisualization" name="test_enterprise_mermaid_generation" time="0.082" /><testcase classname="tests.tools.tiers.test_get_call_graph_tiers.TestEnterpriseMermaidAndVisualization" name="test_enterprise_rich_metadata_export" time="0.082" /><testcase classname="tests.tools.tiers.test_get_cross_file_dependencies_tiers.TestGetCrossFileDependenciesCommunityTier" name="test_tier_gating_enforced" time="0.971" /><testcase classname="tests.tools.tiers.test_get_cross_file_dependencies_tiers.TestGetCrossFileDependenciesCommunityTier" name="test_direct_imports_only" time="1.023" /><testcase classname="tests.tools.tiers.test_get_cross_file_dependencies_tiers.TestGetCrossFileDependenciesCommunityTier" name="test_files_limited_to_configured_max" time="0.979" /><testcase classname="tests.tools.tiers.test_get_cross_file_dependencies_tiers.TestGetCrossFileDependenciesCommunityTier" name="test_confidence_decay_applied" time="0.903" /><testcase classname="tests.tools.tiers.test_get_cross_file_dependencies_tiers.TestGetCrossFileDependenciesProTier" name="test_depth_limit_from_config" time="0.943" /><testcase classname="tests.tools.tiers.test_get_cross_file_dependencies_tiers.TestGetCrossFileDependenciesProTier" name="test_transitive_deps_analyzed" time="0.909" /><testcase classname="tests.tools.tiers.test_get_cross_file_dependencies_tiers.TestGetCrossFileDependenciesProTier" name="test_files_limited_to_configured_max" time="1.025" /><testcase classname="tests.tools.tiers.test_get_cross_file_dependencies_tiers.TestGetCrossFileDependenciesProTier" name="test_confidence_decay_deep" time="1.047" /><testcase classname="tests.tools.tiers.test_get_cross_file_dependencies_tiers.TestGetCrossFileDependenciesEnterpriseTier" name="test_unlimited_depth" time="1.013" /><testcase classname="tests.tools.tiers.test_get_cross_file_dependencies_tiers.TestGetCrossFileDependenciesEnterpriseTier" name="test_unlimited_files" time="1.012" /><testcase classname="tests.tools.tiers.test_get_cross_file_dependencies_tiers.TestGetCrossFileDependenciesEnterpriseTier" name="test_all_dependencies_traversed" time="0.101" /><testcase classname="tests.tools.tiers.test_get_cross_file_dependencies_tiers.TestGetCrossFileDependenciesEnterpriseTier" name="test_confidence_decay_deep_analysis" time="0.106" /><testcase classname="tests.tools.tiers.test_get_cross_file_dependencies_tiers.TestGetCrossFileDependenciesEnterpriseTier" name="test_circular_dependency_detection" time="0.068" /><testcase classname="tests.tools.tiers.test_get_cross_file_dependencies_tiers.TestGetCrossFileDependenciesAsyncInterface" name="test_async_interface_works" time="0.121" /><testcase classname="tests.tools.tiers.test_get_file_context_tiers.TestGetFileContextCommunityTier" name="test_tier_applied_is_community" time="0.045" /><testcase classname="tests.tools.tiers.test_get_file_context_tiers.TestGetFileContextCommunityTier" name="test_max_context_lines_applied_is_2000" time="0.045" /><testcase classname="tests.tools.tiers.test_get_file_context_tiers.TestGetFileContextCommunityTier" name="test_pro_features_enabled_is_false" time="0.047" /><testcase classname="tests.tools.tiers.test_get_file_context_tiers.TestGetFileContextCommunityTier" name="test_enterprise_features_enabled_is_false" time="0.044" /><testcase classname="tests.tools.tiers.test_get_file_context_tiers.TestGetFileContextCommunityTier" name="test_community_file_exceeds_2000_lines_fails" time="0.043" /><testcase classname="tests.tools.tiers.test_get_file_context_tiers.TestGetFileContextProTier" name="test_tier_applied_is_pro" time="0.046" /><testcase classname="tests.tools.tiers.test_get_file_context_tiers.TestGetFileContextProTier" name="test_max_context_lines_applied_is_none" time="0.046" /><testcase classname="tests.tools.tiers.test_get_file_context_tiers.TestGetFileContextProTier" name="test_pro_features_enabled_is_true" time="0.047" /><testcase classname="tests.tools.tiers.test_get_file_context_tiers.TestGetFileContextProTier" name="test_enterprise_features_enabled_is_false" time="0.050" /><testcase classname="tests.tools.tiers.test_get_file_context_tiers.TestGetFileContextProTier" name="test_pro_file_with_1500_lines_succeeds" time="0.047" /><testcase classname="tests.tools.tiers.test_get_file_context_tiers.TestGetFileContextProTier" name="test_pro_includes_imports_and_docstrings" time="0.047" /><testcase classname="tests.tools.tiers.test_get_file_context_tiers.TestGetFileContextEnterpriseTier" name="test_tier_applied_is_enterprise" time="0.051" /><testcase classname="tests.tools.tiers.test_get_file_context_tiers.TestGetFileContextEnterpriseTier" name="test_max_context_lines_applied_is_none" time="0.051" /><testcase classname="tests.tools.tiers.test_get_file_context_tiers.TestGetFileContextEnterpriseTier" name="test_pro_features_enabled_is_true" time="0.050" /><testcase classname="tests.tools.tiers.test_get_file_context_tiers.TestGetFileContextEnterpriseTier" name="test_enterprise_features_enabled_is_true" time="0.049" /><testcase classname="tests.tools.tiers.test_get_file_context_tiers.TestGetFileContextEnterpriseTier" name="test_enterprise_large_file_succeeds" time="0.057" /><testcase classname="tests.tools.tiers.test_get_file_context_tiers.TestGetFileContextEnterpriseTier" name="test_enterprise_pii_redaction_enabled" time="0.046" /><testcase classname="tests.tools.tiers.test_get_file_context_tiers" name="test_get_file_context_async_interface" time="0.165" /><testcase classname="tests.tools.tiers.test_get_graph_neighborhood_tiers.TestCommunityTierLimits" name="test_community_k_limit_enforced" time="0.178" /><testcase classname="tests.tools.tiers.test_get_graph_neighborhood_tiers.TestCommunityTierLimits" name="test_community_nodes_limit_enforced" time="0.166" /><testcase classname="tests.tools.tiers.test_get_graph_neighborhood_tiers.TestCommunityTierLimits" name="test_community_lacks_semantic_neighbors" time="0.163" /><testcase classname="tests.tools.tiers.test_get_graph_neighborhood_tiers.TestCommunityTierLimits" name="test_community_lacks_logical_relationships" time="0.168" /><testcase classname="tests.tools.tiers.test_get_graph_neighborhood_tiers.TestCommunityTierLimits" name="test_community_mermaid_generated" time="0.166" /><testcase classname="tests.tools.tiers.test_get_graph_neighborhood_tiers.TestCommunityTierLimits" name="test_community_basic_neighborhood_capability" time="0.165" /><testcase classname="tests.tools.tiers.test_get_graph_neighborhood_tiers.TestProTierCapabilities" name="test_pro_k_limit_extended" time="0.084" /><testcase classname="tests.tools.tiers.test_get_graph_neighborhood_tiers.TestProTierCapabilities" name="test_pro_nodes_limit_extended" time="0.084" /><testcase classname="tests.tools.tiers.test_get_graph_neighborhood_tiers.TestProTierCapabilities" name="test_pro_has_advanced_neighborhood_capability" time="0.077" /><testcase classname="tests.tools.tiers.test_get_graph_neighborhood_tiers.TestProTierCapabilities" name="test_pro_has_semantic_neighbors_capability" time="0.083" /><testcase classname="tests.tools.tiers.test_get_graph_neighborhood_tiers.TestProTierCapabilities" name="test_pro_has_logical_relationship_detection" time="0.082" /><testcase classname="tests.tools.tiers.test_get_graph_neighborhood_tiers.TestProTierCapabilities" name="test_pro_mermaid_with_metadata" time="0.083" /><testcase classname="tests.tools.tiers.test_get_graph_neighborhood_tiers.TestEnterpriseTierCapabilities" name="test_enterprise_unlimited_k" time="0.089" /><testcase classname="tests.tools.tiers.test_get_graph_neighborhood_tiers.TestEnterpriseTierCapabilities" name="test_enterprise_unlimited_nodes" time="0.083" /><testcase classname="tests.tools.tiers.test_get_graph_neighborhood_tiers.TestEnterpriseTierCapabilities" name="test_enterprise_has_all_pro_features" time="0.079" /><testcase classname="tests.tools.tiers.test_get_graph_neighborhood_tiers.TestEnterpriseTierCapabilities" name="test_enterprise_has_graph_query_language_capability" time="0.080" /><testcase classname="tests.tools.tiers.test_get_graph_neighborhood_tiers.TestEnterpriseTierCapabilities" name="test_enterprise_has_custom_traversal_rules" time="0.078" /><testcase classname="tests.tools.tiers.test_get_graph_neighborhood_tiers.TestEnterpriseTierCapabilities" name="test_enterprise_has_path_constraint_queries" time="0.079" /><testcase classname="tests.tools.tiers.test_get_graph_neighborhood_tiers.TestEnterpriseTierCapabilities" name="test_enterprise_hot_nodes_detection" time="0.076" /><testcase classname="tests.tools.tiers.test_get_graph_neighborhood_tiers.TestCrossTierComparison" name="test_community_vs_pro_k_limit_difference" time="0.293" /><testcase classname="tests.tools.tiers.test_get_graph_neighborhood_tiers.TestCrossTierComparison" name="test_community_truncation_at_100_nodes" time="0.192" /><testcase classname="tests.tools.tiers.test_get_graph_neighborhood_tiers.TestCapabilityGating" name="test_community_lacks_semantic_neighbors_explicitly" time="0.176" /><testcase classname="tests.tools.tiers.test_get_graph_neighborhood_tiers.TestCapabilityGating" name="test_community_lacks_logical_relationships_explicitly" time="0.166" /><testcase classname="tests.tools.tiers.test_get_graph_neighborhood_tiers.TestCapabilityGating" name="test_pro_lacks_graph_query_language" time="0.078" /><testcase classname="tests.tools.tiers.test_get_graph_neighborhood_tiers.TestCapabilityGating" name="test_pro_lacks_custom_traversal_rules_and_path_constraints" time="0.076" /><testcase classname="tests.tools.tiers.test_get_graph_neighborhood_tiers.TestDirectionFiltering" name="test_direction_filtering_community" time="0.291" /><testcase classname="tests.tools.tiers.test_get_graph_neighborhood_tiers.TestConfidenceThreshold" name="test_min_confidence_filtering" time="0.166" /><testcase classname="tests.tools.tiers.test_get_graph_neighborhood_tiers.TestMermaidGeneration" name="test_mermaid_generation_community" time="0.163" /><testcase classname="tests.tools.tiers.test_get_graph_neighborhood_tiers.TestMermaidGeneration" name="test_mermaid_generation_enterprise" time="0.080" /><testcase classname="tests.tools.tiers.test_get_graph_neighborhood_tiers.TestNodeDepthTracking" name="test_node_depths_populated" time="0.166" /><testcase classname="tests.tools.tiers.test_get_graph_neighborhood_tiers.TestEdgeMetadata" name="test_edge_type_and_confidence_populated" time="0.162" /><testcase classname="tests.tools.tiers.test_get_graph_neighborhood_tiers.TestTruncationProtection" name="test_truncation_warning_community" time="0.163" /><testcase classname="tests.tools.tiers.test_get_project_map_tiers.TestOutputMetadataFieldsCommunity" name="test_tier_applied_is_community" time="0.048" /><testcase classname="tests.tools.tiers.test_get_project_map_tiers.TestOutputMetadataFieldsCommunity" name="test_max_files_applied_is_500" time="0.048" /><testcase classname="tests.tools.tiers.test_get_project_map_tiers.TestOutputMetadataFieldsCommunity" name="test_max_modules_applied_is_100" time="0.049" /><testcase classname="tests.tools.tiers.test_get_project_map_tiers.TestOutputMetadataFieldsCommunity" name="test_pro_features_enabled_is_false" time="0.047" /><testcase classname="tests.tools.tiers.test_get_project_map_tiers.TestOutputMetadataFieldsCommunity" name="test_enterprise_features_enabled_is_false" time="0.048" /><testcase classname="tests.tools.tiers.test_get_project_map_tiers.TestOutputMetadataFieldsCommunity" name="test_all_metadata_fields_present" time="0.047" /><testcase classname="tests.tools.tiers.test_get_project_map_tiers.TestOutputMetadataFieldsPro" name="test_tier_applied_is_pro" time="0.050" /><testcase classname="tests.tools.tiers.test_get_project_map_tiers.TestOutputMetadataFieldsPro" name="test_max_files_applied_is_none" time="0.053" /><testcase classname="tests.tools.tiers.test_get_project_map_tiers.TestOutputMetadataFieldsPro" name="test_max_modules_applied_is_1000" time="0.052" /><testcase classname="tests.tools.tiers.test_get_project_map_tiers.TestOutputMetadataFieldsPro" name="test_pro_features_enabled_is_true" time="0.053" /><testcase classname="tests.tools.tiers.test_get_project_map_tiers.TestOutputMetadataFieldsPro" name="test_enterprise_features_enabled_is_false" time="0.050" /><testcase classname="tests.tools.tiers.test_get_project_map_tiers.TestOutputMetadataFieldsPro" name="test_all_metadata_fields_present" time="0.049" /><testcase classname="tests.tools.tiers.test_get_project_map_tiers.TestOutputMetadataFieldsEnterprise" name="test_tier_applied_is_enterprise" time="0.053" /><testcase classname="tests.tools.tiers.test_get_project_map_tiers.TestOutputMetadataFieldsEnterprise" name="test_max_files_applied_is_none" time="0.054" /><testcase classname="tests.tools.tiers.test_get_project_map_tiers.TestOutputMetadataFieldsEnterprise" name="test_max_modules_applied_is_1000" time="0.054" /><testcase classname="tests.tools.tiers.test_get_project_map_tiers.TestOutputMetadataFieldsEnterprise" name="test_pro_features_enabled_is_true" time="0.071" /><testcase classname="tests.tools.tiers.test_get_project_map_tiers.TestOutputMetadataFieldsEnterprise" name="test_enterprise_features_enabled_is_true" time="0.057" /><testcase classname="tests.tools.tiers.test_get_project_map_tiers.TestOutputMetadataFieldsEnterprise" name="test_all_metadata_fields_present" time="0.057" /><testcase classname="tests.tools.tiers.test_get_project_map_tiers.TestOutputMetadataFieldsOnError" name="test_project_not_found_includes_metadata" time="0.001" /><testcase classname="tests.tools.tiers.test_get_project_map_tiers.TestOutputMetadataFieldsOnError" name="test_error_includes_pro_tier_metadata" time="0.001" /><testcase classname="tests.tools.tiers.test_get_project_map_tiers.TestOutputMetadataFieldsOnError" name="test_error_includes_enterprise_tier_metadata" time="0.001" /><testcase classname="tests.tools.tiers.test_get_project_map_tiers.TestOutputMetadataConsistency" name="test_metadata_consistent_across_calls" time="0.095" /><testcase classname="tests.tools.tiers.test_get_project_map_tiers.TestOutputMetadataConsistency" name="test_metadata_matches_capabilities" time="0.051" /><testcase classname="tests.tools.tiers.test_get_symbol_references_tiers.TestGetSymbolReferencesCommunityTier" name="test_tier_applied_is_community" time="0.023" /><testcase classname="tests.tools.tiers.test_get_symbol_references_tiers.TestGetSymbolReferencesCommunityTier" name="test_max_files_limit_applied" time="0.022" /><testcase classname="tests.tools.tiers.test_get_symbol_references_tiers.TestGetSymbolReferencesCommunityTier" name="test_max_references_limit_applied" time="0.023" /><testcase classname="tests.tools.tiers.test_get_symbol_references_tiers.TestGetSymbolReferencesCommunityTier" name="test_no_category_counts" time="0.022" /><testcase classname="tests.tools.tiers.test_get_symbol_references_tiers.TestGetSymbolReferencesCommunityTier" name="test_no_risk_metadata" time="0.022" /><testcase classname="tests.tools.tiers.test_get_symbol_references_tiers.TestGetSymbolReferencesProTier" name="test_tier_applied_is_pro" time="0.024" /><testcase classname="tests.tools.tiers.test_get_symbol_references_tiers.TestGetSymbolReferencesProTier" name="test_max_files_unlimited" time="0.024" /><testcase classname="tests.tools.tiers.test_get_symbol_references_tiers.TestGetSymbolReferencesProTier" name="test_max_references_unlimited" time="0.024" /><testcase classname="tests.tools.tiers.test_get_symbol_references_tiers.TestGetSymbolReferencesProTier" name="test_category_counts_populated" time="0.024" /><testcase classname="tests.tools.tiers.test_get_symbol_references_tiers.TestGetSymbolReferencesProTier" name="test_no_risk_metadata_pro" time="0.024" /><testcase classname="tests.tools.tiers.test_get_symbol_references_tiers.TestGetSymbolReferencesEnterpriseTier" name="test_tier_applied_is_enterprise" time="0.027" /><testcase classname="tests.tools.tiers.test_get_symbol_references_tiers.TestGetSymbolReferencesEnterpriseTier" name="test_max_files_unlimited_enterprise" time="0.027" /><testcase classname="tests.tools.tiers.test_get_symbol_references_tiers.TestGetSymbolReferencesEnterpriseTier" name="test_max_references_unlimited_enterprise" time="0.026" /><testcase classname="tests.tools.tiers.test_get_symbol_references_tiers.TestGetSymbolReferencesEnterpriseTier" name="test_category_counts_enterprise" time="0.027" /><testcase classname="tests.tools.tiers.test_get_symbol_references_tiers.TestGetSymbolReferencesEnterpriseTier" name="test_risk_metadata_populated" time="0.026" /><testcase classname="tests.tools.tiers.test_get_symbol_references_tiers.TestGetSymbolReferencesEnterpriseTier" name="test_codeowners_support" time="0.030" /><testcase classname="tests.tools.tiers.test_get_symbol_references_tiers.TestGetSymbolReferencesEnterpriseTier" name="test_references_have_owners" time="0.027" /><testcase classname="tests.tools.tiers.test_get_symbol_references_tiers.TestGetSymbolReferencesAsyncInterface" name="test_async_interface_works" time="0.068" /><testcase classname="tests.tools.tiers.test_rename_symbol_tiers.TestRenameSymbolCommunityTier" name="test_python_function_rename_capability" time="0.035" /><testcase classname="tests.tools.tiers.test_rename_symbol_tiers.TestRenameSymbolCommunityTier" name="test_python_class_rename_capability" time="0.035" /><testcase classname="tests.tools.tiers.test_rename_symbol_tiers.TestRenameSymbolCommunityTier" name="test_python_method_rename_capability" time="0.034" /><testcase classname="tests.tools.tiers.test_rename_symbol_tiers.TestRenameSymbolCommunityTier" name="test_automatic_reference_updates_same_file_capability" time="0.034" /><testcase classname="tests.tools.tiers.test_rename_symbol_tiers.TestRenameSymbolCommunityTier" name="test_syntax_validation_via_ast_capability" time="0.036" /><testcase classname="tests.tools.tiers.test_rename_symbol_tiers.TestRenameSymbolCommunityTier" name="test_python_identifier_validation_snake_case_capability" time="0.034" /><testcase classname="tests.tools.tiers.test_rename_symbol_tiers.TestRenameSymbolCommunityTier" name="test_community_no_cross_file_rename_limits" time="0.037" /><testcase classname="tests.tools.tiers.test_rename_symbol_tiers.TestRenameSymbolProTier" name="test_all_community_features_work_pro" time="0.036" /><testcase classname="tests.tools.tiers.test_rename_symbol_tiers.TestRenameSymbolProTier" name="test_cross_file_rename_propagation_capability" time="0.035" /><testcase classname="tests.tools.tiers.test_rename_symbol_tiers.TestRenameSymbolProTier" name="test_import_statement_updates_capability" time="0.036" /><testcase classname="tests.tools.tiers.test_rename_symbol_tiers.TestRenameSymbolProTier" name="test_cross_file_search_limits_pro" time="0.036" /><testcase classname="tests.tools.tiers.test_rename_symbol_tiers.TestRenameSymbolProTier" name="test_backup_and_rollback_support_pro" time="0.036" /><testcase classname="tests.tools.tiers.test_rename_symbol_tiers.TestRenameSymbolProTier" name="test_pro_has_advanced_features_community_lacks" time="0.048" /><testcase classname="tests.tools.tiers.test_rename_symbol_tiers.TestRenameSymbolEnterpriseTier" name="test_all_pro_features_work_enterprise" time="0.038" /><testcase classname="tests.tools.tiers.test_rename_symbol_tiers.TestRenameSymbolEnterpriseTier" name="test_organization_wide_rename_capability" time="0.035" /><testcase classname="tests.tools.tiers.test_rename_symbol_tiers.TestRenameSymbolEnterpriseTier" name="test_enterprise_unlimited_cross_file_limits" time="0.036" /><testcase classname="tests.tools.tiers.test_rename_symbol_tiers.TestRenameSymbolEnterpriseTier" name="test_enterprise_has_advanced_features_pro_lacks" time="0.049" /><testcase classname="tests.tools.tiers.test_rename_symbol_tiers.TestRenameSymbolCrossTierComparison" name="test_community_vs_pro_cross_file_limits" time="0.046" /><testcase classname="tests.tools.tiers.test_rename_symbol_tiers.TestRenameSymbolCrossTierComparison" name="test_pro_vs_enterprise_cross_file_limits" time="0.058" /><testcase classname="tests.tools.tiers.test_rename_symbol_tiers.TestRenameSymbolConsistency" name="test_backup_capability_across_all_tiers" time="0.065" /><testcase classname="tests.tools.tiers.test_rename_symbol_tiers.TestRenameSymbolConsistency" name="test_path_security_validation_across_all_tiers" time="0.063" /><testcase classname="tests.tools.tiers.test_rename_symbol_tiers.TestRenameSymbolConsistency" name="test_definition_rename_core_capability" time="0.063" /><testcase classname="tests.tools.tiers.test_scan_dependencies_tiers.TestScanDependenciesCommunityTier" name="test_max_50_dependencies_enforced" time="2.072" /><testcase classname="tests.tools.tiers.test_scan_dependencies_tiers.TestScanDependenciesCommunityTier" name="test_cve_detection_via_osv_enabled" time="5.836" /><testcase classname="tests.tools.tiers.test_scan_dependencies_tiers.TestScanDependenciesCommunityTier" name="test_severity_scoring_present" time="6.662" /><testcase classname="tests.tools.tiers.test_scan_dependencies_tiers.TestScanDependenciesCommunityTier" name="test_python_language_support" time="0.041" /><testcase classname="tests.tools.tiers.test_scan_dependencies_tiers.TestScanDependenciesCommunityTier" name="test_javascript_language_support" time="0.040" /><testcase classname="tests.tools.tiers.test_scan_dependencies_tiers.TestScanDependenciesCommunityTier" name="test_java_language_support" time="0.041" /><testcase classname="tests.tools.tiers.test_scan_dependencies_tiers.TestScanDependenciesCommunityTier" name="test_fixed_version_remediation" time="5.686" /><testcase classname="tests.tools.tiers.test_scan_dependencies_tiers.TestScanDependenciesProTier" name="test_unlimited_dependencies_scanned" time="19.594" /><testcase classname="tests.tools.tiers.test_scan_dependencies_tiers.TestScanDependenciesProTier" name="test_reachability_analysis_enabled" time="1.645" /><testcase classname="tests.tools.tiers.test_scan_dependencies_tiers.TestScanDependenciesProTier" name="test_license_compliance_enabled" time="2.015" /><testcase classname="tests.tools.tiers.test_scan_dependencies_tiers.TestScanDependenciesProTier" name="test_typosquatting_detection_enabled" time="1.583" /><testcase classname="tests.tools.tiers.test_scan_dependencies_tiers.TestScanDependenciesProTier" name="test_supply_chain_risk_scoring_present" time="1.704" /><testcase classname="tests.tools.tiers.test_scan_dependencies_tiers.TestScanDependenciesProTier" name="test_false_positive_reduction_applied" time="11.729" /><testcase classname="tests.tools.tiers.test_scan_dependencies_tiers.TestScanDependenciesEnterpriseTier" name="test_unlimited_dependencies_with_pro_features" time="10.822" /><testcase classname="tests.tools.tiers.test_scan_dependencies_tiers.TestScanDependenciesEnterpriseTier" name="test_policy_based_blocking_enabled" time="1.592" /><testcase classname="tests.tools.tiers.test_scan_dependencies_tiers.TestScanDependenciesEnterpriseTier" name="test_compliance_reporting_present" time="1.640" /><testcase classname="tests.tools.tiers.test_scan_dependencies_tiers.TestScanDependenciesEnterpriseTier" name="test_all_languages_supported" time="0.607" /><testcase classname="tests.tools.tiers.test_scan_dependencies_tiers.TestScanDependenciesEnterpriseTier" name="test_custom_vulnerability_database" time="7.566" /><testcase classname="tests.tools.tiers.test_scan_dependencies_tiers.TestScanDependenciesCrossTierComparison" name="test_community_vs_pro_dependency_limit" time="14.864" /><testcase classname="tests.tools.tiers.test_scan_dependencies_tiers.TestScanDependenciesCrossTierComparison" name="test_community_no_reachability_pro_has" time="1.723" /><testcase classname="tests.tools.tiers.test_scan_dependencies_tiers.TestScanDependenciesEdgeCases" name="test_empty_project" time="0.040" /><testcase classname="tests.tools.tiers.test_scan_dependencies_tiers.TestScanDependenciesEdgeCases" name="test_pyproject_toml_parsing" time="0.041" /><testcase classname="tests.tools.tiers.test_scan_dependencies_tiers.TestScanDependenciesEdgeCases" name="test_exclude_dev_dependencies" time="0.056" /><testcase classname="tests.tools.tiers.test_scan_dependencies_tiers.TestScanDependenciesEdgeCases" name="test_gradle_parsing" time="0.070" /><testcase classname="tests.tools.tiers.test_scan_dependencies_tiers.TestScanDependenciesEdgeCases" name="test_nonexistent_project_root" time="0.038" /><testcase classname="tests.tools.tiers.test_security_scan_tiers.TestSecurityScanCommunityTier" name="test_max_findings_limited_to_50" time="0.066" /><testcase classname="tests.tools.tiers.test_security_scan_tiers.TestSecurityScanCommunityTier" name="test_multiple_vulnerabilities_detected" time="0.089" /><testcase classname="tests.tools.tiers.test_security_scan_tiers.TestSecurityScanCommunityTier" name="test_secret_detection_disabled" time="0.043" /><testcase classname="tests.tools.tiers.test_security_scan_tiers.TestSecurityScanCommunityTier" name="test_no_confidence_scores" time="0.044" /><testcase classname="tests.tools.tiers.test_security_scan_tiers.TestSecurityScanCommunityTier" name="test_no_compliance_summary" time="0.044" /><testcase classname="tests.tools.tiers.test_security_scan_tiers.TestSecurityScanProTier" name="test_unlimited_findings" time="0.260" /><testcase classname="tests.tools.tiers.test_security_scan_tiers.TestSecurityScanProTier" name="test_secret_detection_enabled" time="0.045" /><testcase classname="tests.tools.tiers.test_security_scan_tiers.TestSecurityScanProTier" name="test_confidence_score_present" time="0.047" /><testcase classname="tests.tools.tiers.test_security_scan_tiers.TestSecurityScanProTier" name="test_multiple_finding_types" time="0.069" /><testcase classname="tests.tools.tiers.test_security_scan_tiers.TestSecurityScanProTier" name="test_false_positive_analysis_enabled" time="0.065" /><testcase classname="tests.tools.tiers.test_security_scan_tiers.TestSecurityScanEnterpriseTier" name="test_unlimited_findings" time="0.592" /><testcase classname="tests.tools.tiers.test_security_scan_tiers.TestSecurityScanEnterpriseTier" name="test_secret_detection_enabled" time="0.042" /><testcase classname="tests.tools.tiers.test_security_scan_tiers.TestSecurityScanEnterpriseTier" name="test_confidence_score_present" time="0.048" /><testcase classname="tests.tools.tiers.test_security_scan_tiers.TestSecurityScanEnterpriseTier" name="test_compliance_summary_present" time="0.048" /><testcase classname="tests.tools.tiers.test_security_scan_tiers.TestSecurityScanEnterpriseTier" name="test_custom_rules_applied" time="0.063" /><testcase classname="tests.tools.tiers.test_security_scan_tiers.TestSecurityScanEnterpriseTier" name="test_comprehensive_vulnerability_analysis" time="0.068" /><testcase classname="tests.tools.tiers.test_security_scan_tiers.TestSecurityScanEnterpriseTier" name="test_policy_violations_checked" time="0.048" /><testcase classname="tests.tools.tiers.test_security_scan_tiers.TestSecurityScanAsyncInterface" name="test_async_interface_works" time="0.073" /><testcase classname="tests.tools.tiers.test_simulate_refactor_tiers.TestSimulateRefactorCommunityTier" name="test_basic_security_issue_detection" time="0.038" /><testcase classname="tests.tools.tiers.test_simulate_refactor_tiers.TestSimulateRefactorCommunityTier" name="test_structural_change_analysis" time="0.037" /><testcase classname="tests.tools.tiers.test_simulate_refactor_tiers.TestSimulateRefactorCommunityTier" name="test_syntax_validation_before_simulation" time="0.037" /><testcase classname="tests.tools.tiers.test_simulate_refactor_tiers.TestSimulateRefactorCommunityTier" name="test_language_support_python_javascript_typescript" time="0.038" /><testcase classname="tests.tools.tiers.test_simulate_refactor_tiers.TestSimulateRefactorCommunityTier" name="test_safe_unsafe_verdict" time="0.057" /><testcase classname="tests.tools.tiers.test_simulate_refactor_tiers.TestSimulateRefactorCommunityTier" name="test_community_basic_analysis_only" time="0.037" /><testcase classname="tests.tools.tiers.test_simulate_refactor_tiers.TestSimulateRefactorCommunityTier" name="test_community_max_file_size_limit" time="0.037" /><testcase classname="tests.tools.tiers.test_simulate_refactor_tiers.TestSimulateRefactorProTier" name="test_all_community_features_work_pro" time="0.041" /><testcase classname="tests.tools.tiers.test_simulate_refactor_tiers.TestSimulateRefactorProTier" name="test_behavior_equivalence_checking" time="0.048" /><testcase classname="tests.tools.tiers.test_simulate_refactor_tiers.TestSimulateRefactorProTier" name="test_test_execution_simulation" time="0.043" /><testcase classname="tests.tools.tiers.test_simulate_refactor_tiers.TestSimulateRefactorProTier" name="test_type_checking_enabled" time="0.044" /><testcase classname="tests.tools.tiers.test_simulate_refactor_tiers.TestSimulateRefactorProTier" name="test_advanced_simulation_analysis" time="0.046" /><testcase classname="tests.tools.tiers.test_simulate_refactor_tiers.TestSimulateRefactorProTier" name="test_pro_advanced_analysis_depth" time="0.041" /><testcase classname="tests.tools.tiers.test_simulate_refactor_tiers.TestSimulateRefactorProTier" name="test_pro_max_file_size_limit" time="0.063" /><testcase classname="tests.tools.tiers.test_simulate_refactor_tiers.TestSimulateRefactorEnterpriseTier" name="test_all_pro_features_work_enterprise" time="0.040" /><testcase classname="tests.tools.tiers.test_simulate_refactor_tiers.TestSimulateRefactorEnterpriseTier" name="test_regression_prediction_enabled" time="0.040" /><testcase classname="tests.tools.tiers.test_simulate_refactor_tiers.TestSimulateRefactorEnterpriseTier" name="test_impact_analysis_performed" time="0.041" /><testcase classname="tests.tools.tiers.test_simulate_refactor_tiers.TestSimulateRefactorEnterpriseTier" name="test_custom_validation_rules" time="0.064" /><testcase classname="tests.tools.tiers.test_simulate_refactor_tiers.TestSimulateRefactorEnterpriseTier" name="test_compliance_validation_enabled" time="0.039" /><testcase classname="tests.tools.tiers.test_simulate_refactor_tiers.TestSimulateRefactorEnterpriseTier" name="test_enterprise_deep_analysis_depth" time="0.041" /><testcase classname="tests.tools.tiers.test_simulate_refactor_tiers.TestSimulateRefactorEnterpriseTier" name="test_enterprise_max_file_size_limit" time="0.041" /><testcase classname="tests.tools.tiers.test_simulate_refactor_tiers.TestSimulateRefactorCrossTierComparison" name="test_community_vs_pro_analysis_depth" time="0.083" /><testcase classname="tests.tools.tiers.test_simulate_refactor_tiers.TestSimulateRefactorCrossTierComparison" name="test_pro_vs_enterprise_analysis_depth" time="0.056" /><testcase classname="tests.tools.tiers.test_simulate_refactor_tiers.TestSimulateRefactorCrossTierComparison" name="test_file_size_limits_progression" time="0.072" /><testcase classname="tests.tools.tiers.test_simulate_refactor_tiers.TestSimulateRefactorConsistency" name="test_basic_simulation_across_all_tiers" time="0.092" /><testcase classname="tests.tools.tiers.test_simulate_refactor_tiers.TestSimulateRefactorConsistency" name="test_structural_diff_across_all_tiers" time="0.073" /><testcase classname="tests.tools.tiers.test_simulate_refactor_tiers.TestSimulateRefactorConsistency" name="test_enterprise_has_advanced_features_pro_lacks" time="0.172" /><testcase classname="tests.tools.tiers.test_simulate_refactor_tiers.TestSimulateRefactorConsistency" name="test_pro_has_advanced_features_community_lacks" time="0.060" /><testcase classname="tests.tools.tiers.test_symbolic_execute_tiers.TestSymbolicExecuteCommunityTier" name="test_basic_symbolic_execution_capability" time="0.044" /><testcase classname="tests.tools.tiers.test_symbolic_execute_tiers.TestSymbolicExecuteCommunityTier" name="test_simple_constraints_and_types" time="0.039" /><testcase classname="tests.tools.tiers.test_symbolic_execute_tiers.TestSymbolicExecuteCommunityTier" name="test_loop_unrolling_and_depth_limit" time="0.063" /><testcase classname="tests.tools.tiers.test_symbolic_execute_tiers.TestSymbolicExecuteCommunityTier" name="test_max_paths_limit_community" time="0.422" /><testcase classname="tests.tools.tiers.test_symbolic_execute_tiers.TestSymbolicExecuteCommunityTier" name="test_python_language_support" time="0.058" /><testcase classname="tests.tools.tiers.test_symbolic_execute_tiers.TestSymbolicExecuteProTier" name="test_unlimited_paths_and_deeper_loops" time="0.039" /><testcase classname="tests.tools.tiers.test_symbolic_execute_tiers.TestSymbolicExecuteProTier" name="test_pro_capabilities_present" time="0.071" /><testcase classname="tests.tools.tiers.test_symbolic_execute_tiers.TestSymbolicExecuteProTier" name="test_list_dict_and_constraint_types" time="0.040" /><testcase classname="tests.tools.tiers.test_symbolic_execute_tiers.TestSymbolicExecuteProTier" name="test_concolic_execution_flag" time="0.038" /><testcase classname="tests.tools.tiers.test_symbolic_execute_tiers.TestSymbolicExecuteEnterpriseTier" name="test_unlimited_paths_and_depth_enterprise" time="0.037" /><testcase classname="tests.tools.tiers.test_symbolic_execute_tiers.TestSymbolicExecuteEnterpriseTier" name="test_enterprise_capabilities_present" time="0.038" /><testcase classname="tests.tools.tiers.test_symbolic_execute_tiers.TestSymbolicExecuteCrossTierGating" name="test_pro_features_absent_in_community" time="0.069" /><testcase classname="tests.tools.tiers.test_symbolic_execute_tiers.TestSymbolicExecuteCrossTierGating" name="test_enterprise_features_absent_in_pro" time="0.040" /><testcase classname="tests.tools.tiers.test_tier_gating_smoke" name="test_get_symbol_references_community_limits" time="0.043" /><testcase classname="tests.tools.tiers.test_tier_gating_smoke" name="test_symbolic_execute_community_truncates_paths" time="0.017" /><testcase classname="tests.tools.tiers.test_tier_gating_smoke" name="test_update_symbol_community_forces_backup" time="0.042" /><testcase classname="tests.tools.tiers.test_tier_gating_smoke" name="test_type_evaporation_scan_community_limits" time="0.093" /><testcase classname="tests.tools.tiers.test_tier_limits_applied" name="test_tier_limits[community-2-100]" time="0.041" /><testcase classname="tests.tools.tiers.test_tier_limits_applied" name="test_tier_limits[pro-None-None]" time="0.040" /><testcase classname="tests.tools.tiers.test_tier_limits_applied" name="test_tier_limits[enterprise-None-None]" time="0.049" /><testcase classname="tests.tools.tiers.test_type_evaporation_scan_tiers" name="test_type_evaporation_scan_pro_sanity" time="0.076" /><testcase classname="tests.tools.tiers.test_type_evaporation_scan_tiers" name="test_type_evaporation_scan_enterprise_sanity" time="0.068" /><testcase classname="tests.tools.tiers.test_unified_sink_detect_tiers.TestUnifiedSinkDetectCommunityTier" name="test_max_50_sinks_enforced" time="0.132" /><testcase classname="tests.tools.tiers.test_unified_sink_detect_tiers.TestUnifiedSinkDetectCommunityTier" name="test_python_sink_detection_enabled" time="0.049" /><testcase classname="tests.tools.tiers.test_unified_sink_detect_tiers.TestUnifiedSinkDetectCommunityTier" name="test_javascript_sink_detection_enabled" time="0.043" /><testcase classname="tests.tools.tiers.test_unified_sink_detect_tiers.TestUnifiedSinkDetectCommunityTier" name="test_typescript_sink_detection_enabled" time="0.050" /><testcase classname="tests.tools.tiers.test_unified_sink_detect_tiers.TestUnifiedSinkDetectCommunityTier" name="test_java_sink_detection_enabled" time="0.043" /><testcase classname="tests.tools.tiers.test_unified_sink_detect_tiers.TestUnifiedSinkDetectCommunityTier" name="test_basic_confidence_scoring_present" time="0.045" /><testcase classname="tests.tools.tiers.test_unified_sink_detect_tiers.TestUnifiedSinkDetectCommunityTier" name="test_cwe_mapping_populated" time="0.042" /><testcase classname="tests.tools.tiers.test_unified_sink_detect_tiers.TestUnifiedSinkDetectCommunityTier" name="test_sink_id_stability" time="0.087" /><testcase classname="tests.tools.tiers.test_unified_sink_detect_tiers.TestUnifiedSinkDetectCommunityTier" name="test_code_snippet_truncation_indicators" time="0.043" /><testcase classname="tests.tools.tiers.test_unified_sink_detect_tiers.TestUnifiedSinkDetectCommunityTier" name="test_unsupported_language_error_code" time="0.042" /><testcase classname="tests.tools.tiers.test_unified_sink_detect_tiers.TestUnifiedSinkDetectProTier" name="test_unlimited_sinks_returned" time="0.145" /><testcase classname="tests.tools.tiers.test_unified_sink_detect_tiers.TestUnifiedSinkDetectProTier" name="test_advanced_confidence_scoring_enabled" time="0.046" /><testcase classname="tests.tools.tiers.test_unified_sink_detect_tiers.TestUnifiedSinkDetectProTier" name="test_context_aware_detection_enabled" time="0.051" /><testcase classname="tests.tools.tiers.test_unified_sink_detect_tiers.TestUnifiedSinkDetectProTier" name="test_framework_specific_sinks_detected" time="0.058" /><testcase classname="tests.tools.tiers.test_unified_sink_detect_tiers.TestUnifiedSinkDetectProTier" name="test_custom_sink_definitions_supported" time="0.052" /><testcase classname="tests.tools.tiers.test_unified_sink_detect_tiers.TestUnifiedSinkDetectProTier" name="test_sink_coverage_analysis_included" time="0.047" /><testcase classname="tests.tools.tiers.test_unified_sink_detect_tiers.TestUnifiedSinkDetectEnterpriseTier" name="test_unlimited_sinks_with_pro_features" time="0.533" /><testcase classname="tests.tools.tiers.test_unified_sink_detect_tiers.TestUnifiedSinkDetectEnterpriseTier" name="test_organization_sink_rules_enabled" time="0.042" /><testcase classname="tests.tools.tiers.test_unified_sink_detect_tiers.TestUnifiedSinkDetectEnterpriseTier" name="test_sink_risk_scoring_populated" time="0.047" /><testcase classname="tests.tools.tiers.test_unified_sink_detect_tiers.TestUnifiedSinkDetectEnterpriseTier" name="test_compliance_mapping_present" time="0.046" /><testcase classname="tests.tools.tiers.test_unified_sink_detect_tiers.TestUnifiedSinkDetectEnterpriseTier" name="test_historical_sink_tracking_enabled" time="0.064" /><testcase classname="tests.tools.tiers.test_unified_sink_detect_tiers.TestUnifiedSinkDetectEnterpriseTier" name="test_automated_remediation_suggestions" time="0.047" /><testcase classname="tests.tools.tiers.test_unified_sink_detect_tiers.TestUnifiedSinkDetectCrossTierComparison" name="test_community_vs_pro_sink_limit" time="0.238" /><testcase classname="tests.tools.tiers.test_unified_sink_detect_tiers.TestUnifiedSinkDetectCrossTierComparison" name="test_community_no_advanced_features_pro_has" time="0.065" /><testcase classname="tests.tools.tiers.test_unified_sink_detect_tiers.TestUnifiedSinkDetectEdgeCases" name="test_empty_code_error_handling" time="0.001" /><testcase classname="tests.tools.tiers.test_unified_sink_detect_tiers.TestUnifiedSinkDetectEdgeCases" name="test_invalid_confidence_threshold_error" time="0.001" /><testcase classname="tests.tools.tiers.test_unified_sink_detect_tiers.TestUnifiedSinkDetectEdgeCases" name="test_all_four_languages_supported_community" time="0.116" /><testcase classname="tests.tools.tiers.test_unified_sink_detect_tiers.TestUnifiedSinkDetectEdgeCases" name="test_confidence_threshold_filtering" time="0.078" /><testcase classname="tests.tools.tiers.test_update_symbol_tiers.TestUpdateSymbolCommunityTier" name="test_function_replacement_by_name_capability" time="0.043" /><testcase classname="tests.tools.tiers.test_update_symbol_tiers.TestUpdateSymbolCommunityTier" name="test_class_replacement_by_name_capability" time="0.070" /><testcase classname="tests.tools.tiers.test_update_symbol_tiers.TestUpdateSymbolCommunityTier" name="test_method_replacement_in_classes_capability" time="0.046" /><testcase classname="tests.tools.tiers.test_update_symbol_tiers.TestUpdateSymbolCommunityTier" name="test_automatic_backup_creation_capability" time="0.040" /><testcase classname="tests.tools.tiers.test_update_symbol_tiers.TestUpdateSymbolCommunityTier" name="test_syntax_validation_before_write_capability" time="0.040" /><testcase classname="tests.tools.tiers.test_update_symbol_tiers.TestUpdateSymbolCommunityTier" name="test_language_support_python_javascript_typescript_java_capability" time="0.065" /><testcase classname="tests.tools.tiers.test_update_symbol_tiers.TestUpdateSymbolCommunityTier" name="test_max_10_updates_per_session_enforced_capability" time="0.041" /><testcase classname="tests.tools.tiers.test_update_symbol_tiers.TestUpdateSymbolProTier" name="test_unlimited_updates_per_session_capability" time="0.043" /><testcase classname="tests.tools.tiers.test_update_symbol_tiers.TestUpdateSymbolProTier" name="test_atomic_multi_file_updates_capability" time="0.045" /><testcase classname="tests.tools.tiers.test_update_symbol_tiers.TestUpdateSymbolProTier" name="test_rollback_on_failure_supported_capability" time="0.069" /><testcase classname="tests.tools.tiers.test_update_symbol_tiers.TestUpdateSymbolProTier" name="test_pre_post_update_hooks_executed_capability" time="0.049" /><testcase classname="tests.tools.tiers.test_update_symbol_tiers.TestUpdateSymbolProTier" name="test_formatting_preservation_across_updates_capability" time="0.042" /><testcase classname="tests.tools.tiers.test_update_symbol_tiers.TestUpdateSymbolProTier" name="test_import_auto_adjustment_applied_capability" time="0.043" /><testcase classname="tests.tools.tiers.test_update_symbol_tiers.TestUpdateSymbolEnterpriseTier" name="test_unlimited_updates_with_pro_features_capability" time="0.080" /><testcase classname="tests.tools.tiers.test_update_symbol_tiers.TestUpdateSymbolEnterpriseTier" name="test_code_review_approval_requirement_enforced_capability" time="0.047" /><testcase classname="tests.tools.tiers.test_update_symbol_tiers.TestUpdateSymbolEnterpriseTier" name="test_compliance_checked_updates_validated_capability" time="0.047" /><testcase classname="tests.tools.tiers.test_update_symbol_tiers.TestUpdateSymbolEnterpriseTier" name="test_audit_trail_recorded_for_modifications_capability" time="0.046" /><testcase classname="tests.tools.tiers.test_update_symbol_tiers.TestUpdateSymbolEnterpriseTier" name="test_custom_validation_rules_applied_capability" time="0.074" /><testcase classname="tests.tools.tiers.test_update_symbol_tiers.TestUpdateSymbolEnterpriseTier" name="test_policy_gated_mutations_enforced_capability" time="0.042" /><testcase classname="tests.tools.tiers.test_update_symbol_tiers.TestUpdateSymbolEnterpriseTier" name="test_impact_analysis_before_update_capability" time="0.047" /><testcase classname="tests.tools.tiers.test_update_symbol_tiers.TestUpdateSymbolEnterpriseTier" name="test_git_integration_enabled_capability" time="0.041" /><testcase classname="tests.tools.tiers.test_update_symbol_tiers.TestUpdateSymbolEnterpriseTier" name="test_test_execution_after_update_capability" time="0.068" /><testcase classname="tests.tools.tiers.test_update_symbol_tiers.TestUpdateSymbolCrossTierComparison" name="test_community_vs_pro_update_limit" time="0.072" /><testcase classname="tests.tools.tiers.test_update_symbol_tiers.TestUpdateSymbolCrossTierComparison" name="test_community_no_advanced_features_pro_has" time="0.063" /><testcase classname="tests.tools.tiers.test_update_symbol_tiers.TestUpdateSymbolEdgeCases" name="test_validation_level_progression" time="0.108" /><testcase classname="tests.tools.tiers.test_update_symbol_tiers.TestUpdateSymbolEdgeCases" name="test_backup_capability_across_all_tiers" time="0.081" /><testcase classname="tests.tools.tiers.test_update_symbol_tiers.TestUpdateSymbolEdgeCases" name="test_language_support_consistency" time="0.078" /><testcase classname="tests.tools.tiers.test_validate_paths_tiers" name="test_validate_paths_community_limit" time="0.066" /><testcase classname="tests.tools.tiers.test_validate_paths_tiers" name="test_validate_paths_pro_unlimited" time="0.044" /><testcase classname="tests.tools.tiers.test_validate_paths_tiers" name="test_validate_paths_enterprise_unlimited" time="0.049" /><testcase classname="tests.tools.tiers.test_validate_paths_tiers" name="test_validate_paths_community_core_features" time="0.135" /><testcase classname="tests.tools.tiers.test_validate_paths_tiers" name="test_validate_paths_pro_enhanced_features" time="0.077" /><testcase classname="tests.tools.tiers.test_validate_paths_tiers" name="test_validate_paths_enterprise_security" time="0.092" /><testcase classname="tests.tools.tiers.test_validate_paths_tiers" name="test_validate_paths_docker_detection_all_tiers" time="0.101" /><testcase classname="tests.tools.tiers.test_verify_policy_integrity_tiers" name="test_verify_policy_integrity_community_basic_only" time="0.074" /><testcase classname="tests.tools.tiers.test_verify_policy_integrity_tiers" name="test_verify_policy_integrity_pro_signature_validation" time="0.102" /><testcase classname="tests.tools.tiers.test_verify_policy_integrity_tiers" name="test_verify_policy_integrity_enterprise_full_check" time="0.089" /><testcase classname="tests.tools.tiers.test_verify_policy_integrity_tiers" name="test_verify_policy_integrity_community_file_limit" time="0.041" /><testcase classname="tests.tools.tiers.test_verify_policy_integrity_tiers" name="test_verify_policy_integrity_pro_file_limit" time="0.071" /><testcase classname="tests.tools.tiers.test_verify_policy_integrity_tiers" name="test_verify_policy_integrity_enterprise_unlimited" time="0.045" /><testcase classname="tests.tools.tiers.test_verify_policy_integrity_tiers" name="test_verify_policy_integrity_community_no_tamper_detection" time="0.041" /><testcase classname="tests.tools.tiers.test_verify_policy_integrity_tiers" name="test_verify_policy_integrity_pro_tamper_detection" time="0.045" /><testcase classname="tests.tools.tiers.test_verify_policy_integrity_tiers" name="test_verify_policy_integrity_enterprise_tamper_detection" time="0.045" /><testcase classname="tests.tools.update_symbol.test_community_tier.TestUpdateSymbolCommunityBasicOperations" name="test_function_replacement_basic" time="0.045" /><testcase classname="tests.tools.update_symbol.test_community_tier.TestUpdateSymbolCommunityBasicOperations" name="test_class_replacement_basic" time="0.006" /><testcase classname="tests.tools.update_symbol.test_community_tier.TestUpdateSymbolCommunityBasicOperations" name="test_method_replacement_basic" time="0.006" /><testcase classname="tests.tools.update_symbol.test_community_tier.TestUpdateSymbolCommunityBackupCreation" name="test_backup_created_for_update" time="0.006" /><testcase classname="tests.tools.update_symbol.test_community_tier.TestUpdateSymbolCommunityBackupCreation" name="test_backup_not_created_on_error" time="0.005" /><testcase classname="tests.tools.update_symbol.test_community_tier.TestUpdateSymbolCommunitySyntaxValidation" name="test_syntax_error_rejected" time="0.005" /><testcase classname="tests.tools.update_symbol.test_community_tier.TestUpdateSymbolCommunitySyntaxValidation" name="test_valid_syntax_accepted" time="0.006" /><testcase classname="tests.tools.update_symbol.test_community_tier.TestUpdateSymbolCommunitySessionLimit" name="test_first_10_updates_allowed" time="0.006" /><testcase classname="tests.tools.update_symbol.test_community_tier.TestUpdateSymbolCommunitySessionLimit" name="test_11th_update_rejected" time="0.006" /><testcase classname="tests.tools.update_symbol.test_community_tier.TestUpdateSymbolCommunitySessionLimit" name="test_session_limit_error_clear_message" time="0.006" /><testcase classname="tests.tools.update_symbol.test_community_tier.TestUpdateSymbolCommunityReturnModel" name="test_community_response_fields" time="0.002" /><testcase classname="tests.tools.update_symbol.test_community_tier.TestUpdateSymbolCommunityReturnModel" name="test_no_pro_fields_in_community_response" time="0.002" /><testcase classname="tests.tools.update_symbol.test_community_tier.TestUpdateSymbolCommunityLicenseHandling" name="test_missing_license_defaults_to_community" time="0.002" /><testcase classname="tests.tools.update_symbol.test_community_tier.TestUpdateSymbolCommunityLicenseHandling" name="test_invalid_license_fallback_to_community" time="0.002" /><testcase classname="tests.tools.update_symbol.test_community_tier.TestUpdateSymbolCommunityMultipleLanguages" name="test_python_function_update" time="0.006" /><testcase classname="tests.tools.update_symbol.test_community_tier.TestUpdateSymbolCommunityMultipleLanguages" name="test_javascript_function_update" time="0.005" /><testcase classname="tests.tools.update_symbol.test_community_tier.TestUpdateSymbolCommunityErrorHandling" name="test_symbol_not_found" time="0.006" /><testcase classname="tests.tools.update_symbol.test_community_tier.TestUpdateSymbolCommunityErrorHandling" name="test_invalid_file_path" time="0.002" /><testcase classname="tests.tools.update_symbol.test_concurrency_and_memory" name="test_update_symbol_concurrent_updates" time="0.027" /><testcase classname="tests.tools.update_symbol.test_concurrency_and_memory" name="test_update_symbol_memory_leak_guard" time="0.536" /><testcase classname="tests.tools.update_symbol.test_concurrency_and_memory" name="test_update_symbol_memory_buckets" time="6.546" /><testcase classname="tests.tools.update_symbol.test_cross_platform.TestCrossPlatformSmoke" name="test_tool_registry_loads_on_platform[linux]" time="0.003" /><testcase classname="tests.tools.update_symbol.test_cross_platform.TestCrossPlatformSmoke" name="test_tool_registry_loads_on_platform[darwin]" time="0.002"><skipped type="pytest.skip" message="Skipping darwin test on linux">/mnt/k/backup/Develop/code-scalpel/tests/tools/update_symbol/test_cross_platform.py:21: Skipping darwin test on linux</skipped></testcase><testcase classname="tests.tools.update_symbol.test_cross_platform.TestCrossPlatformSmoke" name="test_tool_registry_loads_on_platform[win32]" time="0.002"><skipped type="pytest.skip" message="Skipping win32 test on linux">/mnt/k/backup/Develop/code-scalpel/tests/tools/update_symbol/test_cross_platform.py:21: Skipping win32 test on linux</skipped></testcase><testcase classname="tests.tools.update_symbol.test_cross_platform.TestCrossPlatformSmoke" name="test_minimal_update_returns_envelope_on_platform[linux]" time="0.000"><skipped type="pytest.skip" message="Requires longer timeout - SCALPEL_ROOT scanning is slow in /tmp">/mnt/k/backup/Develop/code-scalpel/tests/tools/update_symbol/test_cross_platform.py:30: Requires longer timeout - SCALPEL_ROOT scanning is slow in /tmp</skipped></testcase><testcase classname="tests.tools.update_symbol.test_cross_platform.TestCrossPlatformSmoke" name="test_minimal_update_returns_envelope_on_platform[darwin]" time="0.000"><skipped type="pytest.skip" message="Requires longer timeout - SCALPEL_ROOT scanning is slow in /tmp">/mnt/k/backup/Develop/code-scalpel/tests/tools/update_symbol/test_cross_platform.py:30: Requires longer timeout - SCALPEL_ROOT scanning is slow in /tmp</skipped></testcase><testcase classname="tests.tools.update_symbol.test_cross_platform.TestCrossPlatformSmoke" name="test_minimal_update_returns_envelope_on_platform[win32]" time="0.000"><skipped type="pytest.skip" message="Requires longer timeout - SCALPEL_ROOT scanning is slow in /tmp">/mnt/k/backup/Develop/code-scalpel/tests/tools/update_symbol/test_cross_platform.py:30: Requires longer timeout - SCALPEL_ROOT scanning is slow in /tmp</skipped></testcase><testcase classname="tests.tools.update_symbol.test_cross_platform.TestPythonVersionCompatibility" name="test_tool_loads_on_python_version[3.10]" time="0.002"><skipped type="pytest.skip" message="Skipping Python 3.10 test on 3.12">/mnt/k/backup/Develop/code-scalpel/tests/tools/update_symbol/test_cross_platform.py:88: Skipping Python 3.10 test on 3.12</skipped></testcase><testcase classname="tests.tools.update_symbol.test_cross_platform.TestPythonVersionCompatibility" name="test_tool_loads_on_python_version[3.11]" time="0.002"><skipped type="pytest.skip" message="Skipping Python 3.11 test on 3.12">/mnt/k/backup/Develop/code-scalpel/tests/tools/update_symbol/test_cross_platform.py:88: Skipping Python 3.11 test on 3.12</skipped></testcase><testcase classname="tests.tools.update_symbol.test_cross_platform.TestPythonVersionCompatibility" name="test_tool_loads_on_python_version[3.12]" time="0.002" /><testcase classname="tests.tools.update_symbol.test_cross_platform.TestPythonVersionCompatibility" name="test_envelope_structure_consistent_across_versions[3.10]" time="0.000"><skipped type="pytest.skip" message="Requires longer timeout - SCALPEL_ROOT scanning is slow in /tmp">/mnt/k/backup/Develop/code-scalpel/tests/tools/update_symbol/test_cross_platform.py:95: Requires longer timeout - SCALPEL_ROOT scanning is slow in /tmp</skipped></testcase><testcase classname="tests.tools.update_symbol.test_cross_platform.TestPythonVersionCompatibility" name="test_envelope_structure_consistent_across_versions[3.11]" time="0.000"><skipped type="pytest.skip" message="Requires longer timeout - SCALPEL_ROOT scanning is slow in /tmp">/mnt/k/backup/Develop/code-scalpel/tests/tools/update_symbol/test_cross_platform.py:95: Requires longer timeout - SCALPEL_ROOT scanning is slow in /tmp</skipped></testcase><testcase classname="tests.tools.update_symbol.test_cross_platform.TestPythonVersionCompatibility" name="test_envelope_structure_consistent_across_versions[3.12]" time="0.000"><skipped type="pytest.skip" message="Requires longer timeout - SCALPEL_ROOT scanning is slow in /tmp">/mnt/k/backup/Develop/code-scalpel/tests/tools/update_symbol/test_cross_platform.py:95: Requires longer timeout - SCALPEL_ROOT scanning is slow in /tmp</skipped></testcase><testcase classname="tests.tools.update_symbol.test_edge_cases.TestUpdateSymbolAsyncFunctions" name="test_async_function_replacement" time="0.007" /><testcase classname="tests.tools.update_symbol.test_edge_cases.TestUpdateSymbolAsyncFunctions" name="test_async_method_replacement" time="0.006" /><testcase classname="tests.tools.update_symbol.test_edge_cases.TestUpdateSymbolDecoratedFunctions" name="test_single_decorator" time="0.006" /><testcase classname="tests.tools.update_symbol.test_edge_cases.TestUpdateSymbolDecoratedFunctions" name="test_multiple_decorators" time="0.005" /><testcase classname="tests.tools.update_symbol.test_edge_cases.TestUpdateSymbolDecoratedFunctions" name="test_property_decorator" time="0.006" /><testcase classname="tests.tools.update_symbol.test_edge_cases.TestUpdateSymbolNestedFunctions" name="test_nested_function_replacement" time="0.019" /><testcase classname="tests.tools.update_symbol.test_edge_cases.TestUpdateSymbolNestedFunctions" name="test_inner_function_in_nested" time="0.006" /><testcase classname="tests.tools.update_symbol.test_edge_cases.TestUpdateSymbolStaticAndClassMethods" name="test_static_method_replacement" time="0.005" /><testcase classname="tests.tools.update_symbol.test_edge_cases.TestUpdateSymbolStaticAndClassMethods" name="test_classmethod_replacement" time="0.006" /><testcase classname="tests.tools.update_symbol.test_edge_cases.TestUpdateSymbolLambdaAssignments" name="test_lambda_assignment_as_function" time="0.005" /><testcase classname="tests.tools.update_symbol.test_edge_cases.TestUpdateSymbolInheritance" name="test_method_in_parent_class" time="0.006" /><testcase classname="tests.tools.update_symbol.test_edge_cases.TestUpdateSymbolInheritance" name="test_overridden_method_in_child" time="0.005" /><testcase classname="tests.tools.update_symbol.test_edge_cases.TestUpdateSymbolComplexDocstrings" name="test_multiline_docstring_preserved" time="0.006" /><testcase classname="tests.tools.update_symbol.test_edge_cases.TestUpdateSymbolLineNumberAccuracy" name="test_lines_changed_accuracy" time="0.005" /><testcase classname="tests.tools.update_symbol.test_edge_cases.TestUpdateSymbolSpecialMethods" name="test_dunder_method_replacement" time="0.006" /><testcase classname="tests.tools.update_symbol.test_enterprise_tier.TestUpdateSymbolEnterpriseLicenseVerification" name="test_enterprise_license_required" time="0.002" /><testcase classname="tests.tools.update_symbol.test_enterprise_tier.TestUpdateSymbolEnterpriseLicenseVerification" name="test_valid_enterprise_license_grants_features" time="0.002" /><testcase classname="tests.tools.update_symbol.test_enterprise_tier.TestUpdateSymbolEnterpriseApprovalWorkflow" name="test_approval_required_for_public_api" time="0.002" /><testcase classname="tests.tools.update_symbol.test_enterprise_tier.TestUpdateSymbolEnterpriseApprovalWorkflow" name="test_approval_approved_update" time="0.002" /><testcase classname="tests.tools.update_symbol.test_enterprise_tier.TestUpdateSymbolEnterpriseApprovalWorkflow" name="test_approval_rejected_update" time="0.002" /><testcase classname="tests.tools.update_symbol.test_enterprise_tier.TestUpdateSymbolEnterpriseComplianceCheck" name="test_compliance_check_passed" time="0.002" /><testcase classname="tests.tools.update_symbol.test_enterprise_tier.TestUpdateSymbolEnterpriseComplianceCheck" name="test_compliance_check_failed_blocks_update" time="0.002" /><testcase classname="tests.tools.update_symbol.test_enterprise_tier.TestUpdateSymbolEnterpriseAuditTrail" name="test_audit_id_generated" time="0.002" /><testcase classname="tests.tools.update_symbol.test_enterprise_tier.TestUpdateSymbolEnterpriseAuditTrail" name="test_audit_log_contains_metadata" time="0.002" /><testcase classname="tests.tools.update_symbol.test_enterprise_tier.TestUpdateSymbolEnterprisePolicyEnforcement" name="test_policy_enforcement_blocks_violation" time="0.002" /><testcase classname="tests.tools.update_symbol.test_enterprise_tier.TestUpdateSymbolEnterprisePolicyEnforcement" name="test_policy_enforcement_allows_permitted" time="0.002" /><testcase classname="tests.tools.update_symbol.test_enterprise_tier.TestUpdateSymbolEnterpriseReturnModel" name="test_enterprise_response_has_all_fields" time="0.002" /><testcase classname="tests.tools.update_symbol.test_enterprise_tier.TestUpdateSymbolEnterpriseMultipleLanguages" name="test_enterprise_features_all_languages" time="0.006" /><testcase classname="tests.tools.update_symbol.test_enterprise_tier.TestUpdateSymbolEnterpriseExpiredLicense" name="test_expired_enterprise_license_fallback" time="0.002" /><testcase classname="tests.tools.update_symbol.test_error_handling.TestUpdateSymbolSyntaxErrors" name="test_syntax_error_invalid_indentation" time="0.002" /><testcase classname="tests.tools.update_symbol.test_error_handling.TestUpdateSymbolSyntaxErrors" name="test_syntax_error_missing_colon" time="0.002" /><testcase classname="tests.tools.update_symbol.test_error_handling.TestUpdateSymbolSyntaxErrors" name="test_syntax_error_unmatched_bracket" time="0.002" /><testcase classname="tests.tools.update_symbol.test_error_handling.TestUpdateSymbolSymbolNotFound" name="test_function_not_found" time="0.002" /><testcase classname="tests.tools.update_symbol.test_error_handling.TestUpdateSymbolSymbolNotFound" name="test_class_not_found" time="0.002" /><testcase classname="tests.tools.update_symbol.test_error_handling.TestUpdateSymbolSymbolNotFound" name="test_method_not_found" time="0.002" /><testcase classname="tests.tools.update_symbol.test_error_handling.TestUpdateSymbolFileNotFound" name="test_file_does_not_exist" time="0.002" /><testcase classname="tests.tools.update_symbol.test_error_handling.TestUpdateSymbolFileNotFound" name="test_file_is_directory" time="0.013" /><testcase classname="tests.tools.update_symbol.test_error_handling.TestUpdateSymbolInvalidFileType" name="test_unsupported_file_extension" time="0.004" /><testcase classname="tests.tools.update_symbol.test_error_handling.TestUpdateSymbolPermissionErrors" name="test_file_not_writable" time="0.002" /><testcase classname="tests.tools.update_symbol.test_error_handling.TestUpdateSymbolPermissionErrors" name="test_backup_directory_not_writable" time="0.002" /><testcase classname="tests.tools.update_symbol.test_error_handling.TestUpdateSymbolMissingSymbolType" name="test_invalid_symbol_type" time="0.002" /><testcase classname="tests.tools.update_symbol.test_error_handling.TestUpdateSymbolTypeMismatch" name="test_symbol_type_function_but_is_class" time="0.002" /><testcase classname="tests.tools.update_symbol.test_error_handling.TestUpdateSymbolTypeMismatch" name="test_symbol_type_class_but_is_function" time="0.002" /><testcase classname="tests.tools.update_symbol.test_error_handling.TestUpdateSymbolInvalidNewCode" name="test_new_code_is_empty" time="0.002" /><testcase classname="tests.tools.update_symbol.test_error_handling.TestUpdateSymbolInvalidNewCode" name="test_new_code_is_none" time="0.002" /><testcase classname="tests.tools.update_symbol.test_error_handling.TestUpdateSymbolErrorMessages" name="test_error_message_is_actionable" time="0.002" /><testcase classname="tests.tools.update_symbol.test_error_handling.TestUpdateSymbolErrorMessages" name="test_error_message_includes_context" time="0.002" /><testcase classname="tests.tools.update_symbol.test_language_support.TestPythonLanguageSupport" name="test_python_function_replacement" time="0.008" /><testcase classname="tests.tools.update_symbol.test_language_support.TestPythonLanguageSupport" name="test_python_class_replacement" time="0.008" /><testcase classname="tests.tools.update_symbol.test_language_support.TestPythonLanguageSupport" name="test_python_method_replacement" time="0.008" /><testcase classname="tests.tools.update_symbol.test_language_support.TestJavaScriptLanguageSupport" name="test_javascript_function_replacement" time="0.002" /><testcase classname="tests.tools.update_symbol.test_language_support.TestJavaScriptLanguageSupport" name="test_javascript_class_replacement" time="0.002" /><testcase classname="tests.tools.update_symbol.test_language_support.TestJavaScriptLanguageSupport" name="test_javascript_method_replacement" time="0.002" /><testcase classname="tests.tools.update_symbol.test_language_support.TestTypeScriptLanguageSupport" name="test_typescript_function_replacement" time="0.002" /><testcase classname="tests.tools.update_symbol.test_language_support.TestTypeScriptLanguageSupport" name="test_typescript_class_replacement" time="0.002" /><testcase classname="tests.tools.update_symbol.test_language_support.TestTypeScriptLanguageSupport" name="test_typescript_method_replacement" time="0.002" /><testcase classname="tests.tools.update_symbol.test_language_support.TestJavaLanguageSupport" name="test_java_method_replacement" time="0.003" /><testcase classname="tests.tools.update_symbol.test_language_support.TestJavaLanguageSupport" name="test_java_class_replacement" time="0.002" /><testcase classname="tests.tools.update_symbol.test_language_support.TestJavaLanguageSupport" name="test_java_annotation_preservation" time="0.002" /><testcase classname="tests.tools.update_symbol.test_license_handling.TestLicenseValidation" name="test_valid_community_license_token" time="0.002" /><testcase classname="tests.tools.update_symbol.test_license_handling.TestLicenseValidation" name="test_valid_pro_license_token" time="0.002" /><testcase classname="tests.tools.update_symbol.test_license_handling.TestInvalidLicenseToken" name="test_invalid_jwt_format" time="0.002" /><testcase classname="tests.tools.update_symbol.test_license_handling.TestInvalidLicenseToken" name="test_corrupted_jwt_token" time="0.002" /><testcase classname="tests.tools.update_symbol.test_license_handling.TestLicenseExpiry" name="test_expired_pro_license_falls_back_to_community" time="0.002" /><testcase classname="tests.tools.update_symbol.test_license_handling.TestLicenseExpiry" name="test_expired_enterprise_license_falls_back_to_pro" time="0.003" /><testcase classname="tests.tools.update_symbol.test_license_handling.TestMissingLicense" name="test_no_license_defaults_to_community" time="0.002" /><testcase classname="tests.tools.update_symbol.test_license_handling.TestMissingLicense" name="test_empty_string_license_defaults_to_community" time="0.002" /><testcase classname="tests.tools.update_symbol.test_license_handling.TestLicenseRefresh" name="test_replace_invalid_with_valid_pro_license" time="0.002" /><testcase classname="tests.tools.update_symbol.test_license_handling.TestLicenseRefresh" name="test_upgrade_pro_to_enterprise_license" time="0.002" /><testcase classname="tests.tools.update_symbol.test_license_handling.TestLicenseRevocation" name="test_revoked_pro_license_falls_back_to_community_with_upgrade_hint" time="0.003" /><testcase classname="tests.tools.update_symbol.test_license_handling.TestLicenseRevocation" name="test_revoked_enterprise_license_falls_back_to_community" time="0.002" /><testcase classname="tests.tools.update_symbol.test_license_handling.TestLicenseErrorMessages" name="test_expired_license_error_message_actionable" time="0.002" /><testcase classname="tests.tools.update_symbol.test_license_handling.TestLicenseErrorMessages" name="test_invalid_license_error_message_actionable" time="0.002" /><testcase classname="tests.tools.update_symbol.test_license_handling.TestLicenseErrorMessages" name="test_unsupported_tier_error_message" time="0.002" /><testcase classname="tests.tools.update_symbol.test_mcp_error_handling" name="test_update_symbol_missing_required_params_returns_error_envelope" time="0.002" /><testcase classname="tests.tools.update_symbol.test_mcp_error_handling" name="test_update_symbol_invalid_param_types_return_error_envelope" time="0.008" /><testcase classname="tests.tools.update_symbol.test_mcp_error_handling" name="test_update_symbol_fault_injection_returns_internal_error" time="0.068" /><testcase classname="tests.tools.update_symbol.test_mcp_error_handling" name="test_update_symbol_unknown_tool_returns_not_found_error" time="0.002" /><testcase classname="tests.tools.update_symbol.test_mcp_error_handling" name="test_update_symbol_respects_timeout_budget" time="0.106" /><testcase classname="tests.tools.update_symbol.test_mcp_error_handling" name="test_update_symbol_async_calls_do_not_block_event_loop" time="0.175" /><testcase classname="tests.tools.update_symbol.test_mcp_error_handling" name="test_update_symbol_memory_error_returns_structured_envelope" time="0.106" /><testcase classname="tests.tools.update_symbol.test_mcp_error_handling" name="test_update_symbol_redacts_pii_from_error_details" time="0.094" /><testcase classname="tests.tools.update_symbol.test_mcp_metadata" name="test_update_symbol_metadata_description_and_name" time="0.002" /><testcase classname="tests.tools.update_symbol.test_mcp_metadata" name="test_update_symbol_input_schema_required_params" time="0.001" /><testcase classname="tests.tools.update_symbol.test_performance_via_mcp" name="test_small_function_perf" time="0.587" /><testcase classname="tests.tools.update_symbol.test_performance_via_mcp" name="test_medium_function_perf" time="0.562" /><testcase classname="tests.tools.update_symbol.test_performance_via_mcp" name="test_large_function_perf" time="0.514" /><testcase classname="tests.tools.update_symbol.test_performance_via_mcp" name="test_very_large_class_perf" time="15.320"><failure message="AssertionError: Very large class too slow: 3109.41ms (P95=3261.78, P99=3261.78)&#10;assert 3109.4057370210066 &lt; 3000">def test_very_large_class_perf():
        """Very large class (500+ LOC) performance: target &lt;3000ms median."""
        test_dir = setup_test_dir("very_large")
        try:
            test_file = test_dir / "test.py"
            test_file.write_text(generate_very_large_class("DataProcessor", 800))
    
            durations = []
            for i in range(5):
                test_file.write_text(generate_very_large_class("DataProcessor", 800))
    
                patcher = SurgicalPatcher.from_file(str(test_file))
                start = time.perf_counter()
                # [20260117_TEST] Result not directly asserted in perf test
                _result = patcher.update_class(
                    "DataProcessor",
                    get_very_large_class_replacement("DataProcessor"),
                )
                patcher.save(backup=True)
                duration_ms = (time.perf_counter() - start) * 1000
                durations.append(duration_ms)
    
            sorted_durations = sorted(durations)
            med = median(sorted_durations)
            p95 = sorted_durations[int(len(sorted_durations) * 0.95)]
            p99 = sorted_durations[int(len(sorted_durations) * 0.99)]
    
&gt;           assert (
                med &lt; 3000
            ), f"Very large class too slow: {med:.2f}ms (P95={p95:.2f}, P99={p99:.2f})"
E           AssertionError: Very large class too slow: 3109.41ms (P95=3261.78, P99=3261.78)
E           assert 3109.4057370210066 &lt; 3000

tests/tools/update_symbol/test_performance_via_mcp.py:203: AssertionError</failure></testcase><testcase classname="tests.tools.update_symbol.test_performance_via_mcp" name="test_syntax_error_perf" time="0.077" /><testcase classname="tests.tools.update_symbol.test_performance_via_mcp" name="test_file_not_found_perf" time="0.001" /><testcase classname="tests.tools.update_symbol.test_performance_via_mcp" name="test_success_rate_normal" time="2.336" /><testcase classname="tests.tools.update_symbol.test_performance_via_mcp" name="test_success_rate_edge_cases" time="1.036" /><testcase classname="tests.tools.update_symbol.test_pro_tier.TestUpdateSymbolProLicenseVerification" name="test_pro_license_required" time="0.002" /><testcase classname="tests.tools.update_symbol.test_pro_tier.TestUpdateSymbolProLicenseVerification" name="test_valid_pro_license_grants_features" time="0.002" /><testcase classname="tests.tools.update_symbol.test_pro_tier.TestUpdateSymbolProUnlimitedUpdates" name="test_more_than_10_updates_allowed" time="0.005" /><testcase classname="tests.tools.update_symbol.test_pro_tier.TestUpdateSymbolProUnlimitedUpdates" name="test_100_updates_in_session" time="0.005" /><testcase classname="tests.tools.update_symbol.test_pro_tier.TestUpdateSymbolProMultifileAtomic" name="test_multifile_update_atomic" time="0.006" /><testcase classname="tests.tools.update_symbol.test_pro_tier.TestUpdateSymbolProMultifileAtomic" name="test_multifile_update_atomic_all_or_nothing" time="0.006" /><testcase classname="tests.tools.update_symbol.test_pro_tier.TestUpdateSymbolProRollback" name="test_rollback_available_in_response" time="0.002" /><testcase classname="tests.tools.update_symbol.test_pro_tier.TestUpdateSymbolProRollback" name="test_rollback_procedure" time="0.005" /><testcase classname="tests.tools.update_symbol.test_pro_tier.TestUpdateSymbolProImportAdjustment" name="test_imports_adjusted_in_response" time="0.002" /><testcase classname="tests.tools.update_symbol.test_pro_tier.TestUpdateSymbolProImportAdjustment" name="test_auto_import_addition" time="0.002" /><testcase classname="tests.tools.update_symbol.test_pro_tier.TestUpdateSymbolProImportAdjustment" name="test_auto_import_removal" time="0.002" /><testcase classname="tests.tools.update_symbol.test_pro_tier.TestUpdateSymbolProFormattingPreserved" name="test_formatting_preserved_flag" time="0.002" /><testcase classname="tests.tools.update_symbol.test_pro_tier.TestUpdateSymbolProFormattingPreserved" name="test_indentation_preserved" time="0.002" /><testcase classname="tests.tools.update_symbol.test_pro_tier.TestUpdateSymbolProFormattingPreserved" name="test_comments_preserved" time="0.002" /><testcase classname="tests.tools.update_symbol.test_pro_tier.TestUpdateSymbolProReturnModel" name="test_pro_response_has_correct_fields" time="0.002" /><testcase classname="tests.tools.update_symbol.test_pro_tier.TestUpdateSymbolProReturnModel" name="test_enterprise_fields_excluded_from_pro" time="0.002" /><testcase classname="tests.tools.update_symbol.test_pro_tier.TestUpdateSymbolProExpiredLicense" name="test_expired_pro_license_fallback" time="0.002" /><testcase classname="tests.tools.update_symbol.test_pro_tier.TestUpdateSymbolProMultipleLanguages" name="test_python_multifile_update" time="0.006" /><testcase classname="tests.tools.update_symbol.test_response_model_gating.TestResponseModelFieldGatingCommunity" name="test_community_excludes_pro_fields" time="0.002" /><testcase classname="tests.tools.update_symbol.test_response_model_gating.TestResponseModelFieldGatingCommunity" name="test_community_excludes_enterprise_fields" time="0.002" /><testcase classname="tests.tools.update_symbol.test_response_model_gating.TestResponseModelFieldGatingCommunity" name="test_community_required_fields_present" time="0.002" /><testcase classname="tests.tools.update_symbol.test_response_model_gating.TestResponseModelFieldGatingPro" name="test_pro_includes_pro_fields" time="0.002" /><testcase classname="tests.tools.update_symbol.test_response_model_gating.TestResponseModelFieldGatingPro" name="test_pro_excludes_enterprise_fields" time="0.002" /><testcase classname="tests.tools.update_symbol.test_response_model_gating.TestResponseModelFieldGatingPro" name="test_pro_community_fields_present" time="0.002" /><testcase classname="tests.tools.update_symbol.test_response_model_gating.TestResponseModelFieldGatingEnterprise" name="test_enterprise_includes_all_fields" time="0.002" /><testcase classname="tests.tools.update_symbol.test_response_model_gating.TestResponseModelFieldGatingEnterprise" name="test_enterprise_pro_fields_present" time="0.002" /><testcase classname="tests.tools.update_symbol.test_response_model_gating.TestResponseModelFieldGatingEnterprise" name="test_enterprise_enterprise_fields_present" time="0.002" /><testcase classname="tests.tools.update_symbol.test_response_model_gating.TestComplianceCheckStructure" name="test_compliance_check_passed_structure" time="0.002" /><testcase classname="tests.tools.update_symbol.test_response_model_gating.TestComplianceCheckStructure" name="test_compliance_check_failed_structure" time="0.002" /><testcase classname="tests.tools.update_symbol.test_response_model_gating.TestImportAdjustmentStructure" name="test_import_adjustment_added" time="0.002" /><testcase classname="tests.tools.update_symbol.test_response_model_gating.TestImportAdjustmentStructure" name="test_import_adjustment_removed" time="0.002" /><testcase classname="tests.tools.update_symbol.test_response_model_gating.TestImportAdjustmentStructure" name="test_import_adjustment_updated" time="0.002" /><testcase classname="tests.tools.update_symbol.test_tier_enforcement.TestCommunityTierRealEnforcement" name="test_community_tier_10_update_limit" time="0.219" /><testcase classname="tests.tools.update_symbol.test_tier_enforcement.TestProTierRealEnforcement" name="test_pro_tier_basic_update" time="0.015" /><testcase classname="tests.tools.update_symbol.test_tier_enforcement.TestProTierRealEnforcement" name="test_pro_tier_fixture_provides_license" time="0.011" /><testcase classname="tests.tools.update_symbol.test_tier_enforcement.TestEnterpriseTierRealEnforcement" name="test_enterprise_tier_basic_update" time="0.014" /><testcase classname="tests.tools.update_symbol.test_tier_enforcement.TestEnterpriseTierRealEnforcement" name="test_enterprise_tier_fixture_provides_license" time="0.010" /><testcase classname="tests.tools.update_symbol.test_tier_enforcement.TestLicenseValidationInfrastructure" name="test_jwt_validator_with_real_license" time="0.018" /><testcase classname="tests.tools.update_symbol.test_tier_enforcement.TestLicenseValidationInfrastructure" name="test_features_py_capability_detection" time="0.044" /><testcase classname="tests.tools.update_symbol.test_tier_enforcement.TestLicenseValidationInfrastructure" name="test_tier_detection_via_get_current_tier" time="0.012" /><testcase classname="tests.tools.update_symbol.test_tier_enforcement.TestTierFallbackBehavior" name="test_invalid_license_falls_back_to_community" time="1.513"><skipped type="pytest.skip" message="License fallback not enforcing Community limits - check tier detection">/mnt/k/backup/Develop/code-scalpel/tests/tools/update_symbol/test_tier_enforcement.py:250: License fallback not enforcing Community limits - check tier detection</skipped></testcase><testcase classname="tests.tools.validate_paths.licensing.test_license_validation.TestValidLicenseDetection" name="test_no_license_defaults_to_community" time="0.024" /><testcase classname="tests.tools.validate_paths.licensing.test_license_validation.TestValidLicenseDetection" name="test_valid_pro_license_detected" time="0.009" /><testcase classname="tests.tools.validate_paths.licensing.test_license_validation.TestValidLicenseDetection" name="test_valid_enterprise_license_detected" time="0.007" /><testcase classname="tests.tools.validate_paths.licensing.test_license_validation.TestValidLicenseDetection" name="test_license_override_via_env_var" time="0.011" /><testcase classname="tests.tools.validate_paths.licensing.test_license_validation.TestInvalidLicenseHandling" name="test_invalid_license_falls_back_to_community" time="0.010" /><testcase classname="tests.tools.validate_paths.licensing.test_license_validation.TestInvalidLicenseHandling" name="test_expired_license_falls_back_to_community" time="0.010" /><testcase classname="tests.tools.validate_paths.licensing.test_license_validation.TestInvalidLicenseHandling" name="test_revoked_license_immediate_downgrade" time="0.008" /><testcase classname="tests.tools.validate_paths.licensing.test_license_validation.TestInvalidLicenseHandling" name="test_malformed_license_key_rejected" time="0.008" /><testcase classname="tests.tools.validate_paths.licensing.test_license_validation.TestInvalidLicenseHandling" name="test_license_with_wrong_signature_rejected" time="0.008" /><testcase classname="tests.tools.validate_paths.licensing.test_license_validation.TestLicenseEnvironmentVariables" name="test_code_scalpel_license_key_env_var" time="0.009" /><testcase classname="tests.tools.validate_paths.licensing.test_license_validation.TestLicenseEnvironmentVariables" name="test_license_file_detection" time="0.007" /><testcase classname="tests.tools.validate_paths.licensing.test_license_validation.TestLicenseEnvironmentVariables" name="test_empty_license_env_var_ignored" time="0.009" /><testcase classname="tests.tools.validate_paths.licensing.test_license_validation.TestTierNormalization" name="test_tier_lowercase_normalization" time="0.009" /><testcase classname="tests.tools.validate_paths.licensing.test_license_validation.TestTierNormalization" name="test_community_tier_maps_to_community" time="0.009" /><testcase classname="tests.tools.validate_paths.licensing.test_license_validation.TestTierNormalization" name="test_all_tier_maps_to_enterprise" time="0.008" /><testcase classname="tests.tools.validate_paths.mcp.test_mcp_interface.TestValidatePathsMCPToolAvailability" name="test_validate_paths_tool_registered" time="0.013" /><testcase classname="tests.tools.validate_paths.mcp.test_mcp_interface.TestValidatePathsMCPToolAvailability" name="test_validate_paths_tool_has_correct_metadata" time="0.001" /><testcase classname="tests.tools.validate_paths.mcp.test_mcp_interface.TestValidatePathsMCPToolAvailability" name="test_validate_paths_has_paths_parameter" time="0.001" /><testcase classname="tests.tools.validate_paths.mcp.test_mcp_interface.TestValidatePathsMCPInvocation" name="test_invocation_with_valid_paths" time="0.051" /><testcase classname="tests.tools.validate_paths.mcp.test_mcp_interface.TestValidatePathsMCPInvocation" name="test_invocation_with_empty_paths_list" time="0.053" /><testcase classname="tests.tools.validate_paths.mcp.test_mcp_interface.TestValidatePathsMCPInvocation" name="test_invocation_with_single_path" time="0.052" /><testcase classname="tests.tools.validate_paths.mcp.test_mcp_interface.TestValidatePathsMCPInvocation" name="test_invocation_with_multiple_paths" time="0.056" /><testcase classname="tests.tools.validate_paths.mcp.test_mcp_interface.TestValidatePathsMCPInvocation" name="test_invocation_with_absolute_paths" time="0.163" /><testcase classname="tests.tools.validate_paths.mcp.test_mcp_interface.TestValidatePathsMCPInvocation" name="test_invocation_with_relative_paths" time="0.060" /><testcase classname="tests.tools.validate_paths.mcp.test_mcp_interface.TestValidatePathsMCPResponseFormat" name="test_response_has_required_fields" time="0.058" /><testcase classname="tests.tools.validate_paths.mcp.test_mcp_interface.TestValidatePathsMCPErrorHandling" name="test_paths_with_null_values_are_handled" time="0.055" /><testcase classname="tests.tools.validate_paths.mcp.test_mcp_interface.TestValidatePathsMCPTierFiltering" name="test_community_tier_100_paths_enforced_in_mcp" time="0.068" /><testcase classname="tests.tools.validate_paths.mcp.test_mcp_interface.TestValidatePathsMCPEnvelopeFormat" name="test_returns_model_not_envelope" time="0.001" /><testcase classname="tests.tools.validate_paths.mcp.test_mcp_interface.TestValidatePathsMCPCommunityTierInterface" name="test_community_tier_gets_core_response" time="0.053" /><testcase classname="tests.tools.validate_paths.mcp.test_mcp_interface.TestValidatePathsMCPProTierInterface" name="test_pro_tier_unlimited_paths_in_mcp" time="0.136" /><testcase classname="tests.tools.validate_paths.mcp.test_mcp_interface.TestValidatePathsMCPEnterpriseTierInterface" name="test_enterprise_tier_includes_security_diagnostics_fields" time="0.064" /><testcase classname="tests.tools.validate_paths.test_async_behavior" name="test_validate_paths_offloads_and_does_not_block_loop" time="0.249" /><testcase classname="tests.tools.validate_paths.test_async_behavior" name="test_validate_paths_handles_concurrent_requests" time="0.100" /><testcase classname="tests.tools.validate_paths.test_async_behavior" name="test_validate_paths_timeout_propagates_cleanly" time="1.044" /><testcase classname="tests.tools.validate_paths.test_async_behavior" name="test_validate_paths_timeout_respects_tier_limit" time="1.047" /><testcase classname="tests.tools.validate_paths.test_async_behavior" name="test_validate_paths_10_concurrent_requests" time="0.241" /><testcase classname="tests.tools.validate_paths.test_async_behavior" name="test_validate_paths_100_sequential_requests" time="2.513" /><testcase classname="tests.tools.validate_paths.test_async_behavior" name="test_validate_paths_response_time_small_medium_large" time="0.091" /><testcase classname="tests.tools.validate_paths.test_cross_platform.TestWindowsPathHandling" name="test_windows_backslash_paths_normalized" time="0.051" /><testcase classname="tests.tools.validate_paths.test_cross_platform.TestWindowsPathHandling" name="test_windows_drive_letter_paths" time="0.054" /><testcase classname="tests.tools.validate_paths.test_cross_platform.TestWindowsPathHandling" name="test_windows_unc_paths" time="0.045" /><testcase classname="tests.tools.validate_paths.test_cross_platform.TestWindowsPathHandling" name="test_mixed_path_separators" time="0.055" /><testcase classname="tests.tools.validate_paths.test_cross_platform.TestWindowsPathHandling" name="test_windows_relative_paths" time="0.052" /><testcase classname="tests.tools.validate_paths.test_cross_platform.TestMacOSPathHandling" name="test_macos_paths_with_spaces" time="0.051" /><testcase classname="tests.tools.validate_paths.test_cross_platform.TestMacOSPathHandling" name="test_macos_hidden_files" time="0.053" /><testcase classname="tests.tools.validate_paths.test_cross_platform.TestMacOSPathHandling" name="test_macos_case_sensitivity" time="0.052" /><testcase classname="tests.tools.validate_paths.test_cross_platform.TestLinuxPathHandling" name="test_linux_absolute_paths" time="0.054" /><testcase classname="tests.tools.validate_paths.test_cross_platform.TestLinuxPathHandling" name="test_linux_relative_paths" time="0.055" /><testcase classname="tests.tools.validate_paths.test_cross_platform.TestLinuxPathHandling" name="test_linux_home_directory_expansion" time="0.053" /><testcase classname="tests.tools.validate_paths.test_cross_platform.TestPathNormalization" name="test_trailing_slashes_removed" time="0.053" /><testcase classname="tests.tools.validate_paths.test_cross_platform.TestPathNormalization" name="test_double_slashes_normalized" time="0.053" /><testcase classname="tests.tools.validate_paths.test_cross_platform.TestPathNormalization" name="test_dot_segments_in_paths" time="0.054" /><testcase classname="tests.tools.validate_paths.test_cross_platform.TestPathNormalization" name="test_empty_path_components" time="0.053" /><testcase classname="tests.tools.validate_paths.test_cross_platform.TestSpecialCharactersInPaths" name="test_unicode_characters_in_paths" time="0.057" /><testcase classname="tests.tools.validate_paths.test_cross_platform.TestSpecialCharactersInPaths" name="test_spaces_in_paths" time="0.055" /><testcase classname="tests.tools.validate_paths.test_cross_platform.TestSpecialCharactersInPaths" name="test_special_characters_in_filenames" time="0.055" /><testcase classname="tests.tools.validate_paths.test_cross_platform.TestCrossPlatformEdgeCases" name="test_very_long_paths" time="0.052" /><testcase classname="tests.tools.validate_paths.test_cross_platform.TestCrossPlatformEdgeCases" name="test_reserved_windows_filenames" time="0.056" /><testcase classname="tests.tools.validate_paths.test_cross_platform.TestCrossPlatformEdgeCases" name="test_network_paths" time="0.054" /><testcase classname="tests.tools.validate_paths.test_cross_platform.TestCrossPlatformEdgeCases" name="test_symbolic_links_across_platforms" time="0.051" /><testcase classname="tests.tools.validate_paths.test_cross_platform.TestPathSeparatorNormalization" name="test_backslash_to_forward_slash_conversion" time="0.067" /><testcase classname="tests.tools.validate_paths.test_cross_platform.TestPathSeparatorNormalization" name="test_mixed_separators_normalized" time="0.053" /><testcase classname="tests.tools.validate_paths.test_cross_platform.TestPathSeparatorNormalization" name="test_consistent_separator_in_results" time="0.055" /><testcase classname="tests.tools.validate_paths.test_cross_platform.TestCrossPlatformIntegration" name="test_mixed_platform_paths_in_single_call" time="0.055" /><testcase classname="tests.tools.validate_paths.test_cross_platform.TestCrossPlatformIntegration" name="test_docker_paths_with_windows_mounts" time="0.055" /><testcase classname="tests.tools.validate_paths.tiers.test_tier_enforcement.TestCommunityTierCapabilities" name="test_community_has_core_features" time="0.043" /><testcase classname="tests.tools.validate_paths.tiers.test_tier_enforcement.TestCommunityTierCapabilities" name="test_community_has_100_path_limit" time="0.037" /><testcase classname="tests.tools.validate_paths.tiers.test_tier_enforcement.TestCommunityTierCapabilities" name="test_community_lacks_pro_features" time="0.036" /><testcase classname="tests.tools.validate_paths.tiers.test_tier_enforcement.TestCommunityTierCapabilities" name="test_community_lacks_enterprise_features" time="0.034" /><testcase classname="tests.tools.validate_paths.tiers.test_tier_enforcement.TestCommunityTierCapabilities" name="test_community_capability_check_with_has_capability" time="0.073" /><testcase classname="tests.tools.validate_paths.tiers.test_tier_enforcement.TestProTierCapabilities" name="test_pro_has_core_features" time="0.034" /><testcase classname="tests.tools.validate_paths.tiers.test_tier_enforcement.TestProTierCapabilities" name="test_pro_has_advanced_features" time="0.036" /><testcase classname="tests.tools.validate_paths.tiers.test_tier_enforcement.TestProTierCapabilities" name="test_pro_has_unlimited_paths" time="0.037" /><testcase classname="tests.tools.validate_paths.tiers.test_tier_enforcement.TestProTierCapabilities" name="test_pro_lacks_enterprise_features" time="0.033" /><testcase classname="tests.tools.validate_paths.tiers.test_tier_enforcement.TestProTierCapabilities" name="test_pro_capability_check_with_has_capability" time="0.061" /><testcase classname="tests.tools.validate_paths.tiers.test_tier_enforcement.TestEnterpriseTierCapabilities" name="test_enterprise_has_all_features" time="0.035" /><testcase classname="tests.tools.validate_paths.tiers.test_tier_enforcement.TestEnterpriseTierCapabilities" name="test_enterprise_has_unlimited_paths" time="0.036" /><testcase classname="tests.tools.validate_paths.tiers.test_tier_enforcement.TestEnterpriseTierCapabilities" name="test_enterprise_has_security_features" time="0.035" /><testcase classname="tests.tools.validate_paths.tiers.test_tier_enforcement.TestEnterpriseTierCapabilities" name="test_enterprise_capability_check_with_has_capability" time="0.073" /><testcase classname="tests.tools.validate_paths.tiers.test_tier_enforcement.TestTierFeatureGating" name="test_community_to_pro_feature_progression" time="0.047" /><testcase classname="tests.tools.validate_paths.tiers.test_tier_enforcement.TestTierFeatureGating" name="test_pro_to_enterprise_feature_progression" time="0.047" /><testcase classname="tests.tools.validate_paths.tiers.test_tier_enforcement.TestTierFeatureGating" name="test_limit_progression_across_tiers" time="0.058" /><testcase classname="tests.tools.validate_paths.tiers.test_tier_enforcement.TestTierLimitEnforcement" name="test_community_max_paths_enforced" time="0.037" /><testcase classname="tests.tools.validate_paths.tiers.test_tier_enforcement.TestTierLimitEnforcement" name="test_pro_unlimited_paths" time="0.035" /><testcase classname="tests.tools.validate_paths.tiers.test_tier_enforcement.TestTierLimitEnforcement" name="test_enterprise_unlimited_paths" time="0.034" /><testcase classname="tests.tools.validate_paths.tiers.test_tier_enforcement.TestTierLimitEnforcement" name="test_invalid_tier_returns_empty_capabilities" time="0.037" /><testcase classname="tests.tools.validation.test_analyze_deprecated_code.TestAnalyzeDeprecatedCode" name="test_detects_deprecation_markers" time="0.007" /><testcase classname="tests.tools.validation.test_analyze_deprecated_code.TestAnalyzeDeprecatedCode" name="test_counts_imports_ast" time="0.004" /><testcase classname="tests.tools.validation.test_analyze_deprecated_code.TestAnalyzeDeprecatedCode" name="test_detects_legacy_functions" time="0.004" /><testcase classname="tests.tools.validation.test_analyze_deprecated_code.TestAnalyzeDeprecatedCode" name="test_datetime_now_detection" time="0.004" /><testcase classname="tests.tools.validation.test_analyze_deprecated_code.TestAnalyzeDeprecatedCode" name="test_json_output_format" time="0.005" /><testcase classname="tests.tools.validation.test_analyze_deprecated_code.TestAnalyzeDeprecatedCode" name="test_min_import_threshold_filtering" time="0.004" /><testcase classname="tests.tools.validation.test_analyze_deprecated_code.TestAnalyzeDeprecatedCode" name="test_caller_detection" time="0.005" /><testcase classname="tests.tools.validation.test_analyze_deprecated_code.TestAnalyzeDeprecatedCode" name="test_migration_guidance_detection" time="0.004" /><testcase classname="tests.tools.validation.test_validate_import_paths.TestValidateImportPaths" name="test_detects_deprecated_imports" time="0.011" /><testcase classname="tests.tools.validation.test_validate_import_paths.TestValidateImportPaths" name="test_categorizes_by_file_type" time="0.006" /><testcase classname="tests.tools.validation.test_validate_import_paths.TestValidateImportPaths" name="test_provides_fix_suggestions" time="0.004" /><testcase classname="tests.tools.validation.test_validate_import_paths.TestValidateImportPaths" name="test_whitelist_filtering" time="0.004" /><testcase classname="tests.tools.validation.test_validate_import_paths.TestValidateImportPaths" name="test_json_output_format" time="0.005" /><testcase classname="tests.tools.validation.test_validate_import_paths.TestValidateImportPaths" name="test_critical_findings_in_source" time="0.005" /><testcase classname="tests.tools.validation.test_validate_import_paths.TestValidateImportPaths" name="test_detects_relative_imports" time="0.005" /><testcase classname="tests.tools.validation.test_validate_import_paths.TestValidateImportPaths" name="test_suggests_canonical_imports" time="0.004" /><testcase classname="tests.tools.validation.test_validate_tool_compliance.TestValidateToolCompliance" name="test_detects_good_tool" time="0.005" /><testcase classname="tests.tools.validation.test_validate_tool_compliance.TestValidateToolCompliance" name="test_detects_bad_tool_missing_decorator" time="0.005" /><testcase classname="tests.tools.validation.test_validate_tool_compliance.TestValidateToolCompliance" name="test_detects_bad_helper_async" time="0.005" /><testcase classname="tests.tools.validation.test_validate_tool_compliance.TestValidateToolCompliance" name="test_csv_output_format" time="0.006" /><testcase classname="tests.tools.validation.test_validate_tool_compliance.TestValidateToolCompliance" name="test_json_output_format" time="0.005" /><testcase classname="tests.tools.validation.test_validate_tool_compliance.TestValidateToolCompliance" name="test_exit_codes" time="0.006" /><testcase classname="tests.tools.validation.test_validate_tool_compliance.TestValidateToolCompliance" name="test_verbose_mode" time="0.005" /><testcase classname="tests.tools.validation.test_validate_tool_compliance.TestValidateToolCompliance" name="test_strict_mode" time="0.005" /><testcase classname="tests.tools.verify_policy_integrity.test_enterprise_features" name="test_enterprise_full_integrity_check_includes_audit_logging" time="0.081" /><testcase classname="tests.tools.verify_policy_integrity.test_enterprise_features" name="test_batch_verification_performance_with_many_files" time="0.124" /><testcase classname="tests.tools.verify_policy_integrity.test_enterprise_features" name="test_enterprise_vs_pro_feature_matrix" time="0.101" /><testcase classname="tests.tools.verify_policy_integrity.test_invalid_license_fallback" name="test_invalid_jwt_fails_closed" time="0.063" /><testcase classname="tests.tools.verify_policy_integrity.test_invalid_license_fallback" name="test_expired_jwt_fails_closed" time="0.053" /><testcase classname="tests.tools.verify_policy_integrity.test_invalid_license_fallback" name="test_malformed_license_fails_closed" time="0.051" /><testcase classname="tests.tools.verify_policy_integrity.test_invalid_license_fallback" name="test_missing_license_defaults_to_community" time="0.049" /><testcase classname="tests.tools.verify_policy_integrity.test_policy_file_limits" name="test_community_50_policy_files_allowed" time="0.065" /><testcase classname="tests.tools.verify_policy_integrity.test_policy_file_limits" name="test_community_51_policy_files_rejected" time="0.054" /><testcase classname="tests.tools.verify_policy_integrity.test_policy_file_limits" name="test_pro_200_policy_files_allowed" time="0.124" /><testcase classname="tests.tools.verify_policy_integrity.test_policy_file_limits" name="test_enterprise_unlimited_policy_files" time="0.142" /><testcase classname="tests.tools.verify_policy_integrity.test_tamper_detection" name="test_pro_tamper_detection_fails_verification" time="0.053" /><testcase classname="tests.tools.verify_policy_integrity.test_tamper_detection" name="test_community_ignores_tamper" time="0.050" /><testcase classname="tests.tools.verify_policy_integrity.test_tamper_detection" name="test_missing_certificate_fields_gap_analysis" time="0.054" /><testcase classname="tests.unit.test_alias_resolver.TestTsconfigAliases" name="test_load_simple_alias" time="0.010" /><testcase classname="tests.unit.test_alias_resolver.TestTsconfigAliases" name="test_load_wildcard_alias" time="0.005" /><testcase classname="tests.unit.test_alias_resolver.TestTsconfigAliases" name="test_load_alias_with_base_url" time="0.005" /><testcase classname="tests.unit.test_alias_resolver.TestTsconfigAliases" name="test_multiple_targets_uses_first" time="0.005" /><testcase classname="tests.unit.test_alias_resolver.TestTsconfigAliases" name="test_missing_tsconfig" time="0.004" /><testcase classname="tests.unit.test_alias_resolver.TestTsconfigAliases" name="test_invalid_tsconfig_json" time="0.004" /><testcase classname="tests.unit.test_alias_resolver.TestWebpackAliases" name="test_load_webpack_alias" time="0.007" /><testcase classname="tests.unit.test_alias_resolver.TestWebpackAliases" name="test_missing_webpack_config" time="0.005" /><testcase classname="tests.unit.test_alias_resolver.TestViteAliases" name="test_load_vite_alias" time="0.005" /><testcase classname="tests.unit.test_alias_resolver.TestViteAliases" name="test_load_vite_alias_relative" time="0.004" /><testcase classname="tests.unit.test_alias_resolver.TestAliasResolution" name="test_resolve_exact_match" time="0.005" /><testcase classname="tests.unit.test_alias_resolver.TestAliasResolution" name="test_resolve_with_subpath" time="0.004" /><testcase classname="tests.unit.test_alias_resolver.TestAliasResolution" name="test_resolve_no_match" time="0.004" /><testcase classname="tests.unit.test_alias_resolver.TestAliasResolution" name="test_resolve_partial_match_not_triggered" time="0.005" /><testcase classname="tests.unit.test_alias_resolver.TestFileResolution" name="test_resolve_to_existing_file" time="0.005" /><testcase classname="tests.unit.test_alias_resolver.TestFileResolution" name="test_resolve_to_index_file" time="0.006" /><testcase classname="tests.unit.test_alias_resolver.TestFileResolution" name="test_resolve_to_nonexistent_file" time="0.004" /><testcase classname="tests.unit.test_alias_resolver.TestAcceptanceCriteria" name="test_load_aliases_from_tsconfig" time="0.005" /><testcase classname="tests.unit.test_alias_resolver.TestAcceptanceCriteria" name="test_resolve_aliased_imports" time="0.005" /><testcase classname="tests.unit.test_alias_resolver.TestAcceptanceCriteria" name="test_convenience_function" time="0.005" /><testcase classname="tests.unit.test_alias_resolver.TestMultiSourceAliases" name="test_aliases_from_multiple_sources" time="0.005" /><testcase classname="tests.unit.test_alias_resolver.TestMultiSourceAliases" name="test_get_all_aliases" time="0.005" /><testcase classname="tests.unit.test_architectural_rules.TestConfigurationLoading" name="test_load_defaults" time="0.002" /><testcase classname="tests.unit.test_architectural_rules.TestConfigurationLoading" name="test_load_from_file" time="0.005" /><testcase classname="tests.unit.test_architectural_rules.TestConfigurationLoading" name="test_load_from_explicit_path" time="0.004" /><testcase classname="tests.unit.test_architectural_rules.TestLayerDetection" name="test_get_layer_presentation" time="0.005" /><testcase classname="tests.unit.test_architectural_rules.TestLayerDetection" name="test_get_layer_domain" time="0.004" /><testcase classname="tests.unit.test_architectural_rules.TestLayerDetection" name="test_get_layer_unmapped" time="0.005" /><testcase classname="tests.unit.test_architectural_rules.TestLayerDetection" name="test_layer_index" time="0.004" /><testcase classname="tests.unit.test_architectural_rules.TestDependencyRuleChecking" name="test_upward_dependency_violation" time="0.005" /><testcase classname="tests.unit.test_architectural_rules.TestDependencyRuleChecking" name="test_downward_dependency_allowed" time="0.005" /><testcase classname="tests.unit.test_architectural_rules.TestDependencyRuleChecking" name="test_layer_skip_warning" time="0.004" /><testcase classname="tests.unit.test_architectural_rules.TestDependencyRuleChecking" name="test_same_layer_allowed" time="0.005" /><testcase classname="tests.unit.test_architectural_rules.TestCustomRules" name="test_custom_deny_rule_triggers" time="0.004" /><testcase classname="tests.unit.test_architectural_rules.TestCustomRules" name="test_custom_warn_rule_triggers" time="0.005" /><testcase classname="tests.unit.test_architectural_rules.TestCouplingLimits" name="test_high_fan_in_violation" time="0.005" /><testcase classname="tests.unit.test_architectural_rules.TestCouplingLimits" name="test_high_fan_out_violation" time="0.005" /><testcase classname="tests.unit.test_architectural_rules.TestCouplingLimits" name="test_deep_dependency_chain" time="0.005" /><testcase classname="tests.unit.test_architectural_rules.TestCouplingLimits" name="test_coupling_within_limits" time="0.004" /><testcase classname="tests.unit.test_architectural_rules.TestExemptions" name="test_test_file_exempt" time="0.005" /><testcase classname="tests.unit.test_architectural_rules.TestExemptions" name="test_utility_module_exempt" time="0.004" /><testcase classname="tests.unit.test_architectural_rules.TestExemptions" name="test_exempt_module_skips_checks" time="0.005" /><testcase classname="tests.unit.test_architectural_rules.TestModuleDependencyChecking" name="test_check_module_dependencies" time="0.004" /><testcase classname="tests.unit.test_architectural_rules.TestGetAllRules" name="test_get_all_rules" time="0.004" /><testcase classname="tests.unit.test_code_analyzer.TestCodeAnalyzerBasic" name="test_analyze_returns_metrics" time="0.003" /><testcase classname="tests.unit.test_code_analyzer.TestCodeAnalyzerBasic" name="test_analyze_simple_code" time="0.002" /><testcase classname="tests.unit.test_code_analyzer.TestCodeAnalyzerBasic" name="test_analyze_syntax_error" time="0.003" /><testcase classname="tests.unit.test_code_analyzer.TestCodeAnalyzerBasic" name="test_caching" time="0.002" /><testcase classname="tests.unit.test_code_analyzer.TestCodeAnalyzerBasic" name="test_create_analyzer" time="0.001" /><testcase classname="tests.unit.test_code_analyzer.TestDeadCodeDetection" name="test_dead_code_summary" time="0.002" /><testcase classname="tests.unit.test_code_analyzer.TestDeadCodeDetection" name="test_detect_unreachable_code" time="0.002" /><testcase classname="tests.unit.test_code_analyzer.TestDeadCodeDetection" name="test_detect_unused_function" time="0.002" /><testcase classname="tests.unit.test_code_analyzer.TestDeadCodeDetection" name="test_detect_unused_import" time="0.002" /><testcase classname="tests.unit.test_code_analyzer.TestDeadCodeDetection" name="test_detect_unused_variable" time="0.002" /><testcase classname="tests.unit.test_code_analyzer.TestRefactoring" name="test_inline_constant" time="0.002" /><testcase classname="tests.unit.test_code_analyzer.TestRefactoring" name="test_remove_dead_code" time="0.002" /><testcase classname="tests.unit.test_code_analyzer.TestRefactoring" name="test_remove_unused_imports" time="0.001" /><testcase classname="tests.unit.test_code_analyzer.TestRefactoring" name="test_rename_variable" time="0.001" /><testcase classname="tests.unit.test_code_analyzer.TestPDGConstruction" name="test_call_graph_created" time="0.002" /><testcase classname="tests.unit.test_code_analyzer.TestPDGConstruction" name="test_pdg_created" time="0.002" /><testcase classname="tests.unit.test_code_analyzer.TestSecurityAnalysis" name="test_detect_eval" time="0.002" /><testcase classname="tests.unit.test_code_analyzer.TestSecurityAnalysis" name="test_detect_exec" time="0.002" /><testcase classname="tests.unit.test_code_analyzer.TestConvenienceFunction" name="test_analyze_code_function" time="0.002" /><testcase classname="tests.unit.test_code_analyzer.TestConvenienceFunction" name="test_analyze_code_with_level" time="0.002" /><testcase classname="tests.unit.test_code_analyzer.TestPerformance" name="test_analysis_speed" time="0.023" /><testcase classname="tests.unit.test_code_analyzer.TestCodeAnalyzerAdditional" name="test_generate_refactor_suggestions_handles_deep_nesting" time="0.004" /><testcase classname="tests.unit.test_code_analyzer.TestCodeAnalyzerAdditional" name="test_run_symbolic_execution_handles_invalid_code" time="0.003" /><testcase classname="tests.unit.test_config_loader" name="test_load_limits_from_default_location" time="0.013" /><testcase classname="tests.unit.test_config_loader" name="test_load_limits_with_explicit_path" time="0.004" /><testcase classname="tests.unit.test_config_loader" name="test_get_tool_limits" time="0.002" /><testcase classname="tests.unit.test_config_loader" name="test_merge_limits" time="0.001" /><testcase classname="tests.unit.test_config_loader" name="test_get_tool_capabilities_with_config_override" time="0.027" /><testcase classname="tests.unit.test_config_loader" name="test_load_limits_explicit_path" time="0.004" /><testcase classname="tests.unit.test_config_loader" name="test_cached_limits" time="0.019" /><testcase classname="tests.unit.test_config_loader" name="test_reload_config" time="0.025" /><testcase classname="tests.unit.test_config_loader" name="test_missing_config_returns_empty" time="0.004" /><testcase classname="tests.unit.test_config_loader" name="test_invalid_toml_returns_empty" time="0.007" /><testcase classname="tests.unit.test_config_loader" name="test_null_values_in_config" time="0.038" /><testcase classname="tests.unit.test_config_loader" name="test_array_values_in_config" time="0.005" /><testcase classname="tests.unit.test_config_loader" name="test_load_limits_custom_path" time="0.004" /><testcase classname="tests.unit.test_config_loader" name="test_default_extract_code_limits[community-1]" time="0.035" /><testcase classname="tests.unit.test_config_loader" name="test_default_extract_code_limits[pro-None]" time="0.035" /><testcase classname="tests.unit.test_config_loader" name="test_default_extract_code_limits[enterprise-None]" time="0.035" /><testcase classname="tests.unit.test_config_loader" name="test_full_integration_workflow" time="0.034" /><testcase classname="tests.unit.test_decorator_analyzer.TestDecoratorExtraction" name="test_extract_class_decorator" time="0.004" /><testcase classname="tests.unit.test_decorator_analyzer.TestDecoratorExtraction" name="test_extract_multiple_class_decorators" time="0.001" /><testcase classname="tests.unit.test_decorator_analyzer.TestDecoratorExtraction" name="test_extract_method_decorator" time="0.001" /><testcase classname="tests.unit.test_decorator_analyzer.TestDecoratorExtraction" name="test_extract_method_with_multiple_decorators" time="0.001" /><testcase classname="tests.unit.test_decorator_analyzer.TestDecoratorExtraction" name="test_extract_parameter_decorator" time="0.002" /><testcase classname="tests.unit.test_decorator_analyzer.TestDecoratorExtraction" name="test_decorator_factory_vs_simple" time="0.001" /><testcase classname="tests.unit.test_decorator_analyzer.TestDecoratorExtraction" name="test_nested_decorator_names" time="0.001" /><testcase classname="tests.unit.test_decorator_analyzer.TestDecoratorExtraction" name="test_complex_decorator_arguments" time="0.001" /><testcase classname="tests.unit.test_decorator_analyzer.TestSecuritySinkDetection" name="test_post_decorator_is_security_sink" time="0.001" /><testcase classname="tests.unit.test_decorator_analyzer.TestSecuritySinkDetection" name="test_get_decorator_is_security_sink" time="0.001" /><testcase classname="tests.unit.test_decorator_analyzer.TestSecuritySinkDetection" name="test_delete_decorator_is_security_sink" time="0.001" /><testcase classname="tests.unit.test_decorator_analyzer.TestSecuritySinkDetection" name="test_query_decorator_is_security_sink" time="0.001" /><testcase classname="tests.unit.test_decorator_analyzer.TestSecuritySinkDetection" name="test_non_security_decorator" time="0.001" /><testcase classname="tests.unit.test_decorator_analyzer.TestSecuritySinkDetection" name="test_mixed_decorators" time="0.001" /><testcase classname="tests.unit.test_decorator_analyzer.TestSecurityMetadata" name="test_get_security_metadata_for_endpoint" time="0.001" /><testcase classname="tests.unit.test_decorator_analyzer.TestSecurityMetadata" name="test_get_security_metadata_for_controller" time="0.001" /><testcase classname="tests.unit.test_decorator_analyzer.TestSecurityMetadata" name="test_get_security_metadata_for_auth" time="0.001" /><testcase classname="tests.unit.test_decorator_analyzer.TestSecurityMetadata" name="test_get_security_metadata_for_public" time="0.001" /><testcase classname="tests.unit.test_decorator_analyzer.TestSecurityMetadata" name="test_get_security_metadata_combined" time="0.001" /><testcase classname="tests.unit.test_decorator_analyzer.TestNestJSExample" name="test_nestjs_controller_example" time="0.002" /><testcase classname="tests.unit.test_decorator_analyzer.TestNestJSExample" name="test_security_analysis_of_nestjs_code" time="0.001" /><testcase classname="tests.unit.test_decorator_analyzer.TestAcceptanceCriteria" name="test_extract_decorator_names_and_arguments" time="0.001" /><testcase classname="tests.unit.test_decorator_analyzer.TestAcceptanceCriteria" name="test_preserve_decorator_metadata_for_security_analysis" time="0.001" /><testcase classname="tests.unit.test_decorator_analyzer.TestAcceptanceCriteria" name="test_support_class_method_parameter_decorators" time="0.001" /><testcase classname="tests.unit.test_decorator_analyzer.TestAcceptanceCriteria" name="test_handle_decorator_factories_vs_simple" time="0.001" /><testcase classname="tests.unit.test_import_resolver.TestBasicImports" name="test_simple_import" time="0.177" /><testcase classname="tests.unit.test_import_resolver.TestBasicImports" name="test_from_import" time="0.174" /><testcase classname="tests.unit.test_import_resolver.TestBasicImports" name="test_import_with_alias" time="0.187" /><testcase classname="tests.unit.test_import_resolver.TestBasicImports" name="test_multiple_imports_same_line" time="0.169" /><testcase classname="tests.unit.test_import_resolver.TestBasicImports" name="test_wildcard_import" time="0.172" /><testcase classname="tests.unit.test_import_resolver.TestRelativeImports" name="test_single_dot_import" time="0.177" /><testcase classname="tests.unit.test_import_resolver.TestRelativeImports" name="test_double_dot_import" time="0.187" /><testcase classname="tests.unit.test_import_resolver.TestRelativeImports" name="test_relative_import_resolution" time="0.173" /><testcase classname="tests.unit.test_import_resolver.TestCircularImports" name="test_detect_simple_cycle" time="0.171" /><testcase classname="tests.unit.test_import_resolver.TestCircularImports" name="test_detect_longer_cycle" time="0.185" /><testcase classname="tests.unit.test_import_resolver.TestCircularImports" name="test_no_cycle_when_clean" time="0.174" /><testcase classname="tests.unit.test_import_resolver.TestCircularImports" name="test_cycle_file_paths_included" time="0.166" /><testcase classname="tests.unit.test_import_resolver.TestSymbolResolution" name="test_resolve_local_symbol" time="0.171" /><testcase classname="tests.unit.test_import_resolver.TestSymbolResolution" name="test_resolve_imported_symbol" time="0.173" /><testcase classname="tests.unit.test_import_resolver.TestSymbolResolution" name="test_resolve_class_symbol" time="0.187" /><testcase classname="tests.unit.test_import_resolver.TestSymbolResolution" name="test_resolve_nonexistent_symbol" time="0.168" /><testcase classname="tests.unit.test_import_resolver.TestSymbolResolution" name="test_resolve_without_build_raises" time="0.004" /><testcase classname="tests.unit.test_import_resolver.TestDefinitionExtraction" name="test_extract_functions" time="0.170" /><testcase classname="tests.unit.test_import_resolver.TestDefinitionExtraction" name="test_extract_classes" time="0.181" /><testcase classname="tests.unit.test_import_resolver.TestDefinitionExtraction" name="test_extract_methods" time="0.178" /><testcase classname="tests.unit.test_import_resolver.TestDefinitionExtraction" name="test_extract_async_functions" time="0.157" /><testcase classname="tests.unit.test_import_resolver.TestDefinitionExtraction" name="test_extract_function_signature" time="0.181" /><testcase classname="tests.unit.test_import_resolver.TestDefinitionExtraction" name="test_extract_docstrings" time="0.173" /><testcase classname="tests.unit.test_import_resolver.TestTopologicalSort" name="test_topological_order" time="0.161" /><testcase classname="tests.unit.test_import_resolver.TestTopologicalSort" name="test_topological_sort_without_build_raises" time="0.004" /><testcase classname="tests.unit.test_import_resolver.TestTopologicalSort" name="test_topological_sort_with_cycles" time="0.187" /><testcase classname="tests.unit.test_import_resolver.TestGraphQueries" name="test_get_importers" time="0.179" /><testcase classname="tests.unit.test_import_resolver.TestGraphQueries" name="test_get_imports" time="0.157" /><testcase classname="tests.unit.test_import_resolver.TestGraphQueries" name="test_get_module_info" time="0.179" /><testcase classname="tests.unit.test_import_resolver.TestGraphQueries" name="test_get_module_info_nonexistent" time="0.163" /><testcase classname="tests.unit.test_import_resolver.TestGraphQueries" name="test_get_all_symbols" time="0.161" /><testcase classname="tests.unit.test_import_resolver.TestGraphQueries" name="test_find_symbol_across_project" time="0.179" /><testcase classname="tests.unit.test_import_resolver.TestPackageHandling" name="test_init_py_as_package" time="0.186" /><testcase classname="tests.unit.test_import_resolver.TestPackageHandling" name="test_submodule_naming" time="0.174" /><testcase classname="tests.unit.test_import_resolver.TestPackageHandling" name="test_nested_package_paths" time="0.179" /><testcase classname="tests.unit.test_import_resolver.TestErrorHandling" name="test_syntax_error_file" time="0.170" /><testcase classname="tests.unit.test_import_resolver.TestErrorHandling" name="test_encoding_error_file" time="0.157" /><testcase classname="tests.unit.test_import_resolver.TestErrorHandling" name="test_empty_project" time="0.004" /><testcase classname="tests.unit.test_import_resolver.TestErrorHandling" name="test_nonexistent_path" time="0.003" /><testcase classname="tests.unit.test_import_resolver.TestSkipDirectories" name="test_skip_venv" time="0.169" /><testcase classname="tests.unit.test_import_resolver.TestSkipDirectories" name="test_skip_pycache" time="0.162" /><testcase classname="tests.unit.test_import_resolver.TestSkipDirectories" name="test_skip_hidden_directories" time="0.169" /><testcase classname="tests.unit.test_import_resolver.TestMermaidGeneration" name="test_generate_mermaid" time="0.173" /><testcase classname="tests.unit.test_import_resolver.TestMermaidGeneration" name="test_mermaid_shows_edges" time="0.167" /><testcase classname="tests.unit.test_import_resolver.TestMermaidGeneration" name="test_mermaid_with_cycles" time="0.187" /><testcase classname="tests.unit.test_import_resolver.TestImportInfo" name="test_effective_name_with_alias" time="0.001" /><testcase classname="tests.unit.test_import_resolver.TestImportInfo" name="test_effective_name_without_alias" time="0.001" /><testcase classname="tests.unit.test_import_resolver.TestImportInfo" name="test_full_path" time="0.001" /><testcase classname="tests.unit.test_import_resolver.TestImportInfo" name="test_full_path_no_module" time="0.001" /><testcase classname="tests.unit.test_import_resolver.TestCircularImportClass" name="test_str_representation" time="0.001" /><testcase classname="tests.unit.test_import_resolver.TestCircularImportClass" name="test_default_severity" time="0.001" /><testcase classname="tests.unit.test_import_resolver.TestIntegration" name="test_cross_package_resolution" time="0.184" /><testcase classname="tests.unit.test_import_resolver.TestIntegration" name="test_re_export_resolution" time="0.177" /><testcase classname="tests.unit.test_import_resolver.TestIntegration" name="test_full_build_result" time="0.169" /><testcase classname="tests.unit.test_import_resolver.TestEdgeCases" name="test_empty_file" time="0.179" /><testcase classname="tests.unit.test_import_resolver.TestEdgeCases" name="test_only_comments_file" time="0.173" /><testcase classname="tests.unit.test_import_resolver.TestEdgeCases" name="test_deeply_nested_packages" time="0.189" /><testcase classname="tests.unit.test_import_resolver.TestEdgeCases" name="test_module_with_same_name_as_stdlib" time="0.178" /><testcase classname="tests.unit.test_import_resolver.TestEdgeCases" name="test_import_from_root_package" time="0.208" /><testcase classname="tests.unit.test_import_resolver_dynamic_framework" name="test_dynamic_and_framework_imports" time="0.000"><skipped type="pytest.skip" message="[20260117_TEST] ImportType.FRAMEWORK not implemented - feature incomplete">/mnt/k/backup/Develop/code-scalpel/tests/core/test_import_resolver_dynamic_framework.py:10: [20260117_TEST] ImportType.FRAMEWORK not implemented - feature incomplete</skipped></testcase><testcase classname="tests.unit.test_incremental_analyzer" name="test_incremental_analyzer_invalidation_and_dependents" time="0.007" /><testcase classname="tests.unit.test_incremental_analyzer" name="test_incremental_analyzer_no_dependents" time="0.005" /><testcase classname="tests.unit.test_pro_tier_features.TestWildcardExpansion" name="test_expand_wildcard_with_all" time="0.184" /><testcase classname="tests.unit.test_pro_tier_features.TestWildcardExpansion" name="test_expand_wildcard_without_all" time="0.156" /><testcase classname="tests.unit.test_pro_tier_features.TestWildcardExpansion" name="test_expand_wildcard_concatenated_all" time="0.160" /><testcase classname="tests.unit.test_pro_tier_features.TestWildcardExpansion" name="test_get_wildcard_imports" time="0.193" /><testcase classname="tests.unit.test_pro_tier_features.TestWildcardExpansion" name="test_expand_all_wildcards" time="0.188" /><testcase classname="tests.unit.test_pro_tier_features.TestReexportResolution" name="test_detect_reexports_basic" time="0.163" /><testcase classname="tests.unit.test_pro_tier_features.TestReexportResolution" name="test_resolve_alias_chain_simple" time="0.172" /><testcase classname="tests.unit.test_pro_tier_features.TestReexportResolution" name="test_resolve_alias_chain_with_reexport" time="0.166" /><testcase classname="tests.unit.test_pro_tier_features.TestReexportResolution" name="test_get_symbol_origin" time="0.170" /><testcase classname="tests.unit.test_pro_tier_features.TestReexportResolution" name="test_get_all_reexports" time="0.182" /><testcase classname="tests.unit.test_pro_tier_features.TestReexportResolution" name="test_circular_alias_detection" time="0.168" /><testcase classname="tests.unit.test_pro_tier_features.TestImportInfoDataclass" name="test_source_module_property" time="0.002" /><testcase classname="tests.unit.test_pro_tier_features.TestImportInfoDataclass" name="test_is_reexport_field" time="0.128"><skipped type="pytest.skip" message="[20260117_TEST] ImportInfo.is_reexport field not implemented">/mnt/k/backup/Develop/code-scalpel/tests/core/test_pro_tier_features.py:357: [20260117_TEST] ImportInfo.is_reexport field not implemented</skipped></testcase></testsuite></testsuites>